nohup: ignoring input
log dir is dispatch_simulator/experiments/20230506_05-07/
请输入您的到达点
您的到达点为399
请输入您的出发点
您的出发点为0
******************* Finish generating one day order **********************
******************* Starting training Deep SARSA **********************
WARNING:tensorflow:From daohang_pipei_20_risk100_1.py:784: The name tf.Session is deprecated. Please use tf.compat.v1.Session instead.

2023-05-06 05:08:58.185476: I tensorflow/core/platform/cpu_feature_guard.cc:142] Your CPU supports instructions that this TensorFlow binary was not compiled to use: AVX2 AVX512F FMA
2023-05-06 05:08:58.259576: I tensorflow/core/platform/profile_utils/cpu_utils.cc:94] CPU Frequency: 2600000000 Hz
2023-05-06 05:08:58.319526: I tensorflow/compiler/xla/service/service.cc:168] XLA service 0x5633667f6240 executing computations on platform Host. Devices:
2023-05-06 05:08:58.319627: I tensorflow/compiler/xla/service/service.cc:175]   StreamExecutor device (0): <undefined>, <undefined>
WARNING:tensorflow:From daohang_pipei_20_risk100_1.py:785: The name tf.set_random_seed is deprecated. Please use tf.compat.v1.set_random_seed instead.

WARNING:tensorflow:From ../algorithm/IDQN.py:31: The name tf.variable_scope is deprecated. Please use tf.compat.v1.variable_scope instead.

WARNING:tensorflow:From ../algorithm/IDQN.py:69: The name tf.placeholder is deprecated. Please use tf.compat.v1.placeholder instead.

WARNING:tensorflow:From ../algorithm/IDQN.py:80: dense (from tensorflow.python.layers.core) is deprecated and will be removed in a future version.
Instructions for updating:
Use keras.layers.dense instead.
WARNING:tensorflow:From /root/anaconda3/envs/test/lib/python2.7/site-packages/tensorflow/python/ops/init_ops.py:1251: calling __init__ (from tensorflow.python.ops.init_ops) with dtype is deprecated and will be removed in a future version.
Instructions for updating:
Call initializer instance with the dtype argument instead of passing it to the constructor
WARNING:tensorflow:From ../algorithm/IDQN.py:88: The name tf.squared_difference is deprecated. Please use tf.math.squared_difference instead.

WARNING:tensorflow:From ../algorithm/IDQN.py:91: The name tf.train.AdamOptimizer is deprecated. Please use tf.compat.v1.train.AdamOptimizer instead.

WARNING:tensorflow:From ../algorithm/IDQN.py:94: The name tf.summary.merge is deprecated. Please use tf.compat.v1.summary.merge instead.

WARNING:tensorflow:From ../algorithm/IDQN.py:95: The name tf.summary.scalar is deprecated. Please use tf.compat.v1.summary.scalar instead.

WARNING:tensorflow:From ../algorithm/IDQN.py:96: The name tf.summary.histogram is deprecated. Please use tf.compat.v1.summary.histogram instead.

WARNING:tensorflow:From ../algorithm/IDQN.py:38: The name tf.summary.FileWriter is deprecated. Please use tf.compat.v1.summary.FileWriter instead.

2023-05-06 05:09:00.085760: W tensorflow/compiler/jit/mark_for_compilation_pass.cc:1412] (One-time warning): Not using XLA:CPU for cluster because envvar TF_XLA_FLAGS=--tf_xla_cpu_global_jit was not set.  If you want XLA:CPU, either set that envvar, or use experimental_jit_scope to enable XLA:CPU.  To confirm that XLA is active, pass --vmodule=xla_compilation_cache=1 (as a proper command-line flag, not via TF_XLA_FLAGS) or set the envvar XLA_FLAGS=--xla_hlo_profile.
WARNING:tensorflow:From daohang_pipei_20_risk100_1.py:801: The name tf.train.Saver is deprecated. Please use tf.compat.v1.train.Saver instead.

A_star  -----  A_star
搜索所用时间0.00394296646118s
从节点'0'到节点'399' 所需要的经过的节点是 [0, 1, 2, 3, 4, 5, 6, 26, 27, 28, 48, 68, 88, 108, 109, 110, 130, 150, 170, 190, 210, 230, 250, 270, 290, 310, 330, 350, 370, 371, 372, 373, 374, 375, 376, 396, 397, 398, 399] ,所需要的cost为 17212
Dijkstra  -----  Dijkstra
搜索所用时间0.00267291069031s
minimum steps:17212, path:[0, 1, 2, 3, 4, 5, 6, 26, 27, 28, 48, 68, 88, 108, 109, 110, 130, 150, 170, 190, 210, 230, 250, 270, 290, 310, 330, 350, 370, 371, 372, 373, 374, 375, 376, 396, 397, 398, 399('('Times takes:', 1821.8640141487122)
Dijkstra  -----  Dijkstra
第0天,您的路线为[0, 1, 2, 3, 4, 5, 6, 26, 27, 28, 48, 68, 88, 108, 109, 110, 130, 150, 170, 190, 210, 230, 250, 270, 290, 310, 330, 350, 370, 371, 372, 373, 374, 375, 376, 396, 397, 398, 399]
您的距离系数损耗为1234,风险系数损耗为281,每步距离损耗[67, 11, 55, 51, 25, 13, 12, 19, 21, 80, 35, 30, 26, 48, 76, 15, 22, 8, 27, 67, 50, 54, 80, 71, 10, 47, 32, 13, 19, 5, 36, 12, 39, 19, 9, 14, 12, 4],每步风险损耗[3, 16, 11, 13, 25, 18, 18, 16, 27, 5, 7, 2, 3, 21, 22, 8, 7, 7, 9, 3, 0, 3, 0, 0, 0, 1, 0, 0, 0, 0, 0, 0, 0, 0, 0, 2, 19, 15]
A_star  -----  A_star
第0天,您的路线为[0, 1, 2, 3, 4, 5, 6, 26, 27, 28, 48, 68, 88, 108, 109, 110, 130, 150, 170, 190, 210, 230, 250, 270, 290, 310, 330, 350, 370, 371, 372, 373, 374, 375, 376, 396, 397, 398, 399]
您的距离系数损耗为1234,风险系数损耗为281,每步距离损耗[67, 11, 55, 51, 25, 13, 12, 19, 21, 80, 35, 30, 26, 48, 76, 15, 22, 8, 27, 67, 50, 54, 80, 71, 10, 47, 32, 13, 19, 5, 36, 12, 39, 19, 9, 14, 12, 4],每步风险损耗[3, 16, 11, 13, 25, 18, 18, 16, 27, 5, 7, 2, 3, 21, 22, 8, 7, 7, 9, 3, 0, 3, 0, 0, 0, 1, 0, 0, 0, 0, 0, 0, 0, 0, 0, 2, 19, 15]
RL  -----  RL
第0天,您的路线为[(0, 0), (30, 1), (31, 21), (32, 41), (33, 42), (34, 22), (35, 2), (36, 3), (37, 4), (38, 5), (39, 6), (40, 26), (41, 25), (42, 45), (43, 65), (44, 64), (45, 84), (46, 104), (47, 124), (48, 144), (49, 143), (50, 142), (51, 162), (52, 182), (53, 183), (54, 184), (55, 185), (56, 205), (57, 204), (58, 203), (59, 202), (60, 201), (61, 181), (62, 161), (63, 160), (64, 140), (65, 120), (66, 121), (67, 101), (68, 100), (69, 80), (70, 60), (71, 40), (72, 20)('Times ('Times takes:', 3708.9300129413605)
Dijkstra  -----  Dijkstra
第1天,您的路线为[0, 1, 2, 3, 4, 5, 6, 26, 27, 28, 48, 68('Times takes:', 3265.735477924347)
Dijkstra  -----  Dijkstra
第1天,您的路线为[0, 1, 2, 3, 4, 5, 6, 26, 27, 28, 48, 68, 88, 108, 109, 110, 130, 150, 170, 190, 210, 230, 250, 270, 290, 310, 330, 350, 370, 371, 372, 373, 374, 375, 376, 396, 397, 398, 399]
您的距离系数�('Times takes:', 3764.8613369464874)
Dijkstra  -----  Dijkstra
第1天,您的路线为[0, 1, 2, 3, 4, 5, 6, 26, 27, 28, 48, 68, 88, 108, 109, 110, 130, 150, 170, 190, 210, 230, 250, 270, 290, 310, 330, 350, 370, 371, 372, 373, 374, 375, 376, 396, 397, 398, 399]
您的距离系数损耗为445,风险系数损耗为194,每步距离损耗[67, 11, 55, 51, 25, 13, 12, 19, 21, 80, 35, 30, 26],每步风险损耗[4, 21, 8, 20, 17, 21, 17, 11, 21, 24, 13, 12, 5]
A_star  -----  A_star
第1天,您的路线为[0, 1, 2, 3, 4, 5, 6, 26, 27, 28, 48, 68, 88, 108, 109, 110, 130, 150, 170, 190, 210, 230, 250, 270, 290, 310, 330, 350, 370, 371, 372, 373, 374, 375, 376, 396, 397, 398, 399]
您的距离系数损耗为445,风险系数损耗为194,每步距离损耗[67, 11, 55, 51, 25, 13, 12, 19, 21, 80, 35, 30, 26],每步风险损耗[4, 21, 8, 20, 17, 21, 17, 11, 21, 24, 13, 12, 5]
RL  -----  RL
第1天,您的路线为[(0, 0), (31, 1), (32, 2), (33, 3), (34, 23), (36, 43), (37, 44), (38, 45), (39, 46), (4('Times takes:', 3596.964702129364)
Dijkstra  -----  Dijkstra
第1天,您的路线为[0, 1, 2, 3, 4, 5, 6, 26, 27, 28, 48, 68, 88, 108, 109, 110, 130, 150, 170, 190, 210, 230, 250, 270, 290, 310, 330, 350, 370, 371, 372, 373, 374, 375, 376, 396, 397, 398, 399]
您的距离系数损耗为892,风险系数损耗为305,每步距离损耗[67, 11, 55, 51, 25, 13, 12, 19, 21, 80, 35, 30, 26, 48, 76, 15, 22, 8, 27, 67, 50, 54, 80],每步风险损耗[24, 45, 11, 7, 54, 25, 9, 2, 9, 7, 6, 11, 11, 5, 13, 13, 28, 0, 5, 4, 6, 3, 7]('Times takes:', 4381.678386211395)
Dijkstra  -----  Dijkstra
第2天,您的路线为[0, 1, 2, 3, 4, 5, 6, 26, 27, 28, 48, 68, 88, 108, 109, 110, 130, 150, 170, 190, 210, 230, 250, 270, 290, 310, 330, 350, 370, 371, 372, 373, 374, 375, 376, 396, 397, 398, 399]
您的距离系数损耗为1234,风险系数损耗为770,每步距离损耗[67, 11, 55, 51, 25, 13, 12, 19, 21, 80, 35, 30, 26,('Times takes:', 3674.188280105591)
Dijkstra  -----  Dijkstra
第2天,您的路线为[0, 1, 2, 3, 4, 5, 6, 26, 27, 28, 48, 68, 88, 108, 109, 110, 130, 150, 170, 190, 210, 230, 250, 270, 290, 310, 330, 350, 370, 371, 372, 373, 374, 375, 376, 396, 397, 398, 399]
您的距离系数损耗为584,风险系数损耗为342,每步距离损耗[67, 11, 55, 51, 25, 13, 12, 19, 21, 80, 35, 30, 26, 48, 76, 15],每步风险损耗[15, 63, 22, 38, 65, 24, 30, 7, 13, 14, 38, 8, 0, 0, 0, 5]
A_star  -----  A_star
第2天,您的路线为[0, 1, 2, 3, 4, 5, 6, 26, 27, 28, 48, 68, 88, 108, 109, 110, 130, 150, 170, 190, 210, 230, 250, 270, 290, 310, 330, 350, 370, 371, 372, 373, 374, 375, 376, 396, 397, 398, 399]
您的距离系数损耗为584,风险系数损耗为342,每步距离损耗[67, 11, 55, 51, 25, 13, 12, 19, 21, 80, 35, 30, 26, 48, 76, 15],每步风险损耗[15, 63, 22, 38, 65, 24, 30, 7, 13, 14, 38, 8, 0, 0, 0, 5]
RL  -----  RL
第2天,您的路线为[(0, 0), (30, 1), (31, 21), (32, 41), (33, 40), (36, 60), (39, 61), (40, 62), (41, 82), (42, 102), (43, 122), (44, 123), (45, 124), (46, 125), (47, 105), (48, 104), (49, 103)]
您的距离系数损耗为812,风险系数损耗为348,每步距离损耗[67, 37,('Times takes:', 4045.6420590877533)
Dijkstra  -----  Dijkstra
第2天,您的路线为[0, 1, 2, 3, 4, 5, 6, 26, 27, 28, 48, 68, 88, 108, 109, 110, 130, 150, 170, 190, 210, 230, 250, 270, 290, 310, 330, 350, 370, 371, 372,('Times takes:', 4312.66729092598)
Dijkstra  -----  Dijkstra
第2天,您的路线为[0, 1, 2, 3, 4, 5, 6, 26, 27, 28, 48, 68, 88, 108, 109, 110, 130, 150, 170, 190, 210, 230, 250, 270, 290, 310, 330, 350, 370, 371, 372, 373, 374, 375, 376, 396, 397, 398, 399]
您的距离系数损耗为1234,风险系数损耗为1271,每步距离损耗[67, 11, 55, 51, 25, ('Times takes:', 4264.188397169113)
Dijkstra  -----  Dijkstra
第2天,您的路线为[0, 1, 2, 3, 4, 5, 6, 26, 27, 28, 48, 68, 88, 108, 109, 110, 130, 150, 170, 190, 210, 230, 250, 270, 290, 310, 330, 350, 370, 371, 372, 373, 3('Times takes:', 3938.875072956085)
Dijkstra  -----  Dijkstra
第3天,您的路线为[0, 1, 2, 3, 4, 5, 6, 26, 27, 28, 48, 68, 88, 108, 109, 110, 130, 150, 170, 190, 210, 230, 250, 270, 290, 310, 330, 350, 370, 371, 372, 373, 374, 375, 376, 396, 397, 398, 399]
您的距离系数损耗为1234,风险系数损耗为325,每步距离损耗[67, 11, 55, 51, 25, 13, 12, 19, 21, 80, 35, 30, 26, 48, 76, 15, 22, 8, 27, 67, 50, 54, 80, 71, 10, 47, 32, 13, 19, 5, 36, 12, 39, 19, 9, 14, 12, 4],每步风险损耗[3, 26, 22, 16, 29, 13, 21, 4, 10, 23, 22, 9, 0, 0, 0, 0, 17, 4, 25, 6, 4, 11, 12, 0, 0, 16, 17, 0, 0, 11, 0, 0, 0, 4, 0, 0, 0, 0]
A_star  -----  A_star
第3天,您的路线为[0, 1, 2, 3, 4, 5, 6, 26, 27, 28, 48, 68, 88, 108, 109, 110, 130, 150, 170, 190, 210, 230, 250, 270, 290, 310, 330, 350, 370, 371, 372, 373, 374, 375, 376, 396, 397, 398, 399]
您的距离系数�('Times takes:', 4422.635737895966)
Dijkstra  -----  Dijkstra
第3天,您的路线为[0, 1, 2, 3, 4, 5, 6, 26, 27, 28, 48, 68, 88, 108, 109, 110, 130, 150, 170, 190, 210, 230, 250, 270, 290, 310, 330, 350, 370, 371, 372, 373, 374, 375, 376, 396, 397, 398, 399]
您的距离系数损耗为1234,风险系数损耗为1326,每步距离损耗[67, 11, 55, 51, 25, 13, 12, 19, 21, 80, 35, 30, 26, 48, 76, 15, 22, 8, 27, 67, 50, 54, 80, 71, 10, 47, 32, 13, 19, 5, 36, 12, 39, 19, 9, 14, 12, 4],每步风险损耗[11, 47, 17, 27, 62, 44, 43('Times takes:', 4643.529036998749)
Dijkstra  -----  Dijkstra
第3天,您的路线为[0, 1, 2, 3, 4, 5, 6, 26, 27, 28, 48, 68, 88, 108, 109, 110, 130, 150('Times takes:', 4935.475960016251)
Dijkstra  -----  Dijkstra
第3天,您的路线为[0, 1, 2, 3, 4, 5, 6, 26, 27, 28, 48, 68, 88, 108, 109, 110, 130, 150, 170, 190, 210, 230, 250, 270, 290, 310, 330, 350, 370, 371, 372, 373, 374, 375, 376, 396, 397, 398, 399]
您的距离系数损耗为445,风险系数损耗为501,每步距离损耗[67, 11, 55, 51, 25, 13, 12, 19, 21, 80, 35, 30, 26],每步风险损耗[18, 73, 27, 35, 77, 47, 40, 25, 46, 25, 25, 35, 28]
A_star  -----  A_star
第3天,您的路线为[0, 1, 2, 3, 4, 5, 6, 26, 27, 28, 48, 68, 88, 108, 109, 110, 130, 150, 170, 190, 210, 230, 250, 270, 290, 310, 330, 350, 370, 371, 372, 373, 374, 375, 376, 396, 397, 398, 399]
您的距离系数损耗为445,风险系数损耗为501,每步距离损耗[67, 11, 55, 51, 25, 13, 12, 19, 21, 80, 35, 30, 26],每步风险损耗[18, 73, 27, 35, 77, 47, 40, 25, 46, 25, 25, 35, 28]
RL ('Times takes:', 4202.1418788433075)
Dijkstra  -----  Dijkstra
第4天,您的路线为[0, 1, 2, 3, 4, 5, 6, 26, 27, 28, 48, 68, 88, 108, 109, 110, 130, 150, 170, 190, 210, 230, 250, 270, 290, 310, 330, 350, 370, 371, 372, 373, 374, 375, 376, 396, 397, 398, 399]
您的距离系数损耗为1234,风险系数损耗为1197,每步距离损耗[67, 11, 55, 51, 25, 13, 12, 19, 21, 80, 35, 30, 26, 48, 76, 15, 22, 8, 27, 67, 50, 54, 80, 71, 10, 47, 32, 13, 19, 5, 3('Ti('Times takes:', 4320.702990055084)
Dijkstra  -----  Dijkstra
第4天,您的路线为[0, 1, 2, 3, 4, 5, 6, 26, 27, 28, 48, 68, 88, 108, 109, 110, 130, 150, 170, 190, 210, 230, 250, 270, 290, 310, 330, 350, 370, 371, 372, 373, 374, 375, 376, 396, 397, 398, 399]
您的距离系数损耗为1234,风险系数损耗为535,每步距离损耗[67, 11, 55, 51, 25, 13, 12, 19, 21, 80, 35, 30, 26, 48, 76, 15, 22, 8, 27, 67, 50, 54('Times takes:', 4608.152103900909)
Dijkstra  -----  Dijkstra
第4天,您的路线为[0, 1, 2, 3, 4, 5, 6, 26, 27, 28, 48, 68, 88, 108, 109, 110, 130, 150, 17('Times takes:', 4799.929748058319)
Dijkstra  -----  Dijkstra
第4天,您的路线为[0, 1, 2, 3, 4, 5, 6, 26, 27, 28, 48, 68, 88, 108, 109, 110, 130, 150, 170, 190, 210, 230, 250, 270, 290, 310, 330, 350, 370, 371, 372, 373, 374, 375, 376, 396, 397, 398, 399]
您的距离系数损耗为1234,风险系数损耗为1078,每步距离损耗[67, 11, 55, 51, 25, 13, 12, 19, 21, 80, 35, 30, 26, 48, 76, 15, 22, 8, 27, 67, 50, 54, 80, 71, 10, 47, 32, 13, 19, 5, 36, 12, 39, 19, 9, 14, 12, 4],每步风险损耗[21, 74, 32, 41, 65, 38, 32, 24, 43, 21, 22, 31, 26, 21, 25, 36, 51, 13, 20, 27, 37, 32, 25, 10, 11, 16, 35, 19, 37, 33, 45, 39, 25, 27, 24, 0, 0, 0]
A_star  -----  A_star
第4天,您的路线为[0, 1, 2, 3, 4, 5, 6, 26, 27, 28, 48, 68, 88, 108, 109, 110, 130, 150, 170, 190, 210, 230, 250, 270, 290, 310, 330, 350, 370, 371, 372, 373, 374, 375, 376, 396, 397, 398, 399]
您的距离系数损耗为1234,风险系数损耗为1078,每步距离损耗[67, 11, 55, 51, 25, 13, 12, 19, 21, 80, 35, 30, 26, 48, 76, 15, 22, 8, 27, 67, 50, 54, 80, 71, 10, 47, 32, 13, 19, 5, 36, 12, 39, 19, 9, 14, 12, 4],每步风险损耗[21, 74, 32, 41, 65, 38, 32, 24, 43, 21, 22, 31, 26, 21, 25, 36, 51, 13, 20, 27, 37, 32, 25, 10, 11, 16, 35, 19, 37, 33, 45, 39, 25, 27, 24, 0, 0, 0]
RL  -----  RL
第4天,您的路线为[(0, 0), (30, 20), (32, 40), (33, 41), (34, 42), (35, 43), (36, 63), (37, 62), (38, 82), (39, 102), (41, 122), (42, 123), (43, 143), (44, 142), (45, 162), (46, 182), (47, 183), (49, 184), (51, 185), (52, 205), (53, 206), (54, 226), (55, 246), (56, 266), (57, 286), (58, 306), (59, 326), (60, 327), (61, 347), (62, 367), (63, 368), (64, 388), (65, 389), (66, 369), (67, 349), (69, 348), (70, 328), (71, 308), (73, 288), (74, 287), (75, 267), (78, 247), (79('Times takes:', 4241.311509847641)
Dijkstra  -----  Dijkstra
第5天,您的路线为[0, 1, 2, 3, 4, 5, 6, 26, 27, 28, 48, 68, 88, 108, 109, 110, 130, 150, 170, 190, 210, 230, 250, 270, 290, 310, 330, 350, 370, 371, 372, 373, 374, 375, 376, 396, 397, 398, 399]
您的距离系数损耗为('Times takes:', 4196.720587968826)
Dijkstra  -----  Dijkstra
第5天,您的路线为[0, 1, 2, 3, 4, 5, 6, 26, 27, 28, 48, 68, 88, 108, 109, 110, 130, 150, 170, 190, 210, 230, 250, 270, 290, 310, 330, 350, 370, 371, 372, 373, 374,('Times takes:', 4365.530476093292)
Dijkstra  -----  Dijkstra
第('Times takes:', 4485.57365322113)
Dijkstra  -----  Dijkstra
第5天,您的路线为[0, 1, 2, 3, 4, 5, 6, 26, 27, 28, 48, 68, 88, 108, 109, 110, 130, 150, 170, 190, 210, 230, 250, 270, 290, 310, 330, 350, 370, 371, 372, 373, 374, 375, 376, 396, 397, 398, 399]
您的距离系数损耗为1218,风险系数损耗为1139,每步距离损耗[67, 11, 55, 51, 25, 13, 12, 19, 21, 80, 35, 30, 26, 48, 76, 15, 22, 8, 27, 67, 50, 54, 80, 71, 10, 47, 32, 13, 19, 5, 36, 12, 39, 19, 9, 14],每步风险损耗[22, 71, 25, 29, 54, 26, 46, 7, 20, 30, 39, 51, 34, 5, 16, 58, 71, 25, 55, 62, 44, 41, 41, 23, 22('Times takes:', 4237.713760137558)
Dijkstra  -----  Dijkstra
第5天,您的路线为[0, 1, 2, 3, 4, 5, 6, 26, 27, 28, 48, 68, 88, 108, 109, 110, 130, 150, 170, 190, 210, 230, 250, 270, 290, 310, 330, 350, 370, 371, 372, 373, 374, 375, 376, 396, 397, 398, 399]
您的距离系数损耗为493,风险系数损耗为461,每步距离损耗[67, 11, 55, 51, 25, 13, 12, 19, 21, 80, 35, 30, 26, 48],每步风险损耗[20, 76, 29, 32, 57, 47, 44, 15, 32, 25, 26, 24, 14, 20]
A_star  -----  A_star
第5天,您的路线为[0, 1, 2, 3, 4, 5, 6, 26, 27, 28, 48, 68, 88, 108, 109, 110, 130, 150, 170, 190, 210, 230, 250, 270, 290, 310, 330, 350, 370, 371, 372, 373, 374, 375, 376, 396, 397, 398, 399]
您的距离系数损耗为493,风险系数损耗为461,每步距离损耗[67, 11, 55, 51, 25, 13, 12, 19, 21, 80, 35, 30, 26, 48],每步风险损耗[20, 76, 29, 32,('Times takes:', 2971.803617954254)
Dijkstra  -----  Dijkstra
第6天,您的路线为[0, 1, 2, 3, 4, 5, 6, 26, 27, 28, 48, 68, 88, 108, 109, 110, 130, 150, 170, 1('Times takes:', 2774.7190511226654)
Dijkstra  -----  Dijkstra
第6天,您的路线为[0, 1, 2, 3, 4, 5, 6, 26, 27, 28, 48, 68, 88, 108, 109, 110, 130, 150, 170, 190, 210, 230, 250, 270, 290, 310, 330, 350, 370, 371, 372, 373, 374, 375, 376, 396, 397, 398, 399]
您的距离系数损耗为1234,风险系数损耗为361,每步距离损耗[67, 11, 55, 51, 25, 13, 12, 19, 21, 80, 35, 30, 26, 48, 76, 15, 22, 8, 27, 67, 50, 54, 80, 71, 10, 47, 32, 13, 19, 5, 36, 12, 39, 19, 9, 14, 12, 4],每步风险损耗[5, 69, 27, 38, 59, 38, 27, 0, 1, 1, 0, 1, 12, 17, 5, 5, 0, 0, 4, 25, 5, 13, 1, 0, 0, 6, 2, 0, 0, 0, 0, 0, 0, 0, 0, 0, 0, 0]
A_star  -----  A_star
第6天,您的路线为[0, 1, 2, 3, 4, 5, 6, 26, 27, 28, 48, 68, 88, 108, 109, 110, 130, 150, 170, 190, 210, 230, 250, 270, 290, 310, 330, 350, 370, 371, 372, 373, 374, 375, 376, 396, 397, 398, 399]
您的距离系数损耗为1234,风险系数损耗为361,每步距离损耗[67, 11, 55, 51, 25, 13('Times takes:', 1096.8129661083221)
Dijkstra  -----  Dijkstra
第6天,您的路线为[0, 1, 2, 3, 4, 5, 6, 26, 27, 28, 48, 68, 88,('Times takes:', 1735.184250831604)
Dijkstra  -----  Dijkstra
第6天,您的路线为[0, 1, 2, 3, 4, 5, 6, 26, 27, 28, 48, 68, 88, 108, 109, 110, 130, 150, 170, ('Times takes:', 3635.254902124405)
Dijkstra  -----  Dijkstra
第6天,您的路线为[0, 1, 2, 3, 4, 5, 6, 26, 27, 28, 48, 68, 88, 108, 109, 110, 130, 150, 170, 190, 210, 230, 250, 270, 290, 310, 330, 350, 370, 371, 372, 373, 374, 375, 376, 396, 397, 398, 399]
您的距离系数损耗为1230,风险系数损耗为603,每步距离损耗[67, 11, 55, 51, 25, 13, 12, 19, 21, 80, 35, 30, 26, 48, 76, 15, 22, 8, 27, 67, 50, 54, 80, 71, 10, 47, 32, 13, 19, 5, 36, 12, 39, 19, 9, 14, 12],每步风险损耗[21, 43, 37, 38, 83, 49, 17, 10, 20, 0, 0, 0, 0, 0, 12, 4, 0, 0, 0, 6, 24, 44, 34, 6, 4, 0, 0, 0, 22, 31, 0, 61, 16, 21, 0, 0, 0]
A_star  -----  A_star
第6天,您的路线为[0, 1, 2, 3, 4, 5, 6, 26, 27, 28, 48, 68, 88, 108, 109, 110, 130, 150, 170, 190, 210, 230, 250, 270, 290, 310, 330, 350, 370, 371, 372, 373, 374, 375, 376, 396, 397, 398, 399]
您的距离系数损耗为1230,风险系数损耗为603,每步距离损耗[67, 11, 55, 51, 25, 13, 12, 19, 21, 80, 35, 30, 26, 48, 76, 15, 22, 8, 27, 67, 50, 54, 80, 71, 10, 47, 32, 13, 19, 5, 36, 12, 39, 19, 9, 14, 12],每步风险损耗[21, 43, 37, 38, 83, 49, 17, 10, 20, 0, 0, 0, 0, 0, 12, 4, 0, 0, 0, 6, 24, 44, 34, 6, 4, 0, 0, 0, 22, 31, 0, 61, 16, 21, 0, 0, 0]
RL  -----  RL
第6天,您的路线为[(0, 0), (31, 1), (32, 21), (33, 22), (34, 23), (35, 24), (37, 25), (38, 26), (40, 6), (43, 7), (49, 27), (50, 47), (51, 48), (52, 68), (53, 67), (54, 66), (55, 86), (56, 85), (57, 84), (58, 64), (59, 63), (60, 62), (61, 61), (63, 81), (64, 82), (65, 102), (66, 103), (67, 123), (68, 122), (69, 142), (70, 141), (74, 121), (75, 101), (82, 100), (83, 80), (87, 60), (100, 40), (101, 20)]
您的距离系数损耗为1663,风险系数损耗为484,每步距离损耗[67, 37, 55, 8, 26, 5, 38, 12, 25, 89, 50, 33, 35, 15, 31, 23, 33, 86, 83, 9, 77, 70, 48, 19, 72, 36, 48, 36, 40, 90, 47, 54, 8, 64, 57, 85, 52],每步风险损耗[21, 27, 7, 2, 5, 9, 11, 40, 31, 20, 14, 0, 0, 0, 0, 10, 10, 11, 12, 0, 0, 0, 0, 0, 0, 0, 6, 0, 34, 17, 20, 0, 0, 45, 30, 61, 41]
iteration 6 ********* reward 3539450 order0.105734968516 conflicts 28895 drivers 770869
A_star  -----  A_star
搜索所用时间0.00733017921448s
从节点'0'到节点'399' 所需要的经过的节点是 [0, 1, 2, 3, 4, 5, 6, 26, 27, 28, 48, 68, 88, 108, 109, 110, 130, 150, 170, 190, 210, 230, 250, 270, 290, 310, 330, 350, 370, 371, 372, 373, 374, 375, 376, 396, 397, 398, 399] ,所需要的cost为 17212
Dijkstra  -----  Dijkstra
搜索所用时间0.00448799133301s
minimum steps:17212, path:[0, 1, 2, 3, 4, 5, 6, 26, 27, 28, 48, 68, 88, 108, 109, 110, 130, 150, 170, 190, 210, 230, 250, 270, 290, 310, 330, 350, 370, 371, 372, 373, 374, 375, 376, 396, 397, 398, 399]
('Times takes:', 649.5823750495911)
Dijkstra  -----  Dijkstra
第7天,您的路线为[0, 1, 2, 3, 4, 5, 6, 26, 27, 28, 48, 68, 88, 108, 109, 110, 130, 150, 170, 190, 210, 230, 250, 270, 290, 310, 330, 350, 370, 371, 372, 373, 374, 375, 376, 396, 397, 398, 399]
您的距离系数损耗为1176,风险系数损耗为537,每步距离损耗[67, 11, 55, 51, 25, 13, 12, 19, 21, 80, 35, 30, 26, 48, 76, 15, 22, 8, 27, 67, 50, 54, 80, 71, 10, 47, 32, 13, 19, 5, 36, 12, 39],每步风险损耗[17, 44, 31, 31, 77, 53, 30, 7, 19, 0, 0, 0, 0, 0, 6, 0, 0, 0, 0, 0, 2, 36, 22, 0, 0, 0, 0, 0, 30, 33, 0, 86, 13]
A_star  -----  A_star
第7天,您的路线为[0, 1, 2, 3, 4, 5, 6, 26, 27, 28, 48, 68, 88, 108, 109, 110, 130, 150, 170, 190, 210, 230, 250, 270, 290, 310, 330, 350, 370, 371, 372, 373, 374, 375, 376, 396, 397, 398, 399]
您的距离系数损耗为1176,风险系数损耗为537,每步距离损耗[67, 11, 55, 51, 25, 13, 12, 19, 21, 80, 35, 30, 26, 48, 76, 15, 22, 8, 27, 67, 50, 54, 80, 71, 10, 47, 32, 13, 19, 5, 36, 12, 39],每步风险损耗[17, 44, 31, 31, 77, 53, 30, 7, 19, 0, 0, 0, 0, 0, 6, 0, 0, 0, 0, 0, 2, 36, 22, 0, 0, 0, 0, 0, 30, 33, 0, 86, 13]
RL  -----  RL
第7天,您的路线为[(0, 0), (30, 20), (31, 21), (32, 41), (33, 61), (34, 62), (35, 82), (36, 102), (37, 101), (38, 100), (46, 120), (57, 121), (58, 122), (60, 123), (61, 124), (62, 125), (63, 145), (64, 165), (65, 164), (66, 144), (67, 143), (71, 163), (73, 183), (74, 203), (75, 202), (76, 201), (77, 200), (78, 180), (80, 181), (82, 161), (88, 141), (89, 142), (90, 162), (91, 182)]
您的距离系数损耗为1326,风险系数损耗为455,每步距离损耗[4, 32, 40, 90, 70, 50, 72, 32, 8, 46, 24, 74, 36, 11, 83, 86, 64, 26, 35, 56, 46, 79, 6, 13, 8, 4, 83, 37, 2, 15, 90, 2, 2],每步风险损耗[0, 0, 18, 0, 10, 0, 0, 0, 26, 47, 15, 19, 19, 38, 29, 17, 0, 0, 3, 72, 13, 1, 0, 0, 0, 2, 63, 15, 23, 0, 0, 0, 25]
iteration 7 ********* reward 4598240 order0.112669014138 conflicts 27143 drivers 802824
A_star  -----  A_star
搜索所用时间0.00413203239441s
从节点'0'到节点'399' 所需要的经过的节点是 [0, 1, 2, 3, 4, 5, 6, 26, 27, 28, 48, 68, 88, 108, 109, 110, 130, 150, 170, 190, 210, 230, 250, 270, 290, 310, 330, 350, 370, 371, 372, 373, 374, 375, 376, 396, 397, 398, 399] ,所需要的cost为 17212
Dijkstra  -----  Dijkstra
搜索所用时间0.00277304649353s
minimum steps:17212, path:[0, 1, 2, 3, 4, 5, 6, 26, 27, 28, 48, 68, 88, 108, 109, 110, 130, 150, 170, 190, 210, 230, 250, 270, 290, 310, 330, 350, 370, 371, 372, 373, 374, 375, 376, 396, 397, 398, 399]
('Times takes:', 625.5145468711853)
Dijkstra  -----  Dijkstra
第8天,您的路线为[0, 1, 2, 3, 4, 5, 6, 26, 27, 28, 48, 68, 88, 108, 109, 110, 130, 150, 170, 190, 210, 230, 250, 270, 290, 310, 330, 350, 370, 371, 372, 373, 374, 375, 376, 396, 397, 398, 399]
您的距离系数损耗为1234,风险系数损耗为625,每步距离损耗[67, 11, 55, 51, 25, 13, 12, 19, 21, 80, 35, 30, 26, 48, 76, 15, 22, 8, 27, 67, 50, 54, 80, 71, 10, 47, 32, 13, 19, 5, 36, 12, 39, 19, 9, 14, 12, 4],每步风险损耗[27, 58, 31, 35, 83, 49, 27, 0, 15, 8, 2, 0, 0, 0, 25, 5, 0, 0, 0, 0, 20, 42, 29, 0, 0, 0, 0, 0, 22, 27, 23, 74, 13, 10, 0, 0, 0, 0]
A_star  -----  A_star
第8天,您的路线为[0, 1, 2, 3, 4, 5, 6, 26, 27, 28, 48, 68, 88, 108, 109, 110, 130, 150, 170, 190, 210, 230, 250, 270, 290, 310, 330, 350, 370, 371, 372, 373, 374, 375, 376, 396, 397, 398, 399]
您的距离系数损耗为1234,风险系数损耗为625,每步距离损耗[67, 11, 55, 51, 25, 13, 12, 19, 21, 80, 35, 30, 26, 48, 76, 15, 22, 8, 27, 67, 50, 54, 80, 71, 10, 47, 32, 13, 19, 5, 36, 12, 39, 19, 9, 14, 12, 4],每步风险损耗[27, 58, 31, 35, 83, 49, 27, 0, 15, 8, 2, 0, 0, 0, 25, 5, 0, 0, 0, 0, 20, 42, 29, 0, 0, 0, 0, 0, 22, 27, 23, 74, 13, 10, 0, 0, 0, 0]
RL  -----  RL
第8天,您的路线为[(0, 0), (30, 20), (31, 21), (32, 41), (33, 61), (34, 62), (35, 63), (36, 64), (39, 65), (40, 85), (41, 84), (42, 104), (43, 124), (44, 123), (45, 122), (46, 102), (47, 82), (48, 81), (49, 101), (50, 100), (53, 120), (56, 121), (58, 141), (60, 140), (126, 160), (127, 161), (128, 181), (129, 201), (130, 202), (131, 222), (132, 242), (133, 243), (134, 244), (135, 224), (136, 204), (137, 184), (138, 185), (139, 165), (140, 166), (141, 167), (142, 147), (143, 127), (144, 107)]
您的距离系数损耗为1585,风险系数损耗为625,每步距离损耗[4, 32, 40, 90, 70, 77, 9, 89, 83, 86, 84, 15, 11, 36, 41, 72, 19, 61, 8, 46, 24, 47, 10, 29, 22, 2, 80, 8, 63, 30, 35, 35, 57, 32, 18, 20, 20, 20, 11, 41, 8],每步风险损耗[25, 13, 12, 0, 13, 7, 14, 21, 30, 92, 39, 15, 53, 8, 0, 0, 0, 0, 38, 64, 13, 34, 64, 51, 7, 0, 0, 0, 0, 0, 0, 6, 6, 0, 0, 0, 0, 0, 0, 0, 0]
iteration 8 ********* reward 4375730 order0.117115740495 conflicts 24188 drivers 798071
A_star  -----  A_star
搜索所用时间0.00654411315918s
从节点'0'到节点'399' 所需要的经过的节点是 [0, 1, 2, 3, 4, 5, 6, 26, 27, 28, 48, 68, 88, 108, 109, 110, 130, 150, 170, 190, 210, 230, 250, 270, 290, 310, 330, 350, 370, 371, 372, 373, 374, 375, 376, 396, 397, 398, 399] ,所需要的cost为 17212
Dijkstra  -----  Dijkstra
搜索所用时间0.00359702110291s
minimum steps:17212, path:[0, 1, 2, 3, 4, 5, 6, 26, 27, 28, 48, 68, 88, 108, 109, 110, 130, 150, 170, 190, 210, 230, 250, 270, 290, 310, 330, 350, 370, 371, 372, 373, 374, ('Times takes:', 638.389025926('Times takes:', 623.7683568000793)
Dijkstra  -----  Dijkstra
第9天,您的路线为[0, 1, 2, 3, 4, 5, 6, 26, 27, 28, 48, 68, 88, 108, 109, 110, 130, 150, 170, 190, 210, 230, 250, 270, 290, 310, 330, 350, 370, 371, 372, 373, 374, 375, 376, 396, 397, 398, 399]
您的距离系数损耗为1234,风险系数损耗为669,每步距离损耗[67, 11, 55, 51, 25, 13, 12, 19, 21, 80, 35, 30, 26, 48, 76, 15, 22, 8, 27, 67, 50, 54, 80, 71, 10, 47, 32, 13, 19, 5, 36, 12, 39, 19, 9, 14, 12, 4],每步风险损耗[19, 63, 33, 41, 83, 45, 27, 7, 18, 7, 8, 1, 0, 0, 0, 0, 0, 0, 0, 0, 8, 28, 30, 0, 0, 0, 0, 0, 39, 41, 44, 80, 31, 16, 0, 0, 0, 0]
A_star  -----  A_star
第9天,您的路线为[0, 1, 2, 3, 4, 5, 6, 26, 27, 28, 48, 68, 88, 108, 109, 110, 130, 150, 170, 190, 210, 230, 250, 270, 290, 310, 330, 350, 370, 371, 372, 373, 374, 375, 376, 396, 397, 398, 399]
您的距离系数损耗为1234,风险系数损耗为669,每步距离损耗[67, 11, 55, 51, 25, 13, 12, 19, 21, 80, 35, 30, 26, 48, 76, 15, 22, 8, 27, 67, 50, 54, 80, 71, 10, 47, 32, 13, 19, 5, 36, 12, 39, 19, 9, 14, 12, 4],每步风险损耗[19, 63, 33, 41, 83, 45, 27, 7, 18, 7, 8, 1, 0, 0, 0, 0, 0, 0, 0, 0, 8, 28, 30, 0, 0, 0, 0, 0, 39, 41, 44, 80, 31, 16, 0, 0, 0, 0]
RL  -----  RL
第9天,您的路线为[(0, 0), (30, 20), (34, 21), (35, 1), (36, 2), (37, 22), (39, 42), (40, 62), (41, 82), (42, 81), (43, 61), (44, 41), (46, 40), (50, 60), (65, 80), (66, 100), (67, 101), (68, 121), (69, 120), (83, 140), (86, 141), (89, 142), (90, 122), (91, 102), (92, 103), (93, 104), (94, 105), (95, 125), (96, 126), (97, 146), (98, 166), (99, 167), (100, 187), (101, 188), (102, 208), (103, 228), (104, 227), (105, 247), (106, 267), (107, 287), (108, 307), (109, 327), (110, 326), (111, 346), (112, 366), (113, 386), (114, 385), (115, 384), (116, 383), (117, 363), (118, 362), (119, 382), (120, 381), (121, 361), (122, 360), (130, 380)]
您的距离系数损耗为2220,风险系数损耗为546,每步距离损耗[4, 32, 37, 11, 81, 5, 58, 50, 19, 48, 90, 50, 85, 57, 64, 8, 54, 24, 33, 10, 90, 40, 41, 36, 68, 23, 23, 34, 76, 26, 11, 23, 1, 10, 75, 31, 47, 11, 42, 64, 86, 37, 78, 25, 15, 24, 61, 62, 77, 71, 7, 2, 11, 56, 16],每步风险损耗[2, 0, 60, 63, 3, 2, 0, 0, 0, 20, 31, 24, 48, 51, 20, 1, 0, 43, 73, 37, 0, 0, 0, 0, 24, 0, 6, 0, 12, 0, 0, 0, 0, 0, 0, 13, 0, 0, 0, 0, 0, 0, 0, 0, 0, 0, 0, 0, 0, 9, 0, 0, 0, 4, 0]
iteration 9 ********* reward 5594880 order0.124385191342 conflicts 22880 drivers 821676
A_star  -----  A_star
搜索所用时间0.00519609451294s
从节点'0'到节点'399' 所需要的经过的节点是 [0, 1, 2, 3, 4, 5, 6, 26, 27, 28, 48, 68, 88, 108, 109, 110, 130, 150, 170, 190, 210, 230, 250, 270, 290, 310, 330, 350, 370, 371, 372, 373, 374, 375, 376, 396, 397, 398, 399] ,所需要的cost为 17212
Dijkstra  -----  Dijkstra
搜索所用时间0.00357389450('Times takes:', 636.8094210624695)
Dijkstra  -----  Dijkstra
第11天,您的路线为[0, 1, 2, 3, 4, 5, 6, 26, 27, 28, 48, 68, 88, 108, 109, 110, 130, 150, 170, 190, 210, 230, 250, 270, 290, 310, 330, 350, ('Times takes:', 624.7461380958557)
Dijkstra  -----  Dijkstra
第10天,您的路线为[0, 1, 2, 3, 4, 5, 6, 26, 27, 28, 48, 68, 88, 108, 109, 110, 130, 150, 170, 190, 210, 230, 250, 270, 290, 310, 330, 350, 370, 371, 372, 373, 374, 375, 376, 396, 397, 398, 399]
您的距离系数损耗为758,风险系数损耗为388,每步距离损耗[67, 11, 55, 51, 25, 13, 12, 19, 21, 80, 35, 30, 26, 48, 76, 15, 22, 8, 27, 67, 50],每步风险损耗[9, 82, 37, 48, 83, 49, 28, 0, 15, 12, 2, 5, 0, 0, 0, 0, 0, 0, 0, 3, 15]
A_star  -----  A_star
第10天,您的路线为[0, 1, 2, 3, 4, 5, 6, 26, 27, 28, 48, 68, 88, 108, 109, 110, 130, 150, 170, 190, 210, 230, 250, 270, 290, 310, 330, 350, 370, 371, 372, 373, 374, 375, 376, 396, 397, 398, 399]
您的距离系数损耗为758,风险系数损耗为388,每步距离损耗[67, 11, 55, 51, 25, 13, 12, 19, 21, 80, 35, 30, 26, 48, 76, 15, 22, 8, 27, 67, 50],每步风险损耗[9, 82, 37, 48, 83, 49, 28, 0, 15, 12, 2, 5, 0, 0, 0, 0, 0, 0, 0, 3, 15]
RL  -----  RL
第10天,您的路线为[(0, 0), (30, 20), (31, 21), (32, 41), (33, 61), (34, 81), (35, 101), (36, 102), (37, 82), (38, 62), (39, 42), (40, 43), (41, 63), (42, 64), (54, 65), (55, 45), (56, 44), (57, 24), (58, 23), (59, 3), (60, 2), (61, 22)]
您的距离系数损耗为952,风险系数损耗为258,每步距离损耗[4, 32, 40, 90, 48, 61, 32, 72, 50, 58, 68, 66, 9, 89, 43, 22, 5, 26, 1, 55, 81],每步风险损耗[0, 0, 0, 0, 8, 8, 2, 0, 0, 5, 63, 0, 0, 15, 13, 2, 17, 3, 83, 31, 8]
iteration 10 ********* reward 4990420 order0.128744312954 conflicts 20944 drivers 826552
A_star  -----  A_star
搜索所用时间0.00406908988953s
从节点'0'到节点'399' 所需要的经过的节点是 [0, 1, 2, 3, 4, 5, 6, 26, 27, 28, 48, 68, 88, 108, 109, 110, 130, 150, 170, 190, 210, 230, 250, 270, 290, 310, 330, 350, 370, 371, 372, 373, 374, 375, 376, 396, 397, 398, 399] ,所需要的cost为 17212
Dijkstra  -----  Dijkstra
搜索所用时间0.0027060508728s
minimum steps:17212, path:[0, 1, 2, 3, 4, 5, 6, 26, 27, 28, 48, 68, 88, 108, 109, 110, 130, 150, 170, 190, 210, 230, 250, 270, 290, 310, 330, 350, 370, 371, 372, 373, 374, 375, 376, 396, 397, 398, 399]
('Times takes:', 623.1990110874176)
Dijkstra  -----  Dijkstra
第11天,您的路线为[0, 1, 2, 3, 4, 5, 6, 26, 27, 28, 48, 68, 88, 108, 109, 110, 130, 150, 170, 190, 210, 230, 250, 270, 290, 310, 330, 350, 370, 371, 372, 373, 374, 375, 376, 396, 397, 398, 399]
您的距离系数损耗为708,风险系数损耗为461,每步距离损耗[67, 11, 55, 51, 25, 13, 12, 19, 21, 80, 35, 30, 26, 48, 76, 15, 22, 8, 27, 67],每步风险损耗[28, 99, 37, 48, 83, 53, 14, 2, 6, 22, 15, 29, 1, 0, 5, 3, 2, 0, 3, 11]
A_star  -----  A_star
第11天,您的路线为[0, 1, 2, 3, 4, 5, 6, 26, 27, 28, 48, 68, 88, 108, 109, 110, 130, 150, 170, 190, 210, 230, 250, 270, 290, 310, 330, 350, 370, 371, 372, 373, 374, 375, 376, 396, 397, 398, 399]
您的距离系数损耗为708,风险系数损耗为461,每步距离损耗[67, 11, 55, 51, 25, 13, 12, 19, 21, 80, 35, 30, 26, 48, 76, 15, 22, 8, 27, 67],每步风险损耗[28, 99, 37, 48, 83, 53, 14, 2, 6, 22, 15, 29, 1, 0, 5, 3, 2, 0, 3, 11]
RL  -----  RL
第11天,您的路线为[(0, 0), (30, 20), (31, 21), (32, 41), (33, 61), (34, 62), (35, 82), (36, 102), (37, 103), (38, 123), (39, 124), (40, 125), (41, 105), (42, 104), (45, 84), (48, 64), (49, 63), (50, 43), (59, 23), (60, 22), (61, 42)]
您的距离系数损耗为887,风险系数损耗为315,每步距离损耗[4, 32, 40, 90, 70, 50, 72, 36, 48, 11, 83, 23, 23, 84, 83, 9, 66, 50, 8, 5],每步风险损耗[13, 11, 11, 2, 1, 0, 0, 7, 35, 20, 6, 25, 47, 77, 6, 0, 27, 20, 7, 0]
iteration 11 ********* reward 5959990 order0.135335672398 conflicts 17981 drivers 814708
A_star  -----  A_star
搜索所用时间0.00522518157959s
从节点'0'到节点'399' 所需要的经过的节点是 [0, 1, 2, 3, 4, 5, 6, 26, 27, 28, 48, 68, 88, 108, 109, 110, 130, 150, 170, 190, 210, 230, 250, 270, 290, 310, 330, 350, 370, 371, 372, 373, 374, 375, 376, 396, 397, 398, 399] ,所需要的cost为 17212
Dijkstra  -----  Dijkstra
搜索所用时间0.00351691246033s
minimum steps:17212, path:[0, 1, 2, 3, 4, 5, 6, 26, 27, 28, 48, 68, 88, 108, 109, 110, 130, 150, 170, 190, 210, 230, 250, 270, 290, 310, 330, 350, 370, 371, 372, 373, 374, 375, 376, 396, 397, 398, 399]
('Times takes:', 622.8269028663635)
Dijkstra  -----  Dijkstra
第12天,您的路线为[0, 1, 2, 3, 4, 5, 6, 26, 27, 28, 48, 68, 88, 108, 109, 110, 130, 150, 170, 190, 210, 230, 250, 270, 290, 310, 330, 350, 370, 371, 372, 373, 374, 375, 376, 396, 397, 398, 399]
您的距离系数损耗为354,风险系数损耗为320,每步距离损耗[67, 11, 55, 51, 25, 13, 12, 19, 21, 80],每步风险损耗[22, 99, 37, 48, 69, 29, 5, 0, 0, 11]
A_star  -----  A_star
第12天,您的路线为[0, 1, 2, 3, 4, 5, 6, 26, 27, 28, 48, 68, 88, 108, 109, 110, 130, 150, 170, 190, 210, 230, 250, 270, 290, 310, 330, 350, 370, 371, 372, 373, 374, 375, 376, 396, 397, 398, 399]
您的距离系数损耗为354,风险系数损耗为320,每步距离损耗[67, 11, 55, 51, 25, 13, 12, 19, 21, 80],每步风险损耗[22, 99, 37, 48, 69, 29, 5, 0, 0, 11]
RL  -----  RL
第12天,您的路线为[(0, 0), (33, 20), (34, 21), (35, 41), (36, 61), (37, 62), (38, 82), (39, 81), (40, 80), (44, 60), (45, 40)]
您的距离系数损耗为534,风险系数损耗为156,每步距离损耗[4, 32, 40, 90, 70, 50, 19, 87, 57, 85],每步风险损耗[3, 4, 3, 0, 1, 0, 0, 54, 43, 48]
iteration 12 ********* reward 5824290 order0.140378564556 conflicts 15817 drivers 818197
A_star  -----  A_star
搜索所用时间0.00694894790649s
从节点'0'到节点'399' 所需要的经过的节点是 [0, 1, 2, 3, 4, 5, 6, 26, 27, 28, 48, 68, 88, 108, 109, 110, 130, 150, 170, 190, 210, 230, 250, 270, 290, 310, 330, 350, 370, 371, 372, 373, 374, 375, 376, 396, 397, 398, 399] ,所需要的cost为 17212
Dijkstra  -----  Dijkstra
搜索所用时间0.00448608398438s
minimum steps:17212, path:[0, 1, 2, 3, 4, 5, 6, 26, 27, 28, 48, 68, 88, 108, 109, 110, 130, 150, 170, 190, 210, 230, 250, 270, 290, 310, 330, 350, 370, 371, 372, 373, 374, 375, 376, 396, 397, 398, 399]
('Times takes:', 622.664409160614)
Dijkstra  -----  Dijkstra
第13天,您的路线为[0, 1, 2, 3, 4, 5, 6, 26, 27, 28, 48, 68, 88, 108, 109, 110, 130, 150, 170, 190, 210, 230, 250, 270, 290, 310, 330, 350, 370, 371, 372, 373, 374, 375, 376, 396, 397, 398, 399]
您的距离系数损耗为1204,风险系数损耗为804,每步距离损耗[67, 11, 55, 51, 25, 13, 12, 19, 21, 80, 35, 30, 26, 48, 76, 15, 22, 8, 27, 67, 50, 54, 80, 71, 10, 47, 32, 13, 19, 5, 36, 12, 39, 19, 9],每步风险损耗[19, 45, 33, 44, 77, 29, 20, 1, 0, 13, 6, 20, 7, 0, 5, 6, 21, 9, 3, 19, 44, 36, 44, 0, 7, 5, 8, 9, 44, 46, 56, 80, 17, 31, 0]
A_star  -----  A_star
第13天,您的路线为[0, 1, 2, 3, 4, 5, 6, 26, 27, 28, 48, 68, 88, 108, 109, 110, 130, 150, 170, 190, 210, 230, 250, 270, 290, 310, 330, 350, 370, 371, 372, 373, 374, 375, 376, 396, 397, 398, 399]
您的距离系数损耗为1204,风险系数损耗为804,每步距离损耗[67, 11, 55, 51, 25, 13, 12, 19, 21, 80, 35, 30, 26, 48, 76, 15, 22, 8, 27, 67, 50, 54, 80, 71, 10, 47, 32, 13, 19, 5, 36, 12, 39, 19, 9],每步风险损耗[19, 45, 33, 44, 77, 29, 20, 1, 0, 13, 6, 20, 7, 0, 5, 6, 21, 9, 3, 19, 44, 36, 44, 0, 7, 5, 8, 9, 44, 46, 56, 80, 17, 31, 0]
RL  -----  RL
第13天,您的路线为[(0, 0), (33, 20), (34, 21), (36, 41), (37, 42), (38, 22), (39, 23), (40, 24), (41, 25), (42, 45), (43, 46), (44, 47), (45, 67), (46, 68), (47, 69), (49, 70), (50, 90), (51, 110), (52, 111), (53, 112), (54, 113), (55, 114), (57, 115), (60, 135), (61, 136), (62, 137), (63, 117), (64, 97), (65, 77), (66, 57), (67, 58), (68, 59), (69, 39), (70, 38), (71, 18), (72, 19)]
您的距离系数损耗为1522,风险系数损耗为257,每步距离损耗[4, 32, 40, 64, 5, 8, 26, 5, 79, 70, 10, 79, 15, 8, 68, 16, 81, 57, 4, 42, 25, 39, 75, 72, 67, 56, 86, 30, 28, 22, 57, 79, 38, 59, 76],每步风险损耗[16, 11, 18, 7, 20, 5, 3, 0, 0, 25, 72, 11, 0, 0, 0, 0, 0, 9, 4, 0, 14, 0, 26, 0, 0, 0, 14, 0, 0, 0, 0, 0, 0, 0, 2]
iteration 13 ********* reward 6281180 order0.145918556707 conflicts 14068 drivers 816305
A_star  -----  A_star
搜索所用时间0.00703907012939s
从节点'0'到节点'399' 所需要的经过的节点是 [0, 1, 2, 3, 4, 5, 6, 26, 27, 28, 48, 68, 88, 108, 109, 110, 130, 150, 170, 190, 210, 230, 250, 270, 290, 310, 330, 350, 370, 371, 372, 373, 374, 375, 376, 396, 397, 398, 399] ,所需要的cost为 17212
Dijkstra  -----  Dijkstra
搜索所用时间0.00462698936462s
minimum steps:17212, path:[0, 1, 2, 3, 4, 5, 6, 26, 27, 28, 48, 68, 88, 108, 109, 110, 130, 150, 170, 190, 210, 230, 250, 270, 290, 310, 330, 350, 370, 371, 372, 373, 374, 375, 376, 396, 397, 398, 399]
('Times takes:', 624.988716840744)
Dijkstra  -----  Dijkstra
第14天,您的路线为[0, 1, 2, 3, 4, 5, 6, 26, 27, 28, 48, 68, 88, 108, 109, 110, 130, 150, 170, 190, 210, 230, 250, 270, 290, 310, 330, 350, 370, 371, 372, 373, 374, 375, 376, 396, 397, 398, 399]
您的距离系数损耗为1234,风险系数损耗为721,每步距离损耗[67, 11, 55, 51, 25, 13, 12, 19, 21, 80, 35, 30, 26, 48, 76, 15, 22, 8, 27, 67, 50, 54, 80, 71, 10, 47, 32, 13, 19, 5, 36, 12, 39, 19, 9, 14, 12, 4],每步风险损耗[26, 53, 32, 34, 77, 43, 5, 0, 0, 5, 7, 26, 9, 0, 0, 0, 19, 0, 0, 4, 51, 35, 35, 0, 8, 0, 3, 2, 37, 32, 42, 60, 45, 31, 0, 0, 0, 0]
A_star  -----  A_star
第14天,您的路线为[0, 1, 2, 3, 4, 5, 6, 26, 27, 28, 48, 68, 88, 108, 109, 110, 130, 150, 170, 190, 210, 230, 250, 270, 290, 310, 330, 350, 370, 371, 372, 373, 374, 375, 376, 396, 397, 398, 399]
您的距离系数损耗为1234,风险系数损耗为721,每步距离损耗[67, 11, 55, 51, 25, 13, 12, 19, 21, 80, 35, 30, 26, 48, 76, 15, 22, 8, 27, 67, 50, 54, 80, 71, 10, 47, 32, 13, 19, 5, 36, 12, 39, 19, 9, 14, 12, 4],每步风险损耗[26, 53, 32, 34, 77, 43, 5, 0, 0, 5, 7, 26, 9, 0, 0, 0, 19, 0, 0, 4, 51, 35, 35, 0, 8, 0, 3, 2, 37, 32, 42, 60, 45, 31, 0, 0, 0, 0]
RL  -----  RL
第14天,您的路线为[(0, 0), (30, 20), (31, 21), (32, 41), (33, 61), (35, 62), (36, 82), (37, 81), (41, 80), (45, 100), (46, 101), (47, 121), (51, 141), (57, 161), (59, 162), (60, 142), (61, 122), (62, 102), (63, 103), (66, 123), (68, 143), (71, 163), (72, 164), (73, 165), (74, 185), (75, 184), (77, 204), (78, 205), (79, 206), (80, 207), (81, 208), (82, 209), (83, 229), (84, 249), (85, 250), (86, 230), (87, 231), (88, 232), (89, 233), (90, 253), (91, 254), (92, 255), (93, 256), (94, 276), (95, 277), (96, 278), (97, 279), (98, 299), (99, 298), (101, 318), (102, 319), (103, 339), (104, 359), (105, 379), (106, 399)]
您的距离系数损耗为2448,风险系数损耗为569,每步距离损耗[4, 32, 40, 90, 70, 50, 19, 87, 64, 8, 54, 47, 15, 59, 2, 40, 41, 36, 48, 77, 46, 79, 26, 20, 20, 18, 1, 47, 89, 67, 63, 30, 41, 9, 54, 67, 32, 33, 61, 82, 87, 83, 85, 2, 43, 54, 22, 48, 87, 11, 20, 41, 34, 63],每步风险损耗[23, 20, 23, 6, 7, 0, 0, 64, 49, 28, 10, 29, 45, 5, 16, 0, 0, 20, 13, 56, 43, 6, 0, 0, 30, 47, 0, 2, 0, 0, 0, 0, 0, 0, 8, 0, 0, 0, 0, 0, 0, 0, 0, 0, 0, 0, 0, 0, 19, 0, 0, 0, 0, 0]
iteration 14 ********* reward 6871100 order0.152130941334 conflicts 11557 drivers 800413
A_star  -----  A_star
搜索所用时间0.00426697731018s
从节点'0'到节点'399' 所需要的经过的节点是 [0, 1, 2, 3, 4, 5, 6, 26, 27, 28, 48, 68, 88, 108, 109, 110, 130, 150, 170, 190, 210, 230, 250, 270, 290, 310, 330, 350, 370, 371, 372, 373, 374, 375, 376, 396, 397, 398, 399] ,所需要的cost为 17212
Dijkstra  -----  Dijkstra
搜索所用时间0.0027449131012s
minimum steps:17212, path:[0, 1, 2, 3, 4, 5, 6, 26, 27, 28, 48, 68, 88, 108, 109, 110, 130, 150, 170, 190, 210, 230, 250, 270, 290, 310, 330, 350, 370, 371, 372, 373, 374, 375, 376, 396, 397, 398, 399]
('Times takes:', 623.2112069129944)
Dijkstra  -----  Dijkstra
第15天,您的路线为[0, 1, 2, 3, 4, 5, 6, 26, 27, 28, 48, 68, 88, 108, 109, 110, 130, 150, 170, 190, 210, 230, 250, 270, 290, 310, 330, 350, 370, 371, 372, 373, 374, 375, 376, 396, 397, 398, 399]
您的距离系数损耗为1234,风险系数损耗为859,每步距离损耗[67, 11, 55, 51, 25, 13, 12, 19, 21, 80, 35, 30, 26, 48, 76, 15, 22, 8, 27, 67, 50, 54, 80, 71, 10, 47, 32, 13, 19, 5, 36, 12, 39, 19, 9, 14, 12, 4],每步风险损耗[17, 58, 37, 37, 83, 43, 12, 4, 0, 15, 6, 24, 20, 0, 0, 0, 23, 2, 0, 54, 58, 46, 27, 0, 0, 1, 18, 9, 36, 43, 49, 71, 33, 33, 0, 0, 0, 0]
A_star  -----  A_star
第15天,您的路线为[0, 1, 2, 3, 4, 5, 6, 26, 27, 28, 48, 68, 88, 108, 109, 110, 130, 150, 170, 190, 210, 230, 250, 270, 290, 310, 330, 350, 370, 371, 372, 373, 374, 375, 376, 396, 397, 398, 399]
您的距离系数损耗为1234,风险系数损耗为859,每步距离损耗[67, 11, 55, 51, 25, 13, 12, 19, 21, 80, 35, 30, 26, 48, 76, 15, 22, 8, 27, 67, 50, 54, 80, 71, 10, 47, 32, 13, 19, 5, 36, 12, 39, 19, 9, 14, 12, 4],每步风险损耗[17, 58, 37, 37, 83, 43, 12, 4, 0, 15, 6, 24, 20, 0, 0, 0, 23, 2, 0, 54, 58, 46, 27, 0, 0, 1, 18, 9, 36, 43, 49, 71, 33, 33, 0, 0, 0, 0]
RL  -----  RL
第15天,您的路线为[(0, 0), (30, 20), (31, 21), (32, 41), (33, 42), (34, 62), (35, 63), (36, 64), (37, 65), (38, 45), (41, 44), (43, 43), (50, 23), (51, 24), (53, 25), (56, 5), (63, 6), (64, 26), (67, 27), (68, 28), (69, 29), (70, 30), (71, 50), (73, 51), (74, 52), (75, 53), (76, 73), (77, 93), (78, 94), (79, 95), (80, 96), (81, 97), (82, 77), (83, 78), (84, 79), (85, 59), (86, 39), (87, 38), (88, 18), (89, 17), (92, 37), (94, 57), (95, 56), (96, 55), (98, 75), (99, 76)]
您的距离系数损耗为2060,风险系数损耗为393,每步距离损耗[4, 32, 40, 64, 58, 77, 9, 89, 43, 22, 89, 50, 26, 5, 76, 13, 12, 19, 21, 49, 36, 13, 37, 18, 71, 82, 71, 42, 79, 80, 16, 30, 55, 64, 51, 79, 38, 59, 45, 33, 40, 64, 56, 60, 43],每步风险损耗[5, 2, 2, 3, 0, 4, 4, 28, 55, 14, 30, 68, 0, 3, 32, 43, 4, 0, 0, 0, 0, 0, 0, 2, 0, 0, 0, 0, 0, 0, 0, 0, 0, 0, 0, 0, 0, 3, 13, 0, 28, 44, 6, 0, 0]
iteration 15 ********* reward 8061570 order0.160348808935 conflicts 11715 drivers 797034
A_star  -----  A_star
搜索所用时间0.0079300403595s
从节点'0'到节点'399' 所需要的经过的节点是 [0, 1, 2, 3, 4, 5, 6, 26, 27, 28, 48, 68, 88, 108, 109, 110, 130, 150, 170, 190, 210, 230, 250, 270, 290, 310, 330, 350, 370, 371, 372, 373, 374, 375, 376, 396, 397, 398, 399] ,所需要的cost为 17212
Dijkstra  -----  Dijkstra
搜索所用时间0.00353717803955s
minimum steps:17212, path:[0, 1, 2, 3, 4, 5, 6, 26, 27, 28, 48, 68, 88, 108, 109, 110, 130, 150, 170, 190, 210, 230, 250, 270, 290, 310, 330, 350, 370, 371, 372, 373, 374, 375, 376, 396, 397, 398, 399]
('Times takes:', 622.6781830787659)
Dijkstra  -----  Dijkstra
第16天,您的路线为[0, 1, 2, 3, 4, 5, 6, 26, 27, 28, 48, 68, 88, 108, 109, 110, 130, 150, 170, 190, 210, 230, 250, 270, 290, 310, 330, 350, 370, 371, 372, 373, 374, 375, 376, 396, 397, 398, 399]
您的距离系数损耗为641,风险系数损耗为412,每步距离损耗[67, 11, 55, 51, 25, 13, 12, 19, 21, 80, 35, 30, 26, 48, 76, 15, 22, 8, 27],每步风险损耗[23, 75, 37, 27, 68, 49, 14, 2, 0, 22, 13, 13, 13, 4, 3, 0, 46, 3, 0]
A_star  -----  A_star
第16天,您的路线为[0, 1, 2, 3, 4, 5, 6, 26, 27, 28, 48, 68, 88, 108, 109, 110, 130, 150, 170, 190, 210, 230, 250, 270, 290, 310, 330, 350, 370, 371, 372, 373, 374, 375, 376, 396, 397, 398, 399]
您的距离系数损耗为641,风险系数损耗为412,每步距离损耗[67, 11, 55, 51, 25, 13, 12, 19, 21, 80, 35, 30, 26, 48, 76, 15, 22, 8, 27],每步风险损耗[23, 75, 37, 27, 68, 49, 14, 2, 0, 22, 13, 13, 13, 4, 3, 0, 46, 3, 0]
RL  -----  RL
第16天,您的路线为[(0, 0), (35, 20), (36, 21), (37, 41), (38, 42), (39, 62), (40, 82), (41, 102), (42, 103), (43, 104), (44, 105), (45, 85), (46, 65), (47, 64), (48, 63), (49, 43), (50, 23), (51, 22), (61, 2), (84, 1)]
您的距离系数损耗为912,风险系数损耗为384,每步距离损耗[4, 32, 40, 64, 58, 50, 72, 36, 68, 23, 68, 83, 89, 9, 66, 50, 8, 81, 11],每步风险损耗[6, 1, 0, 5, 0, 0, 0, 11, 34, 16, 5, 35, 7, 0, 35, 68, 4, 58, 99]
iteration 16 ********* reward 7742360 order0.16693947012 conflicts 11746 drivers 827812
A_star  -----  A_star
搜索所用时间0.00413608551025s
从节点'0'到节点'399' 所需要的经过的节点是 [0, 1, 2, 3, 4, 5, 6, 26, 27, 28, 48, 68, 88, 108, 109, 110, 130, 150, 170, 190, 210, 230, 250, 270, 290, 310, 330, 350, 370, 371, 372, 373, 374, 375, 376, 396, 397, 398, 399] ,所需要的cost为 17212
Dijkstra  -----  Dijkstra
搜索所用时间0.00319600105286s
minimum steps:17212, path:[0, 1, 2, 3, 4, 5, 6, 26, 27, 28, 48, 68, 88, 108, 109, 110, 130, 150, 170, 190, 210, 230, 250, 270, 290, 310, 330, 350, 370, 371, 372, 373, 374, 375, 376, 396, 397, 398, 399]
('Times takes:', 624.1575970649719)
Dijkstra  -----  Dijkstra
第17天,您的路线为[0, 1, 2, 3, 4, 5, 6, 26, 27, 28, 48, 68, 88, 108, 109, 110, 130, 150, 170, 190, 210, 230, 250, 270, 290, 310, 330, 350, 370, 371, 372, 373, 374, 375, 376, 396, 397, 398, 399]
您的距离系数损耗为234,风险系数损耗为303,每步距离损耗[67, 11, 55, 51, 25, 13, 12],每步风险损耗[16, 92, 34, 29, 83, 35, 14]
A_star  -----  A_star
第17天,您的路线为[0, 1, 2, 3, 4, 5, 6, 26, 27, 28, 48, 68, 88, 108, 109, 110, 130, 150, 170, 190, 210, 230, 250, 270, 290, 310, 330, 350, 370, 371, 372, 373, 374, 375, 376, 396, 397, 398, 399]
您的距离系数损耗为234,风险系数损耗为303,每步距离损耗[67, 11, 55, 51, 25, 13, 12],每步风险损耗[16, 92, 34, 29, 83, 35, 14]
RL  -----  RL
第17天,您的路线为[(0, 0), (34, 20), (35, 21), (36, 41), (37, 42), (38, 22), (48, 2), (51, 1)]
您的距离系数损耗为237,风险系数损耗为163,每步距离损耗[4, 32, 40, 64, 5, 81, 11],每步风险损耗[13, 14, 6, 7, 0, 24, 99]
iteration 17 ********* reward 7631380 order0.172285373175 conflicts 11654 drivers 872783
A_star  -----  A_star
搜索所用时间0.00420188903809s
从节点'0'到节点'399' 所需要的经过的节点是 [0, 1, 2, 3, 4, 5, 6, 26, 27, 28, 48, 68, 88, 108, 109, 110, 130, 150, 170, 190, 210, 230, 250, 270, 290, 310, 330, 350, 370, 371, 372, 373, 374, 375, 376, 396, 397, 398, 399] ,所需要的cost为 17212
Dijkstra  -----  Dijkstra
搜索所用时间0.00277495384216s
minimum steps:17212, path:[0, 1, 2, 3, 4, 5, 6, 26, 27, 28, 48, 68, 88, 108, 109, 110, 130, 150, 170, 190, 210, 230, 250, 270, 290, 310, 330, 350, 370, 371, 372, 373, 374, 375, 376, 396, 397, 398, 399]
('Times takes:', 624.987498998642)
Dijkstra  -----  Dijkstra
第18天,您的路线为[0, 1, 2, 3, 4, 5, 6, 26, 27, 28, 48, 68, 88, 108, 109, 110, 130, 150, 170, 190, 210, 230, 250, 270, 290, 310, 330, 350, 370, 371, 372, 373, 374, 375, 376, 396, 397, 398, 399]
您的距离系数损耗为1234,风险系数损耗为780,每步距离损耗[67, 11, 55, 51, 25, 13, 12, 19, 21, 80, 35, 30, 26, 48, 76, 15, 22, 8, 27, 67, 50, 54, 80, 71, 10, 47, 32, 13, 19, 5, 36, 12, 39, 19, 9, 14, 12, 4],每步风险损耗[35, 63, 37, 26, 58, 20, 17, 0, 0, 10, 10, 16, 27, 12, 0, 0, 44, 16, 2, 28, 47, 27, 38, 0, 0, 10, 4, 15, 38, 34, 24, 58, 26, 37, 1, 0, 0, 0]
A_star  -----  A_star
第18天,您的路线为[0, 1, 2, 3, 4, 5, 6, 26, 27, 28, 48, 68, 88, 108, 109, 110, 130, 150, 170, 190, 210, 230, 250, 270, 290, 310, 330, 350, 370, 371, 372, 373, 374, 375, 376, 396, 397, 398, 399]
您的距离系数损耗为1234,风险系数损耗为780,每步距离损耗[67, 11, 55, 51, 25, 13, 12, 19, 21, 80, 35, 30, 26, 48, 76, 15, 22, 8, 27, 67, 50, 54, 80, 71, 10, 47, 32, 13, 19, 5, 36, 12, 39, 19, 9, 14, 12, 4],每步风险损耗[35, 63, 37, 26, 58, 20, 17, 0, 0, 10, 10, 16, 27, 12, 0, 0, 44, 16, 2, 28, 47, 27, 38, 0, 0, 10, 4, 15, 38, 34, 24, 58, 26, 37, 1, 0, 0, 0]
RL  -----  RL
第18天,您的路线为[(0, 0), (32, 20), (33, 40), (34, 41), (35, 42), (36, 62), (37, 82), (38, 81), (39, 101), (40, 102), (41, 122), (43, 123), (44, 103), (50, 104), (51, 124), (52, 125), (53, 126), (63, 146), (65, 166), (66, 186), (67, 206), (68, 226), (69, 246), (70, 266), (71, 267), (72, 287), (73, 307), (74, 327), (75, 347), (76, 348), (77, 349), (78, 329), (81, 330), (82, 331), (83, 332), (84, 333), (85, 353), (86, 354), (87, 355), (88, 356), (89, 357), (90, 358), (91, 378), (92, 398), (125, 399)]
您的距离系数损耗为2132,风险系数损耗为219,每步距离损耗[4, 52, 50, 64, 58, 50, 19, 61, 32, 41, 36, 48, 68, 15, 83, 34, 76, 26, 59, 27, 36, 88, 20, 52, 42, 64, 86, 87, 70, 23, 12, 18, 20, 70, 78, 69, 51, 68, 89, 39, 2, 59, 82, 4],每步风险损耗[5, 10, 2, 8, 3, 0, 3, 26, 0, 15, 23, 11, 13, 3, 4, 18, 8, 2, 0, 30, 3, 0, 0, 0, 8, 1, 0, 0, 15, 8, 0, 0, 0, 0, 0, 0, 0, 0, 0, 0, 0, 0, 0, 0]
iteration 18 ********* reward 8488240 order0.17886833327 conflicts 11929 drivers 916149
A_star  -----  A_star
搜索所用时间0.00438785552979s
从节点'0'到节点'399' 所需要的经过的节点是 [0, 1, 2, 3, 4, 5, 6, 26, 27, 28, 48, 68, 88, 108, 109, 110, 130, 150, 170, 190, 210, 230, 250, 270, 290, 310, 330, 350, 370, 371, 372, 373, 374, 375, 376, 396, 397, 398, 399] ,所需要的cost为 17212
Dijkstra  -----  Dijkstra
搜索所用时间0.00335788726807s
minimum steps:17212, path:[0, 1, 2, 3, 4, 5, 6, 26, 27, 28, 48, 68, 88, 108, 109, 110, 130, 150, 170, 190, 210, 230, 250, 270, 290, 310, 330, 350, 370, 371, 372, 373, 374, 375, 376, 396, 397, 398, 399]
('Times takes:', 622.4454941749573)
Dijkstra  -----  Dijkstra
第19天,您的路线为[0, 1, 2, 3, 4, 5, 6, 26, 27, 28, 48, 68, 88, 108, 109, 110, 130, 150, 170, 190, 210, 230, 250, 270, 290, 310, 330, 350, 370, 371, 372, 373, 374, 375, 376, 396, 397, 398, 399]
您的距离系数损耗为1020,风险系数损耗为372,每步距离损耗[67, 11, 55, 51, 25, 13, 12, 19, 21, 80, 35, 30, 26, 48, 76, 15, 22, 8, 27, 67, 50, 54, 80, 71, 10, 47],每步风险损耗[5, 45, 29, 22, 40, 27, 1, 0, 0, 4, 11, 6, 2, 13, 0, 0, 13, 11, 0, 27, 45, 33, 38, 0, 0, 0]
A_star  -----  A_star
第19天,您的路线为[0, 1, 2, 3, 4, 5, 6, 26, 27, 28, 48, 68, 88, 108, 109, 110, 130, 150, 170, 190, 210, 230, 250, 270, 290, 310, 330, 350, 370, 371, 372, 373, 374, 375, 376, 396, 397, 398, 399]
您的距离系数损耗为1020,风险系数损耗为372,每步距离损耗[67, 11, 55, 51, 25, 13, 12, 19, 21, 80, 35, 30, 26, 48, 76, 15, 22, 8, 27, 67, 50, 54, 80, 71, 10, 47],每步风险损耗[5, 45, 29, 22, 40, 27, 1, 0, 0, 4, 11, 6, 2, 13, 0, 0, 13, 11, 0, 27, 45, 33, 38, 0, 0, 0]
RL  -----  RL
第19天,您的路线为[(0, 0), (31, 20), (33, 21), (34, 1), (51, 2), (52, 22), (54, 42), (55, 41), (57, 40), (59, 60), (61, 61), (62, 81), (63, 82), (64, 62), (65, 63), (66, 64), (68, 44), (75, 43), (76, 23), (78, 24), (79, 25), (80, 26), (82, 27), (84, 7), (88, 6), (99, 5), (130, 4)]
您的距离系数损耗为1024,风险系数损耗为341,每步距离损耗[4, 32, 37, 11, 81, 5, 64, 50, 85, 56, 48, 19, 50, 77, 9, 17, 89, 50, 26, 5, 38, 19, 89, 25, 13, 25],每步风险损耗[12, 10, 40, 45, 2, 0, 4, 6, 44, 11, 2, 0, 0, 0, 1, 14, 19, 4, 6, 0, 0, 0, 31, 16, 28, 46]
iteration 19 ********* reward 7929280 order0.18384686568 conflicts 11318 drivers 841693
A_star  -----  A_star
搜索所用时间0.0041811466217s
从节点'0'到节点'399' 所需要的经过的节点是 [0, 1, 2, 3, 4, 5, 6, 26, 27, 28, 48, 68, 88, 108, 109, 110, 130, 150, 170, 190, 210, 230, 250, 270, 290, 310, 330, 350, 370, 371, 372, 373, 374, 375, 376, 396, 397, 398, 399] ,所需要的cost为 17212
Dijkstra  -----  Dijkstra
搜索所用时间0.00278401374817s
minimum steps:17212, path:[0, 1, 2, 3, 4, 5, 6, 26, 27, 28, 48, 68, 88, 108, 109, 110, 130, 150, 170, 190, 210, 230, 250, 270, 290, 310, 330, 350, 370, 371, 372, 373, 374, 375, 376, 396, 397, 398, 399]
('Times takes:', 623.1232540607452)
Dijkstra  -----  Dijkstra
第20天,您的路线为[0, 1, 2, 3, 4, 5, 6, 26, 27, 28, 48, 68, 88, 108, 109, 110, 130, 150, 170, 190, 210, 230, 250, 270, 290, 310, 330, 350, 370, 371, 372, 373, 374, 375, 376, 396, 397, 398, 399]
您的距离系数损耗为708,风险系数损耗为403,每步距离损耗[67, 11, 55, 51, 25, 13, 12, 19, 21, 80, 35, 30, 26, 48, 76, 15, 22, 8, 27, 67],每步风险损耗[24, 99, 32, 24, 54, 32, 3, 0, 0, 8, 6, 39, 12, 8, 0, 0, 29, 18, 0, 15]
A_star  -----  A_star
第20天,您的路线为[0, 1, 2, 3, 4, 5, 6, 26, 27, 28, 48, 68, 88, 108, 109, 110, 130, 150, 170, 190, 210, 230, 250, 270, 290, 310, 330, 350, 370, 371, 372, 373, 374, 375, 376, 396, 397, 398, 399]
您的距离系数损耗为708,风险系数损耗为403,每步距离损耗[67, 11, 55, 51, 25, 13, 12, 19, 21, 80, 35, 30, 26, 48, 76, 15, 22, 8, 27, 67],每步风险损耗[24, 99, 32, 24, 54, 32, 3, 0, 0, 8, 6, 39, 12, 8, 0, 0, 29, 18, 0, 15]
RL  -----  RL
第20天,您的路线为[(0, 0), (32, 20), (33, 21), (34, 1), (43, 2), (44, 3), (45, 23), (46, 43), (47, 63), (48, 62), (49, 82), (50, 102), (51, 103), (75, 104), (76, 84), (78, 64), (83, 65), (84, 45), (85, 44), (93, 24), (96, 4)]
您的距离系数损耗为904,风险系数损耗为330,每步距离损耗[4, 32, 37, 11, 55, 1, 50, 66, 77, 50, 72, 36, 68, 84, 83, 89, 43, 22, 5, 19],每步风险损耗[3, 0, 59, 92, 22, 11, 1, 0, 0, 0, 0, 28, 41, 25, 0, 10, 0, 14, 13, 11]
iteration 20 ********* reward 9868470 order0.191408478202 conflicts 12061 drivers 981208
A_star  -----  A_star
搜索所用时间0.00710797309875s
从节点'0'到节点'399' 所需要的经过的节点是 [0, 1, 2, 3, 4, 5, 6, 26, 27, 28, 48, 68, 88, 108, 109, 110, 130, 150, 170, 190, 210, 230, 250, 270, 290, 310, 330, 350, 370, 371, 372, 373, 374, 375, 376, 396, 397, 398, 399] ,所需要的cost为 17212
Dijkstra  -----  Dijkstra
搜索所用时间0.00426602363586s
minimum steps:17212, path:[0, 1, 2, 3, 4, 5, 6, 26, 27, 28, 48, 68, 88, 108, 109, 110, 130, 150, 170, 190, 210, 230, 250, 270, 290, 310, 330, 350, 370, 371, 372, 373, 374, 375, 376, 396, 397, 398, 399]
('Times takes:', 619.8299782276154)
Dijkstra  -----  Dijkstra
第21天,您的路线为[0, 1, 2, 3, 4, 5, 6, 26, 27, 28, 48, 68, 88, 108, 109, 110, 130, 150, 170, 190, 210, 230, 250, 270, 290, 310, 330, 350, 370, 371, 372, 373, 374, 375, 376, 396, 397, 398, 399]
您的距离系数损耗为1234,风险系数损耗为694,每步距离损耗[67, 11, 55, 51, 25, 13, 12, 19, 21, 80, 35, 30, 26, 48, 76, 15, 22, 8, 27, 67, 50, 54, 80, 71, 10, 47, 32, 13, 19, 5, 36, 12, 39, 19, 9, 14, 12, 4],每步风险损耗[9, 44, 31, 29, 69, 43, 1, 0, 4, 6, 16, 14, 22, 16, 0, 0, 17, 24, 1, 14, 25, 46, 29, 0, 0, 0, 2, 3, 31, 25, 63, 93, 0, 17, 0, 0, 0, 0]
A_star  -----  A_star
第21天,您的路线为[0, 1, 2, 3, 4, 5, 6, 26, 27, 28, 48, 68, 88, 108, 109, 110, 130, 150, 170, 190, 210, 230, 250, 270, 290, 310, 330, 350, 370, 371, 372, 373, 374, 375, 376, 396, 397, 398, 399]
您的距离系数损耗为1234,风险系数损耗为694,每步距离损耗[67, 11, 55, 51, 25, 13, 12, 19, 21, 80, 35, 30, 26, 48, 76, 15, 22, 8, 27, 67, 50, 54, 80, 71, 10, 47, 32, 13, 19, 5, 36, 12, 39, 19, 9, 14, 12, 4],每步风险损耗[9, 44, 31, 29, 69, 43, 1, 0, 4, 6, 16, 14, 22, 16, 0, 0, 17, 24, 1, 14, 25, 46, 29, 0, 0, 0, 2, 3, 31, 25, 63, 93, 0, 17, 0, 0, 0, 0]
RL  -----  RL
第21天,您的路线为[(0, 0), (35, 20), (36, 21), (37, 1), (44, 2), (45, 22), (46, 23), (47, 43), (48, 63), (49, 62), (50, 82), (51, 102), (52, 103), (69, 123), (70, 124), (72, 104), (74, 84), (75, 64), (94, 44), (96, 24), (99, 25), (100, 26), (103, 27), (104, 47), (105, 48), (107, 28), (108, 29), (109, 30), (110, 31), (111, 32), (112, 33), (113, 34), (114, 54), (115, 55), (116, 75), (117, 95), (122, 96), (124, 97), (125, 77), (126, 78), (127, 79), (128, 99), (129, 119), (130, 139), (131, 138), (133, 118), (134, 117), (136, 137), (138, 136), (140, 156), (141, 157), (142, 158), (143, 159), (144, 179)]
您的距离系数损耗为2178,风险系数损耗为364,每步距离损耗[4, 32, 37, 11, 81, 8, 50, 66, 77, 50, 72, 36, 48, 11, 15, 84, 83, 17, 5, 5, 38, 19, 50, 33, 80, 49, 36, 39, 13, 65, 57, 3, 19, 60, 37, 80, 16, 30, 55, 64, 28, 51, 62, 14, 36, 30, 56, 67, 67, 89, 10, 33],每步风险损耗[9, 9, 20, 44, 6, 15, 0, 0, 0, 0, 0, 22, 18, 5, 0, 4, 0, 21, 41, 0, 0, 0, 5, 12, 8, 0, 0, 0, 0, 0, 0, 0, 0, 0, 18, 0, 0, 0, 0, 0, 0, 0, 0, 0, 26, 81, 0, 0, 0, 0, 0, 0]
iteration 21 ********* reward 9701610 order0.197983692402 conflicts 11992 drivers 869186
A_star  -----  A_star
搜索所用时间0.00570201873779s
从节点'0'到节点'399' 所需要的经过的节点是 [0, 1, 2, 3, 4, 5, 6, 26, 27, 28, 48, 68, 88, 108, 109, 110, 130, 150, 170, 190, 210, 230, 250, 270, 290, 310, 330, 350, 370, 371, 372, 373, 374, 375, 376, 396, 397, 398, 399] ,所需要的cost为 17212
Dijkstra  -----  Dijkstra
搜索所用时间0.00430607795715s
minimum steps:17212, path:[0, 1, 2, 3, 4, 5, 6, 26, 27, 28, 48, 68, 88, 108, 109, 110, 130, 150, 170, 190, 210, 230, 250, 270, 290, 310, 330, 350, 370, 371, 372, 373, 374, 375, 376, 396, 397, 398, 399]
('Times takes:', 617.6054899692535)
Dijkstra  -----  Dijkstra
第22天,您的路线为[0, 1, 2, 3, 4, 5, 6, 26, 27, 28, 48, 68, 88, 108, 109, 110, 130, 150, 170, 190, 210, 230, 250, 270, 290, 310, 330, 350, 370, 371, 372, 373, 374, 375, 376, 396, 397, 398, 399]
您的距离系数损耗为1234,风险系数损耗为733,每步距离损耗[67, 11, 55, 51, 25, 13, 12, 19, 21, 80, 35, 30, 26, 48, 76, 15, 22, 8, 27, 67, 50, 54, 80, 71, 10, 47, 32, 13, 19, 5, 36, 12, 39, 19, 9, 14, 12, 4],每步风险损耗[9, 62, 30, 27, 83, 41, 15, 18, 35, 17, 10, 43, 1, 33, 12, 0, 2, 6, 8, 13, 4, 41, 23, 0, 0, 0, 0, 0, 34, 39, 32, 58, 3, 34, 0, 0, 0, 0]
A_star  -----  A_star
第22天,您的路线为[0, 1, 2, 3, 4, 5, 6, 26, 27, 28, 48, 68, 88, 108, 109, 110, 130, 150, 170, 190, 210, 230, 250, 270, 290, 310, 330, 350, 370, 371, 372, 373, 374, 375, 376, 396, 397, 398, 399]
您的距离系数损耗为1234,风险系数损耗为733,每步距离损耗[67, 11, 55, 51, 25, 13, 12, 19, 21, 80, 35, 30, 26, 48, 76, 15, 22, 8, 27, 67, 50, 54, 80, 71, 10, 47, 32, 13, 19, 5, 36, 12, 39, 19, 9, 14, 12, 4],每步风险损耗[9, 62, 30, 27, 83, 41, 15, 18, 35, 17, 10, 43, 1, 33, 12, 0, 2, 6, 8, 13, 4, 41, 23, 0, 0, 0, 0, 0, 34, 39, 32, 58, 3, 34, 0, 0, 0, 0]
RL  -----  RL
第22天,您的路线为[(0, 0), (31, 20), (32, 21), (33, 41), (34, 42), (35, 62), (36, 82), (37, 102), (38, 101), (39, 81), (40, 61), (43, 60), (61, 80), (62, 100), (63, 120), (64, 140), (65, 141), (66, 142), (67, 143), (68, 144), (70, 164), (71, 165), (73, 145), (74, 146), (75, 166), (76, 186), (77, 206), (78, 205), (79, 185), (80, 184), (81, 183), (82, 163), (83, 162), (84, 182), (85, 181), (86, 180), (87, 200), (88, 220), (89, 221), (90, 222), (91, 223), (92, 243), (93, 263), (94, 262), (95, 242), (96, 241), (97, 240), (98, 260), (99, 280), (100, 300), (101, 301), (102, 321), (103, 320), (104, 340), (105, 341), (106, 361), (107, 381), (108, 382), (109, 362), (114, 363), (116, 383), (117, 384), (120, 385), (122, 386), (131, 387), (132, 388), (134, 368), (139, 369), (141, 389), (142, 390), (143, 370)]
您的距离系数损耗为3110,风险系数损耗为707,每步距离损耗[4, 32, 40, 64, 58, 50, 72, 32, 61, 48, 56, 57, 64, 46, 33, 10, 90, 72, 56, 35, 26, 64, 49, 26, 59, 27, 47, 48, 20, 24, 79, 64, 2, 75, 37, 83, 9, 17, 41, 69, 23, 26, 62, 34, 39, 71, 89, 81, 8, 29, 25, 66, 23, 58, 6, 11, 2, 7, 71, 77, 62, 61, 24, 64, 15, 66, 47, 46, 17, 54],每步风险损耗[6, 12, 3, 4, 0, 0, 0, 22, 14, 32, 44, 35, 59, 14, 31, 3, 2, 2, 3, 0, 0, 7, 53, 0, 0, 0, 0, 9, 63, 13, 36, 0, 2, 5, 0, 0, 0, 0, 13, 28, 0, 0, 2, 0, 0, 29, 16, 6, 11, 0, 0, 0, 0, 16, 0, 0, 0, 4, 21, 0, 11, 4, 0, 0, 0, 10, 61, 0, 0, 1]
iteration 22 ********* reward 10932540 order0.205908744162 conflicts 13935 drivers 990789
A_star  -----  A_star
搜索所用时间0.00562787055969s
从节点'0'到节点'399' 所需要的经过的节点是 [0, 1, 2, 3, 4, 5, 6, 26, 27, 28, 48, 68, 88, 108, 109, 110, 130, 150, 170, 190, 210, 230, 250, 270, 290, 310, 330, 350, 370, 371, 372, 373, 374, 375, 376, 396, 397, 398, 399] ,所需要的cost为 17212
Dijkstra  -----  Dijkstra
搜索所用时间0.00421500205994s
minimum steps:17212, path:[0, 1, 2, 3, 4, 5, 6, 26, 27, 28, 48, 68, 88, 108, 109, 110, 130, 150, 170, 190, 210, 230, 250, 270, 290, 310, 330, 350, 370, 371, 372, 373, 374, 375, 376, 396, 397, 398, 399]
('Times takes:', 621.1721811294556)
Dijkstra  -----  Dijkstra
第23天,您的路线为[0, 1, 2, 3, 4, 5, 6, 26, 27, 28, 48, 68, 88, 108, 109, 110, 130, 150, 170, 190, 210, 230, 250, 270, 290, 310, 330, 350, 370, 371, 372, 373, 374, 375, 376, 396, 397, 398, 399]
您的距离系数损耗为1125,风险系数损耗为636,每步距离损耗[67, 11, 55, 51, 25, 13, 12, 19, 21, 80, 35, 30, 26, 48, 76, 15, 22, 8, 27, 67, 50, 54, 80, 71, 10, 47, 32, 13, 19, 5, 36],每步风险损耗[6, 99, 28, 33, 57, 30, 13, 3, 0, 5, 24, 24, 7, 16, 7, 0, 0, 1, 13, 41, 47, 28, 29, 0, 0, 0, 0, 25, 33, 4, 63]
A_star  -----  A_star
第23天,您的路线为[0, 1, 2, 3, 4, 5, 6, 26, 27, 28, 48, 68, 88, 108, 109, 110, 130, 150, 170, 190, 210, 230, 250, 270, 290, 310, 330, 350, 370, 371, 372, 373, 374, 375, 376, 396, 397, 398, 399]
您的距离系数损耗为1125,风险系数损耗为636,每步距离损耗[67, 11, 55, 51, 25, 13, 12, 19, 21, 80, 35, 30, 26, 48, 76, 15, 22, 8, 27, 67, 50, 54, 80, 71, 10, 47, 32, 13, 19, 5, 36],每步风险损耗[6, 99, 28, 33, 57, 30, 13, 3, 0, 5, 24, 24, 7, 16, 7, 0, 0, 1, 13, 41, 47, 28, 29, 0, 0, 0, 0, 25, 33, 4, 63]
RL  -----  RL
第23天,您的路线为[(0, 0), (30, 1), (31, 21), (32, 41), (33, 61), (34, 60), (38, 80), (39, 81), (40, 82), (42, 62), (47, 63), (48, 43), (49, 44), (50, 64), (51, 65), (52, 45), (53, 46), (54, 26), (55, 25), (58, 5), (59, 6), (61, 7), (65, 27), (66, 28), (67, 48), (68, 68), (69, 88), (70, 87), (71, 86), (72, 66), (73, 67), (74, 47)]
您的距离系数损耗为1595,风险系数损耗为353,每步距离损耗[67, 37, 40, 90, 56, 57, 87, 19, 50, 77, 66, 89, 17, 89, 43, 70, 10, 38, 76, 13, 25, 89, 21, 80, 35, 30, 25, 66, 23, 31, 79],每步风险损耗[6, 9, 5, 18, 55, 28, 4, 0, 0, 4, 0, 0, 0, 0, 11, 7, 9, 20, 32, 25, 14, 4, 0, 0, 18, 15, 12, 41, 0, 7, 9]
iteration 23 ********* reward 14046780 order0.217851676748 conflicts 14538 drivers 1051258
A_star  -----  A_star
搜索所用时间0.00426506996155s
从节点'0'到节点'399' 所需要的经过的节点是 [0, 1, 2, 3, 4, 5, 6, 26, 27, 28, 48, 68, 88, 108, 109, 110, 130, 150, 170, 190, 210, 230, 250, 270, 290, 310, 330, 350, 370, 371, 372, 373, 374, 375, 376, 396, 397, 398, 399] ,所需要的cost为 17212
Dijkstra  -----  Dijkstra
搜索所用时间0.00366592407227s
minimum steps:17212, path:[0, 1, 2, 3, 4, 5, 6, 26, 27, 28, 48, 68, 88, 108, 109, 110, 130, 150, 170, 190, 210, 230, 250, 270, 290, 310, 330, 350, 370, 371, 372, 373, 374, 375, 376, 396, 397, 398, 399]
('Times takes:', 619.5665709972382)
Dijkstra  -----  Dijkstra
第24天,您的路线为[0, 1, 2, 3, 4, 5, 6, 26, 27, 28, 48, 68, 88, 108, 109, 110, 130, 150, 170, 190, 210, 230, 250, 270, 290, 310, 330, 350, 370, 371, 372, 373, 374, 375, 376, 396, 397, 398, 399]
您的距离系数损耗为1204,风险系数损耗为552,每步距离损耗[67, 11, 55, 51, 25, 13, 12, 19, 21, 80, 35, 30, 26, 48, 76, 15, 22, 8, 27, 67, 50, 54, 80, 71, 10, 47, 32, 13, 19, 5, 36, 12, 39, 19, 9],每步风险损耗[4, 33, 14, 17, 49, 3, 2, 0, 0, 21, 25, 24, 8, 7, 0, 4, 10, 5, 7, 22, 44, 41, 32, 1, 0, 7, 3, 59, 9, 0, 43, 51, 0, 7, 0]
A_star  -----  A_star
第24天,您的路线为[0, 1, 2, 3, 4, 5, 6, 26, 27, 28, 48, 68, 88, 108, 109, 110, 130, 150, 170, 190, 210, 230, 250, 270, 290, 310, 330, 350, 370, 371, 372, 373, 374, 375, 376, 396, 397, 398, 399]
您的距离系数损耗为1204,风险系数损耗为552,每步距离损耗[67, 11, 55, 51, 25, 13, 12, 19, 21, 80, 35, 30, 26, 48, 76, 15, 22, 8, 27, 67, 50, 54, 80, 71, 10, 47, 32, 13, 19, 5, 36, 12, 39, 19, 9],每步风险损耗[4, 33, 14, 17, 49, 3, 2, 0, 0, 21, 25, 24, 8, 7, 0, 4, 10, 5, 7, 22, 44, 41, 32, 1, 0, 7, 3, 59, 9, 0, 43, 51, 0, 7, 0]
RL  -----  RL
第24天,您的路线为[(0, 0), (31, 1), (32, 21), (33, 41), (34, 42), (35, 43), (36, 63), (37, 64), (38, 44), (39, 24), (40, 25), (45, 5), (47, 6), (50, 26), (51, 27), (52, 28), (53, 29), (54, 30), (55, 50), (56, 70), (57, 71), (58, 72), (59, 73), (60, 53), (61, 54), (62, 34), (63, 33), (64, 32), (65, 52), (76, 51), (83, 31), (86, 11), (104, 10), (127, 9), (132, 8), (138, 7)]
您的距离系数损耗为1616,风险系数损耗为512,每步距离损耗[67, 37, 40, 64, 68, 66, 9, 17, 5, 5, 76, 13, 12, 19, 21, 49, 36, 13, 76, 79, 4, 38, 82, 57, 3, 57, 65, 82, 18, 77, 81, 89, 82, 60, 49],每步风险损耗[4, 9, 24, 13, 5, 1, 0, 1, 22, 0, 8, 0, 0, 0, 0, 0, 0, 35, 6, 0, 0, 0, 3, 0, 15, 3, 24, 23, 92, 16, 54, 44, 64, 17, 29]
iteration 24 ********* reward 9608540 order0.222404705546 conflicts 12903 drivers 924060
A_star  -----  A_star
搜索所用时间0.00619101524353s
从节点'0'到节点'399' 所需要的经过的节点是 [0, 1, 2, 3, 4, 5, 6, 26, 27, 28, 48, 68, 88, 108, 109, 110, 130, 150, 170, 190, 210, 230, 250, 270, 290, 310, 330, 350, 370, 371, 372, 373, 374, 375, 376, 396, 397, 398, 399] ,所需要的cost为 17212
Dijkstra  -----  Dijkstra
搜索所用时间0.00570607185364s
minimum steps:17212, path:[0, 1, 2, 3, 4, 5, 6, 26, 27, 28, 48, 68, 88, 108, 109, 110, 130, 150, 170, 190, 210, 230, 250, 270, 290, 310, 330, 350, 370, 371, 372, 373, 374, 375, 376, 396, 397, 398, 399]
('Times takes:', 624.2321689128876)
Dijkstra  -----  Dijkstra
第25天,您的路线为[0, 1, 2, 3, 4, 5, 6, 26, 27, 28, 48, 68, 88, 108, 109, 110, 130, 150, 170, 190, 210, 230, 250, 270, 290, 310, 330, 350, 370, 371, 372, 373, 374, 375, 376, 396, 397, 398, 399]
您的距离系数损耗为419,风险系数损耗为244,每步距离损耗[67, 11, 55, 51, 25, 13, 12, 19, 21, 80, 35, 30],每步风险损耗[3, 11, 10, 41, 67, 28, 29, 0, 14, 1, 15, 25]
A_star  -----  A_star
第25天,您的路线为[0, 1, 2, 3, 4, 5, 6, 26, 27, 28, 48, 68, 88, 108, 109, 110, 130, 150, 170, 190, 210, 230, 250, 270, 290, 310, 330, 350, 370, 371, 372, 373, 374, 375, 376, 396, 397, 398, 399]
您的距离系数损耗为419,风险系数损耗为244,每步距离损耗[67, 11, 55, 51, 25, 13, 12, 19, 21, 80, 35, 30],每步风险损耗[3, 11, 10, 41, 67, 28, 29, 0, 14, 1, 15, 25]
RL  -----  RL
第25天,您的路线为[(0, 0), (30, 1), (31, 21), (32, 20), (35, 40), (36, 60), (37, 80), (38, 81), (39, 82), (40, 62), (42, 42), (43, 41), (44, 61)]
您的距离系数损耗为698,风险�('Times takes:', 764.5867581367493)
Dijkstra  -----  Dijkstra
第26天,您的路线为[0, 1, 2, 3, 4, 5, 6, 26, 27, 28, 29, 49, 69, 70, 90, 91, 92, 112, 113, 114, 115, 135, 136, 156, 176, 196, 197, 217, 237, 257, 258, 278, 298, 318, 338, 358, 359, 379, 399]
您的距离系数损耗为749,风险系数损耗为312,每步距离损耗[49, 77, 60, 63, 28, 58, 64, 37, 81, 10, 1, 32, 10, 41, 42, 76, 20],每步风险损耗[24, 19, 38, 20, 43, 39, 0, 33, 17, 0, 78, 1, 0, 0, 0, 0, 0]
A_star  -----  A_star
第26天,您的路线为[0, 1, 2, 3, 4, 5, 6, 26, 27, 28, 29, 49, 69, 70, 90, 91, 92, 112, 113, 114, 115, 135, 136, 156, 176, 196, 197, 217, 237, 257, 258, 278, 298, 318, 338, 358, 359, 379, 399]
您的距离系数损耗为749,风险系数损耗为312,每步距离损耗[49, 77, 60, 63, 28, 58, 64, 37, 81, 10, 1, 32, ('Times takes:', 625.2286717891693)
Dijkstra  -----  Dijkstra
第26天,您的路线为[0, 1, 2, 3, 4, 5, 6, 26, 27, 28, 48, 68, 88, 108, 109, 110, 130, 150, 170, 190, 210, 230, 250, 270, 290, 310, 330, 350, 370, 371, 372, 373, 374, 375, 376, 396, 397, 398, 399]
您的距离系数损耗为1234,风险系数损耗为492,每步距离损耗[67, 11, 55, 51, 25, 13, 12, 19, 21, 80, 35, 30, 26, 48, 76, 15, 22, 8, 27, 67, 50, 54, 80, 71, 10, 47, 32, 13, 19, 5, 36, 12, 39, 19, 9, 14, 12, 4],每步风险损耗[16, 38, 21, 11, 43, 6, 15, 1, 0, 3, 3, 13, 3, 10, 0, 9, 27, 10, 6, 33, 44, 24, 12, 0, 0, 0, 0, 34, 22, 4, 51, 21, 0, 12, 0, 0, 0, 0]
A_star  -----  A_star
第26天,您的路线为[0, 1, 2, 3, 4, 5, 6, 26, 27, 28, 48, 68, 88, 108, 109, 110, 130, 150, 170, 190, 210, 230, 250, 270, 290, 310, 330, 350, 370, 371, 372, 373, 374, 375, 376, 396, 397, 398, 399]
您的距离系数损耗为1234,风险系数损耗为492,每步距离损耗[67, 11, 55, 51, 25, 13, 12, 19, 21, 80, 35, 30, 26, 48, 76, 15, 22, 8, 27, 67, 50, 54, 80, 71, 10, 47, 32, 13, 19, 5, 36, 12, 39, 19, 9, 14, 12, 4],每步风险损耗[16, 38, 21, 11, 43, 6, 15, 1, 0, 3, 3, 13, 3, 10, 0, 9, 27, 10, 6, 33, 44, 24, 12, 0, 0, 0, 0, 34, 22, 4, 51('Times takes:', 768.9046339988708)
Dijkstra  -----  Dijkstra
第27天,您的路线为[0, 1, 2, 3, 4, 5, 6, 26, 27, 28, 29, 49, 69, 70, 90, 91, 92, 112, 113, 114, 115, 135, 136, 156, 176, 196, 197, 217, 237, 257, 258, 278, 298, 318, 338, 358, 359, 379, 399]
您的距离系数损耗为528,风险系数损耗为316,每步距离损耗[49, 77, 60, 63, 28, 58, 64, 37, 81, 10, 1],每步风险损耗[17, 12, 43, 22, 40, 39, 0, 41, 23, 0, 79]
A_star  -----  A_star
第27天,您的路线为[0, 1, 2, 3, 4, 5, 6, 26, 27, 28, 29, 49, 69, 70, 90, 91, 92, 112, 113, 114, 115, 135, 136, 156, 176, 196, 197, 217, 237, 257, 258, 278, 298, 318, 338, 358, 359, 379, 399]
您的距离系数损耗为528,风险系数损耗为316,每步距离损耗[49, 77, 60, 63, 28, 58, 64, 37, 81, 10, 1],每步风险损耗[17, 12, 43, 22, 40, 39, 0, 41, 23, 0, 79]
RL  -----  RL
第27天,您的路线为[(0, 0), (30, 1), (31, 21), (33, 22), (34, 42), (35, 62), (36, 82), (37, 81), (39, 61), (56, 60), (58, 40), (59, 41)]
您的距离系数损耗为490,风险系数损耗为287,每步距离损耗[49, 4, 69, 18, 65, 40, 37, 88, 52, 50, 18],每步风险损耗[17, 22, 36, 6, 9, 0, 2, 70, 48, 68, 9]
iteration 27 ********* reward 12626610 order0.399466154009 conflicts 10753 drivers 647582
A_star  -----  A_star
搜索所用时间0.00524997711182s
从节点'0'到节点'399' 所需要的经过的节点是 [0, 1, 2, 3, 4, 5, 6, 26, 27, 28, 29, 49, 69, 70, 90, 91, 92, 112, 113, 114, 115, 135, 136, 156, 176, 196, 197, 217, 237, 257, 258, 278, 298, 318, 338, 358, 359, 379, 399] ,所需要的cost为 13659
Dijkstra  -----  Dijkstra
搜索所用时间0.00360107421875s
minimum steps:13659, path:[0, 1, 2, 3, 4, 5, 6, 26, 27, 28, 29, 49, 69, 70, 90, 91, 92, 112, 113, 114, 115, 135, 136, 156, ('Times takes:', 619.080509185791)
Dijkstra  -----  Dijkstra
第27天,您�('Times takes:', 765.381922006607)
Dijkstra  -----  Dijkstra
第28天,您的路线为[0, 1, 2, 3, 4, 5, 6, 26, 27, 28, 29, 49, 69, 70, 90, 91, 92, 112, 113, 114, 115, 135, 136, 156, 176, 196, 197, 217, 237, 257, 258, 278, 298, 318, 338, 358, 359, 379, 399]
您的距离系数损耗为1725,风险系数损耗为502,每步距离损耗[49, 77, 60, 63, 28, 58, 64, 37, 81, 10, 1, 32, 10, 41, 42, 76, 20, 60, 45, 67, 12, 47, 27, 83, 23, 3, 84, 12, 55, 78, 33, 60, 49, 67, 42, 53, 66, 10],每步风险损耗[18, 11, 33, 22, 38, 41, 0, 28, 12, 0, 66, 10, 3, 0, 0, 0, 0, 0, 0, 0, 16, 0, 35, 0, 22, 0, 34, 12, 43, 0, 0, 0, 44, 14, 0, 0, 0, 0]
A_star  -----  A_star
第28天,您的路线为[0, 1, 2, 3, 4, 5, 6, 26, 27, 28, 29, 49, 69, 70, 90, 91, 92, 112, 113, 114, 115, 135, 136, 156, 176, 196, 197, 217, 237, 257, 258, 278, 298, 318, 338, 358, 359, 379, 399]
您的距离系数损耗为1725,风险系数损耗为502,每步距离损耗[49, 77, 60, 63, 28, 58, 64, 37, 81, 10, 1, 32, 10, 41, 42, 76, 20, 60, 45, 67, 12, 47, 27, 83, 23, 3, 84, 12, 55, 78, 33, 60, 49, 67, 42, 53, 66, 10],每步风险损耗[18, 11, 33, 22, 38, 41, 0, 28, 12, 0, 66, 10, 3, 0, 0, 0, 0, 0, 0, 0, 16, 0, 35, 0, 22, 0, 34, 12, 43, 0, 0, 0, 44, 14, 0, 0, 0, 0]
RL  -----  RL('Times takes:', 931.8262057304382)
Dijkstra  -----  Dijkstra
第27天,您的路线为[0, 1, 2, 3, 4, 5, 6, 26, 27, 28, 48, 68, 88, 108, 109, 110, 130, 150, 170, 190, 210, 230, 250, 270, 290, 310, 330, 350, 370, 371, 372, 373, 374, 375, 376, 396, 397, 398, 399]
您的距离系数损耗为354,风险系数损耗为303,每步距离损耗[67, 11, 55, 51, 25, 13, 12, 19, 21, 80],每步风险损耗[15, 66, 30, 37, 63, 29, 3, 8, 52, 0]
A_star  -----  A_star
第27天,您的路线为[0, 1, 2, 3, 4, 5, 6, 26, 27, 28, 48, 68, 88, 108, 109, 110, 130, 150, 170, 190, 210, 230, 250, 270, 290, 310, 330, 350, 370, 371, 372, 373, 374, 375, 376, 396, 397, 398, 399]
您的距离系数损耗为354,风险系数损耗为303,每步距离损耗[67, 11, 55, 51, 25, 13, 12, 19, 21, 80],每步风险损耗[15, 66, 30, 37, 63, 29, 3, 8, 52, 0]
RL  -----  RL
第27天,您的路线为[(0, 0), (31, 20), (32, 21), (33, 41), (34, 42), (35, 62), (36, 82), (37, 81), (38, 61), (40, 60), (53, 40)]
您的距离系数损耗为456,风险系数损耗为277,每步距离损耗[4, 32, 40, 64, 58, 50, 19, 48, 56, 85],每步风险损耗[7, 29, 16, 13, 0, 0, 35, 65, 62, 50]
iteration 27 ********* reward 21199170 order0.577802455901 conflicts 12953 drivers 762921
A_star  -----  A_star
搜索所用时间0.00371217727661s
从节点'0'到节点'399('Times takes:', 929.1437199115753)
Dijkstra  -----  Dijkstra
第27天,您的路线为[0, 1, 2, 3, 4, 5, 6, 26, 27, 28, 48, 68, 88, 108, 109, 110, 130, 150, 170, 190, 210, 230, 250, 270, 290, 310, 330, 350, 370, 371, 372, 373, 374, 375, 376, 396('Times takes:', 754.5466618537903)
Dijkstra  -----  Dijkstra
第29天,您的路线为[0, 1, 2, 3, 4, 5, 6, 26, 27, 28, 29, 49, 69, 70, 90, 91, 92, 112, 113, 114, 115, 135, 136, 156, 176, 196, 197, 217, 237, 257, 258, 278, 298, 318, 338, 358, 359, 379, 39('Times takes:', 924.3004419803619)
Dijkstra  -----  Dijkstra
第28天,您的路线为[0, 1, 2, 3, 4, 5, 6, 26, 27, 28, 48, 68, 88, 108, 109, 110, 130, 150, 170, 190, 210, 230, 250, 270, 290, 310, 330, 350, 370, 371, 372, 373, 374, 375, 376, 396, 397, 398, 399]
您的距离系数损耗为1234,风险系数损耗为402,每步距离损耗[67, 11, 55, 51, 25, 13, 12, 19, 21, 80, 35, 30, 26, 48, 76, 15, 22, 8, 27, 67, 50, 54, 80, 71, 10, 47, 32, 13, 19, 5, 36, 12, 39, 19, 9, 14, 12, 4],每步风险损耗[38, 85, 22, 38, 74, 17, 5, 10, 19, 0, 0, 0, 0, 1, 7, 0, 5, 0, 4, 8, 0, 0, 0, 0, 0, 0, 0, 0, 6, 18, 21, 20, 4, 0, 0, 0, 0, 0]
A_star  -----  A_star
第28天,您的路线为[0, 1, 2, 3, 4, 5, 6, 26, 27, 28, 48, 68, 88, 108, 109, 110, 130, 150, 170, 190, 210, 230, 250, 270, 290, 310, 330, 350, 370, 371, 372, 373, 374, 375, 376, 396, 397, 398, 399]
您的距离系数损耗为1234,风险系数损耗为402,每步距离损耗[67, 11, 55, 51, 25, 13, 12, 19, 21, 80, 35, 30, 26, 48, 76, 15, 22, 8, 27, 67, 50, 54, 80, 71, 10, 47, 32, 13, 19, 5, 36, 12, 39, 19, 9, 14, 12, 4],每步风险损耗[38, 85, 22, 38, 74, 17, 5, 10, 19, 0, 0, 0, 0, 1, 7, 0, 5, 0, 4, 8, 0, 0, 0, 0, 0, 0, 0, 0, 6, 18, 21, 20, 4, 0, 0, 0, 0, 0]
RL  -----  RL
第28天,您的路线为[(0, 0), (32, 20), (33, 40), (34, 41), (35, 61), (36, 62), (37, 82), (38, 81), (42, 101), (44, 102), (45, 103), (46, 104), (47, 124), (48, 144), (49, 164), (50, 184), (51, 204), (52, 203), (53, 223), (54('Times takes:', 931.1091639995575)
Dijkstra  -----  Dijkstra
第28天,您的路线为[0, 1, 2, 3, 4, 5, 6, 26, 27, 28, 48, 68, 88, 108, 109, 110, 130, 150, 170, 190, 210, 230, 250, 270, 290, 310, 330, 350, 370, 371, 372, 373, 374, 375, 376, 396, 397, 398, 399]
您的距离系数损耗为606,风险系数损耗为442,每步距离损耗[67, 11, 55, 51, 25, 13, 12, 19, 21, 80, 35, 30, 26, 48, 76, 15, 22],每步风险损耗[33, 92, 24, 48, 77, 29, 15, 0, 13, 13, 10, 20, 4, 0, 0, 29, 35]
A_star  -----  A_star
第28天,您的路线为[0, 1, 2, 3, 4, 5, 6, 26, 27, 28,('Times takes:', 754.682107925415)
Dijkstra  -----  Dijkstra
第30天,您的路线为[0, 1, 2, 3, 4, 5, 6, 26, 27, 28, 29, 49, 69, 70, 90, 91, 92, 112, 113, 114, 115, 135, 136, 156, 176, 196, 197, 217, 237, 257, 258, 278, 298, 318, 338, 358, 359, 379, 399]
您的距离系数损耗为560,风险系数损耗为312,每步距离损耗[49, 77, 60, 63, 28, 58, 64, 37, 81, 10, 1, 32],每步风险损耗[20, 23, 40, 28, 32, 37, 0, 38, 46, 0, 48, 0]
A_star  -----  A_star
第30天,您的路线为[0, 1, 2, 3, 4, 5, 6, 26, 27, 28, 29, 49, 69, 70, 90, 91, 92, 112, 113, 114, 115, 135, 136, 156, 176, 196, 197, 217, 237, 257, 258, 278, 298, 318, 338, 358, 359, 379, 399]
您的距离系数损耗为560,风险系数损耗为312,每步距离损耗[49, 77, 60, 63, 28, 58, 64, 37, 81, 10, 1, 32],每步风险损耗[20, 23, 40, 28, 32, 37, 0, 38, 46, 0, 48, 0]
RL  -----  RL
第30天,您的�('Times takes:', 927.3773441314697)
Dijkstra  -----  Dijkstra
第29天,您的路线为[0, 1, 2, 3, 4, 5, 6, 26, 27, 28, 48, 68, 88, 108, 109, 110, 130, 150, 170, 190, 210, 230, 250, 270, 290, 310, 330, 350, 370, 371, 372, 373, 374, 375, 376, 396, 397, 398, 399]
您的距离系数损耗为569,风险系数损耗为355,每步距离损耗[67, 11, 55, 51, 25, 13, 12, 19, 21, 80, 35, 30, 26, 48, 76],每步风险损耗[14, 82, 29, 34, 83, 37, 7, 9, 44, 1, 0, 7, 0, 8, 0]
A_star  -----  A_star
第29天,您的路线为[0, 1, 2, 3, 4, 5, 6, 26, 27, 28, 48, 68, 88, 108, 109, 110, 130, 150, 170, 190, 210, 230, ('Times takes:', 931.7979779243469)
Dijkstra  -----  Dijkstra
第29天,您的路线为[0, 1, 2, 3, 4, 5, 6, 26, 27, 28, 48, 68, 88, 108, 109, 110, 130, 150, 170, 190, 210, 230, 250, 270, 290, 310, 330, 350, 370, 371, 372, 373, 374, 375, 376, 396, 397, 398, 399]
您的距离系数损耗为253,风险系数损耗为318,每步距离损耗[67, 11, 55, 51, 25, 13, 12, 19],每步风险损('Times takes:', 755.9216179847717)
Dijkstra  -----  Dijkstra
第31天,您的路线为[0, 1, 2, 3, 4, 5, 6, 26, 27, 28, 29, 49, 69, 70, 90, 91, 92, 112, 113, 114, 115, 135, 136, 156, 176, 196, 197, 217, 237, 257, 258, 278, 298, 318, 338, 358, 359, 379, 399]
您的距离系数损耗为1715,风险系数损耗为523,每步距离损耗[49, 77, 60, 63, 28, 58, 64, 37, 81, 10, 1, 32, 10, 41, 42, 76, 20, 60, 45, 67, 12, 47, 27, 83, 23, 3, 84, 12, 55, 78, 33, 60, 49, 67, 42, 53, 66],每步风险损耗[26, 30, 44, 24, 43, 39, 0, 31, 22, 0, 49, 7, 0, 0, 0, 0, 0, 0, 0, 0, 18, 0, 24, 0, 16, 0, 11, 7, 44, 0, 0, 0, 50, 38, 0, 0, 0]
A_star  -----  A_star
第31天,您的路线为[0, 1, 2, 3, 4, 5, 6, 26, 27, 28, 29, 49, 69, 70, 90, 91, 92, 112, 113, 114, 115, 135, 136, 156, 176, 196, 197, 217, 237, 257, 258, 278, 298, 318, 338, 358, 359, 379, 399]
您的距离系数损耗为1715,风险系数损耗为523,每步距离损耗[49, 77, 60, 63, 28, 58, 64, 37, 81, 10, 1, 32, 10, 41, 42, 7('Times takes:', 929.7162101268768)
Dijkstra  -----  Dijkstra
第30天,您的路线为[0, 1, 2, 3, 4, 5, 6, 26, 27, 28, 48, 68, 88, 108, 109, 110, 130, 150, 170, 190, 210, 230, 250, 270, 290, 310, 330, 350, 370, 371, 372, 373, 374, 375, 376, 396, 397, 398, 399]
您的距离系数损耗为973,风险系数损耗为332,每步距离损耗[67, 11, 55, 51, 25, 13, 12, 19, 21, 80, 35, 30('Times takes:', 925.37926197052)
Dijkstra  -----  Dijkstra
第30天,您的路线为[0, 1, 2, 3, 4, 5, 6, 26, 27, 28, 48, 68, 88, 108, 109, 110, 130, 150, 170, 190, 210, 230, 250, 270, 290, 310, 330, 350, 370, 371, 372, 373, 374, 375, 376, 396, 397, 398, 399]
您的距离系数损耗为1234,风险系数损耗为949,每步距离损耗[67, 11, 55, 51, 25, 13, 12, 19, 21, 80, 35, 30, 26, 48, 76, 15, 22, 8, 27, 67, 50, 54, 80, 71, 10, 47, 32, 13, 19, 5, 36, 12, 39, 19, 9, 14, 12, 4],每步风险损耗[32, 99, 37, 41, 68, 45, 8, 0, 0, 7, 3, 39, 19, 0, 0, 31, 46, 18, 34, 7, 29, 46, 17, 16, 34, 29, 0, 43, 38, 20, 25, 47, 34, 37, 0, 0, 0, 0]
A_star  -----  A_star
第30天,您的路线为[0, 1, 2, 3, 4, 5, 6, 26, 27, 28, 48, 68, 88, 108, 109, 110, 130, 150, 170, 190, 210, 230, 250, 270, 290, 310, 330, 350, 370, 371, 372, 373, 374, 375, 376, 396, 397, 398, 399]
您的距离系数损耗为1234,风险系数损耗为949,每步距离损耗[67, 11, 55, 51, 25, 13, 12, 19, 21, 80, 35, 30, 26, 48, 76, 15, 22, 8, 27, 67, 50, 54, 80, 71, 10, 47, 32, 13, 19, 5, 36, 12, 39, 19, 9, 14, 12, 4],每步风险损耗[32, 99, 37, 41, 68, 45, 8, 0, 0, 7, 3, 39, 19, 0, 0, 31, 46, 18, 34, 7, 29, 46, 17, 16, 34, 29, 0, 43, 38, 20, 25, 47, 34, 37, 0, 0, 0, 0]
RL  -----  RL
第30天,您的路线为[(0, 0), (30, 20), (31, 40), (32, 60), (33, 61), (34, 81), (35, 82), (37, 102), (38, 122), (39, 142), (40, 143), (42, 144), (44, 164), (45, 163), (46, 162), (62, 161), (63, 181), (64, 182), (65, 183), (70, 184), (71, 204), (72, 205), (73, 225), (74, 226), (75, 227), ('Times takes:', 856.7054460048676)
Dijkstra  -----  Dijkstra
第31天,您的路线为[0, 1, 2, 3, 4, 5, 6, 26, 27, 28, 48, 68, 88, 108, 109, 110, 130, 150, 170, 190, 210, 230, 250, 270, 290, 310, 330, 350, 370, 371, 372, 373, 374, 375, 376, 396, 397, 398, 399]
您的距离系数损耗为614,风险系数损耗为411,每步距离损耗[67, 11, 55, 51, 25, 13, 12('Times takes:', 937.2963140010834)
Dijkstra  -----  Dijkstra
第31天,您的路线为[0, 1, 2, 3, 4, 5, 6, 26, 27, 28, 48, 68, 88, 108, 109, 110, 130, 150, 170, 190, 210, 230, 250, 270, 290, 310, 330, 350, 370, 371, 372, 373, 374, 375, 376, 396, 397, 398, 399]
您的距离系数损耗为1234,风险系数损耗为494,每步距离损耗[67, 11, 55, 51, 25, 13, 12, 19, 21, 80, 35, 30, 26, 48, 76, 15, 22, 8, 27, 67, 50, 54, 80, 71, 10, 47, 32, 13, 19, 5, 36, 12, 39, 19, 9, 14, 12, 4],每步风险损耗[16, 85, 26, 35, 83, 36, 11, 14, 23, 0, 0, 0, 0, 2, 0, 0, 5, 0, 1, 4, 0, 0, 23, 2, 0, 0, 0, 0, 6, 18, 40, 56, 6, 2, 0, 0, 0, 0]
A_star  -----  A_star
第31天,您的路线为[0, 1, 2, 3, 4, 5, 6, 26, 27, 28, 48, 68, 88, 108, 109, 110, 130, 150, 170, 190, 210, 230, 250, 270, 290, 310, 330, 350, 370, 371, 372, 373, 374, 375, 376, 396, 397, 398, 399]
您的距离系数损耗为1234,风险系数损耗为494,每步距离损耗[67, 11, 55, 51, 25, 13, 12, 19, 21, 80, 35, 30, 26, 48, 76, 15, 22, 8, 27, 67, 50, 54, 80, 71, 10, 47, 32, 13, 19, 5, 36, 12, 39, 19, 9, 14, 12, 4],每步风险损耗[16, 85, 26, 35, 83, 36, 11, 14, 23, 0, 0, 0, 0, 2, 0, 0, 5, 0, 1, 4, 0, 0, 23, 2, 0, 0, 0, 0, 6, 18, 40, 56, 6, 2, 0, 0, 0, 0]
RL  -----  RL
第31天,您的路线为[(0, 0), (32, 20), (33, 40), (3('Times takes:', 938.1859090328217)
Dijkstra  -----  Dijkstra
第31天,您的路线为[0, 1, 2, 3, 4, 5, 6, 26, 27, 28, 48, 68, 88, 108, 109, 110, 130, 150, 170, 190, 210, 230, 250, 270, 290, 310, 330, 350, 370, 371, 372, 373, 374, 375, 376, 396, 397, 398, 399]
您的距离系数损耗为1234,风险系数损耗为872,每步距离损耗[67, 11, 55, 51, 25, 13, 12, 19, 21, 80, 35, 30, 26, 48, 76, 15, 22, 8, 27, 67, 50, 54, 80, 71, 10, 47, 32, 13, 19, 5, 36, 12, 39, 19, 9, 14, 12, 4],每步风险损耗[35, 99, 26, 32, 44, 39, 6, 0, 0, 0, 16, 35, 23, 5, 0, 52, 44, 18, 31, 0, 31, 29, 6, 5, 23, 23, 2, 55, 25, 17, 35, 37, 45, 34, 0, 0, 0, 0]
A_star  -----  A_star
第31天,您的路线为[0, 1, 2, 3, 4, 5, 6, 26, 27, 28, 48, 68, 88, 108, 109, 110, 130, 150, 170, 190, 210, 230, 250, 270, 290, 310, 330, 350, 370, 371, 372, 373, 374, 375, 376, 396, 397, 398, 399]
您的距离系数损耗为1234,风险系数损耗为872,每步距离损耗[67, 11, 55, 51, 25, 13, 12, 19, 21, 80, 35, 30, 26, 48, 76, 15, 22, 8, 27, 67, 50, 54, 80, 71, 10, 47, 32, 13, 19, 5, 36, 12, 39, 19, 9, 14, 12, 4],每步风险损耗[35, 99, 26, 32, 44, 39, 6, 0, 0, 0, 16, 35, 23, 5, 0, 52, 44, 18, 31, 0, 31, 29, 6, 5, 23, 23, 2, 55, 25, 17, 35, 37, 45, 34, 0, 0, 0, 0]
RL  -----  RL
第31天,您的路线为[(0, 0), (30, 20), (31, 40), (32, 41), (34, 42), (35, 22), (36, 23), (37, 24), (41, 4), (43, 5), (44, 25), (46, 26), (47, 46), (48, 47), (49, 48), (50, 49), (51, 50), (52, 51), (53, 52), (54, 53), (55, 54), (56, 55), (57, 56), (58, 57), (59, 58), (60, 59), (61, 39), (62, 19), (63, 18), (67, 38), (69, 37), (70, 36), (71, 35), (72, 34), (75, 14), (82, 13), (8('Times takes:', 934.2705297470093)
Dijkstra  -----  Dijkstra
第32天,您的路线为[0, 1, 2, 3, 4, 5, 6, 26, 27, 28, 48, 68, 88, 108, 109, 110, 130, 150, 170, 190, 210, 230, 250, 270, 290, 310, 330, 350, 370, 371, 372, 373, 374, 375, 376, 396, 397, 398, 399]
您的距离系数损耗为1234,风险系数损耗为461,每步距离损耗[67, 11, 55, 51, 25, 13, 12, 19, 21, 80, 35, 30, 26, 48, 76, 15, 22, 8, 27, 67, 50, 54, 80, 71, 10, 47, 32, 13, 19, 5, 36, 12, 39, 19, 9, 14, 12, 4],每步风险损耗[11, 80, 29, 37, 83, 31, 7, 5, 17, 0, 1, 0, 0, 0, 0, 0, 1, 0, 0, 0, 0, 0, 0, 0, 0, 0, 0, 0, 3, 11, 52, 51, 38, 4, 0, 0, 0, 0]
A_star  -----  A_star
第32天,您的路线为[0, 1, 2, 3, 4, 5, 6, 26, 27, 28, 48, 68, 88, 108, 109, 110, 130, 150, 170, 190, 210, 230, 250, 270, 290, 310, 330, 350, 370, 371, 372, 373, 374, 375, 376, 396, 397, 398, 399]
您的距离系数损耗为1234,风险系数损耗为461,每步距离损耗[67, 11, 55, 51, 25, 13, 12, 19, 21, 80, 35, 30, 26, 48, 76, 15, 22, 8, 27, 67, 50, 54, 80, 71, 10, 47, 32, 13, 19, 5, 36, 12, 39, 19, 9, 14, 12, 4],每步风险损耗[11, 80, 29, 37, 83, 31, 7, 5, 17, 0, 1, 0, 0, 0, 0, 0, 1, 0, 0, 0, 0, 0, 0, 0, 0, 0, 0, 0, 3, 11, 52, 51, 38, 4, 0, 0, 0, 0]
('Times takes:', 927.854718208313)
Dijkstra  -----  Dijkstra
第32天,您的路线为[0, 1, 2, 3, 4, 5, 6, 26, 27, 28, 48, 68, 88, 108, 109, 110, 130, 150, 170, 190, 210, 230, 250, 270, 290, 310, 330, 350, 370, 371, 372, 373, 374, 375, 376, 396, 397, 398, 399]
您的距离系数损耗为1234,风险系数损耗为801,每步距离损耗[67, 11, 55, 51, 25, 13, 12, 19, 21, 80, 35, 30, 26, 48, 76, 15, 22, 8, 27, 67, 50, 54, 80, 71, 10, 47, 32, 13, 19, 5, 36, 12, 39, 19, 9, 14, 12, 4],每步风险损耗[27, 71, 13, 33, 54, 38, 8, 0, 0, 10, 10, 27, 22, 0, 0, 30, 47, 18, 24, 0, 34, 31, 7, 0, 12, 26, 2, 25, 33, 18, 26, 80, 45, 26, 4, 0, 0, 0]
A_star  -----  A_star
第32天,您的路线为[0, 1, 2, 3, 4, 5, 6, 26, 27, 28, 48, 68, 88, 108, 109, 110, 130, 150, 170, 190, 210, 230, 250, 270, 290, 310, 330, 350, 370, 371, 372, 373, 374, 375, 376, 396, 397, 398, 399]
您的距离系数损耗为1234,风险系数损耗为801,每步距离损耗[67, 11, 55, 51, 25, 13, 12, 19, 21, 80, 35, 30, 26, 48, 76, 15, 22, 8, 27, 67, 50, 54, 80, 71, 10, 47, 32, 13, 19, 5, 36, 12, 39, 19, 9, 14, 12, 4],每步风险损耗[27, 71, 13, 33, 54, 38, 8, 0, 0, 10, 10, 27, 22, 0, 0, 30, 47, 18, 24, 0, 34, 31, 7, 0, 12, 26, 2, 25, 33, 18, 26, 80, 45, 26, 4, 0, 0, 0]
RL  -----  RL
第32天,您的路线为[(0, 0), (30, 20), (31, 40), (32, 41), (34, 61), (35, 81), (36, 82), (39, 62), (40, 63), (41, 64), (43, 44), (44, 43), (45, 23), (49, 24), (60, 25), (61, 26), (62, 46), (63, 45), (68, 65), (69, 85), (70, 86), (71, 106), (72, 126), (73, 127), (74, 128), (75, 129), (76, 130), (77, 131), (78, 132), (79, 133), (80, 134), (81, 135), (82, 115), (83, 114), (84, 113), (87, 93), (88, 94), (89, 95), (90, 75), (91('Times takes:', 929.9752328395844)
Dijkstra  -----  Dijkstra
第33天,您的路线为[0, 1, 2, 3, 4, 5, 6, 26, 27, 28, 48, 68, 88, 108, 109, 110, 130, 150, 170, 190, 210, 230, 250, 270, 290, 310, 330, 350, 370, 371, 372, 373, 374, 375, 376, 396, 397, 398, 399]
您的距离系数损耗为1234,风险系数损耗为497,每步距离损耗[67, 11, 55, 51, 25, 13, 12, 19, 21, 80, 35, 30, 26, 48, 76, 15, 22, 8, 27, 67, 50, 54, 80, 71, 10, 47, 32, 13, 19, 5, 36, 12, 39, 19, 9, 14, 12, 4],每步风险损耗[20, 99, 37, 39, 83, 30, 8, 10, 6, 0, 0, 0, 0, 1, 5, 0, 2, 0, 0, 0, 0, 0, 7, 0, 0, 0, 0, 0, 12, 14, 46, 38, 19, 21, 0, 0, 0, 0]
A_star  -----  A_star
第33天,您的路线为[0, 1, 2, 3, 4, 5, 6, 26, 27, 28, 48, 68, 88, 108, 109, 110, 130, 150, 170, 190, 210, 230, 250, 270, 290, 310, 330, 350, 370, 371, 372, 373, 374, 375, 376, 396, 397, 398, 399]
您的距离系数损耗为1234,风险系数损耗为497,每步距离损耗[67, 11, 55, 51, 25, 13, 12, 19, 21, 80, 35, 30, 26, 48, 76, 15, 22, 8, 27, 67, 50, 54, 80, 71, 10, 47, 32, 13, 19, 5, 36, 12, 39, 19, 9, 14, 12, 4],每步风险损耗[20, 99, 37, 39, 83, 30, 8, 10, 6, 0, 0, 0, 0, 1, 5, 0, 2, 0, 0, 0, 0, 0, 7, 0, 0, 0, 0, 0, 12, 14, 46, 38, 19, 21, 0, 0, 0, 0]
RL  -----  RL
第33天,您的路线为[(0, 0), (30, 20), (31, 40), (32, 41), (33, 42), (34, 43), (35, 63), (36, 62), (37, 61), (41, 81), (44, 82), (45, 102), (46, 122), (47, 123), (48, 143), (49, 163), (50, 183), (51, 203), (52, 223), (53, 243), (54, 263), (55, 264), (56, 284), ('Times takes:', 932.3984289169312)
Dijkstra  -----  Dijkstra
第33天,您的路线为[0, 1, 2, 3, 4, 5, 6, 26, 27, 28, 48, 68, 88, 108, 109, 110, 130, 150, 170, 190, 210, 230, 250, 270, 290, 310, 330, 350, 370, 371, 372, 373, 374, 375, 376, 396, 397, 398, 399]
您的距离系数损耗为584,风险系数损耗为479,每步距离损耗[67, 11, 55, 51, 25, 13, 12, 19, 21, 80, 35, 30, 26, 48, 76, 15],每步风险损耗[26, 82, 25, 44, 72, 40, 24, 0, 0, 15, 26, 51, 27, 0, 0, 47]
A_star  -----  A_star
第33天,您的路线为[0, 1, 2, 3, 4, 5, 6, 26, 27, 28, 48, 68, 88, 108, 109, 110, 130, 150, 170, 190, 210, 230, 250, 270, 290, 310, 330, 350, 370, 371, 372, 373, 374, 375, 376, 396, 397, 398, 399]
您的距离系数损耗为584,风险系数损耗为479,每步距离损耗[67, 11, 55, 51, 25, 13, 12, 19, 21, 80, 35, 30, 26, 48, 76, 15],每步风险损耗[26, 82, 25, 44, 72, 40, 24, 0, 0, 15, 26, 51, 27, 0, 0, 47]
RL  -----  RL
第33天,您的路线为[(0, 0), (30, 20), (31, 40), (32, 60), (33, 61), (34, 81), (35, 82), (36, 102), (37, 101), (38, 121), (39, 120), (41, 140), (42, 141), (43, 161), (44, 181), (46, 180), (47, 160)]
您的距离系数损耗为600,风险系数损耗为419,每步距离损耗[4, 52, 85, 56, 48, 19, 72, 32, 54, 24, 33, 10, 15, 2, 37, 57],每步风('Times takes:', 930.4783227443695)
Dijkstra  -----  Dijkstra
第34天,您的路线为[0, 1, 2, 3, 4, 5, 6, 26, 27, 28, 48, 68, 88, 108, 109, 110, 130, 150, 170, 190, 210, 230, 250, 270, 290, 310, 330, 350, 370, 371, 372, 373, 374, 375, 376, 396, 397, 398, 399]
您的距离系数损耗为1234,风险系数损耗为514,每步距离损耗[67, 11, 55, 51, 25, 13, 12, 19, 21, 80, 35, 30, 26, 48, 76, 15, 22, 8, 27, 67, 50, 54, 80, 71, 10, 47, 32, 13, 19, 5, 36, 12, 39, 19, 9, 14, 12, 4],每步风险损耗[18, 88, 37, 48, 74, 30, 3, 3, 14, 0, 7, 0, 0, 6, 5, 0, 6, 0, 0, 0, 0, 0, 8, 0, 0, 0, 0, 0, 6, 2, 54, 69, 28, 8, 0, 0, 0, 0]
A_star  -----  A_star
第34天,您的路线为[0, 1, 2, 3, 4, 5, 6, 26, 27, 28, 48, 68, 88, 108, 109, 110, 130,('Times takes:', 932.2166142463684)
Dijkstra  -----  Dijkstra
第34天,您的路线为[0, 1, 2, 3, 4, 5, 6, 26, 27, 28, 48, 68, 88, 108, 109, 110, 130, 150, 170, 190, 210, 230, 250, 270, 290, 310, 330, 350, 370, 371, 372, 373, 374, 375, 376, 396, 397, 398, 399]
您的距离系数损耗为1234,风险系数损耗为957,每步距离损耗[67, 11, 55, 51, 25, 13, 12, 19, 21, 80, 35, 30, 26, 48, 76, 15, 22, 8, 27, 67, 50, 54, 80, 71, 10, 47, 32, 13, 19, 5, 36, 12, 39, 19, 9, 14, 12, 4],每步风险损耗[7, 68, 34, 44, 83, 45, 31, 11, 17, 19, 16, 55, 34, 5, 3, 11, 28, 19, 28, 0, 23, 41, 1, 0, 17, 24, 18, 43, 21, 21, 42, 93, 33, 13, 9, 0, 0, 0]
A_star  -----  A_star
第34天,您的路线为[0, 1, 2, 3, 4, 5, 6, 26, 27, 28, 48, 68, 88, 108, 109, 110, 130, 150, 170, 190, 210, 230, 250, 270, 290, 310, 330, 350, 370, 371, 372, 373, 374, 375, 376, 396, 397, 398, 399]
您的距离系数损耗为1234,风险系数损耗为957,每步距离损耗[67, 11, 55, 51, 25, 13, 12, 19, 21, 80, 35, 30, 26, 48, 76, 15, 22, 8, 27, 67, 50, 54, 80, 71, 10, 47, 32, 13, 19, 5, 36, 12, 39, 19, 9, 14, 12, 4],每步风险损耗[7, 68, 34, 44, 83, 45, 31, 11, 17, 19, 16, 55, 34, 5, 3, 11, 28, 19, 28, 0, 23, 41, 1, 0, 17, 24, 18, 43, 21, 21, 42, 93, 33, 13, 9, 0, 0, 0]
RL  -----  RL
第34天,您的路线为[(0, 0), (30, 20), (31, 40), (32, 60), (33, 61), (34, 62), (35, 82), (36, 102), (37, 101), (38, 100), (39, 120), (42, 140), (43, 141), (44, 121), (45, 122), (46, 123), (47, 124), (48, 144), (49, 145), (50, 165), (51, 166), (52, 167), (53, 168), (54, 169), (55, 170), (56, 171), (57, 172), (58, 152), (59, 153), (60, 154), (61, 155), (62, 135), (63, 134), (64, 114), (65, 94), (66, 74), (67, 75), (68, 76), (69, 77), (70, 78), (72, 79), (73, 59), (74, 58), (75, 57), (76, 56), (78, 55), (83, 35), (84, 36), (85, 37), (86, 38), (87, 39), (88, 19), (89, 18), (91, 17), (104, 16)]
您的距离系数损耗为2190,风险系数损耗为497,每步距离损耗[4, 52,('Times takes:', 851.6504299640656)
Dijkstra  -----  Dijkstra
第36天,您的路线为[0, 1, 2, 3, 4, 5, 6, 26, 27, 28, 48, 68, 88, 108, 109, 110, 130, 150, 170, 190, 210, 230, 250, 270, 290, 310, 330, 350, 370, 371, 372, 373, 374, 375, 376, 396, 397, 398, 399]
您的距离系数损耗为1234,风险系数损耗为('Times takes:', 927.5420780181885)
Dijkstra  -----  Dijkstra
第35天,您的路线为[0, 1, 2, 3, 4, 5, 6, 26, 27, 28, 48, 68, 88, 108, 109, 110, 130, 150, 170, 190, 210, 230, 250, 270, 290, 310, 330, 350, 370, 371, 372, 373, 374, 375, 376, 396, 397, 398, 399]
您的距离系数损耗为1125,风险系数损耗为328,每步距离损耗[67, 11, 55, 51, 25, 13, 12, 19, 21, 80, 35, 30, 26, 48, 76, 15, 22, 8, 27, 67, 50, 54, 80, 71, 10, 47, 32, 13, 19, 5, 36],每步风险损耗[16, 69, 31, 37, 74, 29, 2, 0, 23, 0, 0, 0, 0, 4, 4, 0, 0, 0, 0, 0, 0, 0, 14, 0, 0, 0, 0, 0, 10, 0, 15]
A_star  -----  A_star
第35天,您的路线为[0, 1, 2, 3, 4, 5, 6, 26, 27, 28, 48, 68, 88, 108, 109, 110, 130, 150, 170, 190, 210, 230, 250, 270, 290, 310, 330, 350, 370, 371, ('Times takes:', 927.6845018863678)
Dijkstra  -----  Dijkstra
第35天,您的路线为[0, 1, 2, 3, 4, 5, 6, 26, 27, 28, 48, 68, 88, 108, 109, 110, 130, 150, 170, 190, 210, 230, 250, 270, 290, 310, 330, 350, 370, 371, 372, 373, 374, 375, 376, 396, 397, 398, 399]
您的距离系数损耗为1234,风险系数损耗为945,每步距离损耗[67, 11, 55, 51, 25, 13, 12, 19, 21, 80, 35, 30, 26, 48, 76, 15, 22, 8, 27, 67, 50, 54, 80, 71, 10, 47, 32, 13, 19, 5, 36, 12, 39, 19, 9, 14, 12, 4],每步风险损耗[15, 39, 18, 41, 71, 30, 7, 0, 0, 18, 21, 37, 40, 7, 2, 35, 44, 30, 55, 0, 21, 46, 3, 4, 31, 22, 16, 64, 25, 35, 38, 62, 23, 22, 23, 0, 0, 0]
A_star  -----  A_star
第35天,您的路线为[0, 1, 2, 3, 4, 5, 6, 26, 27, 28, 48, 68, 88, 108, 109, 110, 130, 150, 170, 190, 210, 230, 250, 270, 290, 310, 330, 350, 370, 371, 372, 373, 374, 375, 376, 396, 397, 398, 399]
您的距离系数损耗为1234,风险系数损耗为945,每步距离损耗[67, 11, 55, 51, 25, 13, 12, 19, 21, 80, 35, 30, 26, 48, 76, 15, 22, 8, 27, 67, 50, 54, 80, 71, 10, 47, 32, 13, 19, 5, 36, 12, 39, 19, 9, 14, 12, 4],每步风险损耗[15, 39, 18, 41, 71, 30, 7, 0, 0, 18, 21, 37, 40, 7, 2, 35, 44, 30, 55, 0, 21, 46, 3, 4, 31, 22, 16, 64, 25, 35, 38, 62, 23, 22, 23, 0, 0, 0]
RL  -----  RL
第35天,您的路线为[(0, 0), (30, 20), (31, 40), (32, 60), (33, 61), (34, 62), (35, 82), (36, 102), (37, 101), (38, 100), (42, 120), (43, 121), (44, 122), (45, 142), (46, 143), (47, 163), (48, 164), (49, 144), (50, 145), (51, 165), (52, 166), (53, 167), (54, 168), (55, 169), (56, 170), (57, 171), (58, 172), (59, 152), (60, 153), (61, 133), (62, 113), (63, 93), (64, 73), (65, 53), (66, 33), (67, 13), (76, 12), (77, 32), (79, 52), (80, 51), (93, 31), (96, 30), (98, 29), (100,('Times takes:', 941.4076900482178)
Dijkstra  -----  Dijkstra
第36天,您的路线为[0, 1, 2, 3, 4, 5, 6, 26, 27, 28, 48, 68, 88, 108, 109, 110, 130, 150, 170, 190, 210, 230, 250, 270, 290, 310, 330, 350, 370, 371, 372, 373, 374, 375, 376, 396, 397, 398, 399]
您的距离系数损耗为1125,风险系数损耗为388,每步距离损耗[67, 11, 55, 51, 25, 13, 12, 19, 21, 80, 35, 30, 26, 48, 76, 15, 22, 8, 27, 67, 50, 54, 80, 71, 10, 47, 32, 13, 19, 5, 36],每步风险损耗[20, 78, 32, 48, 83, 49, 5, 3, 18, 0, 1, 1, 0, 0, 0, 0, 0, 0, 0, 0, 0, 0, 0, 0, 0, 0, 0, 0, 22, 0, 28]
A_star  -----  A_star
第36天,您的路线为[0, 1, 2, 3, 4, 5, 6, 26, 27, 28, 48, 68, 88, 108, 109, 110, 130, 150, 170, 190, 210, 230, 250, 270, 290, 310, 330, 350, 370, 371, 372, 373, 374, 375, 376, 396, 397, 398, 399]
您的距离系数损耗为1125,风险系数损耗为388,每步距离损耗[67, 11, 55, 51, 25, 13, 12, 19, 21, 80, 35, 30, 26, 48, 76, 15, 22, 8, 27, 67, 50, 54, 80, 71, 10, 47, 32, 13, 19, 5, 36],每步风险损耗[20, 78, 32, 48, 83, 49, 5, 3, 18, 0, 1, 1, 0, 0, 0, 0, 0, 0, 0, 0, 0, 0, 0, 0, 0, 0, 0, 0, 22, 0, 28]
RL  ---('Times takes:', 924.6879630088806)
Dijkstra  -----  Dijkstra
第36天,您的路线为[0, 1, 2, 3, 4, 5, 6, 26, 27, 28, 48, 68, 88, 108, 109, 110, 130, 150, 170, 190, 210, 230, 250, 270, 290, 310, 330, 350, 370, 371, 372, 373, 374, 375, 376, 396, 397, 398, 399]
您的距离系数损耗为1234,风险系数损耗为774,每步距离损耗[67, 11, 55, 51, 25, 13, 12, 19, 21, 80, 35, 30, 26, 48, 76, 15, 22, 8, 27, 67, 50, 54, 80, 71, 10, 47, 32, 13, 19, 5, 36, 12, 39, 19, 9, 14, 12, 4],每步风险损耗[27, 58, 22, 32, 62, 53, 25, 0, 0, 16, 17, 31, 24, 6, 0, 12, 31, 25, 55, 0, 6, 13, 0, 0, 0, 7, 24, 40, 36, 38, 47, 53, 10, 4, 0, 0, 0, 0]
A_star  -----  A_star
第36天,您的路线为[0, 1, 2, 3, 4, 5, 6, 26, 27, 28, 48, 68, 88, 108, 109, 110, 130, 150, 170, 190, 210, 230, 250, 270, 290, 310, 330, 350, 370, 371, 372, 373, 374, 375, 376, 396, 397, 398, 399]
您的距离系数损耗为1234,风险系数损耗为774,每步距离损耗[67, 11, 55, 51, 25, 13, 12, 19, 21, 80, 35, 30, 26, 48, 76, 15, 22, 8, 27, 67, 50, 54, 80, 71, 10, 47, 32, 13, 19, 5, 36, 12, 39, 19, 9, 14, 12, 4],每步风险损耗[27, 58, 22, 32, 62, 53, 25, 0, 0, 16, 17, 31, 24, 6, 0, 12, 31, 25, 55, 0, 6, 13, 0, 0, 0, 7, 24, 40, 36, 38, 47, 53, 10, 4, 0, 0, 0, 0]
RL  -----  RL
第36天,您的路线为[(0, 0), (31, 20), (32, 40), (33, 60), (34, 61), (35, 62), (36, 82), (37, 102), (('Times takes:', 948.1339390277863)
Dijkstra  -----  Dijkstra
第37天,您的路线为[0, 1, 2, 3, 4, 5, 6, 26, 27, 28, 48, 68, 88, 108, 109, 110, 130, 150, 170, 190, 210, 230, 250, 270, 290, 310, 330, 350, 370, 371, 372, 373, 374, 375, 376, 396, 397, 398, 399]
您的距离系数损耗为892,风险系数损耗为363,每步距离损耗[67, 11, 55, 51, 25, 13, 12, 19, 21, 80, 35, 30, 26, 48, 76, 15, 22, 8, 27, 67, 50, 54, 80],每步风险损耗[25, 85, 37, 40, 50, 42, 22, 13, 42, 6, 0, 0, 0, 1, 0, 0, 0, 0, 0, 0, 0, 0, 0]
A_star  -----  A_star
第37天,您的路线为[0, 1, 2, 3, 4, 5, 6, 26, 27, 28, 48, 68, 88, 108, 109, 110, 130, 150, 170, 190, 210, 230, 250, 270, 290, 310, 330, 350, 370, 371, 372, 373, 374, 375, 376, 396, 397, 398, 399]
您的距离系数损耗为892,风险系数损耗为363,每步距离损耗[67, 11, 55, 51, 25, 13, 12, 19, 21, 80, 35, 30, 26, 48, 76, 15, 22, 8, 27, 67, 50, 54, 80],每步风险损耗[25, 85, 37, 40, 50, 42, 22, 13, 42, 6, 0, 0, 0, 1, 0, 0, 0, 0, 0, 0, 0, 0, 0]
RL  -----  RL
第37天,您的路线为[(0, 0), (32, 20), (33, 40), (34, 41), (35, 61), (36, 62), (37, 63), (38, 64), (39, 65), (40, 66), (41, 46), (42, 26), (43, 6), (49, 5), (54, 25), (59, 24), (61, 44), (81, 43), (83, 23), (88, 22), (90, 21), (95, 1), (96, 2), (142, 3)]
您的距离系数损耗为994,风险系数损耗为590,每步距离损耗[4, 52, 50, 90, 70, 77, 9, 89, 45, 82, 10, 12, 13, 76, 5, 5, 89, 50, 8, 55, 37, 11, 55],每步风险损耗[1, 6, 0, 0, 14, 26, 4, 0, 2, 26, 19, 31, 47, 7, 83, 1, 37, 8, 45, 66, 69, 61, 37]
iteration 37 ********* reward 22810700 order0.630507718847 conflicts 12857('Times takes:', 929.8898930549622)
Dijkstra  -----  Dijkstra
第37天,您的路线为[0, 1, 2, 3, 4, 5, 6, 26, 27, 28, 48, 68, 88, 108, 109, 110, 130, 150, 170, 190, 210, 230, 250, 270, 290, 310, 330, 350, 370, 371, 372, 373, 374, 375, 376, 396, 397, 398, 399]
您的距离系数损耗为1234,风险系数损耗为931,每步距离损耗[67, 11, 55, 51, 25, 13, 12, 19, 21, 80, 35, 30, 26, 48, 76, 15, 22, 8, 27, 67, 50, 54, 80, 71, 10, 47, 32, 13, 19, 5, 36, 12, 39, 19, 9, 14, 12, 4],每步风险损耗[27, 54, 34, 41, 63, 34, 2, 0, 0, 14, 21, 57, 27, 3, 0, 28, 25, 24, 29, 0, 5, 46, 7, 0, 12, 26('Times takes:', 928.511962890625)
Dijkstra  -----  Dijkstra
第38天,您的路线为[0, 1, 2, 3, 4, 5, 6, 26, 27, 28, 48, 68, 88, 108, 109, 110, 130, 150, 170, 190, 210, 230, 250, 270, 290, 310, 330, 350, 370, 371, 372, 373, 374, 375, 376, 396, 397, 398, 399]
您的距离系数损耗为1125,风险系数损耗为402,每步距离损耗[67, 11, 55, 51, 25, 13, 12, 19, 21, 80, 35, 30, 26, 48, 76, 15, 22, 8, 27, 67, 50, 54, 80, 71, 10, 47, 32, 13, 19, 5, 36],每步风险损耗[29, 64, 33, 39, 83, 41, 20, 1, 36, 0, 0, 0, 0, 4, 0, 0, 4, 0, 0, 0, 0, 0, 5, 0, 0, 0, 0, 0, 19, 0, 24]
A_star  -----  A_star
第38天,您的路线为[0, 1, 2, 3, 4, 5, 6, 26, 27, 28, 48, 68, 88, 108, 109, 110, 130, 150, 170, 190, 210, 230, 250, 270, 290, 310, 330, 350, 370, 371, 372, 373, 374, 375, 376, 396, 397, 398, 399]
您的距离系数损耗为1125,风险系数损耗为402,每步距离损耗[67, 11, 55, 51, 25, 13, 12, 19, 21, 80, 35, 30, 26, 48, 76, 15, 22, 8, 27, 67, 50, 54, 80, 71, 10, 47, 32, 13, 19, 5, 36],每步风险损耗[29, 64, 33, 39, 83, 41, 20, 1, 36, 0, 0, 0, 0, 4, 0, 0, 4, 0, 0, 0, 0, 0, 5, 0, 0, 0, 0, 0, 19, 0, 24]
RL  -----  RL
第38天,您的路线为[(0, 0), (31, 1), (32, 21), (33, 41), (34, 40), (36, 60), (37, 61), (38, 81), (42, 82), (43, 102), (44, 122), (45, 142), (46, 162), (47, 182), (48, 202), (49, 201), (50, 221), (51, 241), (52, 261), (53, 281), (54, 301), (55, 321), (56, 341), (57, 361), (58, 360), (59, 340), (60, 320), (63, 300), (77, 280), (81, 260), (105, 240), (134, 220)]
您的距离系数损耗为1396,风险系数损耗为533,每步距离损耗[67, 37, 40, 50, 85, 56, 48, 19, 72, 41, 40, 2, 2, 72, 8, 66, 64, 55, 52, 71, 25, 36, 6, 56, 19, 23, 40, 8, 81, 89, 66],每步风险损耗[29, 19, 4, 30, 49, 42, 30, 6, 0, 0, 0, 0, 0, 0, 14, 0, 0, 0, 0, 0, 0, 0, 0, 0, 0, 12, 36, 72, 60, 79, 51]
iteration 38 ********* reward 23729260 order0.635250985619 conflicts 12551 drivers 721439
A_star  -----  A_star
搜索所用时间0.00394892692566s
从节点'0'到节点'399' 所需要的经过的节点是 [0, 1, 2, 3, 4, 5, 6, 26, 27, 28, 48, 68, 88, 108, 109, 110, 130, 150, 170, 190, 210, 230, 250, 270, 290, 310, 330, 350, 370, 371, 372, 373, 374, 375, 376, 396, 397, 398, 399] ,所需要的cost为 17212
Dijkstra  -----  Dijkstra
搜索所用时间0.0025('Times takes:', 927.7446799278259)
Dijkstra  -----  Dijkstra
第38天,您的路线为[0, 1, 2, 3, 4, 5, 6, 26, 27, 28, 48, 68, 88, 108, 109, 110, 130, 150, 170, 190, 210, 230, 250, 270, 290, 310, 330, 350, 370, 37('Times takes:', 929.8348140716553)
Dijkstra  -----  Dijkstra
第39天,您的路线为[0, 1, 2, 3, 4, 5, 6, 26, 27, 28, 48, 68, 88, 108, 109, 110, 130, 150, 170, 190, 210, 230, 250, 270, 290, 310, 330, 350, 370, 371, 372, 373, 374, 375, 376, 396, 397, 398, 399]
您的距离系数损耗为708,风险系数损耗为311,每步距离损耗[67, 11, 55, 51, 25, 13, 12, 19, 21, 80, 35, 30, 26, 48, 76, 15, 22, 8, 27, 67],每步风险损耗[22, 75, 37, 37, 64, 31, 4, 0, 32, 0, 2, 1, 0, 6, 0, 0, 0, 0, 0, 0]
A_star  -----  A_star
第39天,您的路线为[0, 1, 2, 3, 4, 5, 6, 26, 27, 28, 48, 68, 88, 108, 109, 110, 130, 150, 170, 190, 210, 230, 250, 270, 290, 310, 330, 350, 370, 371, 372, 373, 374, 375, 376, 396, 397, 398, 399]
您的距离系数损耗为708,风险系数损耗为311,每步距离损耗[67, 11, 55, 51, 25, 13, 12, 19, 21, 80, 35, 30, 26, 48, 76, 15, 22, 8, 27, 67],每步风险损耗[22, 75, 37, 37, 64, 31, 4, 0, 32, 0, 2, 1, 0, 6, 0, 0, 0, 0, 0, 0]
RL  -----  RL
第39天,您的路线为[(0, 0), (31, 20), (32, 21), (33, 41), (35, 61), (38, 81), (39, 82), (40, 102), (41, 103), (42, 123), (43, 143), (44, 163), (45, 183), (46, 182), (47, 202), (48, 201), (49, 181), (51, 161), (52, 141), (54, 142), (55, 162)]
您的距离系数损耗为932,风险系数损耗为316,每步距离损耗[4, 32, 40, 90, 48, 19, 72, 36, 48, 77, 46, 79, 72, 72, 8, 80, 2, 15, 90, 2],每步风险损耗[4, 26, 10, 0, 33, 9, 0, 14, 11, 3, 2, 0, 26, 0, 6, 36, 17, 83, 36, 0]
iteration 39 ********* reward 23976610 order0.639945771377 conflicts 12261 drivers 673125
A_star  -----  A_star
搜索所用时间0.00369191169739s
从节点'0'到节点'399' 所需要的经过的节点是 [0, 1, 2, 3, 4, 5, 6, 26, 27, 28, 48, 68, 88, 108, 109, 110, 130, 150, 170, 190, 210, 230, 250, 270, 290, 310, 330, 350, 370, 371, 372, 373, 374, 375, 376, 396, 397, 398, 399] ,所需要的cost为 17212
Dijkstra  -----  Dijkstra
搜索所用时间0.00243496894836s
minimum steps:17212, path:[0, 1, 2, 3, 4, 5, 6, 26, 27, 28, 48, 68, 88, 108, 109, 110, 130, 150, 170, 190, 210, 230, 250, 270, 290,('Times takes:', 918.9280409812927)
Dijkstra  -----  Dijkstra
第39天,('Times takes:', 923.9321620464325)
Dijkstra  -----  Dijkstra
第40天,您的路线为[0, 1, 2, 3, 4, 5, 6, 26, 27, 28, 48, 68, 88, 108, 109, 110, 130, 150, 170, 190, 210, 230, 250, 270, 290, 310, 330, 350, 370, 371, 372, 373, 374, 375, 376, 396, 397, 398, 399]
您的距离系数损耗为1052,风险系数损耗为366,每步距离损耗[67, 11, 55, 51, 25, 13, 12, 19, 21, 80, 35, 30, 26, 48, 76, 15, 22, 8, 27, 67, 50, 54, 80, 71, 10, 47, 32],每步风险损耗[31, 58, 29, 40, 83, 35, 12, 6, 27, 8, 0, 3, 0, 22, 3, 0, 0, 0, 0, 0, 0, 0, 9, 0, 0, 0, 0]
A_star  -----  A_star
第40天,您的路线为[0, 1, 2, 3, 4, 5, 6, 26, 27, 28, 48, 68, 88, 108, 109, 110, 130, 150, 170, 190, 210, 230, 250, 270, 290, 310, 330, 350, 370, 371, 372, 373, 374, 375, 376, 396, 397, 398, 399]
您的距离系数损耗为1052,风险系数损耗为366,每步距离损耗[67, 11, 55, 51, 25, 13, 12, 19, 21, 80, 35, 30, 26, 48, 76, 15, 22, 8, 27, 67, 50, 54, 80, 71, 10, 47, 32],每步风险损耗[31, 58, 29, 40, 83, 35, 12, 6, 27, 8, 0, 3, 0, 22, 3, 0, 0, 0, 0, 0, 0, 0, 9, 0, 0, 0, 0]
RL  -----  RL
第40天,您的路线为[(0, 0), (30, 20), (31, 21), (32, 41), (33, 61), (34, 62), (35, 82), (37, 102), (38, 122), (39, 142), (40, 162), (41, 161), (42, 181), (43, 201), (44, 202), (45, 222), (46, 242), (47, 262), (48, 282), (49, 302), (50, 322), (51, 321), (52, 341), (53, 340), (54, 360), (55, 361), (56, 381), (57, 380)]
您的距离系数损耗为1151,风险系数损耗为81,每步距离损耗[4, 32, 40, 90, 70, 50, 72, 41, 40, 2, 59, 2, 80, 8, 63, 30, 34, 6, 59, 45, 78, 36, 58, 19, 56, 11, 66],每步风险损耗[3, 9, 3, 2, 8, 0, 0, 0, 0, 0, 17, 0, 3, 9, 0, 0, 0, 0, 0, 0, 4, 0, 0, 0, 0, 23, 0]
iteration 40 ********* reward 23949340 order0.644404487307 conflicts 11862 drivers 640243
A_star  -----  A_star
搜索所用时间0.00510692596436s
从节点'0'到节点'399' 所需要的经过的节点是 [0, 1, 2, 3, 4, 5, 6, 26, 27, 28, 48, 68, 88, 108, 109, 110, 130, 150, 170, 190, 210, 230, 250, 270, 290, 310, 330, 350, 370, 371, 372, 373, 374, 375, 376, 396, 397, 398, 399] ,所需要的cost为 17212
Dijkstra  -----  Dijkstra
搜索所用时间0.00256609916687s
minimum steps:17212, path:[0, 1, 2, 3, 4, 5, 6, 26, 27, 28, 48, 68, 88, 108, 109, 110, 130, 150, 170, 190, 210, 230, 250, 270, 290, 310, 330, 350, 370, 371, 372, 373, 374, 375, 376, 396, 397, 398, 399]
('Times takes:', 933.4151570796967)
Dijkstra  -----  Dijkstra
第41天,您的路线为[0, 1, 2, 3, 4, 5, 6, 26, 27, 28, 48, 68, 88, 108, 109, 110, 130, 150, 170, 190, 210, 230, 250, 270, 290, 310, 330, 350, 370, 371, 372, 373, 374, 375, 376, 396, 397, 398, 399]
您的距离系数损耗为1234,风险系数损耗为276,每步距离损耗[67, 11, 55, 51, 25, 13, 12, 19, 21, 80, 35, 30, 26, 48, 76, 15, 22, 8, 27, 67, 50, 54, 80, 71, 10, 47, 32, 13, 19, 5, 36, 12, 39, 19, 9, 14, 12, 4],每步风险损耗[6, 25, 21, 16, 67, 32, 5, 3, 10, 0, 3, 2, 0, 11, 5, 3, 4, 0, 0, 0, 0, 0, 13, 0, 0, 0, 0, 1, 20, 2, 8, 12, 3, 0, 4, 0, 0, 0]
A_star  -----  A_star
第41天,您的路线为[0, 1, 2, 3, 4, 5, 6, 26, 27, 28, 48, 68, 88, 108, 109, 110, 130, 150, 170, 190, 210, 230, 250, 270, 290, 310, 330, 350, 370, 371, 372, 373, 374, 375, 376, 396, 397, 398, 399]
您的距离系数损耗为1234,风险系数损耗为276,每步距离损耗[67, 11, 55, 51, 25, 13, 12, 19, 21, 80, 35, 30, 26, 48, 76, 15, 22, 8, 27, 67, 50, 54, 80, 71, 10, 47, 32, 13, 19, 5, 36, 12, 39, 19, 9, 14, 12, 4],每步风险损耗[6, 25, 21, 16, 67, 32, 5, 3, 10, 0, 3, 2, 0, 11, 5, 3, 4, 0, 0, 0, 0, 0, 13, 0, 0, 0, 0, 1, 20, 2, 8, 12, 3, 0, 4, 0, 0, 0]
RL  -----  RL
第41天,您的路线为[(0, 0), (30, 20), (31, 21), (32, 41), (33, 61), (34, 81), (36, 82), (38, 102), (39, 122), (40, 142), (41, 162), (42, 182), (43, 202), (44, 222), (45, 223), (46, 243), (47, 263), (48, 283), (49, 303), (50, 323), (51, 343), (52, 363), (53, 362), (54, 361), (55, 360), (56, 380), (58, 381), (63, 382), (69, 383), (110, 384), (113, 364), (115, 365), (117, 385), (118, 386), (119, 387), (120, 388), (121, 389), (122, 390), (123, 391), (124, 392), (125, 393), (126, 394), (127, 395), (128, 396), (129, 397), (130, 398), (132, 399)]
您的距离系数损耗为1969,风险系数损耗为326,每步距离损耗[4, 32, 40, 90, 48, 19, 72, 41, 40, 2, 2, 72, 63, 69, 23, 26, 84, 17, 33, 5, 59, 71, 70, 56, 16, 66, 2, 59, 62, 74, 37, 86, 24, 64, 15, 74, 17, 80, 31, 89, 34, 23, 48, 14, 12, 4],每步风险损耗[13, 13, 5, 2, 23, 17, 0, 0, 5, 0, 9, 0, 3, 25, 0, 0, 0, 0, 0, 0, 0, 0, 0, 0, 0, 28, 23, 27, 26, 52, 55, 0, 0, 0, 0, 0, 0, 0, 0, 0, 0, 0, 0, 0, 0, 0]
iteration 41 ********* reward 23748820 order0.64846291087 conflicts 12267 drivers 672386
A_star  -----  A_star
搜索所用时间0.00377607345581s
从节点'0'到节点'399' 所需要的经过的节点是 [0, 1, 2, 3, 4, 5, 6, 26, 27, 28, 48, 68, 88, 108, 109, 110, 130, 150, 170, 190, 210, 230, 250, 270, 290, 310, 330, 350, 370, 371, 372, 373, 374, 375, 376, 396, 397, 398, 399] ,所需要的cost为 17212
Dijkstra  -----  Dijkstra
搜索所用时间0.00247406959534s
minimum steps:17212, path:[0, 1, 2, 3, 4, 5, 6, 26, 27,('Times takes:', 921.0475430488586)
Dijkstra  -----  Dijkstra
第41天,您的路线为[0, 1, 2, 3, 4, 5, 6, 26, 27, 28, 48, 68, 88, 108, 109, 110, ('Times takes:', 926.3480129241943)
Dijkstra  -----  Dijkstra
第42天,您的路线为[0, 1, 2, 3, 4, 5, 6, 26, 27, 28, 48, 68, 88, 108, 109, 110, 130, 150, 170, 190, 210, 230, 250, 270, 290, 310, 330, 350, 370, 371, 372, 373, 374, 375, 376, 396, 397, 398, 399]
您的距离系数损耗为1234,风险系数损耗为343,每步距离损耗[67, 11, 55, 51, 25, 13, 12, 19, 21, 80, 35, 30, 26, 48, 76, 15, 22, 8, 27, 67, 50, 54, 80, 71, 10, 47, 32, 13, 19, 5, 36, 12, 39, 19, 9, 14, 12, 4],每步风险损耗[15, 45, 27, 34, 77, 38, 18, 11, 20, 3, 13, 8, 0, 2, 4, 2, 6, 0, 0, 0, 0, 0, 3, 0, 0, 0, 0, 0, 5, 0, 5, 3, 0, 0, 4, 0, 0, 0]
A_star  -----  A_star
第42天,您的路线为[0, 1, 2, 3, 4, 5, 6, 26, 27, 28, 48, 68, 88, 108, 109, 110, 130, 150, 170, 190, 210, 230, 250, 270, 290, 310, 330, 350, 370, 371, 372, 373, 374, 375, 376, 396, 397, 398, 399]
您的距离系数损耗为1234,风险系数损耗为343,每步距离损耗[67, 11, 55, 51, 25, 13, 12, 19, 21, 80, 35, 30, 26, 48, 76, 15, 22, 8, 27, 67, 50, 54, 80, 71, 10, 47, 32, 13, 19, 5, 36, 12, 39, 19, 9, 14, 12, 4],每步风险损耗[15, 45, 27, 34, 77, 38, 18, 11, 20, 3, 13, 8, 0, 2, 4, 2, 6, 0, 0, 0, 0, 0, 3, 0, 0, 0, 0, 0, 5, 0, 5, 3, 0, 0, 4, 0, 0, 0]
RL  -----  RL
第42天,您的路线为[(0, 0), (31, 20), (32, 40), (33, 60), (34, 61), (35, 81), (36, 101), (37, 121), (38, 122), (39, 142), (40, 143), (41, 163), (42, 183), (43, 203), (44, 223), (45, 243), (46, 263), (47, 283), (48, 303), (49, 323), (50, 322), (51, 342), (52, 341), (53, 340), (54, 360), (55, 380), (56, 381), (58, 361), (59, 362), (60, 363), (61, 364), (65, 384), (66, 385), (67, 386), (68, 387), (69, 388), (70, 389), (71, 390), (72, 391), (73, 392), (74, 393), (75, 394), (76, 395), (77, 396), (78, 397), (79, 398), (80, 399)]
您的距离系数损耗为2127,风险系数损耗为301,每步距离损耗[4, 52, 85, 56, 48, 61, 54, 74, 40, 72, 46, 79, 6, 86, 23, 26, 84, 17, 33, 59, 61, 44, 58, 19, 16, 66, 11, 70, 71, 42, 74, 61, 24, 64, 15, 74, 17, 80, 31, 89, 34, 23, 48, 14, 12, 4],每步风险损耗[23, 25, 30, 20, 44, 11, 5, 24, 0, 9, 3, 0, 5, 0, 0, 0, 0, 0, 0, 2, 1, 0, 0, 0, 0, 6, 22, 3, 6, 29, 25, 8, 0, 0, 0, 0, 0, 0, 0, 0, 0, 0, 0, 0, 0, 0]
iteration 42 ********* reward 23440940 order0('Times takes:', 926.763002872467)
Dijkstra  -----  Dijkstra
第43天,您的路线为[0, 1, 2, 3, 4, 5, 6, 26, 27, 28, 48, 68, 88, 108, 109, 110, 130, 150, 170, 190, 210, 230, 250, 270, 290, 310, 330, 350, 370, 371, 372, 373, 374, 375, 376, 396, 397, 398, 399]
您的距离系数损耗为641,风险系数损耗为181,每步距离损耗[67, 11, 55, 51, 25, 13, 12, 19, 21, 80, 35, 30, 26, 48, 76, 15, 22, 8, 27],每步风险损耗[16, 17, 6, 6, 17, 14, 0, 0, 0, 13, 4, 26, 26, 2, 2, 11, 18, 0, 3]
A_star  -----  A_star
第43天,您的路线为[0, 1, 2, 3, 4, 5, 6, 26, 27, 28, 48, 68, 88, 108, 109, 110, 130, 150, 170, 190, 210, ('Times takes:', 937.5903122425079)
Dijkstra  -----  Dijkstra
第43天,您的路线为[0, 1, 2, 3, 4, 5, 6, 26, 27, 28, 48, 68, 88, 108, 109, 110, 130, 150, 170, 190, 210, 230, 250, 270, 290, 310, 330, 350, 370, 371, 372, 373, 374, 375, 376, 396, 397, 398, 399]
您的距离系数损耗为1234,风险系数损耗为304,每步距离损耗[67, 11, 55, 51, 25, 13, 12, 19, 21, 80, 35, 30, 26, 48, 76, 15, 22, 8, 27, 67, 50, 54, 80, 71, 10, 47, 32, 13, 19, 5, 36, 12, 39, 19, 9, 14, 12, 4],每步风险损耗[11, 59, 29, 44, 74, 27, 10, 0, 13, 4, 0, 1, 0, 3, 5, 0, 0, 0, 0, 0, 0, 0, 1, 0, 0, 0, 0, 0, 6, 0, 0, 2, 0, 0, 15, 0, 0, 0]
A_star  -----  A_star
第43天,您的路线为[0, 1, 2, 3, 4, 5, 6, 26, 27, 28, 48, 68, 88, 108, 109, 110, 130, 150, 170, 190, 210, 230, 250, 270, 290, 310, 330, 350, 370, 371, 372, 373, 374, 375, 376, 396, 397, 398, 399]
您的距离系数损耗为1234,风险系数损耗为304,每步距离损耗[67, 11, 55, 51, 25, 13, 12, 19, 21, 80, 35, 30, 26, 48, 76, 15, 22, 8, 27, 67, 50, 54, 80, 71, 10, 47, 32, 13, 19, 5, 36, 12, 39, 19, 9, 14, 12, 4],每步风险损耗[11, 59, 29, 44, 74, 27, 10, 0, 13, 4, 0, 1, 0, 3, 5, 0, 0, 0, 0, 0, 0, 0, 1, 0, 0, 0, 0, 0, 6, 0, 0, 2, 0, 0, 15, 0, 0, 0]
RL  -----  RL
第43天,您�('Times takes:', 860.0918099880219)
Dijkstra  -----  Dijkstra
第45天,您的路线为[0, 1, 2, 3, 4, 5, 6, 26, 27, 28, 48, 68, 88, 108, 109, 110, 130, 150, 170, 190, 210, 230, 250, 270, 290, 310, 330, 350, 370, 371, ('Times takes:', 923.0771510601044)
Dijkstra  -----  Dijkstra
第44天,您的路线为[0, 1, 2, 3, 4, 5, 6, 26, 27, 28, 48, 68, 88, 108, 109, 110, 130, 150, 170, 190, 210, 230, 250, 270, 290, 310, 330, 350, 370, 371, 372, 373, 374, 375, 376, 396, 397, 398, 399]
您的距离系数损耗为1234,风险系数损耗为386,每步距离损耗[67, 11, 55, 51, 25, 13, 12, 19, 21, 80, 35, 30, 26, 48, 76, 15, 22, 8, 27, 67, 50, 54, 80, 71, 10, 47, 32, 13, 19, 5, 36, 12, 39, 19, 9, 14, 12, 4],每步风险损耗[10, 21, 7, 5, 34, 32, 14, 0, 0, 13, 1, 10, 14, 0, 4, 0, 17, 0, 2, 22, 40, 0, 25, 16, 20, 14, 30, 25, 0, 0, 0, 0, 0, 0, 10, 0, 0, 0]
A_star  -----  A_star
第44天,您的路线为[0, 1, 2, 3, 4, 5, 6, 26, 27, 28, 48, 68, 88, 108, 109, 110, 130, 150, 170, 190, 210, 230, 250, 270, 290, 310, 330, 350, 370, 371, 372, 373, 374, 375, 376, 396, 397, 398, 399]
您的距离系数损耗为1234,风险系数损耗为386,每步距离损耗[67, 11, 55, 51, 25, 13, 12, 19, 21, 80, 35, 30, 26, 48, 76, 15, 22, 8, 27, 67, 50, 54, 80, 71, 10, 47, 32, 13, 19, 5, 36, 12, 39, 19, 9, 14, 12, 4],每步风险损耗[10, 21, 7, 5, 34, 32, 14, 0, 0, 13, 1, 10, 14, 0, 4, 0, 17, 0, 2, 22, 40, 0, 25, 16, 20, 14, 30, 25, 0, 0, 0, 0, 0, 0, 10, 0, 0, 0]
RL  -----  RL
第44天,您的路线为[(0, 0), (33, 1), (34, 2), (36, 3), (38, 4), (39, 5), (40, 6), (41('Times takes:', 945.8763678073883)
Dijkstra  -----  Dijkstra
第44天,您的路线为[0, 1, 2, 3, 4, 5, 6, 26, 27, 28, 48, 68, 88, 108, 109, 110, 130, 150, 170, 190, 210, 230, 250, 270, 290, 310, 330, 350, 370, 371, 372, 373, 374, 375, 376, 396, 397, 398, 399]
您的距离系数损耗为1234,风险系数损耗为453,每步距离损耗[67, 11, 55, 51, 25, 13, 12, 19, 21, 80, 35, 30, 26, 48, 76, 15, 22, 8, 27, 67, 50, 54, 80, 71, 10, 47, 32, 13, 19, 5, 36, 12, 39, 19, 9, 14, 12, 4],每步风险损耗[38, 65, 28, 40, 77, 29, 4, 12, 34, 4, 4, 8, 0, 8, 14, 9, 0, 0, 2, 0, 0, 0, 0, 0, 0, 0, 0, 0, 18, 9, 32, 9, 0, 0, 9, 0, 0, 0]
A_star  -----  A_star
第44天,您的路线为[0, 1, 2, 3, 4, 5, 6, 26, 27, 28, 48, 68, 88, 108, 109, 110, 130, 150, 170, 190, 210, 230, 250, 270, 290, 310, 330, 350, 370, 371, 372, 373, 374, 375, 376, 396, 397, 398, 399]
您的距离系数损耗为1234,风险系数损耗为453,每步距离损耗[67, 11, 55, 51, 25, 13, 12, 19, 21, 80, 35, 30, 26, 48, 76, 15, 22, 8, 27, 67, 50, 54, 80, 71, 10, 47, 32, 13, 19, 5, 36, 12, 39, 19, 9, 14, 12, 4],�('Times takes:', 1026.9314880371094)
Dijkstra  -----  Dijkstra
第47天,您的路线为[0, 1, 2, 3, 4, 5, 6, 26, 27, 28, 48, 68, 88, 108, 109, 110, 130, 150, 170, 190, 210, 230, 250, 270, 290, 310, 330, 350, 370, 371, 372, 373, 374, 375, 376, 396, 397, 398, 399]
您的距离系数损耗为1204,风险系数损耗为424,每步距离损耗[67, 11, 55, 51, 25, 13, 12, 19, 21, 80, 35, 30, 26, 48, 76, 15, 22, 8, 27, 67, 50, 54, 80, 71, 10, 47, 32, 13, 19, 5, 36, 12, 39, 19, 9],每步风险损耗[6, 47, 19, 20, 32, 16, 20, 7, 13, 5, 4, 7, 5, 5, 11, 24, 32, 3, 12, 12, 11, 23, 18, 0, 4, 0, 3, 0, 5, 8, 20, 18, 3, 6, 5]
A_star  -----  A_star
第47天,您的路线为[0, 1, 2, 3, 4, 5, 6, 26, 27, 28, 48, 68, 88, 108, 109, 110, 130, 150, 170, 190, 210, 230, 250, 270, 290, 310, 330, 350, ('Times takes:', 929.9232828617096)
Dijkstra  -----  Dijkstra
第45天,您的路线为[0, 1, 2, 3, 4, 5, 6, 26, 27, 28, 48, 68, 88, 108, 109, 110, 130, 150, 170, 190, 210, 230, 250, 270, 290, 310, 330, 350, 370, 371, 372, 373, 374, 375, 376, 396, 397, 398, 399]
您的距离系数损耗为1234,风险系数损耗为762,每步距离损耗[67, 11, 55, 51, 25, 13, 12, 19, 21, 80, 35, 30, 26, 48, 76, 15, 22, 8, 27, 67, 50, 54, 80, 71, 10, 47, 32, 13, 19, 5, 36, 12, 39, 19, 9, 14, 12, 4],每步风险损耗[17, 43, 23, 38, 77, 34, 22, 8, 4, 13, 15, 27, 42, 4, 0, 32, 43, 17, 25, 44, 39, 5, 15, 25, 28, 18, 44, 46, 0, 0, 0, 0, 0, 0, 14, 0, 0, 0]
A_star  -----  A_star
第45天,您的路线为[0, 1, 2, 3, 4, 5, 6, 26, 27, 28, 48, 68, 88, 108, 109, 110, 130, 150, 170, 190, 210, 230, 250, 270, 290, 310, 330, 350, 370, 371, 372, 373, 374, 375, 376, 396, 397, 398, 399]
您的距离系数损耗为1234,风险系数损耗为762,每步距离损耗[67, 11, 55, 51, 25, 13, 12, 19, 21, 80, 35, 30, 26, 48, 76, 15, 22, 8, 27, 67, 50, 54, 80, 71, 10, 47, 32, 13, 19, 5, 36, 12, 39, 19, 9, 14, 12, 4],每步风险损耗[17, 43, 23, 38, 77, 34, 22, 8, 4, 13, 15, 27, 42, 4, 0, 32, 43, 17, 25, 44, 39, 5, 15, 25, 28, 18, 44, 46, 0, 0, 0, 0, 0, 0, 14, 0, 0, 0]
RL  -----  RL
第45天,您的路线为[(0, 0), (30, 1), (31, 21('Times takes:', 924.6888468265533)
Dijkstra  -----  Dijkstra
第45天,您的路线为[0, 1, 2, 3, 4, 5, 6, 26, 27, 28, 48, 68, 88, 108, 109, 110, 130, 150, 170, 190, 210, 230, 250, 270, 290, 310, 330, 350, 370, 371, 372, 373, 374, 375, 376, 396, 397, 398, 399]
您的距离系数损耗为1125,风险系数损耗为379,每步距离损耗[67, 11, 55, 51, 25, 13, 12, 19, 21, 80, 35, 30, 26, 48, 76, 15, 22, 8, 27, 67, 50, 54, 80, 71, 10, 47, 32, 13, 19, 5, 36],每步风险损耗[21, 92, 34, 48, 83, 34, 4, 2, 1('Times takes:', 1032.4852530956268)
Dijkstra  -----  Dijkstra
第48天,您的路线为[0, 1, 2, 3, 4, 5, 6, 26, 27, 28, 48, 68, 88, 108, 109, 110, 130, 150, 170, 190, 210, 230, 250, 270, 290, 310, 330, 350, 370, 371, 372, 373, 374, 375, 376, 396, 397, 398, 399]
您的距离系数损耗为389,风险系数损耗为87,每步距离损耗[67, 11, 55, 51, 25, 13, 12, 19, 21, 80, 35],每步风险损耗[0, 3, 0, 4, 13, 11, 18, 9, 12, 8, 9]
A_star  -----  A_star
第48天,您的路线为[0, 1, 2, 3, 4, 5, 6, 26, 27, 28, 48, 68, 88, 108, 109, 110, 130, 150, 170, 190, 210, 230, 250, 270, 290, 310, 330, 350, 370, 371, 372, 373, 374, 375, 376, 396, 397, 398, 399]
您的距离系数损耗为389,风险系数损耗为87,每步距离损耗[67, 11, 55, 51, 25, 13, 12, 19, 21, 80, 35],每步风险损耗[0, 3, 0, 4, 13, 11, 18, 9, 12, 8, 9]
RL  -----  RL
第48天,您的路线为[(0, 0), (30, 20), (31, 40), (32, 60), (33, 61), (34, 62), (35, 42), (36, 22), (37, 2), ('Times takes:', 932.0326311588287)
Dijkstra  -----  Dijkstra
第46天,您的路线为[0, 1, 2, 3, 4, 5, 6, 26, 27, 28, 48, 68, 88, 108, 109, 110, 130, 150, 170, 190, 210, 230, 250, 270, 290, 310, 330, 350, 370, 371, 372, 373, 374, 375, 376, 396, 397, 398, 399]
您的距离系数损耗为1125,风险系数损耗为451,每步距离损耗[67, 11, 55, 51, 25, 13, 12, 19, 21, 80, 35, 30, 26, 48, 76, 15, 22, 8, 27, 67, 50, 54, 80, 71, 10, 47, 32, 13, 19, 5, 36],每步风险损耗[10, 30, 8, 27, 65, 34, 14, 0, 2, 11, 8, 25, 11, 3, 3, 15, 13, 4, 17, 38, 27, 3, 11, 10, 11, 3, 22, 26, 0, 0, 0]
A_star  -----  A_star
第46天,您的路线为[0, 1, 2, 3, 4, 5, 6, 26, 27, 28, 48, 68, 88, 108, 109, 110, 130, 150, 170, 190, 210, 230, 250, 270, 290, 310, 330, 350, 370, 371, 372, 373, 374, 375, 376, 396, 397, 398, 399]
您的距离系数损耗为1125,风险系数损耗为451,�('Times takes:', 1023.8533561229706)
Dijkstra  -----  Dijkstra
第49天,您的路线为[0, 1, 2, 3, 4, 5, 6, 26, 27, 28, 48, 68, 88, 108, 109, 110, 130, 150, 170, 190, 210, 230, 250, 270, 290, 310, 330, 350, 370, 371, 372, 373, 374, 375, 376, 396, 397, 398, 399]
您的距离系数损耗为1234,风险系数损耗为398,每步距离损耗[67, 11, 55, 51, 25, 13, 12, 19, 21, 80, 35, 30, 26, 48, 76, 15, 22, 8, 27, 67, 50, 54, 80, 71, 10, 47, 32, 13, 19, 5, 36, 12, 39, 19, 9, 14, 12, 4],每步风险损耗[0, 13, 12, 20, 8, 10, 10, 6, 13, 10, 10, 10, 16, 7, 10, 34, 21, 1, 7, 19, 14, 12, 7, 0, 8, 0, 5, 9, 3, 8, 5, 12, 2, 12, 5, 2, 22, 35]
A_star  -----  A_star
第49天,您的路线为[0, 1, 2, 3, 4, 5, 6, 26, 27, 28, 48, 68, 88, 108, 109, 110, 130, 150, 170, 190, 210, 230, 250, 270, 290, 310, 330, 350, 370, 371, 372, 373, 374, 375, 376, 396, 397, 398, 399]
您的距离系数损耗为1234,风险系数损耗为398,每步距离损耗[67, 11, 55, 51, 25, 13, 12, 19, 21, 80, 35, 30, 26, 48, 76, 15, 22, 8, 27, 67, 50, 54, 80, 71, 10, 47, 32, 13, 19, 5, 36, 12, 39, 19, 9, 14, 12, 4],每步风险损耗[0, 13, 12, 20, 8, 10, 10, 6, 13, 10, 10, 10, 16, 7, 10, 34, 21, 1, 7, 19, 14, 12, 7, 0, 8, 0, 5, 9, 3, 8, 5, 12, 2, 12, 5, 2, 22, 35]
RL  -----  RL
第49天,您的路线为[(0, 0), (30, 1), (31, 21), (32, 20), (33, 40), (34, 60), (35, 61), (36, 62), (37, 82), (38, 81), (39, 101), (40, 102), (41, 103), (42, 123), (43, 143), (44, 144), (45, 145), (46, 146), (47, 147), (49, 127), (50, 126), (51, 125), (52, 105), (53, 104), (54, 84), (55, 64), (56, 44), (57, 24), (58, 25), (59, 45), (60, 65), (62, 66), (63, 67), (64, 68), (65, 48), (66, 28), (67, 27), (68, 26), (69, 46), (70, 47)]
您的距离系数损耗为1669,风险系数损耗为411,每步距离损耗[67, 37, 32, 52, 85, 56, 70, 50, 19, 61, 32, 36, 48, 77, 56, 47, 49, 80, 8, 45, 34, 23, 23, 84, 83, 17, 5, 5, 79, 43, 45, 31, 15, 35, 80, 21, 19, 10, 10],每步风险损耗[0, 17, 12, 12, 12, 16, 19, 5, 28, 17, 8, 20, 21, 18, 42, 10, 35, 20, 18, 19, 13, 17, 15, 17, 0, 0, 0, 0, 0, 0, 0, 0, 0, 0, 0, 0, 0, 0, 0]
iteration 49 ********* reward 321460 order0.014486344699 conflicts 70304 drivers 436933
A_star  -----  A_star
搜索所用时间0.0038058757782s
从节点'0'到节点'399' 所需要的经过的节点是 [0, 1, 2, 3, 4, 5, 6, 26, 27, 28, 48, 68, 88, 108, 109, 110, 130, 150, 170, 190, 210, 230, 250, 270, 290, 310, 330, 350, 370, 371, 372, 373, 374, 375, 376, 396, 397, 398, 399] ,所需要的cost为 17212
Dijkstra  -----  Dijkstra
搜索所用时间0.0517981052399s
minimum steps:17212, path:[0, 1, 2, 3, 4, 5, 6, 26, 27, 28, 48, 68, 88, 108, 109, 110, 130, 150, 170, 190, 210, 230, 250, 270, 290, 310, 330, 350, 370, 371, 372, 373, 374, 375, 376, 396, 397, 398, 399]
('Times takes:', 990.3522820472717)
Dijkstra  -----  Dijkstra
第50天,您的路线为[0, 1, 2, 3, 4, 5, 6, 26, 27, 28, 48, 68, 88, 108, 109, 110, 130, 150, 170, 190, 210, 230, 250, 270, 290, 310, 330, 350, 370, 371, 372, 373, 374, 375, 376, 396, 397, 398, 399]
您的距离系数损耗为1234,风险系数损耗为459,每步距离损耗[67, 11, 55, 51, 25, 13, 12, 19, 21, 80, 35, 30, 26, 48, 76, 15, 22, 8, 27, 67, 50, 54, 80, 71, 10, 47, 32, 13, 19, 5, 36, 12, 39, 19, 9, 14, 12, 4],每步风险损耗[5, 10, 9, 22, 39, 33, 47, 11, 26, 2, 7, 29, 17, 11, 14, 17, 17, 10, 12, 23, 12, 9, 14, 6, 0, 0, 2, 3, 0, 0, 0, 6, 3, 0, 0, 7, 13, 23]
A_star  -----  A_star
第50天,您的路线为[0, 1, 2, 3, 4, 5, 6, 26, 27, 28, 48, 68, 88, 108, 109, 110, 130, 150, 170, 190, 210, 230, 250, 270, 290, 310, 330, 350, 370, 371, 372, 373, 374, 375, 376, 396, 397, 398, 399]
您的距离系数损耗为1234,风险系数损耗为459,每步距离损耗[67, 11, 55, 51, 25, 13, 12, 19, 21, 80, 35, 30, 26, 48, 76, 15, 22, 8, 27, 67, 50, 54, 80, 71, 10, 47, 32, 13, 19, 5, 36, 12, 39, 19, 9, 14, 12, 4],每步风险损耗[5, 10, 9, 22, 39, 33, 47, 11, 26, 2, 7, 29, 17, 11, 14, 17, 17, 10, 12, 23, 12, 9, 14, 6, 0, 0, 2, 3, 0, 0, 0, 6, 3, 0, 0, 7, 13, 23]
RL  -----  RL
第50天,您的路线为[(0, 0), (30, 1), (31, 2), (32, 22), (33, 23), (34, 43), (35, 44), (36, 24), (37, 25), (38, 5), (39, 6), (40, 7), (41, 8), (42, 28), (43, 29), (44, 30), (46, 31), (47, 51), (48, 71), (49, 70), (50, 90), (51, 110), (52, 111), (53, 131), (54, 132), (55, 133), (56, 153), (57, 173), (58, 193), (59, 192), (60, 191), (61, 211), (62, 210), (63, 209), (64, 208), (65, 207), (66, 187), (67, 186), (68, 166), (69, 165), (70, 185), (71, 184), (72, 204), (73, 203), (74, 183), (75, 163), (76, 164), (77, 144), (78, 124), (79, 123), (80, 103), (81, 102), (82, 82), (83, 81), (84, 80), (85, 60), (86, 40), (87, 41), (88, 61), (89, 62), (90, 63), (91, 64), (92, 84), (93, 85), (94, 65), (95, 45), (96, 46), (97, 66), (98, 67), (99, 87), (100, 86), (101, 106), (102, 107), (103, 127), (104, 147), (105, 148), (106, 128), (107, 129), (108, 149), (109, 150), (110, 151), (111, 152), (112, 172), (114, 171), (115, 170), (116, 190), (117, 189), (118, 188), (119, 168), (120, 169)]
您的距离系数损耗为4258,风险系数损耗为327,每步距离损耗[67, 11, 81, 8, 50, 89, 5, 5, 76, 13, 25, 49, 29, 49, 36, 39, 77, 31, 79, 16, 81, 57, 65, 74, 7, 39,('Times takes:', 928.7679660320282)
Dijkstra  -----  Dijkstra
第48天,您的路线为[0, 1, 2, 3, 4, 5, 6, 26, 27, 28, 48, 68, 88, 108, 109, 110, 130, 150, 170, 190, 210, 230, 250, 270, 290, 310, 330, 350, 370, 371, 372, 373, 374, 375, 376, 396, 397, 398, 399]
您的距离系数损耗为1084,风险系数损耗为357,每步距离损耗[67, 11, 55, 51, 25, 13, 12, 19, 21, 80, 35, 30, 26, 48, 76, 15, 22, 8, 27, 67, 50, 54, 80, 71, 10, 47, 32, 13, 19],每步风险损耗[17, 41, 18, 31, 72, 41, 10, 7, 15, 8, 6, 17, 1, 3, 5, 0, 0, 0, 8, 0, 11, 10, 4, 0, 0, 0, 0, 0, 32]
A_star  -----  A_star
第48天,您的路线为[0, 1, 2, 3, 4, 5, 6, 26, 27, 28, 48, 68, 88, 108, 109, 110, 130, 150, 170, 190, 210, 230, 250, 270, 290, 310, 330, 350, 370, 371, 372, 373, 374, 375, 376, 396, 397, 398, 399]
您的距离系数损耗为1084,风险系数损耗为357,每步距离损耗[67, 11, 55, 51, 25, 13, 12, 19, 21, 80, 35, 30, 26, 48, 76, 15, 22, 8, 27, 67, 50, 54, 80, 71, 10, 47, 32, 13, 19],每步风险损耗[17, 41, 18, 31, 72, 41, 10, 7, 15, 8, 6, 17, 1, 3, 5, 0, 0, 0, 8, 0, 11, 10, 4, 0, 0, 0, 0, 0, 32]
RL  -----  RL
第48天,您的路线为[(0, 0), (32, 20), (33, 21), (34, 41), (35, 61), (36, 62), (37, 82), (38, 102)('Times takes:', 973.1741578578949)
Dijkstra  -----  Dijkstra
第51天,您的路线为[0, 1, 2, 3, 4, 5, 6, 26, 27, 28, 48, 68, 88, 108, 109, 110, 130, 150, 170, 190, 210, 230, 250, 270, 290, 310, 330, 350, 370, 371, 372, 373, 374, 375, 376, 396, 397, 398, 399]
您的距离系数损耗为1230,风险系数损耗为249,每步距离损耗[67, 11, 55, 51, 25, 13, 12, 19, 21, 80, 35, 30, 26, 48, 76, 15, 22, 8, 27, 67, 50, 54, 80, 71, 10, 47, 32, 13, 19, 5, 36, 12, 39, 19, 9, 14, 12],每步风险损耗[0, 8, 2, 4, 11, 13, 5, 1, 9, 12, 12, 6, 3, 0, 0, 7, 20, 7, 17, 9, 13, 3, 8, 9, 6, 5, 5, 5, 3, 3, 0, 1, 0, 0, 4, 0, 38]
A_star  -----  A_star
第51天,您的路线为[0, 1, 2, 3, 4, 5, 6, 26, 27, 28, 48, 68, 88, 108, 109, 110, 130, 150, 170, 190, 210, 230, 250, 270, 290, 310, 330, 350, 370, 371, 372, 373, 374, 375, 376, 396, 397, 398, 399]
您的距离系数损耗为1230,风险系数损耗为249,每步距离损耗[67, 11, 55, 51, 25, 13, 12, 19, 21, 80, 35, 30, 26, 48, 76, 15, 22, 8, 27, 67, 50, 54, 80, 71, 10, 47, 32, 13, 19, 5, 36, 12, 39, 19, 9, 14, 12],每步风险损耗[0, 8, 2, 4, 11, 13, 5, 1, 9, 12, 12, 6, 3, 0, 0, 7, 20, 7, 17, 9, 13, 3, 8, 9, 6, 5, 5, 5, 3, 3, 0, 1, 0, 0, 4, 0, 38]
RL  -----  RL
('Times takes:', 927.5187690258026)
Dijkstra  -----  Dijkstra
第49天,您的路线为[0, 1, 2, 3, 4, 5, 6, 26, 27, 28, 48, 68, 88, 108, 109, 110, 130, 150, 170, 190, 210, 230, 250, 270, 290, 310, 330, 350, 370, 371, 372, 373, 374, 375, 376, 396, 397, 398, 399]
您的距离系数损耗为1234,风险系数损耗为483,每步距离损耗[67, 11, 55, 51, 25, 13, 12, 19, 21, 80, 35, 30, 26, 48, 76, 15, 22, 8, 27, 67, 50, 54, 80, 71, 10, 47, 32, 13, 19, 5, 36, 12, 39, 19, 9, 14, 12, 4],每步风险损耗[13, 78, 23, 44, 83, 39, 6, 20, 33, 13, 6, 9, 3, 14, 4, 0, 0, 0, 10, 0, 1, 7, 0, 0, 0, 0, 0, 0, 30, 11, 17, 0, 0, 0, 19, 0, 0, 0]
A_star  -----  ('Times takes:', 935.5872709751129)
Dijkstra  -----  Dijkstra
第49天,您的路线为[0, 1, 2, 3, 4, 5, 6, 26, 27, 28, 48, 68, 88, 108, 109, 110, 130, 150, 170, 190, 210, 230, 250, 270, 290, 310, 330, 350, 370, 371, 372, 373, 374, 375, 376, 396, 397, 398, 399]
您的距离系数损耗为569,风险系数损耗为328,每步距离损耗[67, 11, 55, 51, 25, 13, 12, 19, 21, 80, 35, 30, 26, 48, 76],每步风险损耗[17, 92, 32, 35, 77, 45, 9, 0, 0, 19, 2, 0, 0, 0, 0]
A_star  -----  A_star
第49天,您的路线为[0, 1, 2, 3, 4, 5, 6, 26, 27, 28, 48, 68, 88, 108, 109, 110, 130, 150, 170, 190, 210, 230, 250, 270, 290, 310, 330, 350, 370, 371, 372, 373, 374, 375, 376, 396, 397, 398, 399]
您的距离系数损耗为569,风险系数损耗为328,每步距离损耗[67, 11, ('Times takes:', 965.1838369369507)
Dijkstra  -----  Dijkstra
第52天,您的路线为[0, 1, 2, 3, 4, 5, 6, 26, 27, 28, 48, 68, 88, 108, 109, 110, 130, 150, 170, 190, 210, 230, 250, 270, 290, 310, 330, 350, 370, 371, 372, 373, 374, 375, 376, 396, 397, 398, 399]
您的距离系数损耗为493,风险系数损耗为129,每步距离损耗[67, 11, 55, 51, 25, 13, 12, 19, 21, 80, 35, 30, 26, 48],每步风险损耗[4, 15, 0, 0, 6, 2, 16, 5, 22, 3, 2, 19, 22, 13]
A_star  -----  A_star
第52天,您的路线为[0, 1, 2, 3, 4, 5, 6, 26, 27, 28, 48, 68, 88, 108, 109, 110, 130, 150, 170, 190, 210, 230, 250, 270, 290, 310, 330, 350, 370, 371, 372, 373, 374, 375, 376, 396, 397, 398, 399]
您的距离系数损耗为493,风险系数损耗为129,每步距离损耗[67, 11, 55, 51, 25, 13, 12, 19, 21, 80, 35, 30, 26, 48],每步风险损耗[4, 15, 0, 0, 6, 2, 16, 5, 22, 3, 2, 19, 22, 13]
RL  -----  RL
第52天,您的路线为[(0, 0), (30, 20), (32, 21), (33, 22), (34, 23), (35, 3), (36, 4), (37, 24), (38, 44), (39, 43), (40, 63), (41, 62), (42, 61), (43, 41), (44, 42)]
您的距离系数损耗为631,风险系数损耗为50,每步距离损耗[4, 32, 55, 8, 1, 51, 19, 5, 89, 66, 77, 70, 90, 64],每('Times takes:', 923.5810089111328)
Dijkstra  -----  Dijkstra
第50天,您的路线为[0, 1, 2, 3, 4, 5, 6, 26, 27, 28, 48, 68, 88, 108, 109, 110, 130, 150, 170, 190, 210, 230, 250, 270, 290, 310, 330, 350, 370, 371, 372, 373, 374, 375, 376, 396, 397, 398, 399]
您的距离系数损耗为1204,风险系数损耗为519,每步距离损耗[67, 11, 55, 51, 25, 13, 12, 19, 21, 80, 35, 30, 26, 48, 76, 15, 22, 8, 27, 67, 50, 54, 80, 71, 10, 47, 32, 13, 19, 5, 36, 12, 39, 19, 9],每步风险损耗[21, 85, 17, 18, 26, 45, 0, 0, 0, 0, 5, 0, 0, 0, 0, 7, 4, 0, 0, 4, 2, 1, 0, 9, 20, 0, 0, 55, 44, 31, 42, 38, 25, 20, 0]
A_star  -----  A_star
第50天,您的路线为[0, 1, 2, 3, 4, 5, 6, 26, 27, 28, 48, 68, 88, 108, 109, 110, 130, 150, 17('Times takes:', 1040.9248921871185)
Dijkstra  -----  Dijkstra
第53天,您的路线为[0, 1, 2, 3, 4, 5, 6, 26, 27, 28, 48, 68, 88, 108, 109, 110, 130, 150, 170, 190, 210, 230, 250, 270, 290, 310, 330, 350, 370, 371, 372, 373, 374, 375, 376, 396, 397, 398, 399]
您的距离系数损耗为614,风险系数损耗为165,每步距离损耗[67, 11, 55, 51, 25, 13, 12, 19, 21, 80, 35, 30, 26, 48, 76, 15, 22, 8],每步风险损耗[1, 14, 4, 8, 25, 20, 2, 3, 10, 2, 6, 21, 21, 8, 8, 7, 5, 0]
A_star  -----  A_star
第53天,您的路线为[0, 1, 2, 3, 4, 5, 6, 26, 27, 28, 48, 68, 88, 108, 109, 110, 130, 150, 170, 190, 210, 230, 250, 270, 290, 310, 330, 350, 370, 371, 372, 373, 374, 375, 376, 396, 397, 398, 399]
您的距离系数损耗为614,风险系数损耗为165,每步距离损耗[67, 11, 55, 51, 25, 13, 12, 19, 21, 80, 35, 30, 26, 48, 76, 15, 22, 8],每步风险损耗[1, 14, 4, 8, 25, 20, 2, 3, 10, 2, 6, 21, 21, 8, 8, 7, 5, 0]
RL  -----  RL
第53天,您的路线为[(0, 0), (30, 1), (31, 2), (32, 22), (33, 23), (34, 43), (35, 42), (36, 41), (37, 21), (38, 20), (40, 40), (41, 60), (42, 61), (43, 81), (44, 82), (45, 102), (46, 101), (47, 100), (49, 80)]
您的距离系数损耗为857,风险系数损耗为299,每步距离损耗[67, 11, 81, 8, 50, 68, 64, 40, 32, 52, 85, 56, 48, 19, 72, 32, 8, 64],每步风险损耗[1, 14, 16, 10, 29, 37, 21, 40, 19, 4, 6, 12, 17, 17, 8, 3, 23, 22]
iteration 53 ********* reward 359250 order0.0143242570604 conflicts 72770 drivers 459117
A_star  -----  A_star
搜索所用时间0.0055410861969s
从节点'0'到节点'399' 所需要的经过的节点是 [0, 1, 2, 3, 4, 5, 6, 26, 27, 28, 48, 68, 88, 108, 109, 110, 130, 150, 170, 190, 210, 230, 250, 270, 290, 310, 330, 35('Times takes:', 935.6872761249542)
Dijkstra  -----  Dijkstra
第51天,您的路线为[0, 1, 2, 3, 4, 5, 6, 26, 27, 28, 48, 68, 88, 108, 109, 110, 130, 150, 170('Times takes:', 940.1092672348022)
Dijkstra  -----  Dijkstra
第51天,您的路线为[0, 1, 2, 3, 4, 5, 6, 26, 27, 28, 48, 68, 88, 108, 109, 110, 130, 150, 170, 190, 210, 230, 250, 270, 29('Times takes:', 1007.8821239471436)
Dijkstra  -----  Dijkstra
第54天,您的路线为[0, 1, 2, 3, 4, 5, 6, 26, 27, 28, 48, 68, 88, 108, 109, 110, 130, 150, 170, 190, 210, 230, 250, 270, 290, 310, 330, 350, 370, 371, 372, 373, 374, 375, 376, 396, 397, 398, 399]
您的距离系数损耗为973,风险系数损耗为339,每步距离损耗[67, 11, 55, 51, 25, 13, 12, 19, 21, 80, 35, 30, 26, 48, 76, 15, 22, 8, 27, 67, 50, 54, 80, 71, 10],每步风险损耗[11, 46, 19, 23, 11, 14, 20, 3, 24, 10, 7, 11, 10, 7, 8, 22, 30, 4, 9, 11, 22, 14, 3, 0, 0]
A_star  -----  A_star
第54天,您的路线为[0, 1, 2, 3, 4, 5, 6, 26, 27, 28, 48, 68, 88, 108, 109, 110, 130, 150, 170, 190, 210, 230, 250, 270, 290, 310, 330, 350, 370, 371, 372, 373, 374, 375, 376, 396, 397, 398, 399]
您的距离系数损耗为973,风险系数损耗为339,每步距离损耗[67, 11, 55, 51, 25, 13, 12, 19, 21, 80, 35, 30, 26, 48, 76, 15, 22, 8, 27, 67, 50, 54, 80, 71, 10],每步风险损耗[11, 46, 19, 23, 11, 14, 20, 3, 24, 10, 7, 11, 10, 7, 8, 22, 30, 4, 9, 11, 22, 14, 3, 0, 0]
RL  -----  RL
第54天,您的路线为[(0, 0), (30, 1), (31, 21), (32, 41), (33, 61), (34, 62), (35, 82), (36, 102), (37, 101), (38, 81), (39, 80), (40, 100), (43, 120), (46, 121), (47, 141), (48, 142), (49, 162), (50, 161), (51, 181), (52, 180), (53, 200), (54, 201), (55, 202), (56, 203), (57, 183), (58, 182)]
您的距离系数损耗为1163,风险系数损耗为496,每步距离损耗[67, 37, 40, 90, 70, 50, 72, 32, 61, 87, 64, 46, 24, 47, 90, 2, 59, 2, 37, 83, 4, 8, 13, 6, 72],每步风险损耗[11, 45, 59, 36, 44, 9, 11, 6, 17, 25, 26, 55, 21, 20, 4, 1, 10, 24, 12, 8, 13, 19, 14, 4, 2]
iteration 54 ********* reward 364760 order0.0142838959725 conflicts 69069 drivers 428003
A_star  -----  A_star
搜索所用时间0.003751039505s
从节点'0'到节点'399' 所需要的经过的节点是 [0, 1, 2, 3, 4, 5, 6, 26, 27, 28, 48, 68, 88, 108, 109, 110, 130, 150, 170, 190, 210, 230, 250, 270, 290, 310, 330, ('Times takes:', 932.0961837768555)
Dijkstra  -----  Dijkstra
第52天,您的路线为[0, 1, 2, 3, 4, 5, 6, 26, 27, 28, 48, 68, 88, 108, 109, 110, 130, 150, 170, 190, 210, 230, 250, 270, 290, 310, 330, 350, 370, 371, 372, 373, 374, 375, 376, 396, 397, 398, 399]
您的距离系数损耗为1218,风险系数损耗为745,每步距离损耗[67, 11, 55, 5('Times takes:', 1026.282321214676)
Dijkstra  -----  Dijkstra
第55天,您的路线为[0, 1, 2, 3, 4, 5, 6, 26, 27, 28, 48, 68, 88, 108, 109, 110, 130, 150, 170, 190, 210, 230, 250, 270, 290, 310, 330, 350, 370, 371, 372, 373, 374, 375, 376, 396, 397, 398, 399]
您的距离系数损耗为812,风险系数损耗为233,每步距离损耗[67, 11, 55, 51, 25, 13, 12, 19, 21, 80, 35, 30, 26, 48, 76, 15, 22, 8, 27, 67, 50, 54],每步风险损耗[6, 53, 6, 6, 6, 7, 7, 6, 9, 0, 4, 18, 10, 5, 15, 20, 26, 2, 5, 11, 6, 5]
A_star  -----  A_star
第55天,您的路线为[0, 1, 2, 3, 4, 5, 6, 26, 27, 28, 48, 68, 88, 108, 109, 110, 130, 150, 170, 190, 210, 230, 250, 270, 290, 310, 330, 350, 370, 371, 372, 373, 374, 375, 376, 396, 397, 398, 399]
您的距离系数损耗为812,风险系数损耗为233,每步距离损耗[67, 11, 55, 51, 25, 13, 12, 19, 21, 80, 35, 30, 26, 48, 76, 15, 22, 8, 27, 67, 50, 54],每步风险损耗[6, 53, 6, 6, 6, 7, 7, 6, 9, 0, 4, 18, 10, 5, 15, 20, 26, 2, 5, 11, 6, 5]
RL  -----  RL
第55天,您的路线为[(0, 0), (30, 1), (31, 2), (32, 22), (33, 42), (34, 41), (35, 21), (36, 20), (37, 40), (38, 60), (39, 61), (40, 62), (41, 63), (42, 64), (43, 84), (44, 104), (45, 103), (46, 123), (47, 122), (48, 102), (49, 101), (50, 81), (51, 82)]
您的距离系数损耗为1121,风险系数损耗为352,每步距离损耗[67, 11, 81, 5, 64, 40, 32, 52, 85, 56, 70, 77, 9, 83, 84, 68, 48, 36, 41, 32, 61, 19],每步风险损耗[6, 53, 25, 6, 24, 44, 17, 12, 20, 32, 22, 8, 0, 2, 4, 13, 11, 15, 11, 6, 10, 11]
iteration 55 ********* reward 422870 order0.0142777296433 conflicts 74792 drivers 486529
A_star  -----  A_star
搜索所用时间0.00380301475525s
从节点'0'到节点'399' 所需要的经过的节点是 [0, 1, 2, 3, 4, 5, 6, 26, 27, 28, 48, 68, 88, 108, 109, 110, 130, 150, 170, 190, 210, 230, 250, 270, 290, 310, 330, 350, 370, 371, 372, 373, 374, 375, 376, 396, 397, 398, 399] ,所需要的cost为 17212
Dijkstra  -----  Dijkstra
搜索所用时间0.00248694419861s
minimum steps:17212, path:[0, 1, 2, 3, 4, 5, 6, 26, 27, 28, 48, 68, 88, 108, 109, 110, 130, 150, 170, 190, 210, 230, 250, 270, 290, 310, 330, 350, 370, 371, 372, 373, 374, 375, 376, 396, 397, 398, 399]
('Times takes:', 1041.5872242450714)
Dijkstra  -----  Dijkstra
第56天,您的路线为[0, 1, 2, 3, 4, 5, 6, 26, 27, 28, 48, 68, 88, 108, 109, 110, 130, 150, 170, 190, 210, 230, 250, 270, 290, 310, 330, 350, 370, 371, 372, 373, 374, 375, 376, 396, 397, 398, 399]
您的距离系数损耗为1234,风险系数损耗为370,每步距离损耗[67, 11, 55, 51, 25, 13, 12, 19, 21, 80, 35, 30, 26, 48, 76, 15, 22, 8, 27, 67, 50, 54, 80, 71, 10, 47, 32, 13, 19, 5, 36, 12, 39, 19, 9, 14, 12, 4],每步风险损耗[7, 17, 10, 5, 16, 14, 26, 6, 13, 13, 19, 28, 18, 13, 24, 23, 24, 5, 4, 7, 6, 5, 4, 4, 2, 0, 1, 6, 0, 0, 0, 5, 1, 0, 6, 0, 14, 24]
A_star  -----  A_star
第56天,您的路线为[0, 1, 2, 3, 4, 5, 6, 26, 27, 28, 48, 68, 88, 108, 109, 110, 130, 150, 170, 190, 210, 230, 250, 270, 290, 310, 330, 350, 370, 371, 372, 373, 374, 375, 376, 396, 397, 398, 399]
您的距离系数损耗为1234,风险系数损耗为370,每步距离损耗[67, 11, 55, 51, 25, 13, 12, 19, 21, 80, 35, 30, 26, 48, 76, 15, 22, 8, 27, 67, 50, 54, 80, 71, 10, 47, 32, 13, 19, 5, 36, 12, 39, 19, 9, 14, 12, 4],每步风险损耗[7, 17, 10, 5, 16, 14, 26, 6, 13, 13, 19, 28, 18, 13, 24, 23, 24, 5, 4, 7, 6, 5, 4, 4, 2, 0, 1, 6, 0, 0, 0, 5, 1, 0, 6, 0, 14, 24]
RL  -----  RL
第56天,您的路线为[(0, 0), (31, 20), (32, 21), (33, 22), (34, 2), (35, 3), (36, 4), (37, 5), (38, 6), (39, 26), (40, 25), (41, 45), (42, 44), (43, 64), (44, 65), (45, 85), (46, 84), (47, 104), (48, 124), (49, 125), (50, 145), (51, 146), (52, 166), (53, 167), (54, 187), (55, 188), (56, 208), (57, 209), (58, 189), (59, 169), (60, 149), (61, 129), (62, 130), (63, 131), (64, 151), (65, 152), (66, 132), (67, 112), (68, 92), (69, 91), (70, 71), (71, 70), (72, 90), (74, 89), (75, 69), (76, 49), (77, 48), (78, 47), (79, 46), (80, 66), (81, 67), (82, 68), (83, 88), (84, 108), (85, 107), (86, 127), (87, 128), (88, 148), (89, 147)]
您的距离系数损耗为2498,风险系数损耗为314,每步距离损耗[4, 32, 55, 81, 55, 51, 25, 13, 12, 38, 79, 22, 17, 89, 83, 86, 84, 15, 83, 86, 49, 26, 11, 23, 1, 10, 63, 56, 4, 49, 87, 34, 38, 77, 38, 22, 43, 49, 36, 43, 79, 16, 76, 57, 66, 5, 33, 10, 82, 31, 15, 30, 26, 49, 19, 11, 45, 79],每步风险损耗[13, 11, 22, 28, 6, 3, 14, 11, 23, 16, 15, 26, 1, 3, 7, 11, 4, 3, 4, 6, 16, 4, 0, 3, 0, 0, 3, 8, 5, 0, 2, 6, 2, 0, 0, 3, 0, 0, 12, 4, 2, 0, 3, 2, 8, 1, 0, 2, 0, 0, 0, 1, 0, 0, 0, 0, 0, 0]
iteration 56 ********* reward 352820 order0.0142323311321 conflicts 70304 drivers 446091
A_star  -----  A_star
搜索所用时间0.00386905670166s
从节点'0'到节点'399' 所需要的经过的节点是 [0, 1, 2, 3, 4, 5, 6, 26, 27, 28, 48, 68, 88, 108, 109, 110, 130, 150, 170, 190, 210, 230, 250, 270, 290, 310, 330, 350, 370, 371, 372, 373, 374, 375, 376, 396, 397, 398, 399] ,所需要的cost为 17212
Dijkstra  -----  Dijkstra
搜索所用时间0.00251078605652s
minimum steps:17212, path:[0, 1, 2, 3, 4, 5, 6, 26, 27, 28, 48, 68, 88, 108, 109, 110, 130, 150, 170, 190, 210, 230, 250, 270, 290, 310, 330, 350, 370, 371, 372, 373, 374, 375, 376, 396, 397, 398, 399]
('Times takes:', 1050.1140880584717)
Dijkstra  -----  Dijkstra
第57天,您的路线为[0, 1, 2, 3, 4, 5, 6, 26, 27, 28, 48, 68, 88, 108, 109, 110, 130, 150, 170, 190, 210, 230, 250, 270, 290, 310, 330, 350, 370, 371, 372, 373, 374, 375, 376, 396, 397, 398, 399]
您的距离系数损耗为445,风险系数损耗为236,每步距离损耗[67, 11, 55, 51, 25, 13, 12, 19, 21, 80, 35, 30, 26],每步风险损耗[2, 39, 12, 18, 17, 23, 23, 9, 22, 16, 19, 25, 11]
A_star  -----  A_star
第57天,您的路线为[0, 1, 2, 3, 4, 5, 6, 26, 27, 28, 48, 68, 88, 108, 109, 110, 130, 150, 170, 190, 210, 230, 250, 270, 290, 310, 330, 350, 370, 371, 372, 373, 374, 375, 376, 396, 397, 398, 399]
您的距离系数损耗为445,风险系数损耗为236,每步距离损耗[67, 11, 55, 51, 25, 13, 12, 19, 21, 80, 35, 30, 26],每步风险损耗[2, 39, 12, 18, 17, 23, 23, 9, 22, 16, 19, 25, 11]
RL  -----  RL
第57天,您的路线为[(0, 0), (30, 20), (31, 21), (32, 41), (33, 40), (34, 60), (35, 61), (36, 62), (37, 63), (38, 43), (39, 23), (40, 3), (41, 2), (42, 1)]
您的距离系数损耗为597,风险系数损耗为204,每步距离损耗[4, 32, 40, 50, 85, 56, 70, 77, 66, 50, 1, 55, 11],每步风险损耗[8, 32, 30, 3, 7, 17, 23, 18, 15, 9, 17, 6, 19]
iteration 57 ********* reward 388460 order0.0142042661397 conflicts 72813 drivers 463080
A_star  -----  A_star
搜索所用时间0.00437879562378s
从节点'0'到节点'399' 所需要的经过的节点是 [0, 1, 2, 3, 4, 5, 6, 26, 27, 28, 48, 68, 88, 108, 109, 110, 130, 150, 170, 190, 210, 230, 250, 270, 290, 310, 330, 350, 370, 371, 372, 373, 374, 375, 376, 396, 397, 398, 399] ,所需要的cost为 17212
Dijkstra  -----  Dijkstra
搜索所用时间0.0505268573761s
minimum steps:17212, path:[0, 1, 2, 3, 4, 5, 6, 26, 27, 28, 48, 68, 88, 108, 109, 110, 130, 150, 170, 190, 210, 230, 250, 270, 290, 310, 330, 350, 370, 371, 372, 373, 374, 375, 376, 396, 397, 398, 399]
('Times takes:', 1041.216943025589)
Dijkstra  -----  Dijkstra
第58天,您的路线为[0, 1, 2, 3, 4, 5, 6, 26, 27, 28, 48, 68, 88, 108, 109, 110, 130, 150, 170, 190, 210, 230, 250, 270, 290, 310, 330, 350, 370, 371, 372, 373, 374, 375, 376, 396, 397, 398, 399]
您的距离系数损耗为1176,风险系数损耗为227,每步距离损耗[67, 11, 55, 51, 25, 13, 12, 19, 21, 80, 35, 30, 26, 48, 76, 15, 22, 8, 27, 67, 50, 54, 80, 71, 10, 47, 32, 13, 19, 5, 36, 12, 39],每步风险损耗[6, 19, 8, 5, 12, 9, 7, 4, 18, 5, 8, 13, 10, 4, 10, 15, 9, 5, 16, 10, 6, 4, 9, 5, 0, 2, 0, 0, 0, 0, 0, 3, 5]
A_star  -----  A_star
第58天,您的路线为[0, 1, 2, 3, 4, 5, 6, 26, 27, 28, 48, 68, 88, 108, 109, 110, 130, 150, 170, 190, 210, 230, 250, 270, 290, 310, 330, 350, 370, 371, 372, 373, 374, 375, 376, 396, 397, 398, 399]
您的距离系数损耗为1176,风险系数损耗为227,每步距离损耗[67, 11, 55, 51, 25, 13, 12, 19, 21, 80, 35, 30, 26, 48, 76, 15, 22, 8, 27, 67, 50, 54, 80, 71, 10, 47, 32, 13, 19, 5, 36, 12, 39],每步风险损耗[6, 19, 8, 5, 12, 9, 7, 4, 18, 5, 8, 13, 10, 4, 10, 15, 9, 5, 16, 10, 6, 4, 9, 5, 0, 2, 0, 0, 0, 0, 0, 3, 5]
RL  -----  RL
第58天,您的路线为[(0, 0), (33, 1), (34, 21), (35, 41), (36, 42), (37, 62), (38, 63), (39, 64), (40, 65), (41, 85), (42, 86), (43, 66), (44, 67), (45, 87), (46, 88), (47, 68), (48, 48), (49, 47), (50, 27), (51, 7), (52, 6), (53, 5), (54, 4), (55, 3), (56, 2), (57, 22), (58, 23), (59, 24), (62, 25), (63, 26), (64, 46), (66, 45), (68, 44), (69, 43)]
您的距离系数损耗为1451,风险系数损耗为215,每步距离损耗[67, 37, 40, 64, 58, 77, 9, 89, 83, 33, 23, 31, 60, 25, 30, 35, 33, 50, 89, 25, 13, 25, 51, 55, 81, 8, 26, 5, 38, 10, 70, 22, 89],每步风险损耗[6, 22, 18, 7, 6, 13, 4, 6, 12, 18, 16, 8, 39, 11, 9, 3, 8, 9, 0, 0, 0, 0, 0, 0, 0, 0, 0, 0, 0, 0, 0, 0, 0]
iteration 58 ********* reward 357190 order0.0141662208643 conflicts 72331 drivers 459824
A_star  -----  A_star
搜索所用时间0.00543999671936s
从节点'0'到节点'399' 所需要的经过的节点是 [0, 1, 2, 3, 4, 5, 6, 26, 27, 28, 48, 68, 88, 108, 109, 110, 130, 150, 170, 190, 210, 230, 250, 270, 290, 310, 330, 350, 370, 371, 372, 373, 374, 375, 376, 396, 397, 398, 399] ,所需要的cost为 17212
Dijkstra  -----  Dijkstra
搜索所用时间0.00394511222839s
minimum steps:17212, path:[0, 1, 2, 3, 4, 5, 6, 26, 27, 28, 48, 68, 88, 108, 109, 110, 130, 150, 170, 190, 210, 230, 250, 270, 290, 310, 330, 350, 370, 371, 372, 373, 374, 375, 376, 396, 397, 398, 399]
('Times takes:', 1043.5484368801117)
Dijkstra  -----  Dijkstra
第59天,您的路线为[0, 1, 2, 3, 4, 5, 6, 26, 27, 28, 48, 68, 88, 108, 109, 110, 130, 150, 170, 190, 210, 230, 250, 270, 290, 310, 330, 350, 370, 371, 372, 373, 374, 375, 376, 396, 397, 398, 399]
您的距离系数损耗为234,风险系数损耗为38,每步距离损耗[67, 11, 55, 51, 25, 13, 12],每步风险损耗[0, 13, 0, 2, 13, 4, 6]
A_star  -----  A_star
第59天,您的路线为[0, 1, 2, 3, 4, 5, 6, 26, 27, 28, 48, 68, 88, 108, 109, 110, 130, 150, 170, 190, 210, 230, 250, 270, 290, 310, 330, 350, 370, 371, 372, 373, 374, 375, 376, 396, 397, 398, 399]
您的距离系数损耗为234,风险系数损耗为38,每步距离损耗[67, 11, 55, 51, 25, 13, 12],每步风险损耗[0, 13, 0, 2, 13, 4, 6]
RL  -----  RL
第59天,您的路线为[(0, 0), (30, 1), (31, 21), (32, 41), (33, 61), (34, 60), (35, 40), (36, 20)]
您的距离系数损耗为427,风险系数损耗为60,每步距离损耗[67, 37, 40, 90, 56, 85, 52],每步风险损耗[0, 7, 15, 8, 14, 14, 2]
iteration 59 ********* reward 303290 order0.0140958923363 conflicts 72549 drivers 457341
A_star  -----  A_star
搜索所用时间0.0048041343689s
从节点'0'到节点'399' 所需要的经过的节点是 [0, 1, 2, 3, 4, 5, 6, 26, 27, 28, 48, 68, 88, 108, 109, 110, 130, 150, 170, 190, 210, 230, 250, 270, 290, 310, 330, 350, 370, 371, 372, 373, 374, 375, 376, 396, 397, 398, 399] ,所需要的cost为 17212
Dijkstra  -----  Dijkstra
搜索所用时间0.00288009643555s
minimum steps:17212, path:[0, 1, 2, 3, 4, 5, 6, 26, 27, 28, 48, 68, 88, 108, 109, 110, 130, 150, 170, 190, 210, 230, 250, 270, 290, 310, 330, 350, 370, 371, 372, 373, 374, 375, 376, 396, 397, 398, 399]
('Times takes:', 1053.2770161628723)
Dijkstra  -----  Dijkstra
第60天,您的路线为[0, 1, 2, 3, 4, 5, 6, 26, 27, 28, 48, 68, 88, 108, 109, 110, 130, 150, 170, 190, 210, 230, 250, 270, 290, 310, 330, 350, 370, 371, 372, 373, 374, 375, 376, 396, 397, 398, 399]
您的距离系数损耗为1234,风险系数损耗为322,每步距离损耗[67, 11, 55, 51, 25, 13, 12, 19, 21, 80, 35, 30, 26, 48, 76, 15, 22, 8, 27, 67, 50, 54, 80, 71, 10, 47, 32, 13, 19, 5, 36, 12, 39, 19, 9, 14, 12, 4],每步风险损耗[0, 14, 10, 15, 29, 22, 10, 7, 20, 9, 10, 11, 5, 7, 3, 8, 13, 6, 26, 25, 14, 9, 4, 0, 5, 0, 6, 7, 5, 1, 4, 1, 0, 0, 0, 0, 4, 12]
A_star  -----  A_star
第60天,您的路线为[0, 1, 2, 3, 4, 5, 6, 26, 27, 28, 48, 68, 88, 108, 109, 110, 130, 150, 170, 190, 210, 230, 250, 270, 290, 310, 330, 350, 370, 371, 372, 373, 374, 375, 376, 396, 397, 398, 399]
您的距离系数损耗为1234,风险系数损耗为322,每步距离损耗[67, 11, 55, 51, 25, 13, 12, 19, 21, 80, 35, 30, 26, 48, 76, 15, 22, 8, 27, 67, 50, 54, 80, 71, 10, 47, 32, 13, 19, 5, 36, 12, 39, 19, 9, 14, 12, 4],每步风险损耗[0, 14, 10, 15, 29, 22, 10, 7, 20, 9, 10, 11, 5, 7, 3, 8, 13, 6, 26, 25, 14, 9, 4, 0, 5, 0, 6, 7, 5, 1, 4, 1, 0, 0, 0, 0, 4, 12]
RL  -----  RL
第60天,您的路线为[(0, 0), (30, 1), (31, 21), (32, 20), (33, 40), (35, 60), (37, 61), (38, 62), (39, 42), (40, 22), (41, 2), (42, 3), (43, 23), (44, 24), (46, 4), (48, 5), (49, 25), (50, 45), (51, 44), (52, 43), (53, 63), (54, 64), (55, 65), (56, 66), (57, 46), (58, 47), (59, 48), (60, 49), (61, 50), (62, 30), (63, 10), (64, 11), (65, 31), (66, 32), (67, 12), (68, 13), (69, 14), (70, 34), (71, 33), (72, 53), (73, 54), (74, 55), (75, 56), (76, 36), (77, 35), (78, 15), (79, 16), (80, 17), (81, 37), (82, 38), (83, 58), (84, 59), (85, 79), (87, 78), (88, 77), (89, 97), (90, 96), (91, 76), (92, 75), (93, 74), (94, 73), (95, 72), (96, 52), (97, 51), (98, 71), (99, 91), (100, 92), (101, 93), (102, 94), (103, 95), (104, 115), (105, 114), (106, 113), (107, 133), (108, 134), (109, 135), (110, 155), (111, 156), (112, 136), (113, 137), (114, 138), (115, 118), (116, 119), (117, 99), (118, 98)]
您的距离系数损耗为3754,风险系数损耗为306,每步距离损耗[67, 37, 32, 52, 85, 56, 70, 58, 5, 81, 55, 1, 26, 19, 25, 76, 79, 22, 89, 66, 9, 89, 45, 82, 10, 33, 5, 84, 13, 86, 89, 81, 13, 43, 41, 19, 77, 57, 21, 57, 19, 56, 82, 24, 23, 54, 13, 33, 53, 65, 57, 51, 64, 55, 30, 16, 14, 43, 56, 66, 38, 3, 18, 31, 43, 36, 3, 42, 79, 12, 39, 25, 20, 50, 19, 80, 4, 67, 67, 31, 36, 55, 51, 76],每步风险损耗[0, 12, 22, 11, 22, 22, 36, 20, 8, 13, 5, 23, 14, 18, 15, 3, 16, 6, 2, 5, 0, 0, 0, 2, 4, 5, 8, 6, 7, 0, 0, 0, 0, 0, 0, 0, 0, 1, 0, 0, 0, 0, 0, 0, 0, 0, 0, 0, 0, 0, 0, 0, 0, 0, 0, 0, 0, 0, 0, 0, 0, 0, 0, 0, 0, 0, 0, 0, 0, 0, 0, 0, 0, 0, 0, 0, 0, 0, 0, 0, 0, 0, 0, 0]
iteration 60 ********* reward 421120 order0.0140895829015 conflicts 71664 drivers 440999
A_star  -----  A_star
搜索所用时间0.00695204734802s
从节点'0'到节点'399' 所需要的经过的节点是 [0, 1, 2, 3, 4, 5, 6, 26, 27, 28, 48, 68, 88, 108, 109, 110, 130, 150, 170, 190, 210, 230, 250, 270, 290, 310, 330, 350, 370, 371, 372, 373, 374, 375, 376, 396, 397, 398, 399] ,所需要的cost为 17212
Dijkstra  -----  Dijkstra
搜索所用时间0.00255489349365s
minimum steps:17212, path:[0, 1, 2, 3, 4, 5, 6, 26, 27, 28, 48, 68, 88, 108, 109, 110, 130, 150, 170, 190, 210, 230, 250, 270, 290, 310, 330, 350, 370, 371, 372, 373, 374, 375, 376, 396, 397, 398, 399]
('Times takes:', 1056.321557044983)
Dijkstra  -----  Dijkstra
第61天,您的路线为[0, 1, 2, 3, 4, 5, 6, 26, 27, 28, 48, 68, 88, 108, 109, 110, 130, 150, 170, 190, 210, 230, 250, 270, 290, 310, 330, 350, 370, 371, 372, 373, 374, 375, 376, 396, 397, 398, 399]
您的距离系数损耗为1084,风险系数损耗为225,每步距离损耗[67, 11, 55, 51, 25, 13, 12, 19, 21, 80, 35, 30, 26, 48, 76, 15, 22, 8, 27, 67, 50, 54, 80, 71, 10, 47, 32, 13, 19],每步风险损耗[7, 16, 2, 0, 2, 4, 14, 0, 8, 3, 6, 5, 9, 7, 12, 24, 36, 3, 12, 16, 19, 9, 10, 0, 0, 0, 0, 1, 0]
A_star  -----  A_star
第61天,您的路线为[0, 1, 2, 3, 4, 5, 6, 26, 27, 28, 48, 68, 88, 108, 109, 110, 130, 150, 170, 190, 210, 230, 250, 270, 290, 310, 330, 350, 370, 371, 372, 373, 374, 375, 376, 396, 397, 398, 399]
您的距离系数损耗为1084,风险系数损耗为225,每步距离损耗[67, 11, 55, 51, 25, 13, 12, 19, 21, 80, 35, 30, 26, 48, 76, 15, 22, 8, 27, 67, 50, 54, 80, 71, 10, 47, 32, 13, 19],每步风险损耗[7, 16, 2, 0, 2, 4, 14, 0, 8, 3, 6, 5, 9, 7, 12, 24, 36, 3, 12, 16, 19, 9, 10, 0, 0, 0, 0, 1, 0]
RL  -----  RL
第61天,您的路线为[(0, 0), (30, 1), (31, 21), (32, 20), (33, 40), (34, 60), (35, 61), (36, 41), (38, 42), (39, 22), (40, 23), (41, 43), (42, 44), (43, 24), (44, 4), (45, 5), (46, 6), (47, 26), (48, 27), (49, 47), (50, 46), (51, 66), (52, 86), (53, 87), (54, 67), (55, 68), (56, 48), (57, 28), (59, 8), (60, 7)]
您的距离系数损耗为1227,风险系数损耗为125,每步距离损耗[67, 37, 32, 52, 85, 56, 90, 64, 5, 8, 50, 89, 5, 19, 25, 13, 12, 19, 50, 10, 82, 23, 66, 60, 15, 35, 80, 29, 49],每步风险损耗[7, 22, 12, 6, 7, 12, 7, 9, 3, 0, 0, 0, 4, 0, 0, 0, 4, 0, 6, 10, 3, 1, 0, 7, 0, 1, 0, 0, 4]
iteration 61 ********* reward 449540 order0.014099722852 conflicts 71093 drivers 442556
A_star  -----  A_star
搜索所用时间0.00379085540771s
从节点'0'到节点'399' 所需要的经过的节点是 [0, 1, 2, 3, 4, 5, 6, 26, 27, 28, 48, 68, 88, 108, 109, 110, 130, 150, 170, 190, 210, 230, 250, 270, 290, 310, 330, 350, 370, 371, 372, 373, 374, 375, 376, 396, 397, 398, 399] ,所需要的cost为 17212
Dijkstra  -----  Dijkstra
搜索所用时间0.00249910354614s
minimum steps:17212, path:[0, 1, 2, 3, 4, 5, 6, 26, 27, 28, 48, 68, 88, 108, 109, 110, 130, 150, 170, 190, 210, 230, 250, 270, 290, 310, 330, 350, 370, 371, 372, 373, 374, 375, 376, 396, 397, 398, 399]
('Times takes:', 1029.7185270786285)
Dijkstra  -----  Dijkstra
第62天,您的路线为[0, 1, 2, 3, 4, 5, 6, 26, 27, 28, 48, 68, 88, 108, 109, 110, 130, 150, 170, 190, 210, 230, 250, 270, 290, 310, 330, 350, 370, 371, 372, 373, 374, 375, 376, 396, 397, 398, 399]
您的距离系数损耗为1234,风险系数损耗为494,每步距离损耗[67, 11, 55, 51, 25, 13, 12, 19, 21, 80, 35, 30, 26, 48, 76, 15, 22, 8, 27, 67, 50, 54, 80, 71, 10, 47, 32, 13, 19, 5, 36, 12, 39, 19, 9, 14, 12, 4],每步风险损耗[0, 24, 14, 28, 48, 31, 27, 4, 20, 17, 21, 15, 15, 17, 8, 21, 25, 9, 20, 25, 13, 0, 2, 0, 0, 0, 6, 12, 4, 15, 7, 10, 5, 0, 8, 6, 7, 10]
A_star  -----  A_star
第62天,您的路线为[0, 1, 2, 3, 4, 5, 6, 26, 27, 28, 48, 68, 88, 108, 109, 110, 130, 150, 170, 190, 210, 230, 250, 270, 290, 310, 330, 350, 370, 371, 372, 373, 374, 375, 376, 396, 397, 398, 399]
您的距离系数损耗为1234,风险系数损耗为494,每步距离损耗[67, 11, 55, 51, 25, 13, 12, 19, 21, 80, 35, 30, 26, 48, 76, 15, 22, 8, 27, 67, 50, 54, 80, 71, 10, 47, 32, 13, 19, 5, 36, 12, 39, 19, 9, 14, 12, 4],每步风险损耗[0, 24, 14, 28, 48, 31, 27, 4, 20, 17, 21, 15, 15, 17, 8, 21, 25, 9, 20, 25, 13, 0, 2, 0, 0, 0, 6, 12, 4, 15, 7, 10, 5, 0, 8, 6, 7, 10]
RL  -----  RL
第62天,您的路线为[(0, 0), (30, 1), (31, 2), (32, 3), (33, 23), (34, 24), (36, 25), (37, 45), (38, 65), (39, 64), (40, 63), (41, 62), (42, 42), (43, 41), (44, 61), (45, 81), (46, 82), (47, 102), (48, 103), (49, 123), (50, 143), (51, 144), (52, 124), (53, 125), (54, 145), (55, 146), (56, 147), (57, 148), (58, 168), (59, 167), (60, 187), (61, 188), (62, 189), (63, 209), (64, 208), (65, 207), (66, 227), (67, 226), (68, 225), (69, 224), (70, 223), (71, 203), (72, 202), (73, 222), (74, 221), (75, 220), (76, 240), (77, 241), (78, 261), (79, 260), (80, 280), (81, 300), (82, 320), (83, 321), (84, 341), (85, 340), (86, 360), (87, 380), (88, 381), (89, 382), (90, 362), (91, 342), (92, 343), (93, 323), (94, 303), (95, 302), (96, 282), (97, 262), (98, 263), (99, 243), (100, 244), (101, 264), (102, 265), (103, 266), (104, 286), (105, 287), (106, 288), (107, 268), (108, 267), (109, 247), (110, 246), (111, 245)]
您的距离系数损耗为3938,风险系数损耗为508,每步距离损耗[67, 11, 55, 1, 26, 5, 79, 43, 89, 9, 77, 58, 64, 90, 48, 19, 72, 36, 48, 77, 56, 22, 83, 86, 49, 80, 79, 52, 47, 23, 1, 56, 56, 63, 67, 63, 56, 51, 87, 85, 86, 13, 63, 41, 17, 66, 71, 55, 34, 81, 8, 40, 66, 36, 58, 19, 16, 66, 2, 7, 65, 73, 5, 33, 49, 59, 6, 62, 26, 35, 80, 11, 89, 67, 66, 37, 44, 13, 11, 73, 53],每步风险损耗[0, 24, 14, 43, 26, 33, 29, 24, 13, 2, 16, 16, 17, 8, 21, 30, 15, 16, 8, 11, 9, 3, 8, 9, 11, 5, 5, 18, 5, 6, 5, 0, 7, 12, 2, 8, 6, 0, 6, 1, 2, 0, 0, 0, 1, 2, 0, 0, 0, 0, 0, 0, 0, 0, 0, 11, 0, 0, 0, 0, 0, 0, 0, 0, 0, 0, 0, 0, 0, 0, 0, 0, 0, 0, 0, 0, 0, 0, 0, 0, 0]
iteration 62 ********* reward 335100 order0.0140499408838 conflicts 68696 drivers 420516
A_star  -----  A_star
搜索所用时间0.00487804412842s
从节点'0'到节点'399' 所需要的经过的节点是 [0, 1, 2, 3, 4, 5, 6, 26, 27, 28, 48, 68, 88, 108, 109, 110, 130, 150, 170, 190, 210, 230, 250, 270, 290, 310, 330, 350, 370, 371, 372, 373, 374, 375, 376, 396, 397, 398, 399] ,所需要的cost为 17212
Dijkstra  -----  Dijkstra
搜索所用时间0.00352811813354s
minimum steps:17212, path:[0, 1, 2, 3, 4, 5, 6, 26, 27, 28, 48, 68, 88, 108, 109, 110, 130, 150, 170, 190, 210, 230, 250, 270, 290, 310, 330, 350, 370, 371, 372, 373, 374, 375, 376, 396, 397, 398, 399]
('Times takes:', 985.590564250946)
Dijkstra  -----  Dijkstra
第63天,您的路线为[0, 1, 2, 3, 4, 5, 6, 26, 27, 28, 48, 68, 88, 108, 109, 110, 130, 150, 170, 190, 210, 230, 250, 270, 290, 310, 330, 350, 370, 371, 372, 373, 374, 375, 376, 396, 397, 398, 399]
您的距离系数损耗为1218,风险系数损耗为369,每步距离损耗[67, 11, 55, 51, 25, 13, 12, 19, 21, 80, 35, 30, 26, 48, 76, 15, 22, 8, 27, 67, 50, 54, 80, 71, 10, 47, 32, 13, 19, 5, 36, 12, 39, 19, 9, 14],每步风险损耗[0, 6, 1, 4, 35, 25, 12, 8, 15, 3, 11, 10, 9, 5, 8, 28, 18, 4, 11, 21, 23, 17, 12, 11, 6, 5, 14, 7, 1, 2, 3, 8, 1, 7, 10, 8]
A_star  -----  A_star
第63天,您的路线为[0, 1, 2, 3, 4, 5, 6, 26, 27, 28, 48, 68, 88, 108, 109, 110, 130, 150, 170, 190, 210, 230, 250, 270, 290, 310, 330, 350, 370, 371, 372, 373, 374, 375, 376, 396, 397, 398, 399]
您的距离系数损耗为1218,风险系数损耗为369,每步距离损耗[67, 11, 55, 51, 25, 13, 12, 19, 21, 80, 35, 30, 26, 48, 76, 15, 22, 8, 27, 67, 50, 54, 80, 71, 10, 47, 32, 13, 19, 5, 36, 12, 39, 19, 9, 14],每步风险损耗[0, 6, 1, 4, 35, 25, 12, 8, 15, 3, 11, 10, 9, 5, 8, 28, 18, 4, 11, 21, 23, 17, 12, 11, 6, 5, 14, 7, 1, 2, 3, 8, 1, 7, 10, 8]
RL  -----  RL
第63天,您的路线为[(0, 0), (30, 1), (31, 2), (32, 3), (33, 4), (34, 24), (35, 44), (36, 64), (37, 63), (38, 62), (39, 82), (40, 102), (41, 101), (42, 121), (43, 122), (44, 142), (45, 143), (46, 144), (47, 124), (48, 123), (49, 103), (50, 104), (51, 84), (52, 85), (53, 105), (54, 106), (55, 86), (56, 66), (57, 65), (59, 45), (60, 25), (61, 26), (62, 6), (63, 7), (64, 27), (65, 47), (66, 46)]
您的距离系数损耗为1697,风险系数损耗为152,每步距离损耗[67, 11, 55, 51, 19, 5, 17, 9, 77, 50, 72, 32, 54, 74, 40, 72, 56, 22, 11, 48, 68, 84, 86, 68, 62, 73, 23, 45, 43, 79, 38, 12, 25, 89, 50, 10],每步风险损耗[0, 6, 1, 4, 19, 21, 11, 3, 6, 0, 0, 0, 0, 5, 5, 4, 14, 15, 4, 2, 0, 1, 0, 0, 0, 0, 2, 8, 4, 5, 0, 5, 0, 0, 2, 5]
iteration 63 ********* reward 464040 order0.014072057245 conflicts 72397 drivers 449060
A_star  -----  A_star
搜索所用时间0.00407314300537s
从节点'0'到节点'399' 所需要的经过的节点是 [0, 1, 2, 3, 4, 5, 6, 26, 27, 28, 48, 68, 88, 108, 109, 110, 130, 150, 170, 190, 210, 230, 250, 270, 290, 310, 330, 350, 370, 371, 372, 373, 374, 375, 376, 396, 397, 398, 399] ,所需要的cost为 17212
Dijkstra  -----  Dijkstra
搜索所用时间0.00249910354614s
minimum steps:17212, path:[0, 1, 2, 3, 4, 5, 6, 26, 27, 28, 48, 68, 88, 108, 109, 110, 130, 150, 170, 190, 210, 230, 250, 270, 290, 310, 330, 350, 370, 371, 372, 373, 374, 375, 376, 396, 397, 398, 399]
('Times takes:', 1013.128484249115)
Dijkstra  -----  Dijkstra
第64天,您的路线为[0, 1, 2, 3, 4, 5, 6, 26, 27, 28, 48, 68, 88, 108, 109, 110, 130, 150, 170, 190, 210, 230, 250, 270, 290, 310, 330, 350, 370, 371, 372, 373, 374, 375, 376, 396, 397, 398, 399]
您的距离系数损耗为1195,风险系数损耗为314,每步距离损耗[67, 11, 55, 51, 25, 13, 12, 19, 21, 80, 35, 30, 26, 48, 76, 15, 22, 8, 27, 67, 50, 54, 80, 71, 10, 47, 32, 13, 19, 5, 36, 12, 39, 19],每步风险损耗[10, 15, 5, 0, 1, 3, 19, 4, 9, 3, 7, 13, 22, 11, 13, 25, 31, 1, 20, 20, 31, 11, 7, 1, 2, 0, 4, 3, 0, 0, 6, 17, 0, 0]
A_star  -----  A_star
第64天,您的路线为[0, 1, 2, 3, 4, 5, 6, 26, 27, 28, 48, 68, 88, 108, 109, 110, 130, 150, 170, 190, 210, 230, 250, 270, 290, 310, 330, 350, 370, 371, 372, 373, 374, 375, 376, 396, 397, 398, 399]
您的距离系数损耗为1195,风险系数损耗为314,每步距离损耗[67, 11, 55, 51, 25, 13, 12, 19, 21, 80, 35, 30, 26, 48, 76, 15, 22, 8, 27, 67, 50, 54, 80, 71, 10, 47, 32, 13, 19, 5, 36, 12, 39, 19],每步风险损耗[10, 15, 5, 0, 1, 3, 19, 4, 9, 3, 7, 13, 22, 11, 13, 25, 31, 1, 20, 20, 31, 11, 7, 1, 2, 0, 4, 3, 0, 0, 6, 17, 0, 0]
RL  -----  RL
第64天,您的路线为[(0, 0), (30, 1), (31, 21), (32, 20), (33, 40), (34, 41), (35, 42), (36, 22), (37, 2), (38, 3), (39, 23), (40, 24), (41, 25), (42, 26), (43, 46), (44, 66), (45, 67), (46, 47), (47, 27), (48, 7), (49, 8), (50, 9), (51, 29), (52, 49), (53, 50), (54, 30), (55, 10), (57, 11), (58, 31), (60, 51), (61, 52), (62, 32), (63, 33), (64, 13), (65, 12)]
您的距离系数损耗为1736,风险系数损耗为222,每步距离损耗[67, 37, 32, 52, 50, 64, 5, 81, 55, 1, 26, 5, 38, 10, 82, 31, 79, 50, 89, 49, 60, 66, 4, 84, 13, 86, 89, 81, 77, 18, 82, 65, 67, 41],每步风险损耗[10, 13, 12, 24, 5, 16, 8, 10, 2, 2, 6, 0, 0, 11, 17, 6, 14, 22, 8, 4, 0, 0, 1, 6, 9, 0, 0, 0, 0, 7, 9, 0, 0, 0]
iteration 64 ********* reward 379110 order0.0140431911649 conflicts 74520 drivers 485920
A_star  -----  A_star
搜索所用时间0.0055820941925s
从节点'0'到节点'399' 所需要的经过的节点是 [0, 1, 2, 3, 4, 5, 6, 26, 27, 28, 48, 68, 88, 108, 109, 110, 130, 150, 170, 190, 210, 230, 250, 270, 290, 310, 330, 350, 370, 371, 372, 373, 374, 375, 376, 396, 397, 398, 399] ,所需要的cost为 17212
Dijkstra  -----  Dijkstra
搜索所用时间0.0027711391449s
minimum steps:17212, path:[0, 1, 2, 3, 4, 5, 6, 26, 27, 28, 48, 68, 88, 108, 109, 110, 130, 150, 170, 190, 210, 230, 250, 270, 290, 310, 330, 350, 370, 371, 372, 373, 374, 375, 376, 396, 397, 398, 399]
('Times takes:', 1002.5772519111633)
Dijkstra  -----  Dijkstra
第65天,您的路线为[0, 1, 2, 3, 4, 5, 6, 26, 27, 28, 48, 68, 88, 108, 109, 110, 130, 150, 170, 190, 210, 230, 250, 270, 290, 310, 330, 350, 370, 371, 372, 373, 374, 375, 376, 396, 397, 398, 399]
您的距离系数损耗为234,风险系数损耗为38,每步距离损耗[67, 11, 55, 51, 25, 13, 12],每步风险损耗[0, 3, 1, 0, 14, 10, 10]
A_star  -----  A_star
第65天,您的路线为[0, 1, 2, 3, 4, 5, 6, 26, 27, 28, 48, 68, 88, 108, 109, 110, 130, 150, 170, 190, 210, 230, 250, 270, 290, 310, 330, 350, 370, 371, 372, 373, 374, 375, 376, 396, 397, 398, 399]
您的距离系数损耗为234,风险系数损耗为38,每步距离损耗[67, 11, 55, 51, 25, 13, 12],每步风险损耗[0, 3, 1, 0, 14, 10, 10]
RL  -----  RL
第65天,您的路线为[(0, 0), (30, 20), (31, 21), (32, 22), (33, 23), (34, 3), (35, 2), (36, 1)]
您的距离系数损耗为166,风险系数损耗为20,每步距离损耗[4, 32, 55, 8, 1, 55, 11],每步风险损耗[0, 4, 1, 3, 6, 0, 6]
iteration 65 ********* reward 386190 order0.0140215818991 conflicts 74424 drivers 479384
A_star  -----  A_star
搜索所用时间0.00413703918457s
从节点'0'到节点'399' 所需要的经过的节点是 [0, 1, 2, 3, 4, 5, 6, 26, 27, 28, 48, 68, 88, 108, 109, 110, 130, 150, 170, 190, 210, 230, 250, 270, 290, 310, 330, 350, 370, 371, 372, 373, 374, 375, 376, 396, 397, 398, 399] ,所需要的cost为 17212
Dijkstra  -----  Dijkstra
搜索所用时间0.00348401069641s
minimum steps:17212, path:[0, 1, 2, 3, 4, 5, 6, 26, 27, 28, 48, 68, 88, 108, 109, 110, 130, 150, 170, 190, 210, 230, 250, 270, 290, 310, 330, 350, 370, 371, 372, 373, 374, 375, 376, 396, 397, 398, 399]
('Times takes:', 999.2952539920807)
Dijkstra  -----  Dijkstra
第66天,您的路线为[0, 1, 2, 3, 4, 5, 6, 26, 27, 28, 48, 68, 88, 108, 109, 110, 130, 150, 170, 190, 210, 230, 250, 270, 290, 310, 330, 350, 370, 371, 372, 373, 374, 375, 376, 396, 397, 398, 399]
您的距离系数损耗为1234,风险系数损耗为297,每步距离损耗[67, 11, 55, 51, 25, 13, 12, 19, 21, 80, 35, 30, 26, 48, 76, 15, 22, 8, 27, 67, 50, 54, 80, 71, 10, 47, 32, 13, 19, 5, 36, 12, 39, 19, 9, 14, 12, 4],每步风险损耗[1, 13, 2, 6, 17, 17, 19, 5, 16, 12, 13, 24, 17, 10, 16, 13, 24, 2, 9, 20, 7, 4, 1, 0, 0, 0, 0, 2, 0, 0, 0, 5, 0, 0, 7, 3, 7, 5]
A_star  -----  A_star
第66天,您的路线为[0, 1, 2, 3, 4, 5, 6, 26, 27, 28, 48, 68, 88, 108, 109, 110, 130, 150, 170, 190, 210, 230, 250, 270, 290, 310, 330, 350, 370, 371, 372, 373, 374, 375, 376, 396, 397, 398, 399]
您的距离系数损耗为1234,风险系数损耗为297,每步距离损耗[67, 11, 55, 51, 25, 13, 12, 19, 21, 80, 35, 30, 26, 48, 76, 15, 22, 8, 27, 67, 50, 54, 80, 71, 10, 47, 32, 13, 19, 5, 36, 12, 39, 19, 9, 14, 12, 4],每步风险损耗[1, 13, 2, 6, 17, 17, 19, 5, 16, 12, 13, 24, 17, 10, 16, 13, 24, 2, 9, 20, 7, 4, 1, 0, 0, 0, 0, 2, 0, 0, 0, 5, 0, 0, 7, 3, 7, 5]
RL  -----  RL
第66天,您的路线为[(0, 0), (30, 1), (31, 2), (32, 22), (33, 21), (34, 41), (35, 61), (36, 81), (37, 101), (38, 102), (39, 82), (40, 62), (41, 63), (43, 64), (44, 44), (45, 24), (48, 23), (49, 3), (50, 4), (51, 5), (52, 6), (53, 26), (54, 25), (56, 45), (57, 46), (58, 47), (59, 48), (60, 49), (61, 50), (62, 51), (63, 52), (64, 32), (65, 33), (66, 13), (69, 14), (71, 15), (72, 35), (73, 34), (74, 54), (75, 55), (76, 75), (78, 95), (79, 94), (80, 93), (81, 92), (82, 72), (83, 71), (84, 70), (85, 69), (86, 68), (87, 88), (88, 87), (89, 107), (90, 106), (91, 86), (92, 66), (93, 67)]
您的距离系数损耗为2320,风险系数损耗为301,每步距离损耗[67, 11, 81, 55, 40, 90, 48, 61, 32, 72, 50, 77, 9, 17, 5, 26, 1, 51, 25, 13, 12, 38, 79, 70, 10, 33, 5, 84, 37, 18, 82, 65, 67, 19, 88, 23, 47, 3, 19, 60, 37, 79, 42, 3, 36, 4, 79, 68, 8, 30, 25, 57, 35, 73, 23, 31],每步风险损耗[1, 13, 7, 14, 5, 6, 25, 11, 4, 20, 12, 15, 0, 3, 3, 5, 27, 0, 3, 4, 3, 3, 6, 0, 4, 3, 20, 20, 14, 11, 8, 21, 4, 0, 0, 0, 0, 3, 3, 0, 0, 0, 0, 0, 0, 0, 0, 0, 0, 0, 0, 0, 0, 0, 0, 0]
iteration 66 ********* reward 387630 order0.0140029067223 conflicts 69746 drivers 421447
A_star  -----  A_star
搜索所用时间0.00379109382629s
从节点'0'到节点'399' 所需要的经过的节点是 [0, 1, 2, 3, 4, 5, 6, 26, 27, 28, 48, 68, 88, 108, 109, 110, 130, 150, 170, 190, 210, 230, 250, 270, 290, 310, 330, 350, 370, 371, 372, 373, 374, 375, 376, 396, 397, 398, 399] ,所需要的cost为 17212
Dijkstra  -----  Dijkstra
搜索所用时间0.00249910354614s
minimum steps:17212, path:[0, 1, 2, 3, 4, 5, 6, 26, 27, 28, 48, 68, 88, 108, 109, 110, 130, 150, 170, 190, 210, 230, 250, 270, 290, 310, 330, 350, 370, 371, 372, 373, 374, 375, 376, 396, 397, 398, 399]
('Times takes:', 1002.8790757656097)
Dijkstra  -----  Dijkstra
第67天,您的路线为[0, 1, 2, 3, 4, 5, 6, 26, 27, 28, 48, 68, 88, 108, 109, 110, 130, 150, 170, 190, 210, 230, 250, 270, 290, 310, 330, 350, 370, 371, 372, 373, 374, 375, 376, 396, 397, 398, 399]
您的距离系数损耗为1234,风险系数损耗为429,每步距离损耗[67, 11, 55, 51, 25, 13, 12, 19, 21, 80, 35, 30, 26, 48, 76, 15, 22, 8, 27, 67, 50, 54, 80, 71, 10, 47, 32, 13, 19, 5, 36, 12, 39, 19, 9, 14, 12, 4],每步风险损耗[0, 8, 0, 0, 11, 13, 27, 12, 27, 14, 10, 14, 16, 7, 18, 29, 14, 9, 27, 30, 25, 14, 7, 7, 0, 1, 6, 14, 1, 5, 11, 23, 3, 0, 0, 0, 13, 13]
A_star  -----  A_star
第67天,您的路线为[0, 1, 2, 3, 4, 5, 6, 26, 27, 28, 48, 68, 88, 108, 109, 110, 130, 150, 170, 190, 210, 230, 250, 270, 290, 310, 330, 350, 370, 371, 372, 373, 374, 375, 376, 396, 397, 398, 399]
您的距离系数损耗为1234,风险系数损耗为429,每步距离损耗[67, 11, 55, 51, 25, 13, 12, 19, 21, 80, 35, 30, 26, 48, 76, 15, 22, 8, 27, 67, 50, 54, 80, 71, 10, 47, 32, 13, 19, 5, 36, 12, 39, 19, 9, 14, 12, 4],每步风险损耗[0, 8, 0, 0, 11, 13, 27, 12, 27, 14, 10, 14, 16, 7, 18, 29, 14, 9, 27, 30, 25, 14, 7, 7, 0, 1, 6, 14, 1, 5, 11, 23, 3, 0, 0, 0, 13, 13]
RL  -----  RL
第67天,您的路线为[(0, 0), (30, 1), (31, 2), (32, 3), (33, 4), (34, 24), (35, 23), (36, 43), (37, 44), (38, 45), (39, 25), (40, 26), (41, 46), (42, 47), (44, 27), (45, 7), (46, 8), (47, 28), (48, 48), (49, 68), (50, 67), (51, 66), (52, 65), (53, 64), (54, 84), (55, 104), (56, 124), (57, 144), (58, 143), (59, 163), (60, 164), (61, 184), (62, 204), (63, 203), (64, 202), (65, 201), (66, 221), (67, 220), (69, 200), (70, 180), (71, 181), (72, 161), (73, 141), (74, 140), (75, 120), (76, 100), (77, 80), (78, 81), (79, 61), (80, 41), (81, 40), (82, 60)]
您的距离系数损耗为2262,风险系数损耗为380,每步距离损耗[67, 11, 55, 51, 19, 26, 50, 89, 22, 79, 38, 10, 10, 50, 89, 49, 29, 80, 35, 15, 31, 45, 89, 83, 84, 15, 22, 56, 46, 79, 44, 18, 13, 13, 8, 66, 17, 9, 83, 37, 2, 15, 10, 33, 46, 64, 87, 48, 90, 50, 85],每步风险损耗[0, 8, 0, 0, 7, 15, 17, 20, 26, 31, 5, 36, 19, 28, 11, 3, 9, 9, 6, 11, 11, 9, 3, 15, 6, 4, 20, 6, 4, 12, 1, 0, 5, 0, 10, 7, 6, 0, 0, 0, 0, 0, 0, 0, 0, 0, 0, 0, 0, 0, 0]
iteration 67 ********* reward 409560 order0.0139951740647 conflicts 71858 drivers 452133
A_star  -----  A_star
搜索所用时间0.00598406791687s
从节点'0'到节点'399' 所需要的经过的节点是 [0, 1, 2, 3, 4, 5, 6, 26, 27, 28, 48, 68, 88, 108, 109, 110, 130, 150, 170, 190, 210, 230, 250, 270, 290, 310, 330, 350, 370, 371, 372, 373, 374, 375, 376, 396, 397, 398, 399] ,所需要的cost为 17212
Dijkstra  -----  Dijkstra
搜索所用时间0.0040009021759s
minimum steps:17212, path:[0, 1, 2, 3, 4, 5, 6, 26, 27, 28, 48, 68, 88, 108, 109, 110, 130, 150, 170, 190, 210, 230, 250, 270, 290, 310, 330, 350, 370, 371, 372, 373, 374, 375, 376, 396, 397, 398, 399]
('Times takes:', 1033.8966970443726)
Dijkstra  -----  Dijkstra
第68天,您的路线为[0, 1, 2, 3, 4, 5, 6, 26, 27, 28, 48, 68, 88, 108, 109, 110, 130, 150, 170, 190, 210, 230, 250, 270, 290, 310, 330, 350, 370, 371, 372, 373, 374, 375, 376, 396, 397, 398, 399]
您的距离系数损耗为234,风险系数损耗为140,每步距离损耗[67, 11, 55, 51, 25, 13, 12],每步风险损耗[9, 37, 13, 24, 24, 21, 12]
A_star  -----  A_star
第68天,您的路线为[0, 1, 2, 3, 4, 5, 6, 26, 27, 28, 48, 68, 88, 108, 109, 110, 130, 150, 170, 190, 210, 230, 250, 270, 290, 310, 330, 350, 370, 371, 372, 373, 374, 375, 376, 396, 397, 398, 399]
您的距离系数损耗为234,风险系数损耗为140,每步距离损耗[67, 11, 55, 51, 25, 13, 12],每步风险损耗[9, 37, 13, 24, 24, 21, 12]
RL  -----  RL
第68天,您的路线为[(0, 0), (30, 1), (31, 21), (32, 22), (33, 42), (34, 41), (35, 40), (37, 20)]
您的距离系数损耗为330,风险系数损耗为110,每步距离损耗[67, 37, 55, 5, 64, 50, 52],每步风险损耗[9, 25, 24, 20, 20, 4, 8]
iteration 68 ********* reward 297810 order0.0139342083983 conflicts 71238 drivers 436905
A_star  -----  A_star
搜索所用时间0.00417613983154s
从节点'0'到节点'399' 所需要的经过的节点是 [0, 1, 2, 3, 4, 5, 6, 26, 27, 28, 48, 68, 88, 108, 109, 110, 130, 150, 170, 190, 210, 230, 250, 270, 290, 310, 330, 350, 370, 371, 372, 373, 374, 375, 376, 396, 397, 398, 399] ,所需要的cost为 17212
Dijkstra  -----  Dijkstra
搜索所用时间0.00254487991333s
minimum steps:17212, path:[0, 1, 2, 3, 4, 5, 6, 26, 27, 28, 48, 68, 88, 108, 109, 110, 130, 150, 170, 190, 210, 230, 250, 270, 290, 310, 330, 350, 370, 371, 372, 373, 374, 375, 376, 396, 397, 398, 399]
('Times takes:', 1009.802090883255)
Dijkstra  -----  Dijkstra
第69天,您的路线为[0, 1, 2, 3, 4, 5, 6, 26, 27, 28, 48, 68, 88, 108, 109, 110, 130, 150, 170, 190, 210, 230, 250, 270, 290, 310, 330, 350, 370, 371, 372, 373, 374, 375, 376, 396, 397, 398, 399]
您的距离系数损耗为1234,风险系数损耗为412,每步距离损耗[67, 11, 55, 51, 25, 13, 12, 19, 21, 80, 35, 30, 26, 48, 76, 15, 22, 8, 27, 67, 50, 54, 80, 71, 10, 47, 32, 13, 19, 5, 36, 12, 39, 19, 9, 14, 12, 4],每步风险损耗[0, 14, 5, 17, 20, 24, 31, 12, 9, 14, 10, 25, 4, 3, 5, 1, 4, 3, 10, 21, 20, 7, 4, 0, 0, 0, 2, 8, 10, 4, 14, 20, 10, 4, 7, 10, 25, 35]
A_star  -----  A_star
第69天,您的路线为[0, 1, 2, 3, 4, 5, 6, 26, 27, 28, 48, 68, 88, 108, 109, 110, 130, 150, 170, 190, 210, 230, 250, 270, 290, 310, 330, 350, 370, 371, 372, 373, 374, 375, 376, 396, 397, 398, 399]
您的距离系数损耗为1234,风险系数损耗为412,每步距离损耗[67, 11, 55, 51, 25, 13, 12, 19, 21, 80, 35, 30, 26, 48, 76, 15, 22, 8, 27, 67, 50, 54, 80, 71, 10, 47, 32, 13, 19, 5, 36, 12, 39, 19, 9, 14, 12, 4],每步风险损耗[0, 14, 5, 17, 20, 24, 31, 12, 9, 14, 10, 25, 4, 3, 5, 1, 4, 3, 10, 21, 20, 7, 4, 0, 0, 0, 2, 8, 10, 4, 14, 20, 10, 4, 7, 10, 25, 35]
RL  -----  RL
第69天,您的路线为[(0, 0), (31, 1), (32, 21), (33, 20), (34, 40), (35, 60), (36, 80), (37, 81), (38, 61), (39, 41), (40, 42), (41, 22), (42, 2), (43, 3), (45, 23), (46, 24), (48, 25), (49, 5), (50, 6), (51, 7), (52, 8), (53, 9), (54, 10), (55, 30), (56, 31), (57, 11), (58, 12), (59, 32), (60, 52), (61, 51), (62, 50), (63, 49), (64, 29), (65, 28), (66, 48), (67, 68), (68, 88), (69, 89), (70, 69), (71, 70), (72, 71), (73, 91), (74, 111), (75, 112), (76, 132), (77, 131), (78, 130), (79, 129), (80, 109), (81, 110), (82, 90)]
您的距离系数损耗为2500,风险系数损耗为252,每步距离损耗[67, 37, 32, 52, 85, 57, 87, 48, 90, 64, 5, 81, 55, 1, 26, 5, 76, 13, 25, 49, 60, 82, 86, 39, 81, 16, 43, 82, 18, 37, 84, 4, 49, 80, 35, 30, 24, 57, 68, 79, 43, 29, 4, 43, 74, 38, 34, 69, 76, 81],每步风险损耗[0, 9, 16, 7, 6, 6, 17, 13, 4, 2, 6, 5, 0, 18, 7, 16, 8, 20, 6, 8, 2, 8, 4, 6, 29, 13, 7, 4, 5, 0, 0, 0, 0, 0, 0, 0, 0, 0, 0, 0, 0, 0, 0, 0, 0, 0, 0, 0, 0, 0]
iteration 69 ********* reward 352280 order0.0138983557034 conflicts 74223 drivers 471604
A_star  -----  A_star
搜索所用时间0.00384283065796s
从节点'0'到节点'399' 所需要的经过的节点是 [0, 1, 2, 3, 4, 5, 6, 26, 27, 28, 48, 68, 88, 108, 109, 110, 130, 150, 170, 190, 210, 230, 250, 270, 290, 310, 330, 350, 370, 371, 372, 373, 374, 375, 376, 396, 397, 398, 399] ,所需要的cost为 17212
Dijkstra  -----  Dijkstra
搜索所用时间0.00379300117493s
minimum steps:17212, path:[0, 1, 2, 3, 4, 5, 6, 26, 27, 28, 48, 68, 88, 108, 109, 110, 130, 150, 170, 190, 210, 230, 250, 270, 290, 310, 330, 350, 370, 371, 372, 373, 374, 375, 376, 396, 397, 398, 399]
('Times takes:', 1018.8872799873352)
Dijkstra  -----  Dijkstra
第70天,您的路线为[0, 1, 2, 3, 4, 5, 6, 26, 27, 28, 48, 68, 88, 108, 109, 110, 130, 150, 170, 190, 210, 230, 250, 270, 290, 310, 330, 350, 370, 371, 372, 373, 374, 375, 376, 396, 397, 398, 399]
您的距离系数损耗为1234,风险系数损耗为411,每步距离损耗[67, 11, 55, 51, 25, 13, 12, 19, 21, 80, 35, 30, 26, 48, 76, 15, 22, 8, 27, 67, 50, 54, 80, 71, 10, 47, 32, 13, 19, 5, 36, 12, 39, 19, 9, 14, 12, 4],每步风险损耗[12, 70, 22, 20, 40, 39, 17, 3, 28, 9, 10, 12, 7, 11, 12, 9, 14, 2, 5, 4, 13, 4, 9, 1, 0, 2, 7, 12, 0, 3, 3, 4, 0, 0, 0, 0, 4, 3]
A_star  -----  A_star
第70天,您的路线为[0, 1, 2, 3, 4, 5, 6, 26, 27, 28, 48, 68, 88, 108, 109, 110, 130, 150, 170, 190, 210, 230, 250, 270, 290, 310, 330, 350, 370, 371, 372, 373, 374, 375, 376, 396, 397, 398, 399]
您的距离系数损耗为1234,风险系数损耗为411,每步距离损耗[67, 11, 55, 51, 25, 13, 12, 19, 21, 80, 35, 30, 26, 48, 76, 15, 22, 8, 27, 67, 50, 54, 80, 71, 10, 47, 32, 13, 19, 5, 36, 12, 39, 19, 9, 14, 12, 4],每步风险损耗[12, 70, 22, 20, 40, 39, 17, 3, 28, 9, 10, 12, 7, 11, 12, 9, 14, 2, 5, 4, 13, 4, 9, 1, 0, 2, 7, 12, 0, 3, 3, 4, 0, 0, 0, 0, 4, 3]
RL  -----  RL
第70天,您的路线为[(0, 0), (30, 20), (31, 21), (32, 1), (33, 2), (34, 3), (35, 4), (36, 5), (38, 6), (39, 7), (40, 27), (41, 28), (42, 29), (43, 49), (44, 48), (45, 47), (46, 67), (47, 66), (48, 65), (49, 64), (50, 44), (51, 24), (52, 23), (53, 43), (54, 42), (55, 41), (56, 40), (57, 60), (58, 80), (59, 81), (60, 101), (61, 121), (62, 122), (63, 123), (64, 103), (65, 104), (66, 124), (67, 125), (68, 126), (69, 106), (70, 107), (71, 108), (72, 88), (73, 68), (75, 69), (76, 89), (77, 109), (78, 129), (79, 128), (80, 127), (81, 147), (82, 148), (83, 149), (84, 150), (85, 170), (86, 169), (87, 168), (88, 188), (89, 208), (90, 209), (91, 229), (92, 230), (93, 231), (94, 251), (95, 250), (96, 249), (97, 269), (98, 289), (99, 288), (100, 308), (101, 309), (102, 329), (103, 330), (104, 331), (105, 332), (106, 312), (107, 311), (108, 291), (109, 290), (110, 310)]
您的距离系数损耗为3153,风险系数损耗为469,每步距离损耗[4, 32, 37, 11, 55, 51, 25, 13, 25, 89, 21, 49, 4, 5, 33, 79, 31, 45, 89, 17, 5, 26, 50, 68, 64, 50, 85, 57, 87, 61, 54, 74, 36, 48, 68, 15, 83, 34, 43, 35, 49, 26, 30, 8, 57, 13, 69, 17, 11, 8, 79, 33, 40, 8, 14, 70, 18, 10, 63, 30, 74, 67, 71, 24, 9, 45, 7, 67, 19, 52, 17, 18, 20, 70, 72, 19, 30, 51, 10],每步风险损耗[18, 20, 40, 70, 20, 20, 35, 39, 9, 21, 22, 21, 11, 32, 11, 11, 9, 9, 2, 0, 4, 4, 2, 7, 13, 0, 5, 0, 4, 0, 0, 0, 6, 4, 0, 0, 0, 0, 0, 0, 0, 0, 0, 0, 0, 0, 0, 0, 0, 0, 0, 0, 0, 0, 0, 0, 0, 0, 0, 0, 0, 0, 0, 0, 0, 0, 0, 0, 0, 0, 0, 0, 0, 0, 0, 0, 0, 0, 0]
iteration 70 ********* reward 389640 order0.0138838938789 conflicts 70524 drivers 428953
A_star  -----  A_star
搜索所用时间0.00433897972107s
从节点'0'到节点'399' 所需要的经过的节点是 [0, 1, 2, 3, 4, 5, 6, 26, 27, 28, 48, 68, 88, 108, 109, 110, 130, 150, 170, 190, 210, 230, 250, 270, 290, 310, 330, 350, 370, 371, 372, 373, 374, 375, 376, 396, 397, 398, 399] ,所需要的cost为 17212
Dijkstra  -----  Dijkstra
搜索所用时间0.00334310531616s
minimum steps:17212, path:[0, 1, 2, 3, 4, 5, 6, 26, 27, 28, 48, 68, 88, 108, 109, 110, 130, 150, 170, 190, 210, 230, 250, 270, 290, 310, 330, 350, 370, 371, 372, 373, 374, 375, 376, 396, 397, 398, 399]
('Times takes:', 1023.4102849960327)
Dijkstra  -----  Dijkstra
第71天,您的路线为[0, 1, 2, 3, 4, 5, 6, 26, 27, 28, 48, 68, 88, 108, 109, 110, 130, 150, 170, 190, 210, 230, 250, 270, 290, 310, 330, 350, 370, 371, 372, 373, 374, 375, 376, 396, 397, 398, 399]
您的距离系数损耗为569,风险系数损耗为158,每步距离损耗[67, 11, 55, 51, 25, 13, 12, 19, 21, 80, 35, 30, 26, 48, 76],每步风险损耗[7, 31, 8, 16, 19, 8, 11, 7, 9, 1, 9, 13, 7, 5, 7]
A_star  -----  A_star
第71天,您的路线为[0, 1, 2, 3, 4, 5, 6, 26, 27, 28, 48, 68, 88, 108, 109, 110, 130, 150, 170, 190, 210, 230, 250, 270, 290, 310, 330, 350, 370, 371, 372, 373, 374, 375, 376, 396, 397, 398, 399]
您的距离系数损耗为569,风险系数损耗为158,每步距离损耗[67, 11, 55, 51, 25, 13, 12, 19, 21, 80, 35, 30, 26, 48, 76],每步风险损耗[7, 31, 8, 16, 19, 8, 11, 7, 9, 1, 9, 13, 7, 5, 7]
RL  -----  RL
第71天,您的路线为[(0, 0), (32, 1), (33, 21), (34, 41), (35, 42), (36, 22), (37, 23), (38, 43), (39, 63), (40, 62), (41, 82), (42, 81), (43, 61), (44, 60), (45, 40), (46, 20)]
您的距离系数损耗为724,风险系数损耗为172,每步距离损耗[67, 37, 40, 64, 5, 8, 50, 66, 77, 50, 19, 48, 56, 85, 52],每步风险损耗[7, 23, 22, 16, 5, 13, 12, 13, 14, 1, 8, 12, 15, 8, 3]
iteration 71 ********* reward 336590 order0.0138470928434 conflicts 69202 drivers 430186
A_star  -----  A_star
搜索所用时间0.00378108024597s
从节点'0'到节点'399' 所需要的经过的节点是 [0, 1, 2, 3, 4, 5, 6, 26, 27, 28, 48, 68, 88, 108, 109, 110, 130, 150, 170, 190, 210, 230, 250, 270, 290, 310, 330, 350, 370, 371, 372, 373, 374, 375, 376, 396, 397, 398, 399] ,所需要的cost为 17212
Dijkstra  -----  Dijkstra
搜索所用时间0.00247097015381s
minimum steps:17212, path:[0, 1, 2, 3, 4, 5, 6, 26, 27, 28, 48, 68, 88, 108, 109, 110, 130, 150, 170, 190, 210, 230, 250, 270, 290, 310, 330, 350, 370, 371, 372, 373, 374, 375, 376, 396, 397, 398, 399]
('Times takes:', 988.497358083725)
Dijkstra  -----  Dijkstra
第72天,您的路线为[0, 1, 2, 3, 4, 5, 6, 26, 27, 28, 48, 68, 88, 108, 109, 110, 130, 150, 170, 190, 210, 230, 250, 270, 290, 310, 330, 350, 370, 371, 372, 373, 374, 375, 376, 396, 397, 398, 399]
您的距离系数损耗为389,风险系数损耗为145,每步距离损耗[67, 11, 55, 51, 25, 13, 12, 19, 21, 80, 35],每步风险损耗[5, 26, 8, 13, 21, 13, 22, 13, 8, 6, 10]
A_star  -----  A_star
第72天,您的路线为[0, 1, 2, 3, 4, 5, 6, 26, 27, 28, 48, 68, 88, 108, 109, 110, 130, 150, 170, 190, 210, 230, 250, 270, 290, 310, 330, 350, 370, 371, 372, 373, 374, 375, 376, 396, 397, 398, 399]
您的距离系数损耗为389,风险系数损耗为145,每步距离损耗[67, 11, 55, 51, 25, 13, 12, 19, 21, 80, 35],每步风险损耗[5, 26, 8, 13, 21, 13, 22, 13, 8, 6, 10]
RL  -----  RL
第72天,您的路线为[(0, 0), (31, 20), (32, 21), (33, 1), (34, 2), (35, 22), (37, 23), (38, 24), (39, 25), (40, 5), (41, 4), (42, 3)]
您的距离系数损耗为356,风险系数损耗为228,每步距离损耗[4, 32, 37, 11, 81, 8, 26, 5, 76, 25, 51],每步风险损耗[10, 34, 31, 22, 25, 13, 30, 15, 10, 31, 7]
iteration 72 ********* reward 466960 order0.0138671695881 conflicts 74264 drivers 478036
A_star  -----  A_star
搜索所用时间0.0592839717865s
从节点'0'到节点'399' 所需要的经过的节点是 [0, 1, 2, 3, 4, 5, 6, 26, 27, 28, 48, 68, 88, 108, 109, 110, 130, 150, 170, 190, 210, 230, 250, 270, 290, 310, 330, 350, 370, 371, 372, 373, 374, 375, 376, 396, 397, 398, 399] ,所需要的cost为 17212
Dijkstra  -----  Dijkstra
搜索所用时间0.00253796577454s
minimum steps:17212, path:[0, 1, 2, 3, 4, 5, 6, 26, 27, 28, 48, 68, 88, 108, 109, 110, 130, 150, 170, 190, 210, 230, 250, 270, 290, 310, 330, 350, 370, 371, 372, 373, 374, 375, 376, 396, 397, 398, 399]
('Times takes:', 1020.684268951416)
Dijkstra  -----  Dijkstra
第73天,您的路线为[0, 1, 2, 3, 4, 5, 6, 26, 27, 28, 48, 68, 88, 108, 109, 110, 130, 150, 170, 190, 210, 230, 250, 270, 290, 310, 330, 350, 370, 371, 372, 373, 374, 375, 376, 396, 397, 398, 399]
您的距离系数损耗为892,风险系数损耗为194,每步距离损耗[67, 11, 55, 51, 25, 13, 12, 19, 21, 80, 35, 30, 26, 48, 76, 15, 22, 8, 27, 67, 50, 54, 80],每步风险损耗[0, 23, 8, 7, 6, 12, 12, 6, 13, 8, 10, 18, 1, 9, 9, 18, 20, 0, 6, 6, 0, 2, 0]
A_star  -----  A_star
第73天,您的路线为[0, 1, 2, 3, 4, 5, 6, 26, 27, 28, 48, 68, 88, 108, 109, 110, 130, 150, 170, 190, 210, 230, 250, 270, 290, 310, 330, 350, 370, 371, 372, 373, 374, 375, 376, 396, 397, 398, 399]
您的距离系数损耗为892,风险系数损耗为194,每步距离损耗[67, 11, 55, 51, 25, 13, 12, 19, 21, 80, 35, 30, 26, 48, 76, 15, 22, 8, 27, 67, 50, 54, 80],每步风险损耗[0, 23, 8, 7, 6, 12, 12, 6, 13, 8, 10, 18, 1, 9, 9, 18, 20, 0, 6, 6, 0, 2, 0]
RL  -----  RL
第73天,您的路线为[(0, 0), (30, 20), (31, 21), (32, 41), (33, 40), (34, 60), (35, 80), (36, 81), (37, 82), (38, 62), (39, 42), (40, 22), (41, 23), (42, 43), (43, 63), (45, 64), (46, 65), (47, 45), (48, 44), (50, 24), (51, 4), (52, 3), (54, 2), (56, 1)]
您的距离系数损耗为915,风险系数损耗为242,每步距离损耗[4, 32, 40, 50, 85, 57, 87, 19, 50, 58, 5, 8, 50, 66, 9, 89, 43, 22, 5, 19, 51, 55, 11],每步风险损耗[0, 4, 18, 8, 15, 11, 19, 21, 5, 15, 12, 8, 10, 21, 6, 11, 27, 8, 15, 5, 0, 0, 3]
iteration 73 ********* reward 308200 order0.0138156866581 conflicts 67806 drivers 405809
A_star  -----  A_star
搜索所用时间0.00609183311462s
从节点'0'到节点'399' 所需要的经过的节点是 [0, 1, 2, 3, 4, 5, 6, 26, 27, 28, 48, 68, 88, 108, 109, 110, 130, 150, 170, 190, 210, 230, 250, 270, 290, 310, 330, 350, 370, 371, 372, 373, 374, 375, 376, 396, 397, 398, 399] ,所需要的cost为 17212
Dijkstra  -----  Dijkstra
搜索所用时间0.00403904914856s
minimum steps:17212, path:[0, 1, 2, 3, 4, 5, 6, 26, 27, 28, 48, 68, 88, 108, 109, 110, 130, 150, 170, 190, 210, 230, 250, 270, 290, 310, 330, 350, 370, 371, 372, 373, 374, 375, 376, 396, 397, 398, 399]
('Times takes:', 1036.0201120376587)
Dijkstra  -----  Dijkstra
第74天,您的路线为[0, 1, 2, 3, 4, 5, 6, 26, 27, 28, 48, 68, 88, 108, 109, 110, 130, 150, 170, 190, 210, 230, 250, 270, 290, 310, 330, 350, 370, 371, 372, 373, 374, 375, 376, 396, 397, 398, 399]
您的距离系数损耗为1089,风险系数损耗为292,每步距离损耗[67, 11, 55, 51, 25, 13, 12, 19, 21, 80, 35, 30, 26, 48, 76, 15, 22, 8, 27, 67, 50, 54, 80, 71, 10, 47, 32, 13, 19, 5],每步风险损耗[7, 29, 2, 2, 8, 6, 11, 6, 20, 11, 14, 15, 17, 8, 15, 18, 11, 5, 17, 11, 9, 21, 18, 4, 3, 0, 4, 0, 0, 0]
A_star  -----  A_star
第74天,您的路线为[0, 1, 2, 3, 4, 5, 6, 26, 27, 28, 48, 68, 88, 108, 109, 110, 130, 150, 170, 190, 210, 230, 250, 270, 290, 310, 330, 350, 370, 371, 372, 373, 374, 375, 376, 396, 397, 398, 399]
您的距离系数损耗为1089,风险系数损耗为292,每步距离损耗[67, 11, 55, 51, 25, 13, 12, 19, 21, 80, 35, 30, 26, 48, 76, 15, 22, 8, 27, 67, 50, 54, 80, 71, 10, 47, 32, 13, 19, 5],每步风险损耗[7, 29, 2, 2, 8, 6, 11, 6, 20, 11, 14, 15, 17, 8, 15, 18, 11, 5, 17, 11, 9, 21, 18, 4, 3, 0, 4, 0, 0, 0]
RL  -----  RL
第74天,您的路线为[(0, 0), (30, 1), (31, 2), (32, 3), (33, 4), (34, 24), (35, 25), (36, 26), (37, 27), (38, 7), (40, 8), (41, 28), (42, 29), (43, 49), (44, 48), (45, 47), (46, 67), (47, 66), (48, 46), (49, 45), (50, 44), (51, 64), (52, 84), (53, 104), (54, 103), (55, 123), (56, 124), (57, 125), (58, 105), (59, 85), (60, 65)]
您的距离系数损耗为1375,风险系数损耗为319,每步距离损耗[67, 11, 55, 51, 19, 5, 38, 19, 89, 49, 29, 49, 4, 5, 33, 79, 31, 82, 70, 22, 17, 83, 84, 68, 48, 11, 83, 23, 68, 83],每步风险损耗[7, 29, 2, 2, 20, 38, 17, 6, 12, 9, 14, 23, 10, 13, 15, 15, 15, 16, 10, 5, 0, 3, 0, 5, 4, 9, 0, 16, 4, 0]
iteration 74 ********* reward 323280 order0.0137714010896 conflicts 71244 drivers 443453
A_star  -----  A_star
搜索所用时间0.00935697555542s
从节点'0'到节点'399' 所需要的经过的节点是 [0, 1, 2, 3, 4, 5, 6, 26, 27, 28, 48, 68, 88, 108, 109, 110, 130, 150, 170, 190, 210, 230, 250, 270, 290, 310, 330, 350, 370, 371, 372, 373, 374, 375, 376, 396, 397, 398, 399] ,所需要的cost为 17212
Dijkstra  -----  Dijkstra
搜索所用时间0.00288105010986s
minimum steps:17212, path:[0, 1, 2, 3, 4, 5, 6, 26, 27, 28, 48, 68, 88, 108, 109, 110, 130, 150, 170, 190, 210, 230, 250, 270, 290, 310, 330, 350, 370, 371, 372, 373, 374, 375, 376, 396, 397, 398, 399]
('Times takes:', 1010.4292349815369)
Dijkstra  -----  Dijkstra
第75天,您的路线为[0, 1, 2, 3, 4, 5, 6, 26, 27, 28, 48, 68, 88, 108, 109, 110, 130, 150, 170, 190, 210, 230, 250, 270, 290, 310, 330, 350, 370, 371, 372, 373, 374, 375, 376, 396, 397, 398, 399]
您的距离系数损耗为1137,风险系数损耗为314,每步距离损耗[67, 11, 55, 51, 25, 13, 12, 19, 21, 80, 35, 30, 26, 48, 76, 15, 22, 8, 27, 67, 50, 54, 80, 71, 10, 47, 32, 13, 19, 5, 36, 12],每步风险损耗[1, 32, 13, 5, 23, 16, 21, 17, 27, 9, 9, 17, 19, 14, 10, 13, 19, 0, 5, 11, 13, 10, 6, 1, 0, 0, 0, 0, 0, 2, 1, 0]
A_star  -----  A_star
第75天,您的路线为[0, 1, 2, 3, 4, 5, 6, 26, 27, 28, 48, 68, 88, 108, 109, 110, 130, 150, 170, 190, 210, 230, 250, 270, 290, 310, 330, 350, 370, 371, 372, 373, 374, 375, 376, 396, 397, 398, 399]
您的距离系数损耗为1137,风险系数损耗为314,每步距离损耗[67, 11, 55, 51, 25, 13, 12, 19, 21, 80, 35, 30, 26, 48, 76, 15, 22, 8, 27, 67, 50, 54, 80, 71, 10, 47, 32, 13, 19, 5, 36, 12],每步风险损耗[1, 32, 13, 5, 23, 16, 21, 17, 27, 9, 9, 17, 19, 14, 10, 13, 19, 0, 5, 11, 13, 10, 6, 1, 0, 0, 0, 0, 0, 2, 1, 0]
RL  -----  RL
第75天,您的路线为[(0, 0), (30, 1), (31, 2), (32, 22), (33, 23), (34, 3), (35, 4), (36, 5), (37, 25), (38, 24), (39, 44), (40, 64), (41, 65), (42, 45), (43, 46), (44, 47), (45, 27), (46, 26), (47, 6), (48, 7), (49, 8), (50, 9), (51, 10), (52, 11), (53, 31), (54, 30), (56, 50), (57, 70), (58, 69), (59, 49), (60, 48), (61, 28), (62, 29)]
您的距离系数损耗为1422,风险系数损耗为461,每步距离损耗[67, 11, 81, 8, 1, 51, 25, 76, 5, 5, 17, 89, 43, 70, 10, 50, 19, 12, 25, 49, 60, 82, 89, 81, 39, 13, 76, 68, 66, 5, 80, 49],每步风险损耗[1, 32, 33, 17, 27, 3, 21, 7, 38, 27, 13, 8, 30, 15, 45, 27, 13, 13, 4, 6, 2, 14, 4, 31, 5, 5, 13, 0, 2, 4, 0, 1]
iteration 75 ********* reward 248490 order0.0136967011847 conflicts 68819 drivers 418481
A_star  -----  A_star
搜索所用时间0.0487880706787s
从节点'0'到节点'399' 所需要的经过的节点是 [0, 1, 2, 3, 4, 5, 6, 26, 27, 28, 48, 68, 88, 108, 109, 110, 130, 150, 170, 190, 210, 230, 250, 270, 290, 310, 330, 350, 370, 371, 372, 373, 374, 375, 376, 396, 397, 398, 399] ,所需要的cost为 17212
Dijkstra  -----  Dijkstra
搜索所用时间0.00403189659119s
minimum steps:17212, path:[0, 1, 2, 3, 4, 5, 6, 26, 27, 28, 48, 68, 88, 108, 109, 110, 130, 150, 170, 190, 210, 230, 250, 270, 290, 310, 330, 350, 370, 371, 372, 373, 374, 375, 376, 396, 397, 398, 399]
('Times takes:', 1014.2234921455383)
Dijkstra  -----  Dijkstra
第76天,您的路线为[0, 1, 2, 3, 4, 5, 6, 26, 27, 28, 48, 68, 88, 108, 109, 110, 130, 150, 170, 190, 210, 230, 250, 270, 290, 310, 330, 350, 370, 371, 372, 373, 374, 375, 376, 396, 397, 398, 399]
您的距离系数损耗为1218,风险系数损耗为312,每步距离损耗[67, 11, 55, 51, 25, 13, 12, 19, 21, 80, 35, 30, 26, 48, 76, 15, 22, 8, 27, 67, 50, 54, 80, 71, 10, 47, 32, 13, 19, 5, 36, 12, 39, 19, 9, 14],每步风险损耗[13, 38, 7, 13, 22, 23, 29, 5, 10, 4, 12, 16, 13, 8, 6, 10, 25, 0, 4, 8, 0, 1, 5, 6, 3, 5, 12, 7, 0, 0, 0, 2, 0, 0, 0, 5]
A_star  -----  A_star
第76天,您的路线为[0, 1, 2, 3, 4, 5, 6, 26, 27, 28, 48, 68, 88, 108, 109, 110, 130, 150, 170, 190, 210, 230, 250, 270, 290, 310, 330, 350, 370, 371, 372, 373, 374, 375, 376, 396, 397, 398, 399]
您的距离系数损耗为1218,风险系数损耗为312,每步距离损耗[67, 11, 55, 51, 25, 13, 12, 19, 21, 80, 35, 30, 26, 48, 76, 15, 22, 8, 27, 67, 50, 54, 80, 71, 10, 47, 32, 13, 19, 5, 36, 12, 39, 19, 9, 14],每步风险损耗[13, 38, 7, 13, 22, 23, 29, 5, 10, 4, 12, 16, 13, 8, 6, 10, 25, 0, 4, 8, 0, 1, 5, 6, 3, 5, 12, 7, 0, 0, 0, 2, 0, 0, 0, 5]
RL  -----  RL
第76天,您的路线为[(0, 0), (32, 20), (34, 21), (35, 1), (36, 2), (37, 22), (38, 23), (39, 43), (40, 44), (41, 64), (42, 65), (43, 85), (44, 84), (45, 104), (46, 105), (47, 125), (48, 126), (49, 146), (50, 145), (51, 144), (52, 124), (53, 123), (54, 143), (55, 163), (56, 183), (57, 182), (58, 162), (59, 142), (62, 122), (64, 102), (65, 101), (66, 81), (67, 61), (68, 41), (70, 42), (71, 62), (72, 63)]
您的距离系数损耗为1745,风险系数损耗为400,每步距离损耗[4, 32, 37, 11, 81, 8, 50, 89, 17, 89, 83, 86, 84, 23, 23, 34, 76, 49, 47, 22, 11, 77, 46, 79, 72, 2, 2, 40, 41, 32, 61, 48, 90, 64, 58, 77],每步风险损耗[15, 17, 30, 30, 7, 7, 23, 7, 5, 1, 6, 6, 5, 24, 13, 7, 10, 21, 13, 34, 18, 15, 11, 6, 12, 23, 5, 17, 0, 0, 0, 7, 0, 2, 0, 3]
iteration 76 ********* reward 410570 order0.0136926579221 conflicts 68509 drivers 410299
A_star  -----  A_star
搜索所用时间0.00375485420227s
从节点'0'到节点'399' 所需要的经过的节点是 [0, 1, 2, 3, 4, 5, 6, 26, 27, 28, 48, 68, 88, 108, 109, 110, 130, 150, 170, 190, 210, 230, 250, 270, 290, 310, 330, 350, 370, 371, 372, 373, 374, 375, 376, 396, 397, 398, 399] ,所需要的cost为 17212
Dijkstra  -----  Dijkstra
搜索所用时间0.00292301177979s
minimum steps:17212, path:[0, 1, 2, 3, 4, 5, 6, 26, 27, 28, 48, 68, 88, 108, 109, 110, 130, 150, 170, 190, 210, 230, 250, 270, 290, 310, 330, 350, 370, 371, 372, 373, 374, 375, 376, 396, 397, 398, 399]
('Times takes:', 986.4109377861023)
Dijkstra  -----  Dijkstra
第77天,您的路线为[0, 1, 2, 3, 4, 5, 6, 26, 27, 28, 48, 68, 88, 108, 109, 110, 130, 150, 170, 190, 210, 230, 250, 270, 290, 310, 330, 350, 370, 371, 372, 373, 374, 375, 376, 396, 397, 398, 399]
您的距离系数损耗为1234,风险系数损耗为436,每步距离损耗[67, 11, 55, 51, 25, 13, 12, 19, 21, 80, 35, 30, 26, 48, 76, 15, 22, 8, 27, 67, 50, 54, 80, 71, 10, 47, 32, 13, 19, 5, 36, 12, 39, 19, 9, 14, 12, 4],每步风险损耗[3, 39, 8, 10, 27, 18, 32, 13, 21, 6, 15, 13, 0, 4, 8, 10, 35, 3, 2, 5, 4, 3, 4, 0, 4, 1, 2, 9, 7, 7, 10, 15, 7, 13, 29, 20, 17, 12]
A_star  -----  A_star
第77天,您的路线为[0, 1, 2, 3, 4, 5, 6, 26, 27, 28, 48, 68, 88, 108, 109, 110, 130, 150, 170, 190, 210, 230, 250, 270, 290, 310, 330, 350, 370, 371, 372, 373, 374, 375, 376, 396, 397, 398, 399]
您的距离系数损耗为1234,风险系数损耗为436,每步距离损耗[67, 11, 55, 51, 25, 13, 12, 19, 21, 80, 35, 30, 26, 48, 76, 15, 22, 8, 27, 67, 50, 54, 80, 71, 10, 47, 32, 13, 19, 5, 36, 12, 39, 19, 9, 14, 12, 4],每步风险损耗[3, 39, 8, 10, 27, 18, 32, 13, 21, 6, 15, 13, 0, 4, 8, 10, 35, 3, 2, 5, 4, 3, 4, 0, 4, 1, 2, 9, 7, 7, 10, 15, 7, 13, 29, 20, 17, 12]
RL  -----  RL
第77天,您的路线为[(0, 0), (30, 1), (31, 21), (32, 20), (33, 40), (34, 41), (35, 61), (36, 62), (37, 63), (38, 64), (39, 44), (40, 43), (41, 42), (42, 22), (43, 23), (44, 3), (45, 4), (46, 5), (47, 25), (48, 26), (49, 6), (52, 7), (53, 27), (54, 28), (55, 8), (56, 9), (57, 10), (58, 11), (59, 31), (60, 30), (61, 29), (62, 49), (63, 50), (64, 51), (65, 71), (66, 70), (67, 69), (68, 89), (69, 90), (70, 91), (71, 92), (72, 72), (73, 52), (74, 53), (75, 33), (76, 32), (77, 12), (79, 13), (80, 14), (81, 15), (82, 16), (83, 17), (84, 18), (85, 19), (88, 39), (89, 38), (90, 58), (91, 57), (92, 37), (93, 36), (94, 56), (95, 55), (96, 35), (97, 34), (98, 54), (99, 74), (100, 73), (101, 93), (102, 113), (103, 114), (104, 115), (105, 95), (106, 75), (107, 76), (108, 77), (109, 78), (110, 98), (111, 99), (112, 79), (113, 59)]
您的距离系数损耗为3528,风险系数损耗为397,每步距离损耗[67, 37, 32, 52, 50, 90, 70, 77, 9, 17, 89, 68, 5, 8, 1, 51, 25, 76, 38, 12, 25, 89, 21, 29, 60, 82, 89, 81, 39, 36, 4, 84, 37, 31, 79, 68, 57, 76, 2, 36, 36, 3, 71, 21, 65, 43, 41, 19, 88, 54, 13, 45, 76, 1, 38, 65, 22, 40, 7, 82, 56, 1, 47, 3, 33, 66, 71, 66, 25, 39, 12, 37, 43, 12, 55, 78, 76, 28, 51],每步风险损耗[3, 16, 16, 6, 4, 25, 48, 34, 10, 23, 16, 14, 34, 21, 25, 4, 7, 2, 4, 7, 1, 2, 7, 4, 1, 9, 8, 4, 3, 7, 0, 9, 6, 5, 0, 0, 0, 0, 4, 7, 0, 0, 0, 0, 1, 0, 0, 0, 0, 0, 0, 0, 0, 0, 0, 0, 0, 0, 0, 0, 0, 0, 0, 0, 0, 0, 0, 0, 0, 0, 0, 0, 0, 0, 0, 0, 0, 0, 0]
iteration 77 ********* reward 366350 order0.01367269088 conflicts 70652 drivers 433055
A_star  -----  A_star
搜索所用时间0.00416994094849s
从节点'0'到节点'399' 所需要的经过的节点是 [0, 1, 2, 3, 4, 5, 6, 26, 27, 28, 48, 68, 88, 108, 109, 110, 130, 150, 170, 190, 210, 230, 250, 270, 290, 310, 330, 350, 370, 371, 372, 373, 374, 375, 376, 396, 397, 398, 399] ,所需要的cost为 17212
Dijkstra  -----  Dijkstra
搜索所用时间0.00264406204224s
minimum steps:17212, path:[0, 1, 2, 3, 4, 5, 6, 26, 27, 28, 48, 68, 88, 108, 109, 110, 130, 150, 170, 190, 210, 230, 250, 270, 290, 310, 330, 350, 370, 371, 372, 373, 374, 375, 376, 396, 397, 398, 399]
('Times takes:', 990.9552791118622)
Dijkstra  -----  Dijkstra
第78天,您的路线为[0, 1, 2, 3, 4, 5, 6, 26, 27, 28, 48, 68, 88, 108, 109, 110, 130, 150, 170, 190, 210, 230, 250, 270, 290, 310, 330, 350, 370, 371, 372, 373, 374, 375, 376, 396, 397, 398, 399]
您的距离系数损耗为274,风险系数损耗为165,每步距离损耗[67, 11, 55, 51, 25, 13, 12, 19, 21],每步风险损耗[0, 29, 14, 8, 41, 23, 18, 9, 23]
A_star  -----  A_star
第78天,您的路线为[0, 1, 2, 3, 4, 5, 6, 26, 27, 28, 48, 68, 88, 108, 109, 110, 130, 150, 170, 190, 210, 230, 250, 270, 290, 310, 330, 350, 370, 371, 372, 373, 374, 375, 376, 396, 397, 398, 399]
您的距离系数损耗为274,风险系数损耗为165,每步距离损耗[67, 11, 55, 51, 25, 13, 12, 19, 21],每步风险损耗[0, 29, 14, 8, 41, 23, 18, 9, 23]
RL  -----  RL
第78天,您的路线为[(0, 0), (30, 1), (31, 21), (32, 41), (33, 42), (34, 62), (35, 61), (36, 60), (38, 40), (39, 20)]
您的距离系数损耗为529,风险系数损耗为212,每步距离损耗[67, 37, 40, 64, 58, 70, 56, 85, 52],每步风险损耗[0, 16, 39, 27, 21, 38, 33, 20, 18]
iteration 78 ********* reward 333290 order0.0136395139286 conflicts 68195 drivers 416533
A_star  -----  A_star
搜索所用时间0.00371503829956s
从节点'0'到节点'399' 所需要的经过的节点是 [0, 1, 2, 3, 4, 5, 6, 26, 27, 28, 48, 68, 88, 108, 109, 110, 130, 150, 170, 190, 210, 230, 250, 270, 290, 310, 330, 350, 370, 371, 372, 373, 374, 375, 376, 396, 397, 398, 399] ,所需要的cost为 17212
Dijkstra  -----  Dijkstra
搜索所用时间0.00247502326965s
minimum steps:17212, path:[0, 1, 2, 3, 4, 5, 6, 26, 27, 28, 48, 68, 88, 108, 109, 110, 130, 150, 170, 190, 210, 230, 250, 270, 290, 310, 330, 350, 370, 371, 372, 373, 374, 375, 376, 396, 397, 398, 399]
('Times takes:', 1017.2245850563049)
Dijkstra  -----  Dijkstra
第79天,您的路线为[0, 1, 2, 3, 4, 5, 6, 26, 27, 28, 48, 68, 88, 108, 109, 110, 130, 150, 170, 190, 210, 230, 250, 270, 290, 310, 330, 350, 370, 371, 372, 373, 374, 375, 376, 396, 397, 398, 399]
您的距离系数损耗为1125,风险系数损耗为288,每步距离损耗[67, 11, 55, 51, 25, 13, 12, 19, 21, 80, 35, 30, 26, 48, 76, 15, 22, 8, 27, 67, 50, 54, 80, 71, 10, 47, 32, 13, 19, 5, 36],每步风险损耗[12, 40, 19, 5, 14, 12, 19, 10, 9, 7, 9, 15, 13, 10, 11, 33, 11, 4, 5, 6, 9, 0, 3, 0, 0, 0, 6, 1, 0, 1, 4]
A_star  -----  A_star
第79天,您的路线为[0, 1, 2, 3, 4, 5, 6, 26, 27, 28, 48, 68, 88, 108, 109, 110, 130, 150, 170, 190, 210, 230, 250, 270, 290, 310, 330, 350, 370, 371, 372, 373, 374, 375, 376, 396, 397, 398, 399]
您的距离系数损耗为1125,风险系数损耗为288,每步距离损耗[67, 11, 55, 51, 25, 13, 12, 19, 21, 80, 35, 30, 26, 48, 76, 15, 22, 8, 27, 67, 50, 54, 80, 71, 10, 47, 32, 13, 19, 5, 36],每步风险损耗[12, 40, 19, 5, 14, 12, 19, 10, 9, 7, 9, 15, 13, 10, 11, 33, 11, 4, 5, 6, 9, 0, 3, 0, 0, 0, 6, 1, 0, 1, 4]
RL  -----  RL
第79天,您的路线为[(0, 0), (30, 1), (31, 2), (32, 3), (33, 4), (34, 5), (35, 6), (36, 7), (37, 27), (38, 28), (39, 8), (40, 9), (41, 10), (42, 11), (43, 31), (44, 30), (45, 29), (47, 49), (48, 69), (49, 68), (50, 48), (51, 47), (52, 46), (53, 26), (54, 25), (55, 24), (56, 44), (57, 64), (58, 84), (59, 85), (60, 65), (61, 45)]
您的距离系数损耗为1299,风险系数损耗为319,每步距离损耗[67, 11, 55, 51, 25, 13, 25, 89, 21, 29, 60, 82, 89, 81, 39, 36, 4, 66, 8, 35, 33, 10, 10, 38, 5, 5, 17, 83, 86, 83, 43],每步风险损耗[12, 40, 19, 5, 14, 12, 7, 8, 9, 9, 2, 23, 45, 20, 8, 23, 7, 11, 10, 2, 4, 19, 5, 0, 0, 0, 0, 5, 0, 0, 0]
iteration 79 ********* reward 368240 order0.0136160167978 conflicts 72413 drivers 450974
A_star  -----  A_star
搜索所用时间0.00383687019348s
从节点'0'到节点'399' 所需要的经过的节点是 [0, 1, 2, 3, 4, 5, 6, 26, 27, 28, 48, 68, 88, 108, 109, 110, 130, 150, 170, 190, 210, 230, 250, 270, 290, 310, 330, 350, 370, 371, 372, 373, 374, 375, 376, 396, 397, 398, 399] ,所需要的cost为 17212
Dijkstra  -----  Dijkstra
搜索所用时间0.00250101089478s
minimum steps:17212, path:[0, 1, 2, 3, 4, 5, 6, 26, 27, 28, 48, 68, 88, 108, 109, 110, 130, 150, 170, 190, 210, 230, 250, 270, 290, 310, 330, 350, 370, 371, 372, 373, 374, 375, 376, 396, 397, 398, 399]
('Times takes:', 1008.7552561759949)
Dijkstra  -----  Dijkstra
第80天,您的路线为[0, 1, 2, 3, 4, 5, 6, 26, 27, 28, 48, 68, 88, 108, 109, 110, 130, 150, 170, 190, 210, 230, 250, 270, 290, 310, 330, 350, 370, 371, 372, 373, 374, 375, 376, 396, 397, 398, 399]
您的距离系数损耗为1234,风险系数损耗为273,每步距离损耗[67, 11, 55, 51, 25, 13, 12, 19, 21, 80, 35, 30, 26, 48, 76, 15, 22, 8, 27, 67, 50, 54, 80, 71, 10, 47, 32, 13, 19, 5, 36, 12, 39, 19, 9, 14, 12, 4],每步风险损耗[13, 13, 12, 7, 18, 25, 25, 10, 19, 13, 9, 13, 11, 5, 2, 6, 2, 0, 10, 8, 7, 0, 1, 0, 0, 0, 2, 0, 0, 0, 0, 1, 0, 1, 3, 0, 13, 24]
A_star  -----  A_star
第80天,您的路线为[0, 1, 2, 3, 4, 5, 6, 26, 27, 28, 48, 68, 88, 108, 109, 110, 130, 150, 170, 190, 210, 230, 250, 270, 290, 310, 330, 350, 370, 371, 372, 373, 374, 375, 376, 396, 397, 398, 399]
您的距离系数损耗为1234,风险系数损耗为273,每步距离损耗[67, 11, 55, 51, 25, 13, 12, 19, 21, 80, 35, 30, 26, 48, 76, 15, 22, 8, 27, 67, 50, 54, 80, 71, 10, 47, 32, 13, 19, 5, 36, 12, 39, 19, 9, 14, 12, 4],每步风险损耗[13, 13, 12, 7, 18, 25, 25, 10, 19, 13, 9, 13, 11, 5, 2, 6, 2, 0, 10, 8, 7, 0, 1, 0, 0, 0, 2, 0, 0, 0, 0, 1, 0, 1, 3, 0, 13, 24]
RL  -----  RL
第80天,您的路线为[(0, 0), (32, 1), (33, 21), (34, 41), (35, 61), (36, 81), (37, 80), (38, 100), (39, 101), (40, 102), (41, 122), (42, 142), (43, 162), (44, 161), (45, 160), (46, 180), (47, 181), (49, 182), (50, 202), (54, 201), (55, 200), (57, 220), (58, 221), (60, 222), (61, 242), (62, 241), (63, 240), (64, 260), (65, 280), (66, 281), (67, 282), (68, 262), (69, 263), (70, 283), (71, 303), (72, 323), (73, 322), (74, 321), (75, 320), (76, 300), (77, 301), (78, 302)]
您的距离系数损耗为1913,风险系数损耗为625,每步距离损耗[67, 37, 40, 90, 48, 87, 64, 8, 32, 41, 40, 2, 59, 22, 57, 37, 75, 72, 8, 4, 9, 17, 41, 30, 39, 71, 89, 81, 62, 61, 6, 62, 84, 17, 33, 59, 78, 66, 40, 29, 49],每步风险损耗[13, 25, 25, 18, 39, 41, 27, 24, 9, 13, 28, 12, 17, 18, 10, 41, 19, 16, 51, 38, 34, 11, 20, 10, 12, 13, 13, 4, 0, 5, 1, 17, 1, 0, 0, 0, 0, 0, 0, 0, 0]
iteration 80 ********* reward 302800 order0.0135696002882 conflicts 72864 drivers 462683
A_star  -----  A_star
搜索所用时间0.00540399551392s
从节点'0'到节点'399' 所需要的经过的节点是 [0, 1, 2, 3, 4, 5, 6, 26, 27, 28, 48, 68, 88, 108, 109, 110, 130, 150, 170, 190, 210, 230, 250, 270, 290, 310, 330, 350, 370, 371, 372, 373, 374, 375, 376, 396, 397, 398, 399] ,所需要的cost为 17212
Dijkstra  -----  Dijkstra
搜索所用时间0.00281000137329s
minimum steps:17212, path:[0, 1, 2, 3, 4, 5, 6, 26, 27, 28, 48, 68, 88, 108, 109, 110, 130, 150, 170, 190, 210, 230, 250, 270, 290, 310, 330, 350, 370, 371, 372, 373, 374, 375, 376, 396, 397, 398, 399]
('Times takes:', 1019.4007000923157)
Dijkstra  -----  Dijkstra
第81天,您的路线为[0, 1, 2, 3, 4, 5, 6, 26, 27, 28, 48, 68, 88, 108, 109, 110, 130, 150, 170, 190, 210, 230, 250, 270, 290, 310, 330, 350, 370, 371, 372, 373, 374, 375, 376, 396, 397, 398, 399]
您的距离系数损耗为1234,风险系数损耗为286,每步距离损耗[67, 11, 55, 51, 25, 13, 12, 19, 21, 80, 35, 30, 26, 48, 76, 15, 22, 8, 27, 67, 50, 54, 80, 71, 10, 47, 32, 13, 19, 5, 36, 12, 39, 19, 9, 14, 12, 4],每步风险损耗[0, 17, 5, 2, 3, 2, 3, 3, 6, 0, 10, 21, 20, 14, 8, 17, 25, 10, 19, 10, 6, 0, 0, 0, 3, 0, 14, 6, 7, 6, 1, 19, 3, 0, 5, 0, 12, 9]
A_star  -----  A_star
第81天,您的路线为[0, 1, 2, 3, 4, 5, 6, 26, 27, 28, 48, 68, 88, 108, 109, 110, 130, 150, 170, 190, 210, 230, 250, 270, 290, 310, 330, 350, 370, 371, 372, 373, 374, 375, 376, 396, 397, 398, 399]
您的距离系数损耗为1234,风险系数损耗为286,每步距离损耗[67, 11, 55, 51, 25, 13, 12, 19, 21, 80, 35, 30, 26, 48, 76, 15, 22, 8, 27, 67, 50, 54, 80, 71, 10, 47, 32, 13, 19, 5, 36, 12, 39, 19, 9, 14, 12, 4],每步风险损耗[0, 17, 5, 2, 3, 2, 3, 3, 6, 0, 10, 21, 20, 14, 8, 17, 25, 10, 19, 10, 6, 0, 0, 0, 3, 0, 14, 6, 7, 6, 1, 19, 3, 0, 5, 0, 12, 9]
RL  -----  RL
第81天,您的路线为[(0, 0), (30, 1), (31, 2), (32, 3), (33, 23), (34, 43), (35, 42), (36, 41), (37, 21), (38, 20), (39, 40), (40, 60), (41, 80), (42, 81), (43, 61), (45, 62), (46, 82), (47, 102), (48, 103), (49, 104), (50, 124), (51, 125), (52, 126), (53, 127), (54, 147), (55, 148), (56, 149), (57, 169), (58, 170), (59, 171), (60, 172), (61, 152), (62, 151), (63, 150), (64, 130), (65, 129), (66, 109), (67, 89), (68, 69), (69, 70), (70, 90), (71, 91), (72, 71), (73, 51), (74, 50), (75, 49), (76, 48), (77, 47), (78, 27), (79, 7), (80, 6), (81, 26), (82, 25), (83, 45), (84, 44), (85, 24), (87, 4), (88, 5)]
您的距离系数损耗为2487,风险系数损耗为230,每步距离损耗[67, 11, 55, 1, 50, 68, 64, 40, 32, 52, 85, 57, 87, 48, 70, 50, 72, 36, 68, 15, 83, 34, 45, 8, 79, 33, 49, 14, 63, 44, 76, 38, 15, 22, 34, 69, 13, 57, 68, 16, 2, 43, 31, 37, 84, 5, 33, 50, 89, 25, 12, 38, 79, 22, 5, 19, 25],每步风险损耗[0, 17, 5, 17, 13, 13, 10, 9, 9, 4, 0, 1, 2, 22, 10, 0, 0, 1, 0, 0, 9, 6, 15, 5, 10, 9, 0, 3, 0, 13, 7, 2, 0, 4, 11, 3, 0, 0, 0, 0, 0, 0, 0, 0, 0, 0, 0, 0, 0, 0, 0, 0, 0, 0, 0, 0, 0]
iteration 81 ********* reward 397370 order0.0135619846557 conflicts 73790 drivers 466159
A_star  -----  A_star
搜索所用时间0.00527501106262s
从节点'0'到节点'399' 所需要的经过的节点是 [0, 1, 2, 3, 4, 5, 6, 26, 27, 28, 48, 68, 88, 108, 109, 110, 130, 150, 170, 190, 210, 230, 250, 270, 290, 310, 330, 350, 370, 371, 372, 373, 374, 375, 376, 396, 397, 398, 399] ,所需要的cost为 17212
Dijkstra  -----  Dijkstra
搜索所用时间0.0531628131866s
minimum steps:17212, path:[0, 1, 2, 3, 4, 5, 6, 26, 27, 28, 48, 68, 88, 108, 109, 110, 130, 150, 170, 190, 210, 230, 250, 270, 290, 310, 330, 350, 370, 371, 372, 373, 374, 375, 376, 396, 397, 398, 399]
('Times takes:', 1005.1813097000122)
Dijkstra  -----  Dijkstra
第82天,您的路线为[0, 1, 2, 3, 4, 5, 6, 26, 27, 28, 48, 68, 88, 108, 109, 110, 130, 150, 170, 190, 210, 230, 250, 270, 290, 310, 330, 350, 370, 371, 372, 373, 374, 375, 376, 396, 397, 398, 399]
您的距离系数损耗为606,风险系数损耗为228,每步距离损耗[67, 11, 55, 51, 25, 13, 12, 19, 21, 80, 35, 30, 26, 48, 76, 15, 22],每步风险损耗[2, 21, 0, 6, 10, 5, 10, 3, 17, 12, 23, 35, 20, 12, 14, 20, 18]
A_star  -----  A_star
第82天,您的路线为[0, 1, 2, 3, 4, 5, 6, 26, 27, 28, 48, 68, 88, 108, 109, 110, 130, 150, 170, 190, 210, 230, 250, 270, 290, 310, 330, 350, 370, 371, 372, 373, 374, 375, 376, 396, 397, 398, 399]
您的距离系数损耗为606,风险系数损耗为228,每步距离损耗[67, 11, 55, 51, 25, 13, 12, 19, 21, 80, 35, 30, 26, 48, 76, 15, 22],每步风险损耗[2, 21, 0, 6, 10, 5, 10, 3, 17, 12, 23, 35, 20, 12, 14, 20, 18]
RL  -----  RL
第82天,您的路线为[(0, 0), (30, 20), (31, 21), (32, 41), (33, 40), (34, 60), (35, 80), (36, 100), (37, 101), (38, 81), (39, 61), (40, 62), (41, 42), (42, 43), (43, 23), (44, 22), (45, 2), (46, 1)]
您的距离系数损耗为795,风险系数损耗为186,每步距离损耗[4, 32, 40, 50, 85, 57, 64, 8, 61, 48, 70, 58, 68, 50, 8, 81, 11],每步风险损耗[3, 31, 13, 0, 8, 6, 13, 21, 13, 24, 10, 14, 7, 13, 1, 6, 3]
iteration 82 ********* reward 332940 order0.0135296145797 conflicts 70482 drivers 445778
A_star  -----  A_star
搜索所用时间0.00379395484924s
从节点'0'到节点'399' 所需要的经过的节点是 [0, 1, 2, 3, 4, 5, 6, 26, 27, 28, 48, 68, 88, 108, 109, 110, 130, 150, 170, 190, 210, 230, 250, 270, 290, 310, 330, 350, 370, 371, 372, 373, 374, 375, 376, 396, 397, 398, 399] ,所需要的cost为 17212
Dijkstra  -----  Dijkstra
搜索所用时间0.0181579589844s
minimum steps:17212, path:[0, 1, 2, 3, 4, 5, 6, 26, 27, 28, 48, 68, 88, 108, 109, 110, 130, 150, 170, 190, 210, 230, 250, 270, 290, 310, 330, 350, 370, 371, 372, 373, 374, 375, 376, 396, 397, 398, 399]
('Times takes:', 1011.8817009925842)
Dijkstra  -----  Dijkstra
第83天,您的路线为[0, 1, 2, 3, 4, 5, 6, 26, 27, 28, 48, 68, 88, 108, 109, 110, 130, 150, 170, 190, 210, 230, 250, 270, 290, 310, 330, 350, 370, 371, 372, 373, 374, 375, 376, 396, 397, 398, 399]
您的距离系数损耗为1234,风险系数损耗为352,每步距离损耗[67, 11, 55, 51, 25, 13, 12, 19, 21, 80, 35, 30, 26, 48, 76, 15, 22, 8, 27, 67, 50, 54, 80, 71, 10, 47, 32, 13, 19, 5, 36, 12, 39, 19, 9, 14, 12, 4],每步风险损耗[4, 9, 0, 0, 16, 8, 11, 1, 12, 11, 15, 19, 25, 21, 17, 29, 58, 10, 12, 10, 9, 6, 5, 0, 0, 0, 1, 2, 0, 0, 0, 13, 0, 0, 0, 5, 13, 10]
A_star  -----  A_star
第83天,您的路线为[0, 1, 2, 3, 4, 5, 6, 26, 27, 28, 48, 68, 88, 108, 109, 110, 130, 150, 170, 190, 210, 230, 250, 270, 290, 310, 330, 350, 370, 371, 372, 373, 374, 375, 376, 396, 397, 398, 399]
您的距离系数损耗为1234,风险系数损耗为352,每步距离损耗[67, 11, 55, 51, 25, 13, 12, 19, 21, 80, 35, 30, 26, 48, 76, 15, 22, 8, 27, 67, 50, 54, 80, 71, 10, 47, 32, 13, 19, 5, 36, 12, 39, 19, 9, 14, 12, 4],每步风险损耗[4, 9, 0, 0, 16, 8, 11, 1, 12, 11, 15, 19, 25, 21, 17, 29, 58, 10, 12, 10, 9, 6, 5, 0, 0, 0, 1, 2, 0, 0, 0, 13, 0, 0, 0, 5, 13, 10]
RL  -----  RL
第83天,您的路线为[(0, 0), (30, 1), (31, 21), (32, 20), (33, 40), (34, 60), (35, 61), (36, 41), (37, 42), (38, 62), (39, 63), (41, 64), (43, 44), (44, 43), (45, 23), (46, 24), (47, 4), (48, 5), (49, 6), (50, 7), (53, 8), (54, 9), (55, 10), (57, 30), (58, 50), (59, 51), (60, 52), (61, 72), (62, 92), (63, 93), (64, 73), (65, 74), (66, 75), (67, 55), (68, 54), (69, 34), (70, 14), (71, 15), (72, 35), (73, 36), (74, 37), (75, 38), (76, 18), (77, 17), (78, 16)]
您的距离系数损耗为1942,风险系数损耗为311,每步距离损耗[67, 37, 32, 52, 85, 56, 90, 64, 58, 77, 9, 17, 89, 50, 26, 19, 25, 13, 25, 49, 60, 82, 86, 13, 37, 18, 3, 36, 3, 71, 66, 56, 60, 19, 3, 77, 88, 23, 24, 7, 53, 59, 45, 13],每步风险损耗[4, 12, 10, 17, 13, 30, 19, 43, 11, 24, 4, 11, 5, 13, 0, 11, 3, 0, 0, 11, 4, 3, 7, 4, 0, 10, 0, 4, 6, 2, 4, 15, 2, 5, 4, 0, 0, 0, 0, 0, 0, 0, 0, 0]
iteration 83 ********* reward 380890 order0.0135170801228 conflicts 70621 drivers 440363
A_star  -----  A_star
搜索所用时间0.0054612159729s
从节点'0'到节点'399' 所需要的经过的节点是 [0, 1, 2, 3, 4, 5, 6, 26, 27, 28, 48, 68, 88, 108, 109, 110, 130, 150, 170, 190, 210, 230, 250, 270, 290, 310, 330, 350, 370, 371, 372, 373, 374, 375, 376, 396, 397, 398, 399] ,所需要的cost为 17212
Dijkstra  -----  Dijkstra
搜索所用时间0.00354599952698s
minimum steps:17212, path:[0, 1, 2, 3, 4, 5, 6, 26, 27, 28, 48, 68, 88, 108, 109, 110, 130, 150, 170, 190, 210, 230, 250, 270, 290, 310, 330, 350, 370, 371, 372, 373, 374, 375, 376, 396, 397, 398, 399]
('Times takes:', 998.675968170166)
Dijkstra  -----  Dijkstra
第84天,您的路线为[0, 1, 2, 3, 4, 5, 6, 26, 27, 28, 48, 68, 88, 108, 109, 110, 130, 150, 170, 190, 210, 230, 250, 270, 290, 310, 330, 350, 370, 371, 372, 373, 374, 375, 376, 396, 397, 398, 399]
您的距离系数损耗为584,风险系数损耗为238,每步距离损耗[67, 11, 55, 51, 25, 13, 12, 19, 21, 80, 35, 30, 26, 48, 76, 15],每步风险损耗[2, 26, 2, 9, 16, 13, 20, 6, 17, 8, 23, 34, 16, 14, 18, 14]
A_star  -----  A_star
第84天,您的路线为[0, 1, 2, 3, 4, 5, 6, 26, 27, 28, 48, 68, 88, 108, 109, 110, 130, 150, 170, 190, 210, 230, 250, 270, 290, 310, 330, 350, 370, 371, 372, 373, 374, 375, 376, 396, 397, 398, 399]
您的距离系数损耗为584,风险系数损耗为238,每步距离损耗[67, 11, 55, 51, 25, 13, 12, 19, 21, 80, 35, 30, 26, 48, 76, 15],每步风险损耗[2, 26, 2, 9, 16, 13, 20, 6, 17, 8, 23, 34, 16, 14, 18, 14]
RL  -----  RL
第84天,您的路线为[(0, 0), (30, 1), (31, 2), (32, 22), (33, 21), (34, 41), (35, 61), (36, 62), (37, 82), (38, 81), (39, 80), (40, 100), (41, 101), (42, 121), (43, 141), (44, 140), (45, 120)]
您的距离系数损耗为786,风险系数损耗为264,每步距离损耗[67, 11, 81, 55, 40, 90, 70, 50, 19, 87, 64, 8, 54, 47, 10, 33],每步风险损耗[2, 26, 15, 16, 20, 9, 19, 5, 29, 9, 5, 10, 5, 23, 34, 37]
iteration 84 ********* reward 300860 order0.0134744674019 conflicts 68283 drivers 410849
A_star  -----  A_star
搜索所用时间0.00508189201355s
从节点'0'到节点'399' 所需要的经过的节点是 [0, 1, 2, 3, 4, 5, 6, 26, 27, 28, 48, 68, 88, 108, 109, 110, 130, 150, 170, 190, 210, 230, 250, 270, 290, 310, 330, 350, 370, 371, 372, 373, 374, 375, 376, 396, 397, 398, 399] ,所需要的cost为 17212
Dijkstra  -----  Dijkstra
搜索所用时间0.00255298614502s
minimum steps:17212, path:[0, 1, 2, 3, 4, 5, 6, 26, 27, 28, 48, 68, 88, 108, 109, 110, 130, 150, 170, 190, 210, 230, 250, 270, 290, 310, 330, 350, 370, 371, 372, 373, 374, 375, 376, 396, 397, 398, 399]
('Times takes:', 995.6217050552368)
Dijkstra  -----  Dijkstra
第85天,您的路线为[0, 1, 2, 3, 4, 5, 6, 26, 27, 28, 48, 68, 88, 108, 109, 110, 130, 150, 170, 190, 210, 230, 250, 270, 290, 310, 330, 350, 370, 371, 372, 373, 374, 375, 376, 396, 397, 398, 399]
您的距离系数损耗为1234,风险系数损耗为429,每步距离损耗[67, 11, 55, 51, 25, 13, 12, 19, 21, 80, 35, 30, 26, 48, 76, 15, 22, 8, 27, 67, 50, 54, 80, 71, 10, 47, 32, 13, 19, 5, 36, 12, 39, 19, 9, 14, 12, 4],每步风险损耗[2, 17, 7, 12, 24, 24, 12, 10, 11, 10, 11, 23, 11, 5, 18, 10, 21, 7, 13, 16, 11, 8, 1, 6, 0, 0, 6, 8, 10, 17, 4, 16, 6, 10, 8, 10, 18, 26]
A_star  -----  A_star
第85天,您的路线为[0, 1, 2, 3, 4, 5, 6, 26, 27, 28, 48, 68, 88, 108, 109, 110, 130, 150, 170, 190, 210, 230, 250, 270, 290, 310, 330, 350, 370, 371, 372, 373, 374, 375, 376, 396, 397, 398, 399]
您的距离系数损耗为1234,风险系数损耗为429,每步距离损耗[67, 11, 55, 51, 25, 13, 12, 19, 21, 80, 35, 30, 26, 48, 76, 15, 22, 8, 27, 67, 50, 54, 80, 71, 10, 47, 32, 13, 19, 5, 36, 12, 39, 19, 9, 14, 12, 4],每步风险损耗[2, 17, 7, 12, 24, 24, 12, 10, 11, 10, 11, 23, 11, 5, 18, 10, 21, 7, 13, 16, 11, 8, 1, 6, 0, 0, 6, 8, 10, 17, 4, 16, 6, 10, 8, 10, 18, 26]
RL  -----  RL
第85天,您的路线为[(0, 0), (31, 1), (32, 2), (33, 3), (34, 23), (35, 22), (36, 21), (37, 41), (38, 42), (39, 43), (40, 63), (41, 64), (42, 65), (43, 45), (44, 46), (45, 26), (46, 6), (47, 7), (48, 8), (49, 9), (50, 10), (51, 11), (52, 31), (53, 51), (54, 71), (55, 70), (56, 90), (57, 91), (58, 92), (59, 93), (60, 73), (61, 53), (62, 52), (63, 32), (64, 12), (65, 13), (66, 33), (67, 34), (68, 54), (69, 74), (70, 75), (71, 76), (72, 56), (73, 57), (74, 37), (75, 36), (76, 35), (77, 15), (78, 14)]
您的距离系数损耗为2200,风险系数损耗为272,每步距离损耗[67, 11, 55, 1, 8, 55, 40, 64, 68, 66, 9, 89, 43, 70, 10, 12, 25, 49, 60, 82, 89, 81, 77, 31, 79, 16, 2, 36, 3, 71, 82, 71, 82, 43, 41, 67, 57, 3, 33, 56, 43, 7, 64, 40, 7, 24, 23, 88],每步风险损耗[2, 17, 7, 17, 7, 10, 22, 18, 10, 9, 0, 2, 11, 15, 15, 6, 5, 13, 8, 31, 18, 6, 5, 3, 3, 4, 8, 0, 0, 0, 0, 0, 0, 0, 0, 0, 0, 0, 0, 0, 0, 0, 0, 0, 0, 0, 0, 0]
iteration 85 ********* reward 277330 order0.0134239315882 conflicts 73103 drivers 474156
A_star  -----  A_star
搜索所用时间0.00468111038208s
从节点'0'到节点'399' 所需要的经过的节点是 [0, 1, 2, 3, 4, 5, 6, 26, 27, 28, 48, 68, 88, 108, 109, 110, 130, 150, 170, 190, 210, 230, 250, 270, 290, 310, 330, 350, 370, 371, 372, 373, 374, 375, 376, 396, 397, 398, 399] ,所需要的cost为 17212
Dijkstra  -----  Dijkstra
搜索所用时间0.00257706642151s
minimum steps:17212, path:[0, 1, 2, 3, 4, 5, 6, 26, 27, 28, 48, 68, 88, 108, 109, 110, 130, 150, 170, 190, 210, 230, 250, 270, 290, 310, 330, 350, 370, 371, 372, 373, 374, 375, 376, 396, 397, 398, 399]
('Times takes:', 995.6036379337311)
Dijkstra  -----  Dijkstra
第86天,您的路线为[0, 1, 2, 3, 4, 5, 6, 26, 27, 28, 48, 68, 88, 108, 109, 110, 130, 150, 170, 190, 210, 230, 250, 270, 290, 310, 330, 350, 370, 371, 372, 373, 374, 375, 376, 396, 397, 398, 399]
您的距离系数损耗为1234,风险系数损耗为361,每步距离损耗[67, 11, 55, 51, 25, 13, 12, 19, 21, 80, 35, 30, 26, 48, 76, 15, 22, 8, 27, 67, 50, 54, 80, 71, 10, 47, 32, 13, 19, 5, 36, 12, 39, 19, 9, 14, 12, 4],每步风险损耗[0, 25, 7, 3, 19, 20, 9, 6, 34, 7, 7, 20, 11, 8, 9, 18, 7, 0, 5, 16, 6, 13, 10, 0, 0, 12, 11, 10, 3, 6, 11, 20, 5, 4, 0, 0, 9, 10]
A_star  -----  A_star
第86天,您的路线为[0, 1, 2, 3, 4, 5, 6, 26, 27, 28, 48, 68, 88, 108, 109, 110, 130, 150, 170, 190, 210, 230, 250, 270, 290, 310, 330, 350, 370, 371, 372, 373, 374, 375, 376, 396, 397, 398, 399]
您的距离系数损耗为1234,风险系数损耗为361,每步距离损耗[67, 11, 55, 51, 25, 13, 12, 19, 21, 80, 35, 30, 26, 48, 76, 15, 22, 8, 27, 67, 50, 54, 80, 71, 10, 47, 32, 13, 19, 5, 36, 12, 39, 19, 9, 14, 12, 4],每步风险损耗[0, 25, 7, 3, 19, 20, 9, 6, 34, 7, 7, 20, 11, 8, 9, 18, 7, 0, 5, 16, 6, 13, 10, 0, 0, 12, 11, 10, 3, 6, 11, 20, 5, 4, 0, 0, 9, 10]
RL  -----  RL
第86天,您的路线为[(0, 0), (31, 20), (32, 40), (34, 41), (35, 21), (36, 1), (37, 2), (38, 22), (39, 23), (40, 3), (41, 4), (42, 24), (43, 25), (44, 45), (45, 44), (46, 64), (47, 65), (48, 66), (49, 86), (50, 106), (51, 126), (52, 125), (53, 145), (54, 144), (55, 124), (56, 123), (57, 143), (58, 163), (59, 162), (60, 161), (61, 181), (62, 180), (63, 200), (64, 220), (65, 221), (66, 222), (67, 223), (68, 243), (69, 242), (70, 241), (71, 240), (72, 260), (73, 280), (74, 281), (75, 261), (76, 262), (77, 263), (78, 264), (79, 244), (80, 224), (81, 204), (82, 205), (83, 206), (84, 207), (85, 187), (86, 186), (87, 185), (88, 165), (89, 164), (90, 184), (91, 183), (92, 203), (93, 202), (94, 201)]
您的距离系数损耗为2551,风险系数损耗为393,每步距离损耗[4, 52, 50, 40, 37, 11, 81, 8, 1, 51, 19, 5, 79, 22, 17, 89, 45, 23, 73, 43, 34, 86, 47, 22, 11, 77, 46, 64, 59, 2, 37, 83, 9, 17, 41, 69, 23, 35, 39, 71, 89, 81, 62, 52, 32, 62, 15, 80, 57, 32, 1, 47, 89, 5, 6, 78, 20, 26, 44, 24, 6, 13, 8],每步风险损耗[4, 10, 11, 16, 11, 17, 5, 3, 28, 0, 5, 10, 15, 13, 4, 9, 11, 20, 22, 7, 14, 16, 10, 20, 8, 13, 5, 0, 5, 0, 19, 22, 8, 6, 4, 5, 5, 0, 7, 0, 2, 0, 0, 0, 0, 0, 0, 0, 0, 2, 1, 0, 0, 0, 0, 0, 0, 0, 0, 0, 0, 0, 0]
iteration 86 ********* reward 356090 order0.0134028802031 conflicts 72004 drivers 465760
A_star  -----  A_star
搜索所用时间0.00385308265686s
从节点'0'到节点'399' 所需要的经过的节点是 [0, 1, 2, 3, 4, 5, 6, 26, 27, 28, 48, 68, 88, 108, 109, 110, 130, 150, 170, 190, 210, 230, 250, 270, 290, 310, 330, 350, 370, 371, 372, 373, 374, 375, 376, 396, 397, 398, 399] ,所需要的cost为 17212
Dijkstra  -----  Dijkstra
搜索所用时间0.00295805931091s
minimum steps:17212, path:[0, 1, 2, 3, 4, 5, 6, 26, 27, 28, 48, 68, 88, 108, 109, 110, 130, 150, 170, 190, 210, 230, 250, 270, 290, 310, 330, 350, 370, 371, 372, 373, 374, 375, 376, 396, 397, 398, 399]
('Times takes:', 988.5979421138763)
Dijkstra  -----  Dijkstra
第87天,您的路线为[0, 1, 2, 3, 4, 5, 6, 26, 27, 28, 48, 68, 88, 108, 109, 110, 130, 150, 170, 190, 210, 230, 250, 270, 290, 310, 330, 350, 370, 371, 372, 373, 374, 375, 376, 396, 397, 398, 399]
您的距离系数损耗为253,风险系数损耗为77,每步距离损耗[67, 11, 55, 51, 25, 13, 12, 19],每步风险损耗[0, 7, 1, 3, 14, 25, 20, 7]
A_star  -----  A_star
第87天,您的路线为[0, 1, 2, 3, 4, 5, 6, 26, 27, 28, 48, 68, 88, 108, 109, 110, 130, 150, 170, 190, 210, 230, 250, 270, 290, 310, 330, 350, 370, 371, 372, 373, 374, 375, 376, 396, 397, 398, 399]
您的距离系数损耗为253,风险系数损耗为77,每步距离损耗[67, 11, 55, 51, 25, 13, 12, 19],每步风险损耗[0, 7, 1, 3, 14, 25, 20, 7]
RL  -----  RL
第87天,您的路线为[(0, 0), (30, 1), (31, 2), (32, 22), (33, 42), (34, 41), (35, 40), (36, 20), (37, 21)]
您的距离系数损耗为362,风险系数损耗为80,每步距离损耗[67, 11, 81, 5, 64, 50, 52, 32],每步风险损耗[0, 7, 12, 17, 32, 2, 7, 3]
iteration 87 ********* reward 318240 order0.0133670333117 conflicts 71951 drivers 460632
A_star  -----  A_star
搜索所用时间0.00498104095459s
从节点'0'到节点'399' 所需要的经过的节点是 [0, 1, 2, 3, 4, 5, 6, 26, 27, 28, 48, 68, 88, 108, 109, 110, 130, 150, 170, 190, 210, 230, 250, 270, 290, 310, 330, 350, 370, 371, 372, 373, 374, 375, 376, 396, 397, 398, 399] ,所需要的cost为 17212
Dijkstra  -----  Dijkstra
搜索所用时间0.00296807289124s
minimum steps:17212, path:[0, 1, 2, 3, 4, 5, 6, 26, 27, 28, 48, 68, 88, 108, 109, 110, 130, 150, 170, 190, 210, 230, 250, 270, 290, 310, 330, 350, 370, 371, 372, 373, 374, 375, 376, 396, 397, 398, 399]
('Times takes:', 986.0088791847229)
Dijkstra  -----  Dijkstra
第88天,您的路线为[0, 1, 2, 3, 4, 5, 6, 26, 27, 28, 48, 68, 88, 108, 109, 110, 130, 150, 170, 190, 210, 230, 250, 270, 290, 310, 330, 350, 370, 371, 372, 373, 374, 375, 376, 396, 397, 398, 399]
您的距离系数损耗为1234,风险系数损耗为438,每步距离损耗[67, 11, 55, 51, 25, 13, 12, 19, 21, 80, 35, 30, 26, 48, 76, 15, 22, 8, 27, 67, 50, 54, 80, 71, 10, 47, 32, 13, 19, 5, 36, 12, 39, 19, 9, 14, 12, 4],每步风险损耗[0, 3, 6, 16, 25, 16, 11, 7, 19, 13, 20, 18, 11, 10, 27, 16, 27, 4, 24, 22, 19, 12, 10, 11, 9, 1, 3, 2, 3, 0, 0, 3, 0, 3, 8, 20, 23, 16]
A_star  -----  A_star
第88天,您的路线为[0, 1, 2, 3, 4, 5, 6, 26, 27, 28, 48, 68, 88, 108, 109, 110, 130, 150, 170, 190, 210, 230, 250, 270, 290, 310, 330, 350, 370, 371, 372, 373, 374, 375, 376, 396, 397, 398, 399]
您的距离系数损耗为1234,风险系数损耗为438,每步距离损耗[67, 11, 55, 51, 25, 13, 12, 19, 21, 80, 35, 30, 26, 48, 76, 15, 22, 8, 27, 67, 50, 54, 80, 71, 10, 47, 32, 13, 19, 5, 36, 12, 39, 19, 9, 14, 12, 4],每步风险损耗[0, 3, 6, 16, 25, 16, 11, 7, 19, 13, 20, 18, 11, 10, 27, 16, 27, 4, 24, 22, 19, 12, 10, 11, 9, 1, 3, 2, 3, 0, 0, 3, 0, 3, 8, 20, 23, 16]
RL  -----  RL
第88天,您的路线为[(0, 0), (30, 1), (31, 2), (32, 3), (33, 4), (34, 5), (35, 25), (36, 45), (37, 65), (38, 66), (39, 67), (40, 87), (41, 88), (42, 108), (43, 109), (44, 129), (45, 130), (46, 110), (47, 90), (48, 91), (49, 71), (50, 72), (51, 52), (52, 53), (53, 33), (54, 32), (55, 12), (56, 13), (57, 14), (59, 34), (60, 35), (61, 55), (62, 75), (63, 74), (64, 73), (65, 93), (66, 113), (67, 133), (68, 134), (69, 135), (70, 136), (71, 156), (72, 155), (73, 154), (74, 153), (75, 152), (76, 132), (77, 112), (78, 111), (79, 131), (80, 151), (81, 150), (82, 149), (83, 148), (84, 147), (85, 146), (86, 126), (87, 106), (88, 105), (89, 85), (90, 86)]
您的距离系数损耗为2679,风险系数损耗为391,每步距离损耗[67, 11, 55, 51, 25, 76, 79, 43, 45, 31, 60, 25, 26, 48, 69, 34, 15, 81, 2, 43, 4, 3, 71, 21, 65, 43, 41, 19, 77, 47, 1, 60, 56, 66, 71, 66, 20, 50, 19, 72, 67, 4, 5, 39, 66, 22, 43, 4, 65, 77, 15, 40, 33, 79, 80, 76, 43, 62, 68, 33],每步风险损耗[0, 3, 6, 16, 25, 6, 37, 28, 22, 22, 25, 24, 11, 10, 27, 38, 18, 15, 20, 2, 5, 0, 2, 0, 7, 4, 5, 0, 8, 1, 3, 0, 0, 0, 0, 0, 0, 0, 0, 0, 0, 0, 0, 0, 0, 0, 0, 1, 0, 0, 0, 0, 0, 0, 0, 0, 0, 0, 0, 0]
iteration 88 ********* reward 391060 order0.0133617218664 conflicts 71476 drivers 444336
A_star  -----  A_star
搜索所用时间0.00384998321533s
从节点'0'到节点'399' 所需要的经过的节点是 [0, 1, 2, 3, 4, 5, 6, 26, 27, 28, 48, 68, 88, 108, 109, 110, 130, 150, 170, 190, 210, 230, 250, 270, 290, 310, 330, 350, 370, 371, 372, 373, 374, 375, 376, 396, 397, 398, 399] ,所需要的cost为 17212
Dijkstra  -----  Dijkstra
搜索所用时间0.00251197814941s
minimum steps:17212, path:[0, 1, 2, 3, 4, 5, 6, 26, 27, 28, 48, 68, 88, 108, 109, 110, 130, 150, 170, 190, 210, 230, 250, 270, 290, 310, 330, 350, 370, 371, 372, 373, 374, 375, 376, 396, 397, 398, 399]
('Times takes:', 970.7235162258148)
Dijkstra  -----  Dijkstra
第89天,您的路线为[0, 1, 2, 3, 4, 5, 6, 26, 27, 28, 48, 68, 88, 108, 109, 110, 130, 150, 170, 190, 210, 230, 250, 270, 290, 310, 330, 350, 370, 371, 372, 373, 374, 375, 376, 396, 397, 398, 399]
您的距离系数损耗为606,风险系数损耗为170,每步距离损耗[67, 11, 55, 51, 25, 13, 12, 19, 21, 80, 35, 30, 26, 48, 76, 15, 22],每步风险损耗[0, 11, 0, 1, 8, 6, 7, 2, 12, 7, 7, 9, 13, 11, 18, 37, 21]
A_star  -----  A_star
第89天,您的路线为[0, 1, 2, 3, 4, 5, 6, 26, 27, 28, 48, 68, 88, 108, 109, 110, 130, 150, 170, 190, 210, 230, 250, 270, 290, 310, 330, 350, 370, 371, 372, 373, 374, 375, 376, 396, 397, 398, 399]
您的距离系数损耗为606,风险系数损耗为170,每步距离损耗[67, 11, 55, 51, 25, 13, 12, 19, 21, 80, 35, 30, 26, 48, 76, 15, 22],每步风险损耗[0, 11, 0, 1, 8, 6, 7, 2, 12, 7, 7, 9, 13, 11, 18, 37, 21]
RL  -----  RL
第89天,您的路线为[(0, 0), (30, 1), (31, 2), (32, 22), (33, 23), (34, 43), (35, 42), (36, 62), (37, 82), (38, 102), (39, 101), (40, 81), (41, 80), (42, 60), (43, 40), (45, 41), (46, 21), (47, 20)]
您的距离系数损耗为909,风险系数损耗为223,每步距离损耗[67, 11, 81, 8, 50, 68, 58, 50, 72, 32, 61, 87, 57, 85, 50, 40, 32],每步风险损耗[0, 11, 5, 5, 7, 12, 13, 12, 14, 9, 12, 37, 45, 28, 6, 6, 1]
iteration 89 ********* reward 327580 order0.0133336563102 conflicts 69597 drivers 426757
A_star  -----  A_star
搜索所用时间0.00385594367981s
从节点'0'到节点'399' 所需要的经过的节点是 [0, 1, 2, 3, 4, 5, 6, 26, 27, 28, 48, 68, 88, 108, 109, 110, 130, 150, 170, 190, 210, 230, 250, 270, 290, 310, 330, 350, 370, 371, 372, 373, 374, 375, 376, 396, 397, 398, 399] ,所需要的cost为 17212
Dijkstra  -----  Dijkstra
搜索所用时间0.00251483917236s
minimum steps:17212, path:[0, 1, 2, 3, 4, 5, 6, 26, 27, 28, 48, 68, 88, 108, 109, 110, 130, 150, 170, 190, 210, 230, 250, 270, 290, 310, 330, 350, 370, 371, 372, 373, 374, 375, 376, 396, 397, 398, 399]
('Times takes:', 979.2083127498627)
Dijkstra  -----  Dijkstra
第90天,您的路线为[0, 1, 2, 3, 4, 5, 6, 26, 27, 28, 48, 68, 88, 108, 109, 110, 130, 150, 170, 190, 210, 230, 250, 270, 290, 310, 330, 350, 370, 371, 372, 373, 374, 375, 376, 396, 397, 398, 399]
您的距离系数损耗为274,风险系数损耗为196,每步距离损耗[67, 11, 55, 51, 25, 13, 12, 19, 21],每步风险损耗[15, 54, 13, 11, 33, 16, 12, 8, 34]
A_star  -----  A_star
第90天,您的路线为[0, 1, 2, 3, 4, 5, 6, 26, 27, 28, 48, 68, 88, 108, 109, 110, 130, 150, 170, 190, 210, 230, 250, 270, 290, 310, 330, 350, 370, 371, 372, 373, 374, 375, 376, 396, 397, 398, 399]
您的距离系数损耗为274,风险系数损耗为196,每步距离损耗[67, 11, 55, 51, 25, 13, 12, 19, 21],每步风险损耗[15, 54, 13, 11, 33, 16, 12, 8, 34]
RL  -----  RL
第90天,您的路线为[(0, 0), (30, 1), (31, 2), (32, 3), (33, 4), (34, 24), (36, 25), (37, 26), (38, 6), (39, 5)]
您的距离系数损耗为271,风险系数损耗为217,每步距离损耗[67, 11, 55, 51, 19, 5, 38, 12, 13],每步风险损耗[15, 54, 13, 11, 27, 34, 15, 24, 24]
iteration 90 ********* reward 401120 order0.0133318516141 conflicts 73578 drivers 466005
A_star  -----  A_star
搜索所用时间0.00381302833557s
从节点'0'到节点'399' 所需要的经过的节点是 [0, 1, 2, 3, 4, 5, 6, 26, 27, 28, 48, 68, 88, 108, 109, 110, 130, 150, 170, 190, 210, 230, 250, 270, 290, 310, 330, 350, 370, 371, 372, 373, 374, 375, 376, 396, 397, 398, 399] ,所需要的cost为 17212
Dijkstra  -----  Dijkstra
搜索所用时间0.00250005722046s
minimum steps:17212, path:[0, 1, 2, 3, 4, 5, 6, 26, 27, 28, 48, 68, 88, 108, 109, 110, 130, 150, 170, 190, 210, 230, 250, 270, 290, 310, 330, 350, 370, 371, 372, 373, 374, 375, 376, 396, 397, 398, 399]
('Times takes:', 980.5842530727386)
Dijkstra  -----  Dijkstra
第91天,您的路线为[0, 1, 2, 3, 4, 5, 6, 26, 27, 28, 48, 68, 88, 108, 109, 110, 130, 150, 170, 190, 210, 230, 250, 270, 290, 310, 330, 350, 370, 371, 372, 373, 374, 375, 376, 396, 397, 398, 399]
您的距离系数损耗为1234,风险系数损耗为306,每步距离损耗[67, 11, 55, 51, 25, 13, 12, 19, 21, 80, 35, 30, 26, 48, 76, 15, 22, 8, 27, 67, 50, 54, 80, 71, 10, 47, 32, 13, 19, 5, 36, 12, 39, 19, 9, 14, 12, 4],每步风险损耗[8, 35, 19, 13, 12, 5, 3, 12, 12, 9, 2, 6, 5, 0, 3, 12, 7, 2, 0, 8, 8, 13, 13, 11, 8, 1, 8, 6, 5, 2, 0, 17, 4, 0, 6, 4, 14, 13]
A_star  -----  A_star
第91天,您的路线为[0, 1, 2, 3, 4, 5, 6, 26, 27, 28, 48, 68, 88, 108, 109, 110, 130, 150, 170, 190, 210, 230, 250, 270, 290, 310, 330, 350, 370, 371, 372, 373, 374, 375, 376, 396, 397, 398, 399]
您的距离系数损耗为1234,风险系数损耗为306,每步距离损耗[67, 11, 55, 51, 25, 13, 12, 19, 21, 80, 35, 30, 26, 48, 76, 15, 22, 8, 27, 67, 50, 54, 80, 71, 10, 47, 32, 13, 19, 5, 36, 12, 39, 19, 9, 14, 12, 4],每步风险损耗[8, 35, 19, 13, 12, 5, 3, 12, 12, 9, 2, 6, 5, 0, 3, 12, 7, 2, 0, 8, 8, 13, 13, 11, 8, 1, 8, 6, 5, 2, 0, 17, 4, 0, 6, 4, 14, 13]
RL  -----  RL
第91天,您的路线为[(0, 0), (30, 20), (31, 21), (32, 1), (33, 2), (34, 3), (35, 4), (36, 24), (37, 44), (38, 43), (39, 63), (40, 64), (41, 65), (42, 45), (43, 25), (44, 5), (45, 6), (46, 7), (47, 8), (48, 28), (49, 29), (50, 30), (51, 10), (52, 11), (53, 12), (54, 13), (55, 33), (56, 34), (57, 14), (58, 15), (59, 16), (60, 17), (61, 37), (62, 36), (63, 56), (64, 57), (65, 77), (66, 78), (67, 58), (69, 38), (70, 39), (71, 19), (72, 18)]
您的距离系数损耗为1993,风险系数损耗为276,每步距离损耗[4, 32, 37, 11, 55, 51, 19, 5, 89, 66, 9, 89, 43, 79, 76, 13, 25, 49, 29, 49, 36, 86, 89, 16, 41, 67, 57, 77, 88, 54, 13, 33, 7, 82, 64, 28, 55, 90, 65, 38, 1, 76],每步风险损耗[11, 25, 20, 31, 16, 13, 12, 5, 10, 11, 0, 3, 5, 6, 0, 0, 0, 0, 0, 6, 0, 0, 2, 0, 0, 3, 8, 16, 0, 10, 11, 13, 7, 12, 6, 0, 5, 3, 4, 0, 2, 0]
iteration 91 ********* reward 339380 order0.0133090456349 conflicts 70636 drivers 431285
A_star  -----  A_star
搜索所用时间0.00377678871155s
从节点'0'到节点'399' 所需要的经过的节点是 [0, 1, 2, 3, 4, 5, 6, 26, 27, 28, 48, 68, 88, 108, 109, 110, 130, 150, 170, 190, 210, 230, 250, 270, 290, 310, 330, 350, 370, 371, 372, 373, 374, 375, 376, 396, 397, 398, 399] ,所需要的cost为 17212
Dijkstra  -----  Dijkstra
搜索所用时间0.00248694419861s
minimum steps:17212, path:[0, 1, 2, 3, 4, 5, 6, 26, 27, 28, 48, 68, 88, 108, 109, 110, 130, 150, 170, 190, 210, 230, 250, 270, 290, 310, 330, 350, 370, 371, 372, 373, 374, 375, 376, 396, 397, 398, 399]
('Times takes:', 989.0048410892487)
Dijkstra  -----  Dijkstra
第92天,您的路线为[0, 1, 2, 3, 4, 5, 6, 26, 27, 28, 48, 68, 88, 108, 109, 110, 130, 150, 170, 190, 210, 230, 250, 270, 290, 310, 330, 350, 370, 371, 372, 373, 374, 375, 376, 396, 397, 398, 399]
您的距离系数损耗为419,风险系数损耗为197,每步距离损耗[67, 11, 55, 51, 25, 13, 12, 19, 21, 80, 35, 30],每步风险损耗[0, 22, 10, 16, 19, 14, 27, 22, 26, 15, 8, 18]
A_star  -----  A_star
第92天,您的路线为[0, 1, 2, 3, 4, 5, 6, 26, 27, 28, 48, 68, 88, 108, 109, 110, 130, 150, 170, 190, 210, 230, 250, 270, 290, 310, 330, 350, 370, 371, 372, 373, 374, 375, 376, 396, 397, 398, 399]
您的距离系数损耗为419,风险系数损耗为197,每步距离损耗[67, 11, 55, 51, 25, 13, 12, 19, 21, 80, 35, 30],每步风险损耗[0, 22, 10, 16, 19, 14, 27, 22, 26, 15, 8, 18]
RL  -----  RL
第92天,您的路线为[(0, 0), (30, 1), (31, 21), (32, 22), (33, 2), (34, 3), (35, 4), (36, 24), (37, 44), (38, 64), (39, 63), (40, 43), (42, 23)]
您的距离系数损耗为512,风险系数损耗为158,每步距离损耗[67, 37, 55, 81, 55, 51, 19, 5, 17, 9, 66, 50],每步风险损耗[0, 13, 19, 25, 10, 14, 26, 6, 17, 0, 4, 24]
iteration 92 ********* reward 413520 order0.0133119406299 conflicts 73721 drivers 463086
A_star  -----  A_star
搜索所用时间0.00513696670532s
从节点'0'到节点'399' 所需要的经过的节点是 [0, 1, 2, 3, 4, 5, 6, 26, 27, 28, 48, 68, 88, 108, 109, 110, 130, 150, 170, 190, 210, 230, 250, 270, 290, 310, 330, 350, 370, 371, 372, 373, 374, 375, 376, 396, 397, 398, 399] ,所需要的cost为 17212
Dijkstra  -----  Dijkstra
搜索所用时间0.00271797180176s
minimum steps:17212, path:[0, 1, 2, 3, 4, 5, 6, 26, 27, 28, 48, 68, 88, 108, 109, 110, 130, 150, 170, 190, 210, 230, 250, 270, 290, 310, 330, 350, 370, 371, 372, 373, 374, 375, 376, 396, 397, 398, 399]
('Times takes:', 982.9635879993439)
Dijkstra  -----  Dijkstra
第93天,您的路线为[0, 1, 2, 3, 4, 5, 6, 26, 27, 28, 48, 68, 88, 108, 109, 110, 130, 150, 170, 190, 210, 230, 250, 270, 290, 310, 330, 350, 370, 371, 372, 373, 374, 375, 376, 396, 397, 398, 399]
您的距离系数损耗为606,风险系数损耗为264,每步距离损耗[67, 11, 55, 51, 25, 13, 12, 19, 21, 80, 35, 30, 26, 48, 76, 15, 22],每步风险损耗[8, 34, 7, 6, 34, 25, 9, 14, 17, 13, 12, 24, 8, 12, 12, 13, 16]
A_star  -----  A_star
第93天,您的路线为[0, 1, 2, 3, 4, 5, 6, 26, 27, 28, 48, 68, 88, 108, 109, 110, 130, 150, 170, 190, 210, 230, 250, 270, 290, 310, 330, 350, 370, 371, 372, 373, 374, 375, 376, 396, 397, 398, 399]
您的距离系数损耗为606,风险系数损耗为264,每步距离损耗[67, 11, 55, 51, 25, 13, 12, 19, 21, 80, 35, 30, 26, 48, 76, 15, 22],每步风险损耗[8, 34, 7, 6, 34, 25, 9, 14, 17, 13, 12, 24, 8, 12, 12, 13, 16]
RL  -----  RL
第93天,您的路线为[(0, 0), (30, 20), (31, 40), (32, 60), (33, 61), (34, 81), (35, 82), (36, 102), (37, 122), (38, 142), (39, 143), (40, 163), (41, 164), (42, 144), (43, 124), (44, 104), (45, 103), (47, 123)]
您的距离系数损耗为802,风险系数损耗为414,每步距离损耗[4, 52, 85, 56, 48, 19, 72, 41, 40, 72, 46, 79, 35, 22, 15, 68, 48],每步风险损耗[4, 20, 13, 25, 24, 17, 8, 13, 51, 28, 40, 39, 19, 53, 26, 19, 15]
iteration 93 ********* reward 401720 order0.0133135068398 conflicts 72488 drivers 458851
A_star  -----  A_star
搜索所用时间0.00621485710144s
从节点'0'到节点'399' 所需要的经过的节点是 [0, 1, 2, 3, 4, 5, 6, 26, 27, 28, 48, 68, 88, 108, 109, 110, 130, 150, 170, 190, 210, 230, 250, 270, 290, 310, 330, 350, 370, 371, 372, 373, 374, 375, 376, 396, 397, 398, 399] ,所需要的cost为 17212
Dijkstra  -----  Dijkstra
搜索所用时间0.00343608856201s
minimum steps:17212, path:[0, 1, 2, 3, 4, 5, 6, 26, 27, 28, 48, 68, 88, 108, 109, 110, 130, 150, 170, 190, 210, 230, 250, 270, 290, 310, 330, 350, 370, 371, 372, 373, 374, 375, 376, 396, 397, 398, 399]
('Times takes:', 987.124353647232)
Dijkstra  -----  Dijkstra
第94天,您的路线为[0, 1, 2, 3, 4, 5, 6, 26, 27, 28, 48, 68, 88, 108, 109, 110, 130, 150, 170, 190, 210, 230, 250, 270, 290, 310, 330, 350, 370, 371, 372, 373, 374, 375, 376, 396, 397, 398, 399]
您的距离系数损耗为758,风险系数损耗为252,每步距离损耗[67, 11, 55, 51, 25, 13, 12, 19, 21, 80, 35, 30, 26, 48, 76, 15, 22, 8, 27, 67, 50],每步风险损耗[0, 14, 7, 10, 21, 14, 16, 10, 24, 10, 11, 22, 8, 3, 16, 27, 17, 4, 6, 8, 4]
A_star  -----  A_star
第94天,您的路线为[0, 1, 2, 3, 4, 5, 6, 26, 27, 28, 48, 68, 88, 108, 109, 110, 130, 150, 170, 190, 210, 230, 250, 270, 290, 310, 330, 350, 370, 371, 372, 373, 374, 375, 376, 396, 397, 398, 399]
您的距离系数损耗为758,风险系数损耗为252,每步距离损耗[67, 11, 55, 51, 25, 13, 12, 19, 21, 80, 35, 30, 26, 48, 76, 15, 22, 8, 27, 67, 50],每步风险损耗[0, 14, 7, 10, 21, 14, 16, 10, 24, 10, 11, 22, 8, 3, 16, 27, 17, 4, 6, 8, 4]
RL  -----  RL
第94天,您的路线为[(0, 0), (30, 20), (31, 21), (32, 1), (33, 2), (34, 3), (35, 4), (36, 5), (37, 6), (38, 26), (39, 25), (40, 24), (42, 23), (43, 22), (45, 42), (46, 62), (47, 82), (48, 81), (49, 61), (50, 60), (51, 40), (52, 41)]
您的距离系数损耗为688,风险系数损耗为172,每步距离损耗[4, 32, 37, 11, 55, 51, 25, 13, 12, 38, 5, 26, 8, 5, 58, 50, 19, 48, 56, 85, 50],每步风险损耗[0, 13, 22, 11, 5, 7, 19, 13, 12, 5, 14, 6, 6, 1, 5, 1, 18, 5, 7, 2, 0]
iteration 94 ********* reward 317830 order0.0132839699787 conflicts 73376 drivers 459730
A_star  -----  A_star
搜索所用时间0.00435900688171s
从节点'0'到节点'399' 所需要的经过的节点是 [0, 1, 2, 3, 4, 5, 6, 26, 27, 28, 48, 68, 88, 108, 109, 110, 130, 150, 170, 190, 210, 230, 250, 270, 290, 310, 330, 350, 370, 371, 372, 373, 374, 375, 376, 396, 397, 398, 399] ,所需要的cost为 17212
Dijkstra  -----  Dijkstra
搜索所用时间0.00260210037231s
minimum steps:17212, path:[0, 1, 2, 3, 4, 5, 6, 26, 27, 28, 48, 68, 88, 108, 109, 110, 130, 150, 170, 190, 210, 230, 250, 270, 290, 310, 330, 350, 370, 371, 372, 373, 374, 375, 376, 396, 397, 398, 399]
('Times takes:', 996.6107492446899)
Dijkstra  -----  Dijkstra
第95天,您的路线为[0, 1, 2, 3, 4, 5, 6, 26, 27, 28, 48, 68, 88, 108, 109, 110, 130, 150, 170, 190, 210, 230, 250, 270, 290, 310, 330, 350, 370, 371, 372, 373, 374, 375, 376, 396, 397, 398, 399]
您的距离系数损耗为1176,风险系数损耗为204,每步距离损耗[67, 11, 55, 51, 25, 13, 12, 19, 21, 80, 35, 30, 26, 48, 76, 15, 22, 8, 27, 67, 50, 54, 80, 71, 10, 47, 32, 13, 19, 5, 36, 12, 39],每步风险损耗[0, 14, 1, 0, 1, 4, 0, 0, 8, 3, 14, 15, 6, 9, 3, 13, 22, 2, 0, 2, 20, 8, 10, 3, 0, 0, 1, 13, 10, 2, 5, 8, 7]
A_star  -----  A_star
第95天,您的路线为[0, 1, 2, 3, 4, 5, 6, 26, 27, 28, 48, 68, 88, 108, 109, 110, 130, 150, 170, 190, 210, 230, 250, 270, 290, 310, 330, 350, 370, 371, 372, 373, 374, 375, 376, 396, 397, 398, 399]
您的距离系数损耗为1176,风险系数损耗为204,每步距离损耗[67, 11, 55, 51, 25, 13, 12, 19, 21, 80, 35, 30, 26, 48, 76, 15, 22, 8, 27, 67, 50, 54, 80, 71, 10, 47, 32, 13, 19, 5, 36, 12, 39],每步风险损耗[0, 14, 1, 0, 1, 4, 0, 0, 8, 3, 14, 15, 6, 9, 3, 13, 22, 2, 0, 2, 20, 8, 10, 3, 0, 0, 1, 13, 10, 2, 5, 8, 7]
RL  -----  RL
第95天,您的路线为[(0, 0), (32, 20), (33, 40), (34, 41), (35, 42), (36, 22), (37, 21), (38, 1), (39, 2), (40, 3), (41, 23), (42, 43), (43, 44), (44, 24), (45, 25), (46, 5), (47, 6), (48, 7), (49, 8), (50, 9), (51, 29), (52, 49), (53, 50), (54, 70), (55, 69), (56, 89), (57, 90), (58, 91), (59, 71), (60, 72), (61, 52), (62, 32), (63, 31), (64, 51)]
您的距离系数损耗为1361,风险系数损耗为61,每步距离损耗[4, 52, 50, 64, 5, 55, 37, 11, 55, 1, 50, 89, 5, 5, 76, 13, 25, 49, 60, 66, 4, 84, 76, 68, 57, 76, 2, 43, 4, 3, 82, 13, 77],每步风险损耗[2, 2, 0, 6, 2, 0, 0, 8, 0, 0, 2, 0, 0, 2, 0, 0, 0, 1, 4, 0, 0, 8, 3, 0, 0, 6, 10, 2, 0, 0, 3, 0, 0]
iteration 95 ********* reward 356790 order0.0132683330664 conflicts 70573 drivers 434861
A_star  -----  A_star
搜索所用时间0.00386500358582s
从节点'0'到节点'399' 所需要的经过的节点是 [0, 1, 2, 3, 4, 5, 6, 26, 27, 28, 48, 68, 88, 108, 109, 110, 130, 150, 170, 190, 210, 230, 250, 270, 290, 310, 330, 350, 370, 371, 372, 373, 374, 375, 376, 396, 397, 398, 399] ,所需要的cost为 17212
Dijkstra  -----  Dijkstra
搜索所用时间0.00550699234009s
minimum steps:17212, path:[0, 1, 2, 3, 4, 5, 6, 26, 27, 28, 48, 68, 88, 108, 109, 110, 130, 150, 170, 190, 210, 230, 250, 270, 290, 310, 330, 350, 370, 371, 372, 373, 374, 375, 376, 396, 397, 398, 399]
('Times takes:', 991.8773820400238)
Dijkstra  -----  Dijkstra
第96天,您的路线为[0, 1, 2, 3, 4, 5, 6, 26, 27, 28, 48, 68, 88, 108, 109, 110, 130, 150, 170, 190, 210, 230, 250, 270, 290, 310, 330, 350, 370, 371, 372, 373, 374, 375, 376, 396, 397, 398, 399]
您的距离系数损耗为892,风险系数损耗为207,每步距离损耗[67, 11, 55, 51, 25, 13, 12, 19, 21, 80, 35, 30, 26, 48, 76, 15, 22, 8, 27, 67, 50, 54, 80],每步风险损耗[0, 11, 2, 7, 4, 7, 9, 5, 14, 10, 14, 16, 12, 0, 3, 11, 3, 1, 13, 30, 13, 12, 10]
A_star  -----  A_star
第96天,您的路线为[0, 1, 2, 3, 4, 5, 6, 26, 27, 28, 48, 68, 88, 108, 109, 110, 130, 150, 170, 190, 210, 230, 250, 270, 290, 310, 330, 350, 370, 371, 372, 373, 374, 375, 376, 396, 397, 398, 399]
您的距离系数损耗为892,风险系数损耗为207,每步距离损耗[67, 11, 55, 51, 25, 13, 12, 19, 21, 80, 35, 30, 26, 48, 76, 15, 22, 8, 27, 67, 50, 54, 80],每步风险损耗[0, 11, 2, 7, 4, 7, 9, 5, 14, 10, 14, 16, 12, 0, 3, 11, 3, 1, 13, 30, 13, 12, 10]
RL  -----  RL
第96天,您的路线为[(0, 0), (30, 1), (31, 21), (32, 20), (34, 40), (35, 41), (36, 61), (37, 60), (39, 80), (40, 100), (41, 101), (42, 121), (43, 120), (45, 140), (46, 141), (47, 142), (48, 122), (49, 123), (50, 124), (51, 104), (52, 103), (53, 102), (54, 82), (55, 81)]
您的距离系数损耗为1021,风险系数损耗为264,每步距离损耗[67, 37, 32, 52, 50, 90, 56, 57, 64, 8, 54, 24, 33, 10, 90, 40, 36, 11, 15, 68, 36, 72, 19],每步风险损耗[0, 7, 7, 0, 0, 0, 4, 2, 13, 31, 18, 24, 49, 38, 12, 25, 11, 9, 0, 0, 0, 8, 6]
iteration 96 ********* reward 327370 order0.0132431915665 conflicts 70494 drivers 437609
A_star  -----  A_star
搜索所用时间0.00380682945251s
从节点'0'到节点'399' 所需要的经过的节点是 [0, 1, 2, 3, 4, 5, 6, 26, 27, 28, 48, 68, 88, 108, 109, 110, 130, 150, 170, 190, 210, 230, 250, 270, 290, 310, 330, 350, 370, 371, 372, 373, 374, 375, 376, 396, 397, 398, 399] ,所需要的cost为 17212
Dijkstra  -----  Dijkstra
搜索所用时间0.0028760433197s
minimum steps:17212, path:[0, 1, 2, 3, 4, 5, 6, 26, 27, 28, 48, 68, 88, 108, 109, 110, 130, 150, 170, 190, 210, 230, 250, 270, 290, 310, 330, 350, 370, 371, 372, 373, 374, 375, 376, 396, 397, 398, 399]
('Times takes:', 1002.1593198776245)
Dijkstra  -----  Dijkstra
第97天,您的路线为[0, 1, 2, 3, 4, 5, 6, 26, 27, 28, 48, 68, 88, 108, 109, 110, 130, 150, 170, 190, 210, 230, 250, 270, 290, 310, 330, 350, 370, 371, 372, 373, 374, 375, 376, 396, 397, 398, 399]
您的距离系数损耗为1020,风险系数损耗为306,每步距离损耗[67, 11, 55, 51, 25, 13, 12, 19, 21, 80, 35, 30, 26, 48, 76, 15, 22, 8, 27, 67, 50, 54, 80, 71, 10, 47],每步风险损耗[0, 17, 6, 6, 22, 13, 31, 11, 27, 13, 20, 22, 8, 4, 4, 13, 11, 8, 20, 18, 12, 16, 4, 0, 0, 0]
A_star  -----  A_star
第97天,您的路线为[0, 1, 2, 3, 4, 5, 6, 26, 27, 28, 48, 68, 88, 108, 109, 110, 130, 150, 170, 190, 210, 230, 250, 270, 290, 310, 330, 350, 370, 371, 372, 373, 374, 375, 376, 396, 397, 398, 399]
您的距离系数损耗为1020,风险系数损耗为306,每步距离损耗[67, 11, 55, 51, 25, 13, 12, 19, 21, 80, 35, 30, 26, 48, 76, 15, 22, 8, 27, 67, 50, 54, 80, 71, 10, 47],每步风险损耗[0, 17, 6, 6, 22, 13, 31, 11, 27, 13, 20, 22, 8, 4, 4, 13, 11, 8, 20, 18, 12, 16, 4, 0, 0, 0]
RL  -----  RL
第97天,您的路线为[(0, 0), (30, 20), (31, 40), (32, 60), (33, 80), (34, 81), (35, 61), (36, 62), (37, 42), (38, 22), (39, 2), (40, 3), (41, 23), (42, 24), (43, 44), (44, 43), (45, 63), (46, 64), (47, 65), (48, 66), (49, 46), (50, 26), (51, 27), (52, 7), (53, 6), (54, 5), (55, 4)]
您的距离系数损耗为1195,风险系数损耗为148,每步距离损耗[4, 52, 85, 57, 87, 48, 70, 58, 5, 81, 55, 1, 26, 5, 89, 66, 9, 89, 45, 82, 10, 19, 89, 25, 13, 25],每步风险损耗[0, 5, 11, 11, 30, 12, 20, 12, 5, 1, 0, 4, 1, 2, 2, 0, 0, 0, 2, 15, 5, 1, 8, 1, 0, 0]
iteration 97 ********* reward 346990 order0.0132230377879 conflicts 75018 drivers 495022
A_star  -----  A_star
搜索所用时间0.00396203994751s
从节点'0'到节点'399' 所需要的经过的节点是 [0, 1, 2, 3, 4, 5, 6, 26, 27, 28, 48, 68, 88, 108, 109, 110, 130, 150, 170, 190, 210, 230, 250, 270, 290, 310, 330, 350, 370, 371, 372, 373, 374, 375, 376, 396, 397, 398, 399] ,所需要的cost为 17212
Dijkstra  -----  Dijkstra
搜索所用时间0.00259399414062s
minimum steps:17212, path:[0, 1, 2, 3, 4, 5, 6, 26, 27, 28, 48, 68, 88, 108, 109, 110, 130, 150, 170, 190, 210, 230, 250, 270, 290, 310, 330, 350, 370, 371, 372, 373, 374, 375, 376, 396, 397, 398, 399]
('Times takes:', 991.4969348907471)
Dijkstra  -----  Dijkstra
第98天,您的路线为[0, 1, 2, 3, 4, 5, 6, 26, 27, 28, 48, 68, 88, 108, 109, 110, 130, 150, 170, 190, 210, 230, 250, 270, 290, 310, 330, 350, 370, 371, 372, 373, 374, 375, 376, 396, 397, 398, 399]
您的距离系数损耗为569,风险系数损耗为107,每步距离损耗[67, 11, 55, 51, 25, 13, 12, 19, 21, 80, 35, 30, 26, 48, 76],每步风险损耗[0, 7, 0, 0, 8, 11, 15, 3, 8, 1, 11, 21, 13, 6, 3]
A_star  -----  A_star
第98天,您的路线为[0, 1, 2, 3, 4, 5, 6, 26, 27, 28, 48, 68, 88, 108, 109, 110, 130, 150, 170, 190, 210, 230, 250, 270, 290, 310, 330, 350, 370, 371, 372, 373, 374, 375, 376, 396, 397, 398, 399]
您的距离系数损耗为569,风险系数损耗为107,每步距离损耗[67, 11, 55, 51, 25, 13, 12, 19, 21, 80, 35, 30, 26, 48, 76],每步风险损耗[0, 7, 0, 0, 8, 11, 15, 3, 8, 1, 11, 21, 13, 6, 3]
RL  -----  RL
第98天,您的路线为[(0, 0), (31, 1), (32, 2), (33, 22), (34, 21), (35, 20), (36, 40), (37, 41), (38, 61), (39, 60), (41, 80), (42, 100), (43, 101), (44, 102), (45, 82), (46, 81)]
您的距离系数损耗为746,风险系数损耗为190,每步距离损耗[67, 11, 81, 55, 32, 52, 50, 90, 56, 57, 64, 8, 32, 72, 19],每步风险损耗[0, 7, 10, 15, 14, 5, 3, 12, 12, 13, 25, 20, 13, 20, 21]
iteration 98 ********* reward 354320 order0.013206092137 conflicts 71432 drivers 446846
A_star  -----  A_star
搜索所用时间0.00394487380981s
从节点'0'到节点'399' 所需要的经过的节点是 [0, 1, 2, 3, 4, 5, 6, 26, 27, 28, 48, 68, 88, 108, 109, 110, 130, 150, 170, 190, 210, 230, 250, 270, 290, 310, 330, 350, 370, 371, 372, 373, 374, 375, 376, 396, 397, 398, 399] ,所需要的cost为 17212
Dijkstra  -----  Dijkstra
搜索所用时间0.00254201889038s
minimum steps:17212, path:[0, 1, 2, 3, 4, 5, 6, 26, 27, 28, 48, 68, 88, 108, 109, 110, 130, 150, 170, 190, 210, 230, 250, 270, 290, 310, 330, 350, 370, 371, 372, 373, 374, 375, 376, 396, 397, 398, 399]
('Times takes:', 991.980015039444)
Dijkstra  -----  Dijkstra
第99天,您的路线为[0, 1, 2, 3, 4, 5, 6, 26, 27, 28, 48, 68, 88, 108, 109, 110, 130, 150, 170, 190, 210, 230, 250, 270, 290, 310, 330, 350, 370, 371, 372, 373, 374, 375, 376, 396, 397, 398, 399]
您的距离系数损耗为1204,风险系数损耗为418,每步距离损耗[67, 11, 55, 51, 25, 13, 12, 19, 21, 80, 35, 30, 26, 48, 76, 15, 22, 8, 27, 67, 50, 54, 80, 71, 10, 47, 32, 13, 19, 5, 36, 12, 39, 19, 9],每步风险损耗[0, 11, 0, 14, 34, 22, 23, 18, 19, 14, 22, 19, 34, 11, 14, 24, 29, 11, 37, 12, 9, 17, 5, 7, 0, 3, 0, 0, 0, 2, 2, 5, 0, 0, 0]
A_star  -----  A_star
第99天,您的路线为[0, 1, 2, 3, 4, 5, 6, 26, 27, 28, 48, 68, 88, 108, 109, 110, 130, 150, 170, 190, 210, 230, 250, 270, 290, 310, 330, 350, 370, 371, 372, 373, 374, 375, 376, 396, 397, 398, 399]
您的距离系数损耗为1204,风险系数损耗为418,每步距离损耗[67, 11, 55, 51, 25, 13, 12, 19, 21, 80, 35, 30, 26, 48, 76, 15, 22, 8, 27, 67, 50, 54, 80, 71, 10, 47, 32, 13, 19, 5, 36, 12, 39, 19, 9],每步风险损耗[0, 11, 0, 14, 34, 22, 23, 18, 19, 14, 22, 19, 34, 11, 14, 24, 29, 11, 37, 12, 9, 17, 5, 7, 0, 3, 0, 0, 0, 2, 2, 5, 0, 0, 0]
RL  -----  RL
第99天,您的路线为[(0, 0), (30, 20), (31, 40), (32, 60), (33, 61), (34, 41), (35, 42), (36, 62), (37, 63), (39, 43), (40, 23), (41, 24), (42, 25), (43, 26), (44, 46), (45, 47), (46, 48), (47, 49), (48, 50), (49, 51), (50, 31), (51, 30), (52, 29), (53, 9), (54, 8), (55, 28), (56, 27), (57, 7), (58, 6), (59, 5), (60, 4), (61, 3), (62, 2), (63, 22), (64, 21), (65, 1)]
您的距离系数损耗为1609,风险系数损耗为315,每步距离损耗[4, 52, 85, 56, 90, 64, 58, 77, 66, 50, 26, 5, 38, 10, 10, 33, 5, 84, 37, 77, 39, 36, 66, 60, 29, 21, 89, 25, 13, 25, 51, 55, 81, 55, 37],每步风险损耗[1, 4, 11, 12, 19, 18, 4, 15, 13, 21, 9, 16, 14, 41, 17, 11, 13, 17, 4, 10, 7, 2, 5, 6, 4, 0, 2, 9, 0, 10, 0, 0, 0, 0, 0]
iteration 99 ********* reward 364230 order0.0131935356324 conflicts 71601 drivers 441945
A_star  -----  A_star
搜索所用时间0.00379610061646s
从节点'0'到节点'399' 所需要的经过的节点是 [0, 1, 2, 3, 4, 5, 6, 26, 27, 28, 48, 68, 88, 108, 109, 110, 130, 150, 170, 190, 210, 230, 250, 270, 290, 310, 330, 350, 370, 371, 372, 373, 374, 375, 376, 396, 397, 398, 399] ,所需要的cost为 17212
Dijkstra  -----  Dijkstra
搜索所用时间0.0024881362915s
minimum steps:17212, path:[0, 1, 2, 3, 4, 5, 6, 26, 27, 28, 48, 68, 88, 108, 109, 110, 130, 150, 170, 190, 210, 230, 250, 270, 290, 310, 330, 350, 370, 371, 372, 373, 374, 375, 376, 396, 397, 398, 399]
('Times takes:', 992.2281091213226)
Dijkstra  -----  Dijkstra
第100天,您的路线为[0, 1, 2, 3, 4, 5, 6, 26, 27, 28, 48, 68, 88, 108, 109, 110, 130, 150, 170, 190, 210, 230, 250, 270, 290, 310, 330, 350, 370, 371, 372, 373, 374, 375, 376, 396, 397, 398, 399]
您的距离系数损耗为1195,风险系数损耗为373,每步距离损耗[67, 11, 55, 51, 25, 13, 12, 19, 21, 80, 35, 30, 26, 48, 76, 15, 22, 8, 27, 67, 50, 54, 80, 71, 10, 47, 32, 13, 19, 5, 36, 12, 39, 19],每步风险损耗[2, 25, 10, 20, 45, 12, 19, 11, 7, 5, 10, 19, 10, 10, 17, 27, 20, 5, 12, 11, 13, 4, 0, 4, 0, 0, 3, 9, 15, 9, 3, 10, 0, 6]
A_star  -----  A_star
第100天,您的路线为[0, 1, 2, 3, 4, 5, 6, 26, 27, 28, 48, 68, 88, 108, 109, 110, 130, 150, 170, 190, 210, 230, 250, 270, 290, 310, 330, 350, 370, 371, 372, 373, 374, 375, 376, 396, 397, 398, 399]
您的距离系数损耗为1195,风险系数损耗为373,每步距离损耗[67, 11, 55, 51, 25, 13, 12, 19, 21, 80, 35, 30, 26, 48, 76, 15, 22, 8, 27, 67, 50, 54, 80, 71, 10, 47, 32, 13, 19, 5, 36, 12, 39, 19],每步风险损耗[2, 25, 10, 20, 45, 12, 19, 11, 7, 5, 10, 19, 10, 10, 17, 27, 20, 5, 12, 11, 13, 4, 0, 4, 0, 0, 3, 9, 15, 9, 3, 10, 0, 6]
RL  -----  RL
第100天,您的路线为[(0, 0), (30, 20), (31, 40), (32, 41), (33, 21), (34, 22), (35, 42), (36, 43), (38, 63), (39, 62), (41, 82), (42, 102), (43, 122), (44, 123), (45, 124), (46, 125), (47, 126), (48, 127), (49, 128), (50, 129), (51, 109), (52, 108), (53, 107), (54, 87), (55, 67), (56, 66), (57, 46), (58, 45), (59, 25), (60, 24), (61, 44), (63, 64), (64, 84), (65, 104), (66, 103)]
您的距离系数损耗为1624,风险系数损耗为318,每步距离损耗[4, 52, 50, 40, 55, 5, 68, 66, 77, 50, 72, 41, 36, 11, 83, 34, 45, 11, 17, 69, 48, 49, 57, 60, 31, 82, 70, 79, 5, 5, 17, 83, 84, 68],每步风险损耗[8, 13, 6, 44, 15, 9, 44, 22, 22, 5, 15, 11, 12, 19, 6, 8, 11, 3, 0, 15, 6, 1, 6, 8, 1, 2, 0, 0, 6, 0, 0, 0, 0, 0]
iteration 100 ********* reward 347830 order0.0131731355615 conflicts 70734 drivers 437840
A_star  -----  A_star
搜索所用时间0.00382089614868s
从节点'0'到节点'399' 所需要的经过的节点是 [0, 1, 2, 3, 4, 5, 6, 26, 27, 28, 48, 68, 88, 108, 109, 110, 130, 150, 170, 190, 210, 230, 250, 270, 290, 310, 330, 350, 370, 371, 372, 373, 374, 375, 376, 396, 397, 398, 399] ,所需要的cost为 17212
Dijkstra  -----  Dijkstra
搜索所用时间0.00248908996582s
minimum steps:17212, path:[0, 1, 2, 3, 4, 5, 6, 26, 27, 28, 48, 68, 88, 108, 109, 110, 130, 150, 170, 190, 210, 230, 250, 270, 290, 310, 330, 350, 370, 371, 372, 373, 374, 375, 376, 396, 397, 398, 399]
('Times takes:', 1000.7984058856964)
Dijkstra  -----  Dijkstra
第101天,您的路线为[0, 1, 2, 3, 4, 5, 6, 26, 27, 28, 48, 68, 88, 108, 109, 110, 130, 150, 170, 190, 210, 230, 250, 270, 290, 310, 330, 350, 370, 371, 372, 373, 374, 375, 376, 396, 397, 398, 399]
您的距离系数损耗为1234,风险系数损耗为326,每步距离损耗[67, 11, 55, 51, 25, 13, 12, 19, 21, 80, 35, 30, 26, 48, 76, 15, 22, 8, 27, 67, 50, 54, 80, 71, 10, 47, 32, 13, 19, 5, 36, 12, 39, 19, 9, 14, 12, 4],每步风险损耗[1, 20, 13, 15, 30, 9, 13, 4, 4, 3, 13, 14, 15, 6, 2, 12, 17, 7, 16, 13, 17, 4, 2, 0, 0, 0, 0, 6, 0, 0, 5, 15, 0, 1, 0, 11, 13, 25]
A_star  -----  A_star
第101天,您的路线为[0, 1, 2, 3, 4, 5, 6, 26, 27, 28, 48, 68, 88, 108, 109, 110, 130, 150, 170, 190, 210, 230, 250, 270, 290, 310, 330, 350, 370, 371, 372, 373, 374, 375, 376, 396, 397, 398, 399]
您的距离系数损耗为1234,风险系数损耗为326,每步距离损耗[67, 11, 55, 51, 25, 13, 12, 19, 21, 80, 35, 30, 26, 48, 76, 15, 22, 8, 27, 67, 50, 54, 80, 71, 10, 47, 32, 13, 19, 5, 36, 12, 39, 19, 9, 14, 12, 4],每步风险损耗[1, 20, 13, 15, 30, 9, 13, 4, 4, 3, 13, 14, 15, 6, 2, 12, 17, 7, 16, 13, 17, 4, 2, 0, 0, 0, 0, 6, 0, 0, 5, 15, 0, 1, 0, 11, 13, 25]
RL  -----  RL
第101天,您的路线为[(0, 0), (30, 20), (31, 21), (32, 1), (33, 2), (34, 3), (35, 4), (36, 5), (38, 6), (39, 26), (40, 25), (41, 45), (42, 46), (43, 47), (44, 67), (45, 66), (46, 86), (47, 85), (48, 65), (49, 64), (50, 44), (52, 24), (53, 23), (54, 43), (55, 63), (56, 62), (57, 61), (58, 41), (59, 40), (60, 60), (63, 80), (65, 81), (66, 82), (68, 102), (69, 101), (70, 100), (71, 120), (72, 121), (73, 122), (74, 142), (75, 141), (76, 140), (77, 160), (78, 180), (79, 200), (80, 220), (81, 221), (82, 201), (83, 202), (84, 222), (85, 223), (86, 203), (87, 183), (88, 184), (89, 164), (90, 144), (91, 124), (92, 104), (93, 105), (94, 106), (95, 107), (96, 108), (97, 88), (98, 87)]
您的距离系数损耗为2723,风险系数损耗为295,每步距离损耗[4, 32, 37, 11, 55, 51, 25, 13, 12, 38, 79, 70, 10, 79, 31, 23, 33, 83, 89, 17, 5, 26, 50, 66, 77, 70, 90, 50, 85, 57, 87, 19, 72, 32, 8, 46, 24, 74, 40, 90, 10, 29, 57, 83, 9, 17, 66, 8, 63, 69, 86, 6, 24, 44, 35, 22, 15, 23, 62, 35, 49, 26, 25],每步风险损耗[2, 10, 13, 17, 11, 13, 27, 7, 11, 13, 41, 12, 23, 14, 7, 13, 6, 2, 8, 11, 14, 5, 0, 2, 3, 5, 0, 0, 0, 0, 1, 1, 0, 0, 0, 0, 2, 0, 0, 0, 0, 0, 1, 0, 0, 0, 0, 0, 0, 0, 0, 0, 0, 0, 0, 0, 0, 0, 0, 0, 0, 0, 0]
iteration 101 ********* reward 340030 order0.0131538373907 conflicts 71573 drivers 445745
A_star  -----  A_star
搜索所用时间0.00866889953613s
从节点'0'到节点'399' 所需要的经过的节点是 [0, 1, 2, 3, 4, 5, 6, 26, 27, 28, 48, 68, 88, 108, 109, 110, 130, 150, 170, 190, 210, 230, 250, 270, 290, 310, 330, 350, 370, 371, 372, 373, 374, 375, 376, 396, 397, 398, 399] ,所需要的cost为 17212
Dijkstra  -----  Dijkstra
搜索所用时间0.00256681442261s
minimum steps:17212, path:[0, 1, 2, 3, 4, 5, 6, 26, 27, 28, 48, 68, 88, 108, 109, 110, 130, 150, 170, 190, 210, 230, 250, 270, 290, 310, 330, 350, 370, 371, 372, 373, 374, 375, 376, 396, 397, 398, 399]
('Times takes:', 1024.290134191513)
Dijkstra  -----  Dijkstra
第102天,您的路线为[0, 1, 2, 3, 4, 5, 6, 26, 27, 28, 48, 68, 88, 108, 109, 110, 130, 150, 170, 190, 210, 230, 250, 270, 290, 310, 330, 350, 370, 371, 372, 373, 374, 375, 376, 396, 397, 398, 399]
您的距离系数损耗为1234,风险系数损耗为462,每步距离损耗[67, 11, 55, 51, 25, 13, 12, 19, 21, 80, 35, 30, 26, 48, 76, 15, 22, 8, 27, 67, 50, 54, 80, 71, 10, 47, 32, 13, 19, 5, 36, 12, 39, 19, 9, 14, 12, 4],每步风险损耗[12, 11, 0, 5, 32, 21, 23, 10, 37, 13, 29, 27, 39, 17, 17, 11, 20, 1, 15, 12, 10, 4, 12, 0, 0, 0, 0, 0, 0, 0, 0, 4, 1, 4, 5, 8, 27, 35]
A_star  -----  A_star
第102天,您的路线为[0, 1, 2, 3, 4, 5, 6, 26, 27, 28, 48, 68, 88, 108, 109, 110, 130, 150, 170, 190, 210, 230, 250, 270, 290, 310, 330, 350, 370, 371, 372, 373, 374, 375, 376, 396, 397, 398, 399]
您的距离系数损耗为1234,风险系数损耗为462,每步距离损耗[67, 11, 55, 51, 25, 13, 12, 19, 21, 80, 35, 30, 26, 48, 76, 15, 22, 8, 27, 67, 50, 54, 80, 71, 10, 47, 32, 13, 19, 5, 36, 12, 39, 19, 9, 14, 12, 4],每步风险损耗[12, 11, 0, 5, 32, 21, 23, 10, 37, 13, 29, 27, 39, 17, 17, 11, 20, 1, 15, 12, 10, 4, 12, 0, 0, 0, 0, 0, 0, 0, 0, 4, 1, 4, 5, 8, 27, 35]
RL  -----  RL
第102天,您的路线为[(0, 0), (31, 1), (32, 2), (33, 3), (34, 4), (35, 5), (36, 6), (37, 26), (38, 46), (39, 47), (40, 67), (41, 87), (42, 86), (43, 66), (44, 65), (45, 45), (46, 25), (47, 24), (50, 44), (51, 43), (52, 63), (53, 64), (54, 84), (55, 85), (56, 105), (57, 106), (58, 107), (59, 127), (60, 126), (61, 125), (62, 124), (63, 104), (64, 103), (65, 123), (66, 122), (67, 102), (68, 82), (69, 81), (70, 80), (71, 100), (72, 120), (73, 140), (74, 141), (75, 161), (76, 160), (77, 180), (78, 200), (79, 220), (80, 240), (81, 241), (82, 221), (83, 201), (84, 202), (85, 203), (86, 223), (87, 222), (88, 242), (89, 243), (90, 244), (91, 264), (92, 263), (93, 262), (94, 282), (95, 283), (96, 303), (97, 302), (98, 301), (99, 300), (100, 320), (101, 321), (102, 322), (103, 323), (104, 343), (105, 342), (106, 341), (107, 361), (108, 360), (109, 340)]
您的距离系数损耗为3416,风险系数损耗为471,每步距离损耗[67, 11, 55, 51, 25, 13, 12, 10, 10, 79, 60, 66, 23, 45, 43, 79, 5, 5, 89, 66, 9, 83, 86, 68, 62, 35, 19, 45, 34, 83, 15, 68, 48, 36, 41, 72, 19, 87, 64, 46, 33, 10, 15, 22, 57, 83, 9, 66, 71, 64, 66, 8, 13, 86, 69, 30, 35, 35, 80, 15, 62, 6, 57, 17, 49, 49, 29, 40, 66, 78, 59, 5, 73, 44, 6, 56, 19],每步风险损耗[12, 11, 0, 5, 32, 21, 23, 48, 32, 37, 33, 38, 16, 13, 11, 23, 30, 13, 3, 1, 0, 10, 7, 4, 5, 7, 2, 0, 3, 2, 0, 0, 0, 0, 1, 5, 4, 0, 4, 4, 9, 2, 0, 0, 0, 0, 0, 0, 0, 0, 0, 0, 0, 0, 0, 0, 0, 0, 0, 0, 0, 0, 0, 0, 0, 0, 0, 0, 0, 0, 0, 0, 0, 0, 0, 0, 0]
iteration 102 ********* reward 272820 order0.013112923824 conflicts 73438 drivers 463734
A_star  -----  A_star
搜索所用时间0.00398087501526s
从节点'0'到节点'399' 所需要的经过的节点是 [0, 1, 2, 3, 4, 5, 6, 26, 27, 28, 48, 68, 88, 108, 109, 110, 130, 150, 170, 190, 210, 230, 250, 270, 290, 310, 330, 350, 370, 371, 372, 373, 374, 375, 376, 396, 397, 398, 399] ,所需要的cost为 17212
Dijkstra  -----  Dijkstra
搜索所用时间0.00250005722046s
minimum steps:17212, path:[0, 1, 2, 3, 4, 5, 6, 26, 27, 28, 48, 68, 88, 108, 109, 110, 130, 150, 170, 190, 210, 230, 250, 270, 290, 310, 330, 350, 370, 371, 372, 373, 374, 375, 376, 396, 397, 398, 399]
('Times takes:', 994.4242742061615)
Dijkstra  -----  Dijkstra
第103天,您的路线为[0, 1, 2, 3, 4, 5, 6, 26, 27, 28, 48, 68, 88, 108, 109, 110, 130, 150, 170, 190, 210, 230, 250, 270, 290, 310, 330, 350, 370, 371, 372, 373, 374, 375, 376, 396, 397, 398, 399]
您的距离系数损耗为1204,风险系数损耗为258,每步距离损耗[67, 11, 55, 51, 25, 13, 12, 19, 21, 80, 35, 30, 26, 48, 76, 15, 22, 8, 27, 67, 50, 54, 80, 71, 10, 47, 32, 13, 19, 5, 36, 12, 39, 19, 9],每步风险损耗[0, 7, 3, 15, 21, 9, 7, 7, 20, 2, 4, 22, 16, 14, 9, 15, 7, 0, 0, 0, 7, 5, 11, 9, 10, 2, 8, 2, 0, 3, 3, 15, 0, 3, 2]
A_star  -----  A_star
第103天,您的路线为[0, 1, 2, 3, 4, 5, 6, 26, 27, 28, 48, 68, 88, 108, 109, 110, 130, 150, 170, 190, 210, 230, 250, 270, 290, 310, 330, 350, 370, 371, 372, 373, 374, 375, 376, 396, 397, 398, 399]
您的距离系数损耗为1204,风险系数损耗为258,每步距离损耗[67, 11, 55, 51, 25, 13, 12, 19, 21, 80, 35, 30, 26, 48, 76, 15, 22, 8, 27, 67, 50, 54, 80, 71, 10, 47, 32, 13, 19, 5, 36, 12, 39, 19, 9],每步风险损耗[0, 7, 3, 15, 21, 9, 7, 7, 20, 2, 4, 22, 16, 14, 9, 15, 7, 0, 0, 0, 7, 5, 11, 9, 10, 2, 8, 2, 0, 3, 3, 15, 0, 3, 2]
RL  -----  RL
第103天,您的路线为[(0, 0), (30, 1), (31, 2), (32, 3), (33, 4), (34, 5), (35, 6), (36, 7), (37, 8), (38, 28), (39, 27), (40, 26), (41, 46), (42, 66), (43, 65), (44, 64), (45, 63), (46, 62), (47, 82), (48, 102), (49, 122), (50, 121), (51, 101), (52, 100), (53, 80), (54, 60), (55, 40), (56, 20), (57, 21), (58, 22), (60, 23), (61, 43), (62, 42), (63, 41), (64, 61), (65, 81)]
您的距离系数损耗为1649,风险系数损耗为184,每步距离损耗[67, 11, 55, 51, 25, 13, 25, 49, 29, 21, 19, 10, 82, 45, 89, 9, 77, 50, 72, 41, 74, 54, 8, 64, 57, 85, 52, 32, 55, 8, 50, 68, 64, 90, 48],每步风险损耗[0, 7, 3, 15, 21, 9, 6, 16, 8, 11, 2, 22, 17, 10, 4, 0, 5, 0, 0, 0, 2, 7, 4, 8, 0, 0, 0, 0, 0, 0, 2, 0, 0, 1, 4]
iteration 103 ********* reward 338060 order0.0130943266604 conflicts 72631 drivers 452953
A_star  -----  A_star
搜索所用时间0.00378108024597s
从节点'0'到节点'399' 所需要的经过的节点是 [0, 1, 2, 3, 4, 5, 6, 26, 27, 28, 48, 68, 88, 108, 109, 110, 130, 150, 170, 190, 210, 230, 250, 270, 290, 310, 330, 350, 370, 371, 372, 373, 374, 375, 376, 396, 397, 398, 399] ,所需要的cost为 17212
Dijkstra  -----  Dijkstra
搜索所用时间0.00250792503357s
minimum steps:17212, path:[0, 1, 2, 3, 4, 5, 6, 26, 27, 28, 48, 68, 88, 108, 109, 110, 130, 150, 170, 190, 210, 230, 250, 270, 290, 310, 330, 350, 370, 371, 372, 373, 374, 375, 376, 396, 397, 398, 399]
('Times takes:', 990.7183208465576)
Dijkstra  -----  Dijkstra
第104天,您的路线为[0, 1, 2, 3, 4, 5, 6, 26, 27, 28, 48, 68, 88, 108, 109, 110, 130, 150, 170, 190, 210, 230, 250, 270, 290, 310, 330, 350, 370, 371, 372, 373, 374, 375, 376, 396, 397, 398, 399]
您的距离系数损耗为758,风险系数损耗为198,每步距离损耗[67, 11, 55, 51, 25, 13, 12, 19, 21, 80, 35, 30, 26, 48, 76, 15, 22, 8, 27, 67, 50],每步风险损耗[4, 17, 8, 6, 17, 8, 8, 2, 11, 10, 6, 12, 3, 3, 4, 6, 9, 5, 13, 22, 24]
A_star  -----  A_star
第104天,您的路线为[0, 1, 2, 3, 4, 5, 6, 26, 27, 28, 48, 68, 88, 108, 109, 110, 130, 150, 170, 190, 210, 230, 250, 270, 290, 310, 330, 350, 370, 371, 372, 373, 374, 375, 376, 396, 397, 398, 399]
您的距离系数损耗为758,风险系数损耗为198,每步距离损耗[67, 11, 55, 51, 25, 13, 12, 19, 21, 80, 35, 30, 26, 48, 76, 15, 22, 8, 27, 67, 50],每步风险损耗[4, 17, 8, 6, 17, 8, 8, 2, 11, 10, 6, 12, 3, 3, 4, 6, 9, 5, 13, 22, 24]
RL  -----  RL
第104天,您的路线为[(0, 0), (30, 20), (31, 21), (32, 1), (33, 2), (34, 3), (35, 4), (36, 24), (37, 23), (38, 22), (39, 42), (40, 41), (41, 40), (42, 60), (43, 80), (44, 81), (45, 61), (46, 62), (47, 63), (48, 64), (49, 44), (50, 43)]
您的距离系数损耗为901,风险系数损耗为169,每步距离损耗[4, 32, 37, 11, 55, 51, 19, 26, 8, 5, 64, 50, 85, 57, 87, 48, 70, 77, 9, 17, 89],每步风险损耗[8, 14, 13, 15, 7, 4, 7, 1, 0, 0, 10, 2, 9, 8, 23, 29, 17, 2, 0, 0, 0]
iteration 104 ********* reward 392790 order0.0130953466037 conflicts 73569 drivers 476393
A_star  -----  A_star
搜索所用时间0.00408697128296s
从节点'0'到节点'399' 所需要的经过的节点是 [0, 1, 2, 3, 4, 5, 6, 26, 27, 28, 48, 68, 88, 108, 109, 110, 130, 150, 170, 190, 210, 230, 250, 270, 290, 310, 330, 350, 370, 371, 372, 373, 374, 375, 376, 396, 397, 398, 399] ,所需要的cost为 17212
Dijkstra  -----  Dijkstra
搜索所用时间0.00510382652283s
minimum steps:17212, path:[0, 1, 2, 3, 4, 5, 6, 26, 27, 28, 48, 68, 88, 108, 109, 110, 130, 150, 170, 190, 210, 230, 250, 270, 290, 310, 330, 350, 370, 371, 372, 373, 374, 375, 376, 396, 397, 398, 399]
('Times takes:', 988.9078752994537)
Dijkstra  -----  Dijkstra
第105天,您的路线为[0, 1, 2, 3, 4, 5, 6, 26, 27, 28, 48, 68, 88, 108, 109, 110, 130, 150, 170, 190, 210, 230, 250, 270, 290, 310, 330, 350, 370, 371, 372, 373, 374, 375, 376, 396, 397, 398, 399]
您的距离系数损耗为1234,风险系数损耗为319,每步距离损耗[67, 11, 55, 51, 25, 13, 12, 19, 21, 80, 35, 30, 26, 48, 76, 15, 22, 8, 27, 67, 50, 54, 80, 71, 10, 47, 32, 13, 19, 5, 36, 12, 39, 19, 9, 14, 12, 4],每步风险损耗[2, 10, 4, 5, 4, 13, 17, 4, 8, 13, 11, 19, 6, 4, 10, 15, 22, 4, 12, 15, 15, 8, 10, 2, 4, 0, 10, 2, 1, 5, 8, 5, 0, 0, 9, 7, 11, 24]
A_star  -----  A_star
第105天,您的路线为[0, 1, 2, 3, 4, 5, 6, 26, 27, 28, 48, 68, 88, 108, 109, 110, 130, 150, 170, 190, 210, 230, 250, 270, 290, 310, 330, 350, 370, 371, 372, 373, 374, 375, 376, 396, 397, 398, 399]
您的距离系数损耗为1234,风险系数损耗为319,每步距离损耗[67, 11, 55, 51, 25, 13, 12, 19, 21, 80, 35, 30, 26, 48, 76, 15, 22, 8, 27, 67, 50, 54, 80, 71, 10, 47, 32, 13, 19, 5, 36, 12, 39, 19, 9, 14, 12, 4],每步风险损耗[2, 10, 4, 5, 4, 13, 17, 4, 8, 13, 11, 19, 6, 4, 10, 15, 22, 4, 12, 15, 15, 8, 10, 2, 4, 0, 10, 2, 1, 5, 8, 5, 0, 0, 9, 7, 11, 24]
RL  -----  RL
第105天,您的路线为[(0, 0), (30, 20), (31, 21), (32, 22), (33, 2), (34, 3), (36, 23), (37, 24), (38, 4), (39, 5), (40, 25), (41, 26), (42, 6), (43, 7), (44, 8), (45, 9), (46, 29), (47, 30), (48, 50), (49, 51), (50, 31), (51, 11), (54, 12), (55, 13), (56, 14), (57, 15), (58, 35), (59, 36), (60, 56), (61, 76), (62, 75), (63, 95), (64, 94), (65, 93), (66, 92), (67, 112), (68, 113), (69, 114), (70, 115), (71, 116), (72, 117), (73, 118), (74, 138), (75, 137), (76, 136), (77, 156), (78, 176), (79, 196), (80, 195), (81, 215), (82, 214), (83, 194), (84, 193), (85, 192), (86, 191), (87, 171), (88, 151), (89, 131), (90, 130), (91, 110), (92, 111), (93, 91), (94, 90), (95, 89), (96, 109), (97, 108), (98, 128), (99, 129), (100, 149), (101, 169), (102, 168), (103, 188), (104, 189), (105, 190), (106, 170), (107, 150)]
您的距离系数损耗为3153,风险系数损耗为224,每步距离损耗[4, 32, 55, 81, 55, 1, 26, 19, 25, 76, 38, 12, 25, 49, 60, 66, 36, 13, 37, 77, 81, 16, 41, 19, 88, 23, 24, 82, 7, 43, 37, 79, 42, 3, 49, 42, 25, 39, 47, 9, 30, 36, 31, 67, 67, 59, 85, 84, 28, 77, 21, 44, 67, 65, 63, 8, 77, 38, 15, 57, 29, 2, 76, 13, 48, 25, 17, 87, 49, 70, 18, 56, 26, 27, 8],每步风险损耗[2, 7, 8, 6, 2, 13, 10, 0, 2, 5, 12, 12, 3, 5, 2, 0, 4, 8, 6, 8, 7, 10, 8, 4, 0, 0, 11, 9, 9, 6, 9, 1, 0, 0, 0, 0, 0, 0, 1, 0, 21, 3, 6, 0, 0, 0, 4, 0, 0, 0, 0, 0, 0, 0, 0, 0, 0, 0, 0, 0, 0, 0, 0, 0, 0, 0, 0, 0, 0, 0, 0, 0, 0, 0, 0]
iteration 105 ********* reward 278230 order0.0130596675745 conflicts 71371 drivers 447020
A_star  -----  A_star
搜索所用时间0.00378203392029s
从节点'0'到节点'399' 所需要的经过的节点是 [0, 1, 2, 3, 4, 5, 6, 26, 27, 28, 48, 68, 88, 108, 109, 110, 130, 150, 170, 190, 210, 230, 250, 270, 290, 310, 330, 350, 370, 371, 372, 373, 374, 375, 376, 396, 397, 398, 399] ,所需要的cost为 17212
Dijkstra  -----  Dijkstra
搜索所用时间0.00248193740845s
minimum steps:17212, path:[0, 1, 2, 3, 4, 5, 6, 26, 27, 28, 48, 68, 88, 108, 109, 110, 130, 150, 170, 190, 210, 230, 250, 270, 290, 310, 330, 350, 370, 371, 372, 373, 374, 375, 376, 396, 397, 398, 399]
('Times takes:', 976.5347170829773)
Dijkstra  -----  Dijkstra
第106天,您的路线为[0, 1, 2, 3, 4, 5, 6, 26, 27, 28, 48, 68, 88, 108, 109, 110, 130, 150, 170, 190, 210, 230, 250, 270, 290, 310, 330, 350, 370, 371, 372, 373, 374, 375, 376, 396, 397, 398, 399]
您的距离系数损耗为1020,风险系数损耗为312,每步距离损耗[67, 11, 55, 51, 25, 13, 12, 19, 21, 80, 35, 30, 26, 48, 76, 15, 22, 8, 27, 67, 50, 54, 80, 71, 10, 47],每步风险损耗[1, 6, 1, 7, 31, 19, 13, 15, 13, 13, 11, 33, 17, 5, 19, 11, 18, 14, 15, 21, 10, 8, 7, 3, 1, 0]
A_star  -----  A_star
第106天,您的路线为[0, 1, 2, 3, 4, 5, 6, 26, 27, 28, 48, 68, 88, 108, 109, 110, 130, 150, 170, 190, 210, 230, 250, 270, 290, 310, 330, 350, 370, 371, 372, 373, 374, 375, 376, 396, 397, 398, 399]
您的距离系数损耗为1020,风险系数损耗为312,每步距离损耗[67, 11, 55, 51, 25, 13, 12, 19, 21, 80, 35, 30, 26, 48, 76, 15, 22, 8, 27, 67, 50, 54, 80, 71, 10, 47],每步风险损耗[1, 6, 1, 7, 31, 19, 13, 15, 13, 13, 11, 33, 17, 5, 19, 11, 18, 14, 15, 21, 10, 8, 7, 3, 1, 0]
RL  -----  RL
第106天,您的路线为[(0, 0), (30, 1), (31, 2), (32, 22), (33, 21), (34, 20), (35, 40), (36, 41), (37, 61), (38, 62), (39, 63), (40, 43), (41, 44), (42, 24), (43, 25), (44, 26), (45, 27), (46, 47), (47, 48), (48, 28), (49, 8), (50, 7), (51, 6), (52, 5), (53, 4), (54, 3), (56, 23)]
您的距离系数损耗为1163,风险系数损耗为188,每步距离损耗[67, 11, 81, 55, 32, 52, 50, 90, 70, 77, 66, 89, 5, 5, 38, 19, 50, 33, 80, 29, 49, 25, 13, 25, 51, 1],每步风险损耗[1, 6, 8, 11, 24, 12, 2, 9, 23, 13, 9, 10, 8, 7, 7, 3, 12, 6, 6, 0, 6, 1, 3, 1, 0, 0]
iteration 106 ********* reward 414580 order0.0130648970115 conflicts 71922 drivers 447477
A_star  -----  A_star
搜索所用时间0.00383806228638s
从节点'0'到节点'399' 所需要的经过的节点是 [0, 1, 2, 3, 4, 5, 6, 26, 27, 28, 48, 68, 88, 108, 109, 110, 130, 150, 170, 190, 210, 230, 250, 270, 290, 310, 330, 350, 370, 371, 372, 373, 374, 375, 376, 396, 397, 398, 399] ,所需要的cost为 17212
Dijkstra  -----  Dijkstra
搜索所用时间0.00254583358765s
minimum steps:17212, path:[0, 1, 2, 3, 4, 5, 6, 26, 27, 28, 48, 68, 88, 108, 109, 110, 130, 150, 170, 190, 210, 230, 250, 270, 290, 310, 330, 350, 370, 371, 372, 373, 374, 375, 376, 396, 397, 398, 399]
('Times takes:', 986.3833312988281)
Dijkstra  -----  Dijkstra
第107天,您的路线为[0, 1, 2, 3, 4, 5, 6, 26, 27, 28, 48, 68, 88, 108, 109, 110, 130, 150, 170, 190, 210, 230, 250, 270, 290, 310, 330, 350, 370, 371, 372, 373, 374, 375, 376, 396, 397, 398, 399]
您的距离系数损耗为1234,风险系数损耗为299,每步距离损耗[67, 11, 55, 51, 25, 13, 12, 19, 21, 80, 35, 30, 26, 48, 76, 15, 22, 8, 27, 67, 50, 54, 80, 71, 10, 47, 32, 13, 19, 5, 36, 12, 39, 19, 9, 14, 12, 4],每步风险损耗[2, 22, 4, 5, 5, 13, 10, 3, 10, 6, 20, 21, 20, 18, 8, 17, 23, 0, 7, 8, 8, 6, 0, 0, 3, 4, 17, 0, 0, 0, 4, 5, 0, 0, 0, 1, 16, 13]
A_star  -----  A_star
第107天,您的路线为[0, 1, 2, 3, 4, 5, 6, 26, 27, 28, 48, 68, 88, 108, 109, 110, 130, 150, 170, 190, 210, 230, 250, 270, 290, 310, 330, 350, 370, 371, 372, 373, 374, 375, 376, 396, 397, 398, 399]
您的距离系数损耗为1234,风险系数损耗为299,每步距离损耗[67, 11, 55, 51, 25, 13, 12, 19, 21, 80, 35, 30, 26, 48, 76, 15, 22, 8, 27, 67, 50, 54, 80, 71, 10, 47, 32, 13, 19, 5, 36, 12, 39, 19, 9, 14, 12, 4],每步风险损耗[2, 22, 4, 5, 5, 13, 10, 3, 10, 6, 20, 21, 20, 18, 8, 17, 23, 0, 7, 8, 8, 6, 0, 0, 3, 4, 17, 0, 0, 0, 4, 5, 0, 0, 0, 1, 16, 13]
RL  -----  RL
第107天,您的路线为[(0, 0), (30, 1), (31, 2), (32, 3), (33, 4), (34, 5), (35, 6), (36, 7), (38, 8), (39, 28), (40, 48), (41, 49), (42, 29), (43, 9), (44, 10), (45, 11), (46, 12), (47, 32), (48, 31), (49, 30), (50, 50), (51, 70), (52, 69), (53, 68), (54, 67), (55, 47), (56, 46), (57, 66), (58, 65), (59, 45), (60, 25), (61, 24), (62, 44), (63, 64), (64, 84), (65, 85), (66, 86), (67, 106), (68, 107), (69, 108), (70, 109), (71, 110), (72, 130), (73, 129), (74, 149), (75, 148), (76, 147), (77, 127), (78, 128)]
您的距离系数损耗为2057,风险系数损耗为156,每步距离损耗[67, 11, 55, 51, 25, 13, 25, 49, 29, 80, 5, 4, 66, 82, 89, 16, 43, 13, 39, 13, 76, 68, 8, 15, 79, 10, 82, 45, 43, 79, 5, 5, 17, 83, 86, 33, 73, 35, 49, 48, 76, 15, 34, 87, 33, 79, 8, 11],每步风险损耗[2, 22, 4, 5, 5, 13, 0, 12, 7, 6, 29, 3, 0, 7, 0, 2, 3, 0, 0, 0, 0, 0, 7, 6, 3, 11, 0, 5, 1, 0, 0, 0, 0, 0, 0, 0, 0, 0, 0, 3, 0, 0, 0, 0, 0, 0, 0, 0]
iteration 107 ********* reward 447210 order0.0130803954923 conflicts 75737 drivers 488118
A_star  -----  A_star
搜索所用时间0.0037841796875s
从节点'0'到节点'399' 所需要的经过的节点是 [0, 1, 2, 3, 4, 5, 6, 26, 27, 28, 48, 68, 88, 108, 109, 110, 130, 150, 170, 190, 210, 230, 250, 270, 290, 310, 330, 350, 370, 371, 372, 373, 374, 375, 376, 396, 397, 398, 399] ,所需要的cost为 17212
Dijkstra  -----  Dijkstra
搜索所用时间0.00297617912292s
minimum steps:17212, path:[0, 1, 2, 3, 4, 5, 6, 26, 27, 28, 48, 68, 88, 108, 109, 110, 130, 150, 170, 190, 210, 230, 250, 270, 290, 310, 330, 350, 370, 371, 372, 373, 374, 375, 376, 396, 397, 398, 399]
('Times takes:', 979.6169691085815)
Dijkstra  -----  Dijkstra
第108天,您的路线为[0, 1, 2, 3, 4, 5, 6, 26, 27, 28, 48, 68, 88, 108, 109, 110, 130, 150, 170, 190, 210, 230, 250, 270, 290, 310, 330, 350, 370, 371, 372, 373, 374, 375, 376, 396, 397, 398, 399]
您的距离系数损耗为1052,风险系数损耗为289,每步距离损耗[67, 11, 55, 51, 25, 13, 12, 19, 21, 80, 35, 30, 26, 48, 76, 15, 22, 8, 27, 67, 50, 54, 80, 71, 10, 47, 32],每步风险损耗[0, 11, 7, 13, 23, 6, 9, 7, 19, 5, 9, 19, 19, 11, 12, 15, 29, 3, 16, 27, 13, 8, 8, 0, 0, 0, 0]
A_star  -----  A_star
第108天,您的路线为[0, 1, 2, 3, 4, 5, 6, 26, 27, 28, 48, 68, 88, 108, 109, 110, 130, 150, 170, 190, 210, 230, 250, 270, 290, 310, 330, 350, 370, 371, 372, 373, 374, 375, 376, 396, 397, 398, 399]
您的距离系数损耗为1052,风险系数损耗为289,每步距离损耗[67, 11, 55, 51, 25, 13, 12, 19, 21, 80, 35, 30, 26, 48, 76, 15, 22, 8, 27, 67, 50, 54, 80, 71, 10, 47, 32],每步风险损耗[0, 11, 7, 13, 23, 6, 9, 7, 19, 5, 9, 19, 19, 11, 12, 15, 29, 3, 16, 27, 13, 8, 8, 0, 0, 0, 0]
RL  -----  RL
第108天,您的路线为[(0, 0), (30, 1), (31, 21), (32, 22), (33, 2), (34, 3), (35, 4), (36, 5), (37, 6), (38, 26), (39, 25), (40, 45), (41, 44), (42, 43), (43, 63), (44, 64), (45, 84), (46, 104), (47, 103), (48, 102), (49, 101), (50, 81), (51, 82), (52, 62), (53, 42), (54, 41), (55, 40), (56, 20)]
您的距离系数损耗为1356,风险系数损耗为211,每步距离损耗[67, 37, 55, 81, 55, 51, 25, 13, 12, 38, 79, 22, 89, 66, 9, 83, 84, 68, 36, 32, 61, 19, 50, 58, 64, 50, 52],每步风险损耗[0, 15, 21, 14, 5, 9, 17, 4, 6, 3, 15, 8, 11, 2, 1, 11, 8, 14, 9, 4, 9, 20, 1, 4, 0, 0, 0]
iteration 108 ********* reward 364370 order0.013072141406 conflicts 72707 drivers 457853
A_star  -----  A_star
搜索所用时间0.0583219528198s
从节点'0'到节点'399' 所需要的经过的节点是 [0, 1, 2, 3, 4, 5, 6, 26, 27, 28, 48, 68, 88, 108, 109, 110, 130, 150, 170, 190, 210, 230, 250, 270, 290, 310, 330, 350, 370, 371, 372, 373, 374, 375, 376, 396, 397, 398, 399] ,所需要的cost为 17212
Dijkstra  -----  Dijkstra
搜索所用时间0.00250601768494s
minimum steps:17212, path:[0, 1, 2, 3, 4, 5, 6, 26, 27, 28, 48, 68, 88, 108, 109, 110, 130, 150, 170, 190, 210, 230, 250, 270, 290, 310, 330, 350, 370, 371, 372, 373, 374, 375, 376, 396, 397, 398, 399]
('Times takes:', 977.0873680114746)
Dijkstra  -----  Dijkstra
第109天,您的路线为[0, 1, 2, 3, 4, 5, 6, 26, 27, 28, 48, 68, 88, 108, 109, 110, 130, 150, 170, 190, 210, 230, 250, 270, 290, 310, 330, 350, 370, 371, 372, 373, 374, 375, 376, 396, 397, 398, 399]
您的距离系数损耗为1052,风险系数损耗为282,每步距离损耗[67, 11, 55, 51, 25, 13, 12, 19, 21, 80, 35, 30, 26, 48, 76, 15, 22, 8, 27, 67, 50, 54, 80, 71, 10, 47, 32],每步风险损耗[7, 47, 5, 10, 27, 20, 21, 5, 20, 7, 9, 14, 6, 0, 1, 11, 6, 0, 5, 11, 19, 17, 8, 1, 1, 0, 4]
A_star  -----  A_star
第109天,您的路线为[0, 1, 2, 3, 4, 5, 6, 26, 27, 28, 48, 68, 88, 108, 109, 110, 130, 150, 170, 190, 210, 230, 250, 270, 290, 310, 330, 350, 370, 371, 372, 373, 374, 375, 376, 396, 397, 398, 399]
您的距离系数损耗为1052,风险系数损耗为282,每步距离损耗[67, 11, 55, 51, 25, 13, 12, 19, 21, 80, 35, 30, 26, 48, 76, 15, 22, 8, 27, 67, 50, 54, 80, 71, 10, 47, 32],每步风险损耗[7, 47, 5, 10, 27, 20, 21, 5, 20, 7, 9, 14, 6, 0, 1, 11, 6, 0, 5, 11, 19, 17, 8, 1, 1, 0, 4]
RL  -----  RL
第109天,您的路线为[(0, 0), (31, 1), (32, 2), (33, 3), (34, 4), (35, 24), (36, 44), (37, 64), (38, 84), (39, 104), (40, 103), (41, 102), (42, 122), (43, 123), (44, 124), (45, 125), (46, 105), (47, 85), (48, 86), (49, 87), (50, 67), (51, 66), (52, 65), (53, 45), (54, 25), (55, 26), (56, 6), (57, 5)]
您的距离系数损耗为1178,风险系数损耗为172,每步距离损耗[67, 11, 55, 51, 19, 5, 17, 83, 84, 68, 36, 41, 36, 11, 83, 23, 68, 33, 66, 60, 31, 45, 43, 79, 38, 12, 13],每步风险损耗[7, 47, 5, 10, 17, 10, 5, 5, 0, 5, 10, 10, 3, 6, 7, 7, 0, 0, 0, 4, 1, 2, 4, 5, 0, 0, 2]
iteration 109 ********* reward 459240 order0.0130916254504 conflicts 73909 drivers 466039
A_star  -----  A_star
搜索所用时间0.0039050579071s
从�('Times takes:', 1092.0995409488678)
Dijkstra  -----  Dijkstra
第109天,您的路线为[0, 1, 2, 3, 4, 5, 6, 26, 27, 28, 48, 68, 88, 108, 109, 110, 130, 150, 170, 190, 210, 230, 250, 270, 290, 310, 330, 350, 370, 371, 372, 373, 374, 375, 376, 396, 397, 398, 399]
您的距离系数损耗为758,风险系数损耗为176,每步距离损耗[67, 11, 55, 51, 25, 13, 12, 19, 21, 80, 35, 30, 26, 48, 76, 15, 22, 8, 27, 67, 50],每步风险损耗[3, 23, 4, 5, 13, 12, 15, 6, 14, 3, 2, 2, 0, 0, 0, 9, 17, 5, 7, 13, 23]
A_star  ('Times takes:', 976.8466491699219)
Dijkstra  -----  Dijkstra
第110天,您的路线为[0, 1, 2, 3, 4, 5, 6, 26, 27, 28, 48, 68, 88, 108, 109, 110, 130, 150, 170, 190, 210, 230, 250, 270, 290, 310, 330, 350, 370, 371, 372, 373, 374, 375, 376, 396, 397, 398, 399]
您的距离系数损耗为1065,风险系数损耗为292,每步距离损耗[67, 11, 55, 51, 25, 13, 12, 19, 21, 80, 35, 30, 26, 48, 76, 15, 22, 8, 27, 67, 50, 54, 80, 71, 10, 47, 32, 13],每步风险损耗[0, 27, 12, 9, 33, 12, 11, 11, 19, 4, 10, 15, 5, 5, 11, 32, 20, 5, 6, 5, 8, 6, 3, 0, 0, 6, 3, 14]
A_star  -----  A_star
第110天,您的路线为[0, 1, 2, 3, 4, 5, 6, 26, 27, 28, 48, 68, 88, 108, 109, 110, 130, 150, 170, 190, 210, 230, 250, 270, 290, 310, 330, 350, 370, 371, 372, 373, 374, 375, 376, 396, 397, 398, 399]
您的距离系数损耗为1065,风险系数损耗为292,每步距离损耗[67, 11, 55, 51, 25, 13, 12, 19, 21, 80, 35, 30, 26, 48, 76, 15, 22, 8, 27, 67, 50, 54, 80, 71, 10, 47, 32, 13],每步风险损耗[0, 27, 12, 9, 33, 12, 11, 11, 19, 4, 10, 15, 5, 5, 11, 32, 20, 5, 6, 5, 8, 6, 3, 0, 0, 6, 3, 14]
RL  -----  RL
第110天,您的路线为[(0, 0), (31, 20), (32, 21), (33, 22), (34, 2), (35, 3), (36, 4), (37, 5), (38, 6), (39, 7), (40, 27), (41, 26), (42, 46), (43, 45), (44, 44), (45, 24), (46, 23), (47, 43), (48, 42), (49, 62), (50, 82), (51, 102), (52, 103), (53, 104), (54, 105), (55, 85), (56, 65), (57, 64), (58, 63)]
您的距离系数损耗为1256,风险系数损耗为257,每步距离损耗[4, 32, 55, 81, 55, 51, 25, 13, 25, 89, 19, 10, 70, 22, 5, 26, 50, 68, 58, 50, 72, 36, 68, 23, 68, 83, 89, 9],每步风险损耗[4, 23, 13, 20, 8, 6, 25, 11, 6, 7('Times takes:', 1154.6868562698364)
Dijkstra  -----  Dijkstra
第110天,您的路线为[0, 1, 2, 3, 4, 5, 6, 26, 27, 28, 48, 68, 88, 108, 109, 110, 130, 150, 170, 190, 210, 230, 250, 270, 290, 310, 330, 350, 370, 371, 372, 373, 374, 375, 376, 396, 397, 398, 399]
您的距离系数损耗为1195,风险系数损耗为282,每步距离损耗[67, 11, 55, 51, 25, 13, 12, 19, 21, 80, 35, 30, 26, 48, 76, 15, 22, 8, 27, 67, 50, 54, 80, 71, 10, 47, 32, 13, 19, 5, 36, 12, 39, 19],每步风险损耗[3, 28, 12, 6, 27, 9, 10, 9, 22, 3, 8, 13, 9, 8, 9, 12, 24, 0, 8, 6, 23, 9, 13, 0, 0, 0, 3, 6, 1, 1, 0, 0, 0, 0]
A_star  -----  A_star
第110天,您的路线为[0, 1, 2, 3, 4, 5, 6, 26, 27, 28, 48, 68, 88, 108, 109, 110, 130, 150, 170, 190, 2('Times takes:', 951.5268371105194)
Dijkstra  -----  Dijkstra
第111天,您的路线为[0, 1, 2, 3, 4, 5, 6, 26, 27, 28, 48, 68, 88, 108, 109, 110, 130, 150, 170, 190, 210, 230, 250, 270, 290, 310, 330, 350, 370, 371, 372, 373, 374, 375, 376, 396, 397, 398, 399]
您的距离系数损耗为1234,风险系数损耗为464,每步距离损耗[67, 11, 55, 51, 25, 13, 12, 19, 21, 80, 35, 30, 26, 48, 76, 15, 22, 8, 27, 67, 50, 54, 80, 71, 10, 47, 32, 13, 19, 5, 36, 12, 39, 19, 9, 14, 12, 4],每步风险损耗[4, 50, 18, 17, 44, 19, 34, 15, 23, 11, 13, 21, 16, 8, 6, 14, 15, 9, 8, 12, 13, 6, 11, 6, 8, 3, 6, 12, 3, 2, 1, 11, 0, 2, 6, 0, 5, 12]
A_star  -----  A_star
第111天,您的路线为[0, 1, 2, 3, 4, 5, 6, 26, 27, 28, 48, 68, 88, 108, 109, 110, 130, 150, 170, 190, 210, 230, 250, 270, 290, 310, 330, 350, 370, 371, 372, 373, 374, 375, 376, 396, 397, 398, 399]
您的距离系数损耗为1234,风险系数损耗为464,每步距离损耗[67, 11, 55, 51, 25, 13, 12, 19, 21, 80, 35, 30, 26, 48, 76, 15, 22, 8, 27, 67, 50, 54, 80, 71, 10, 47, 32, 13, 19, 5, 36, 12, 39, 19, 9, 14, 12, 4],每步风险损耗[4, 50, 18, 17, 44, 19, 34, 15, 23, 11, 13, 21, 16, 8, 6, 14, 15, 9, 8, 12, 13, 6, 11, 6, 8, 3, 6, 12, 3, 2, 1, 11, 0, 2, 6, 0, 5, 12]
RL  -----  RL
第111天,您的路线为[(0, 0), (30, 1), (31, 2), (32, 3), (33, 4), (34, 5), (35, 25), (36, 26), (37, 6), (38, 7), (39, 8), (40, 9), (41, 10), (42, 11), (43, 12), (44, 13), (45, 14), (46, 34), (47, 33), (48, 53), (49, 73), (50, 72), (51, 71), (52, 91), (53, 111), (54, 110), (55, 109), (56, 108), (57, 88), (58, 87), (59, 67), (60, 47), (61, 27), (62, 28), (63, 29), (64, 30), (65, 31), (66, 51), (67, 52), (68, 32)]
您的距离系数损耗为1810,风险系数损耗为397,每步距离损耗[67, 11, 55, 51, 25, 76, 38, 12, 25, 49, 60, 82, 89, 16, 41, 19, 77, 57, 21, 82, 38, 4, 43, 29, 57, 76, 48, 26, 25, 60, 79,('Times takes:', 1168.234875202179)
Dijkstra  -----  Dijkstra
第111天,您的路线为[0, 1, 2, 3, 4, 5, 6, 26, 27, 28, 48, 68, 88, 108, 109, 110, 130, 150, 170, 190, 210, 230, 250, 270, 290, 310, 330, 350, 370, 371, 372, 373, 374, 375, 376, 396, 397, 398, 399]
您的距离系数损耗为1234,风险系数损耗为447,每步距离损耗[67, 11, 55, 51, 25, 13, 12, 19, 21, 80, 35, 30, 26, 48, 76, 15, 22, 8, 27, 67, 50, 54, 80, 71, 10, 47, 32, 13, 19, 5, 36, 12, 39, 19, 9, 14, 12, 4],每步风险损耗[3, 44, 14, 19, 40, 9, 31, 12, 14, 3, 7, 25, 14, 8, 13, 28, 13, 7, 10, 8, 10, 5, 0, 0, 0, 0, 8, 27, 8, 3, 0, 18, 0, 4, 12, 4, 8, 18]
A_star  -----  A_star
第111天,您的路线为[0, 1, 2, 3, 4, 5, 6, 26, 27, 28, 48, 68, 88, 108, 109, 110, 130, 150, 170, 190, 210, 230, 250, 270, 290, 310, 330, 350, 370, 371, 372, 373, 374, 375, 376, 396, 397, 398, 3('Times takes:', 976.6113679409027)
Dijkstra  -----  Dijkstra
第112天,您的路线为[0, 1, 2, 3, 4, 5, 6, 26, 27, 28, 48, 68, 88, 108, 109, 110, 130, 150, 170, 190, 210, 230, 250, 270, 290, 310, 330, 350, 370, 371, 372, 373, 374, 375, 376, 396, 397, 398, 399]
您的距离系数损耗为1234,风险系数损耗为350,每步距离损耗[67, 11, 55, 51, 25, 13, 12, 19, 21, 80, 35, 30, 26, 48, 76, 15, 22, 8, 27, 67, 50, 54, 80, 71, 10, 47, 32, 13, 19, 5, 36, 12, 39, 19, 9, 14, 12, 4],每步风险损耗[10, 44, 12, 17, 37, 13, 17, 7, 20, 7, 12, 13, 8, 6, 14, 7, 19, 0, 4, 5, 2, 3, 4, 0, 0, 0, 13, 7, 0, 3, 7, 2, 0, 0, 3, 0, 14, 20]
A_star  -----  A_star
第112天,您的路线为[0, 1, 2, 3, 4, 5, 6, 26, 27, 28, 48, 68, 88, 108, 109, 110, 130, 150, 170, 190, 210, 230, 250, 270, 290, 310, 330, 350, 370, 371, 372, 373, 374, 375, 376, 396, 397, 398, 399]
您的距离系数损耗为1234,风险系数损耗为350,每步距离损耗[67, 11, 55, 51, 25, 13, 12, 19, 21, 80, 35, 30, 26, 48, 76, 15, 22, 8, 27, 67, 50, 54, 80, 71, 10, 47, 32, 13, 19, 5, 36, 12, 39, 19, 9, 14, 12, 4],每步风险损耗[10, 44, 12, 17, 37, 13, 17, 7, 20, 7, 12, 13, 8, 6, 14, 7, 19, 0, 4, 5, 2, 3, 4, 0, 0, 0, 13, 7, 0, 3, 7, 2, 0, 0, 3, 0, 14, 20]
RL  -----  RL
第112天,您的路线为[(0, 0), (30, 1), (31, 21), (32, 22), (33, 23), (34, 43), (35, 42), (36, 41), (37, 61), (38, 81), (39, 80), (40, 100), (41, 101), (42, 102), (43, 82), (44, 62), (45, 63), (46, 64), (47, 44), (48, 24), (49, 25), (50, 26), (51, 27), (52, 7), (53, 8), (54, 9), (55, 10), (56, 30), (57, 50), (58, 51), (59, 52), (60, 53), (61, 54), (62, 74), (63, 94), (64, 114), (65, 134), (66, 133), (67, 113), (68, 112), (69, 92), (70, 72), (71, 73), (72, 93)]
您的距离系数损耗为1950,风险系数损耗为207,每步距离损耗[67, 37, 55, 8, 50, 68, 64, 90, 48, 87, 64, 8, 32, 72, 50, 77, 9, 17, 5, 5, 38, 19, 89, 49, 60, 82, 86, 13, 37, 18, 71, 57, 33, 41, 13, 25, 50, 20, 42, 49, 36, 38, 71],每步风险损耗[10, 35, 28, 15, 26, 22, 21, 6, 3, 9, 4, 11, 5, 3, 0, 1, 0, 0, 0, 0, 0,('Times takes:', 1229.5176372528076)
Dijkstra  -----  Dijkstra
第112天,您的路线为[0, 1, 2, 3, 4, 5, 6, 26, 27, 28, 48, 68, 88, 108, 109, 110, 130, 150, 170, 190, 210, 230, 250, 270, 290, 310, 330, 350, 370, 371, 372, 373, 374, 375, 376, 396, 397, 398, 399]
您的距离系数损耗为209,风险系数损耗为81,每步距离损耗[67, 11, 55, 51, 25],每步风险损耗[4, 26, 9, 21, 21]
A_star  -----  A_star
第112天,您的路线为[0, 1, 2, 3, 4, 5, 6, 26, 27, 28, 48, 68, 88, 108, 109, 110, 130, 150, 170, 190, 210, 230, 250, 270, 290, 310, 330, 350, 370, 371, 372, 373, 374, 375, 376, 396, 397, 398, 399]
您的距离系数损耗为209,风险系数损耗为81,每步距离损耗[67, 11, 55, 51, 25],每步风险损耗[4, 26, 9, 21, 21]
RL  -----  RL
第112天,您的路线为[(0, 0), (30, 20), (31, 21), (32, 22), (33, 2), (34, 1)]
您的距离系数损耗为183,风险系数损耗为85,每步距离损耗[4, 32, 55, 81, 11],每步风险损耗[6, 34, 11, 14, 20]
iteration 112 ********* reward 293520 order0.0186770672491 conflicts 72946 drivers 459094
A_star  -----  A_star
搜索所用时间0.00511002540588s
从节点'0'到节点'399' 所需要的经过的节点是 [0, 1, 2, 3, 4, 5, 6, 26, 27, 28, 48, 68, 88, 108, 109, 110, 130, 150, 170, 190, 210, 230, 250, 270, 290, 310, 330, 350, 370, 371, 372, 373, 374, 375, 376, 396, 397, 398, 399] ,所需要的cost为 17212
Dijkstra  -----  Dijkstra
搜索所用时间0.00288510322571s
minimum steps:17212, path:[0, 1, 2, 3, 4, 5, 6, 26, 27, 28, 48, 68, 88, 108, 109, 110, 130, 150, 170, 190, 210, 230, 250, 270, 290, 310, 330, 350, 370, 371, 372, 373, 374, 375, 376, 396, 397, 398, 399]
('Times takes:', 1254.952793121338)
Dijkstra  -----  Dijkstra
第113天,您的路线为[0, 1, 2, 3, 4, 5, 6, 26, 27, 28, 48, 68, 88, 108, 109, 110, 130, 150, 170, 190, 210, 230, 250, 270, 290, 310, 330, 350, 370, 371, 372, 373, 374, 375, 376, 396, 397, 398, 399]
您的距离系数损耗为708,风险系数损耗为330,每步距离损耗[67, 11, 55, 51, 25, 13, 12, 19, 21, 80, 35, 30, 26, 48, 76, 15, 22, 8, 27, 67],每步风险损耗[0, 26, 8, 6, 36, 18, 19, 10, 13, 8, 24, 31, 28, 13, 16, 15, 27, 4, 14, 14]
A_star  -----  A_star
第113天,您的路线为[0, 1, 2, 3, 4, 5, 6, 26, 27, 28, 48, 68, 88, 108, 109, 110, 130, 150, 170, 190, 210, 230, 250, 270, 290, 310, 330, 350, 370, 371, 372, 373, 374, 375, 376, 396, 397, 398, 399]
您的距离系数损耗为708,风险系数损耗为330,每步距离损耗[67, 11, 55, 51, 25, 13, 12, 19, 21, 80, 35, 30, 26, 48, 76, 15, 22, 8, 27, 67],每步风险损耗[0, 26, 8, 6, 36, 18, 19, 10, 13, 8, 24, 31, 28, 13, 16, 15, 27, 4, 14, 14]
RL  -----  RL
第113天,您的路线为[(0, 0), (30, 1), (31, 21), (32, 41), (33, 61), (34, 60), (35, 80), (36, 81), (37, 82), (38, 62), (39, 63), (40, 43), (41, 23), (42, 24), (43, 25), (44, 5), (45, 4), (46, 3), (47, 2), (48, 22), (49, 42)]
您的距离系数损耗为1020,风险系数损耗为249,每步距离损耗[67, 37, 40, 90, 56, 57, 87, 19, 50, 77, 66, 50, 26, 5, 76, 25, 51, 55, 81, 5],每步风险损耗[0, 16, 29, 26, 28, 15, 20, 14, 2, 11, 3, 5, 16, 15, 9, 27, 12, 0, 0, 1]
iteration 113 ********* reward 300030 order0.018599402363 conflicts 71361 drivers 450799
A_star  -----  A_star
搜索所用时间0.00545501708984s
从节点'0'到节点'399' 所需要的经过的节点是 [0, 1, 2, 3, 4, 5, 6, 26, 27, 28, 48, 68, 88, 108, 109, 110, 130, 150, 170, 190, 210, 230, 250, 270, 290, 310, 330, 350, 370, 371, 372, 373, 374, 375, 376, 396, 397, 398, 399] ,所需要的cost为 17212
Dijkstra  -----  Dijkstra
搜索所用时间0.00309205055237s
minimum steps:17212, path:[0, 1, 2, 3, 4, 5, 6, 26, 27, 28, 48, 68, 88, 108, 109, 110, 130, 150, 170, 190, 210, 230, 250, 270, 290, 310, 330, 350, 370, 371, 372, 373, 374, 375, 376, 396, 397, 398, 399]
('Times takes:', 1246.2908701896667)
Dijkstra  -----  Dijkstra
第114天,您的路线为[0, 1, 2, 3, 4, 5, 6, 26, 27, 28, 48, 68, 88, 108, 109, 110, 130, 150, 170, 190, 210, 230, 250, 270, 290, 310, 330, 350, 370, 371, 372, 373, 374, 375, 376, 396, 397, 398, 399]
您的距离系数损耗为1234,风险系数损耗为429,每步距离损耗[67, 11, 55, 51, 25, 13, 12, 19, 21, 80, 35, 30, 26, 48, 76, 15, 22, 8, 27, 67, 50, 54, 80, 71, 10, 47, 32, 13, 19, 5, 36, 12, 39, 19, 9, 14, 12, 4],每步风险损耗[0, 22, 18, 17, 35, 17, 24, 15, 17, 8, 20, 30, 13, 11, 16, 17, 15, 4, 15, 18, 8, 2, 3, 4, 2, 0, 3, 8, 0, 6, 4, 2, 4, 0, 6, 8, 9, 28]
A_star  -----  A_star
第114天,您的路线为[0, 1, 2, 3, 4, 5, 6, 26, 27, 28, 48, 68, 88, 108, 109, 110, 130, 150, 170, 190, 210, 230, 250, 270, 290, 310, 330, 350, 370, 371, 372, 373, 374, 375, 376, 396, 397, 398, 399]
您的距离系数损耗为1234,风险系数损耗为429,每步距离损耗[67, 11, 55, 51, 25, 13, 12, 19, 21, 80, 35, 30, 26, 48, 76, 15, 22, 8, 27, 67, 50, 54, 80, 71, 10, 47, 32, 13, 19, 5, 36, 12, 39, 19, 9, 14, 12, 4],每步风险损耗[0, 22, 18, 17, 35, 17, 24, 15, 17, 8, 20, 30, 13, 11, 16, 17, 15, 4, 15, 18, 8, 2, 3, 4, 2, 0, 3, 8, 0, 6, 4, 2, 4, 0, 6, 8, 9, 28]
RL  -----  RL
第114天,您的路线为[(0, 0), (30, 20), (31, 21), (32, 1), (34, 2), (35, 3), (36, 23), (37, 43), (38, 44), (39, 45), (40, 25), (41, 26), (42, 6), (43, 7), (44, 27), (45, 28), (46, 8), (48, 9), (49, 10), (50, 11), (51, 12), (52, 13), (53, 33), (54, 32), (55, 31), (56, 30), (57, 50), (58, 70), (59, 69), (60, 49), (61, 48), (62, 68), (63, 88), (64, 89), (65, 90), (66, 91), (67, 71), (68, 51), (69, 52), (70, 72), (71, 92), (72, 112), (73, 111), (74, 110), (75, 130), (76, 131), (77, 132), (78, 133), (79, 134), (80, 135), (81, 115), (82, 95), (83, 94), (84, 74), (85, 54), (86, 53), (87, 73), (88, 93), (89, 113), (90, 114)]
您的距离系数损耗为2446,风险系数损耗为420,每步距离损耗[4, 32, 37, 11, 55, 1, 50, 89, 22, 79, 38, 12, 25, 89, 21, 29, 60, 82, 89, 16, 41, 67, 65, 13, 39, 13, 76, 68, 66, 5, 35, 30, 24, 76, 2, 43, 31, 18, 3, 36, 49, 4, 57, 15, 38, 74, 7, 50, 19, 75, 12, 79, 41, 33, 57, 82, 71, 66, 25],每步风险损耗[4, 17, 21, 16, 13, 34, 11, 16, 41, 33, 13, 25, 10, 19, 8, 10, 4, 23, 12, 16, 5, 5, 5, 0, 0, 0, 0, 2, 19, 9, 1, 2, 0, 3, 3, 0, 1, 1, 0, 3, 1, 9, 0, 0, 0, 0, 5, 0, 0, 0, 0, 0, 0, 0, 0, 0, 0, 0, 0]
iteration 114 ********* reward 375580 order0.018543461087 conflicts 72599 drivers 468168
A_star  -----  A_star
搜索所用时间0.00400686264038s
从节点'0'到节点'399' 所需要的经过的节点是 [0, 1, 2, 3, 4, 5, 6, 26, 27, 28, 48, 68, 88, 108, 109, 110, 130, 150, 170, 190, 210, 230, 250, 270, 290, 310, 330, 350, 370, 371, 372, 373, 374, 375, 376, 396, 397, 398, 399] ,所需要的cost为 17212
Dijkstra  -----  Dijkstra
搜索所用时间0.00257301330566s
minimum steps:17212, path:[0, 1, 2, 3, 4, 5, 6, 26, 27, 28, 48, 68, 88, 108, 109, 110, 130, 150, 170, 190, 210, 230, 250, 270, 290, 310, 330, 350, 370, 371, 372, 373, 374, 375, 376, 396, 397, 398, 399]
('Times takes:', 1265.8216166496277)
Dijkstra  -----  Dijkstra
第115天,您的路线为[0, 1, 2, 3, 4, 5, 6, 26, 27, 28, 48, 68, 88, 108, 109, 110, 130, 150, 170, 190, 210, 230, 250, 270, 290, 310, 330, 350, 370, 371, 372, 373, 374, 375, 376, 396, 397, 398, 399]
您的距离系数损耗为1234,风险系数损耗为436,每步距离损耗[67, 11, 55, 51, 25, 13, 12, 19, 21, 80, 35, 30, 26, 48, 76, 15, 22, 8, 27, 67, 50, 54, 80, 71, 10, 47, 32, 13, 19, 5, 36, 12, 39, 19, 9, 14, 12, 4],每步风险损耗[5, 34, 15, 8, 20, 16, 26, 13, 44, 13, 16, 26, 11, 12, 26, 20, 16, 5, 12, 10, 12, 5, 1, 4, 0, 0, 0, 4, 3, 5, 0, 13, 1, 3, 6, 7, 9, 15]
A_star  -----  A_star
第115天,您的路线为[0, 1, 2, 3, 4, 5, 6, 26, 27, 28, 48, 68, 88, 108, 109, 110, 130, 150, 170, 190, 210, 230, 250, 270, 290, 310, 330, 350, 370, 371, 372, 373, 374, 375, 376, 396, 397, 398, 399]
您的距离系数损耗为1234,风险系数损耗为436,每步距离损耗[67, 11, 55, 51, 25, 13, 12, 19, 21, 80, 35, 30, 26, 48, 76, 15, 22, 8, 27, 67, 50, 54, 80, 71, 10, 47, 32, 13, 19, 5, 36, 12, 39, 19, 9, 14, 12, 4],每步风险损耗[5, 34, 15, 8, 20, 16, 26, 13, 44, 13, 16, 26, 11, 12, 26, 20, 16, 5, 12, 10, 12, 5, 1, 4, 0, 0, 0, 4, 3, 5, 0, 13, 1, 3, 6, 7, 9, 15]
RL  -----  RL
第115天,您的路线为[(0, 0), (31, 1), (32, 21), (33, 20), (34, 40), (35, 41), (36, 42), (37, 22), (38, 2), (39, 3), (41, 23), (42, 24), (43, 44), (44, 43), (45, 63), (46, 62), (47, 82), (48, 102), (49, 103), (50, 104), (51, 105), (52, 106), (53, 107), (54, 127), (55, 128), (56, 129), (57, 149), (58, 148), (59, 147), (60, 167), (61, 187), (62, 188), (63, 168), (64, 169), (65, 170), (66, 190), (67, 189), (68, 209), (69, 210), (70, 230), (71, 229), (72, 228), (73, 227), (74, 207), (75, 206), (76, 205), (77, 225), (78, 224), (79, 244), (80, 243), (81, 223), (82, 203), (83, 202), (84, 182), (85, 181), (86, 161), (87, 162), (88, 163), (89, 164), (90, 144), (91, 124), (92, 125), (93, 126), (94, 146), (95, 166), (96, 186), (97, 185), (98, 184), (99, 183)]
您的距离系数损耗为3158,风险系数损耗为308,每步距离损耗[67, 37, 32, 52, 50, 64, 5, 81, 55, 1, 26, 5, 89, 66, 77, 50, 72, 36, 68, 23, 62, 35, 19, 11, 17, 87, 33, 79, 41, 23, 1, 18, 70, 14, 27, 26, 56, 74, 50, 74, 31, 31, 63, 89, 47, 15, 87, 57, 35, 23, 86, 13, 72, 75, 2, 59, 64, 79, 35, 22, 83, 34, 76, 26, 59, 78, 20, 24],每步风险损耗[5, 27, 38, 24, 12, 22, 13, 17, 8, 9, 16, 13, 6, 8, 10, 1, 5, 4, 1, 3, 0, 10, 2, 2, 2, 4, 6, 0, 1, 6, 6, 4, 0, 0, 3, 5, 8, 0, 3, 0, 0, 3, 0, 1, 0, 0, 0, 0, 0, 0, 0, 0, 0, 0, 0, 0, 0, 0, 0, 0, 0, 0, 0, 0, 0, 0, 0, 0]
iteration 115 ********* reward 399790 order0.0184973603807 conflicts 72856 drivers 456234
A_star  -----  A_star
搜索所用时间0.00420498847961s
从节点'0'到节点'399' 所需要的经过的节点是 [0, 1, 2, 3, 4, 5, 6, 26, 27, 28, 48, 68, 88, 108, 109, 110, 130, 150, 170, 190, 210, 230, 250, 270, 290, 310, 330, 350, 370, 371, 372, 373, 374, 375, 376, 396, 397, 398, 399] ,所需要的cost为 17212
Dijkstra  -----  Dijkstra
搜索所用时间0.00258207321167s
minimum steps:17212, path:[0, 1, 2, 3, 4, 5, 6, 26, 27, 28, 48, 68, 88, 108, 109, 110, 130, 150, 170, 190, 210, 230, 250, 270, 290, 310, 330, 350, 370, 371, 372, 373, 374, 375, 376, 396, 397, 398, 399]
('Times takes:', 1268.398607969284)
Dijkstra  -----  Dijkstra
第116天,您的路线为[0, 1, 2, 3, 4, 5, 6, 26, 27, 28, 48, 68, 88, 108, 109, 110, 130, 150, 170, 190, 210, 230, 250, 270, 290, 310, 330, 350, 370, 371, 372, 373, 374, 375, 376, 396, 397, 398, 399]
您的距离系数损耗为209,风险系数损耗为60,每步距离损耗[67, 11, 55, 51, 25],每步风险损耗[1, 23, 12, 9, 15]
A_star  -----  A_star
第116天,您的路线为[0, 1, 2, 3, 4, 5, 6, 26, 27, 28, 48, 68, 88, 108, 109, 110, 130, 150, 170, 190, 210, 230, 250, 270, 290, 310, 330, 350, 370, 371, 372, 373, 374, 375, 376, 396, 397, 398, 399]
您的距离系数损耗为209,风险系数损耗为60,每步距离损耗[67, 11, 55, 51, 25],每步风险损耗[1, 23, 12, 9, 15]
RL  -----  RL
第116天,您的路线为[(0, 0), (30, 20), (31, 21), (32, 22), (33, 2), (35, 1)]
您的距离系数损耗为183,风险系数损耗为67,每步距离损耗[4, 32, 55, 81, 11],每步风险损耗[2, 9, 18, 17, 21]
iteration 116 ********* reward 304550 order0.0184264813348 conflicts 70760 drivers 439181
A_star  -----  A_star
搜索所用时间0.00381207466125s
从节点'0'到节点'399' 所需要的经过的节点是 [0, 1, 2, 3, 4, 5, 6, 26, 27, 28, 48, 68, 88, 108, 109, 110, 130, 150, 170, 190, 210, 230, 250, 270, 290, 310, 330, 350, 370, 371, 372, 373, 374, 375, 376, 396, 397, 398, 399] ,所需要的cost为 17212
Dijkstra  -----  Dijkstra
搜索所用时间0.00254392623901s
minimum steps:17212, path:[0, 1, 2, 3, 4, 5, 6, 26, 27, 28, 48, 68, 88, 108, 109, 110, 130, 150, 170, 190, 210, 230, 250, 270, 290, 310, 330, 350, 370, 371, 372, 373, 374, 375, 376, 396, 397, 398, 399]
('Times takes:', 1137.1245052814484)
Dijkstra  -----  Dijkstra
第117天,您的路线为[0, 1, 2, 3, 4, 5, 6, 26, 27, 28, 48, 68, 88, 108, 109, 110, 130, 150, 170, 190, 210, 230, 250, 270, 290, 310, 330, 350, 370, 371, 372, 373, 374, 375, 376, 396, 397, 398, 399]
您的距离系数损耗为606,风险系数损耗为193,每步距离损耗[67, 11, 55, 51, 25, 13, 12, 19, 21, 80, 35, 30, 26, 48, 76, 15, 22],每步风险损耗[3, 18, 9, 5, 10, 6, 8, 5, 18, 8, 12, 13, 12, 8, 19, 17, 22]
A_star  -----  A_star
第117天,您的路线为[0, 1, 2, 3, 4, 5, 6, 26, 27, 28, 48, 68, 88, 108, 109, 110, 130, 150, 170, 190, 210, 230, 250, 270, 290, 310, 330, 350, 370, 371, 372, 373, 374, 375, 376, 396, 397, 398, 399]
您的距离系数损耗为606,风险系数损耗为193,每步距离损耗[67, 11, 55, 51, 25, 13, 12, 19, 21, 80, 35, 30, 26, 48, 76, 15, 22],每步风险损耗[3, 18, 9, 5, 10, 6, 8, 5, 18, 8, 12, 13, 12, 8, 19, 17, 22]
RL  -----  RL
第117天,您的路线为[(0, 0), (32, 1), (33, 2), (34, 3), (35, 23), (36, 24), (38, 44), (39, 64), (40, 63), (41, 43), (42, 42), (43, 22), (44, 21), (45, 41), (46, 61), (47, 81), (48, 82), (49, 62)]
您的距离系数损耗为632,风险系数损耗为256,每步距离损耗[67, 11, 55, 1, 26, 5, 17, 9, 66, 68, 5, 55, 40, 90, 48, 19, 50],每步风险损耗[3, 18, 9, 25, 13, 19, 16, 7, 21, 28, 18, 9, 17, 11, 19, 22, 1]
iteration 117 ********* reward 297680 order0.0183545303478 conflicts 72604 drivers 461287
A_star  -----  A_star
搜索所用时间0.053022146225s
从节点'0'到节点'399' 所需要的经过的节点是 [0, 1, 2, 3, 4, 5, 6, 26, 27, 28, 48, 68, 88, 108, 109, 110, 130, 150, 170, 190, 210, 230, 250, 270, 290, 310, 330, 350, 370, 371, 372, 373, 374, 375, 376, 396, 397, 398, 399] ,所需要的cost为 17212
Dijkstra  -----  Dijkstra
搜索所用时间0.00345897674561s
minimum steps:17212, path:[0, 1, 2, 3, 4, 5, 6, 26, 27, 28, 48, 68, 88, 108, 109, 110, 130, 150, 170, 190, 210, 230, 250, 270, 290, 310, 330, 350, 370, 371, 372, 373, 374, 375, 376, 396, 397, 398, 399]
('Times takes:', 1133.2765588760376)
Dijkstra  -----  Dijkstra
第118天,您的路线为[0, 1, 2, 3, 4, 5, 6, 26, 27, 28, 48, 68, 88, 108, 109, 110, 130, 150, 170, 190, 210, 230, 250, 270, 290, 310, 330, 350, 370, 371, 372, 373, 374, 375, 376, 396, 397, 398, 399]
您的距离系数损耗为274,风险系数损耗为100,每步距离损耗[67, 11, 55, 51, 25, 13, 12, 19, 21],每步风险损耗[5, 18, 7, 7, 13, 15, 10, 13, 12]
A_star  -----  A_star
第118天,您的路线为[0, 1, 2, 3, 4, 5, 6, 26, 27, 28, 48, 68, 88, 108, 109, 110, 130, 150, 170, 190, 210, 230, 250, 270, 290, 310, 330, 350, 370, 371, 372, 373, 374, 375, 376, 396, 397, 398, 399]
您的距离系数损耗为274,风险系数损耗为100,每步距离损耗[67, 11, 55, 51, 25, 13, 12, 19, 21],每步风险损耗[5, 18, 7, 7, 13, 15, 10, 13, 12]
RL  -----  RL
第118天,您的路线为[(0, 0), (30, 1), (31, 21), (32, 22), (33, 42), (34, 62), (35, 61), (36, 41), (37, 40), (38, 20)]
您的距离系数损耗为484,风险系数损耗为144,每步距离损耗[67, 37, 55, 5, 58, 70, 90, 50, 52],每步风险损耗[5, 15, 27, 10, 16, 31, 24, 9, 7]
iteration 118 ********* reward 333350 order0.0182926927003 conflicts 74371 drivers 471837
A_star  -----  A_star
搜索所用时间0.00389814376831s
从节点'0'到节点'399' 所需要的经过的节点是 [0, 1, 2, 3, 4, 5, 6, 26, 27, 28, 48, 68, 88, 108, 109, 110, 130, 150, 170, 190, 210, 230, 250, 270, 290, 310, 330, 350, 370, 371, 372, 373, 374, 375, 376, 396, 397, 398, 399] ,所需要的cost为 17212
Dijkstra  -----  Dijkstra
搜索所用时间0.00256299972534s
minimum steps:17212, path:[0, 1, 2, 3, 4, 5, 6, 26, 27, 28, 48, 68, 88, 108, 109, 110, 130, 150, 170, 190, 210, 230, 250, 270, 290, 310, 330, 350, 370, 371, 372, 373, 374, 375, 376, 396, 397, 398, 399]
('Times takes:', 1145.606653213501)
Dijkstra  -----  Dijkstra
第119天,您的路线为[0, 1, 2, 3, 4, 5, 6, 26, 27, 28, 48, 68, 88, 108, 109, 110, 130, 150, 170, 190, 210, 230, 250, 270, 290, 310, 330, 350, 370, 371, 372, 373, 374, 375, 376, 396, 397, 398, 399]
您的距离系数损耗为1230,风险系数损耗为370,每步距离损耗[67, 11, 55, 51, 25, 13, 12, 19, 21, 80, 35, 30, 26, 48, 76, 15, 22, 8, 27, 67, 50, 54, 80, 71, 10, 47, 32, 13, 19, 5, 36, 12, 39, 19, 9, 14, 12],每步风险损耗[7, 44, 8, 0, 6, 7, 8, 11, 31, 13, 10, 14, 12, 12, 9, 13, 34, 5, 9, 11, 9, 9, 15, 0, 0, 0, 2, 7, 5, 1, 2, 9, 3, 3, 2, 14, 25]
A_star  -----  A_star
第119天,您的路线为[0, 1, 2, 3, 4, 5, 6, 26, 27, 28, 48, 68, 88, 108, 109, 110, 130, 150, 170, 190, 210, 230, 250, 270, 290, 310, 330, 350, 370, 371, 372, 373, 374, 375, 376, 396, 397, 398, 399]
您的距离系数损耗为1230,风险系数损耗为370,每步距离损耗[67, 11, 55, 51, 25, 13, 12, 19, 21, 80, 35, 30, 26, 48, 76, 15, 22, 8, 27, 67, 50, 54, 80, 71, 10, 47, 32, 13, 19, 5, 36, 12, 39, 19, 9, 14, 12],每步风险损耗[7, 44, 8, 0, 6, 7, 8, 11, 31, 13, 10, 14, 12, 12, 9, 13, 34, 5, 9, 11, 9, 9, 15, 0, 0, 0, 2, 7, 5, 1, 2, 9, 3, 3, 2, 14, 25]
RL  -----  RL
第119天,您的路线为[(0, 0), (30, 1), (31, 2), (32, 3), (33, 4), (34, 24), (36, 44), (37, 64), (38, 65), (39, 66), (40, 46), (41, 47), (42, 48), (43, 49), (44, 29), (45, 30), (46, 31), (47, 51), (48, 52), (49, 32), (50, 12), (51, 13), (52, 14), (53, 34), (54, 54), (55, 74), (56, 75), (57, 76), (58, 56), (59, 57), (60, 37), (61, 17), (62, 18), (63, 19), (64, 39), (65, 59), (66, 58), (67, 38)]
您的距离系数损耗为1527,风险系数损耗为301,每步距离损耗[67, 11, 55, 51, 19, 5, 17, 89, 45, 82, 10, 33, 5, 4, 36, 39, 77, 18, 82, 43, 41, 19, 77, 3, 33, 56, 43, 7, 64, 40, 33, 45, 76, 1, 79, 57, 65],每步风险损耗[7, 44, 8, 0, 12, 9, 7, 6, 27, 33, 17, 14, 23, 3, 17, 10, 11, 11, 8, 3, 7, 0, 0, 4, 0, 5, 1, 14, 0, 0, 0, 0, 0, 0, 0, 0, 0]
iteration 119 ********* reward 298130 order0.0182204313187 conflicts 71706 drivers 449501
A_star  -----  A_star
搜索所用时间0.00560283660889s
从节点'0'到节点'399' 所需要的经过的节点是 [0, 1, 2, 3, 4, 5, 6, 26, 27, 28, 48, 68, 88, 108, 109, 110, 130, 150, 170, 190, 210, 230, 250, 270, 290, 310, 330, 350, 370, 371, 372, 373, 374, 375, 376, 396, 397, 398, 399] ,所需要的cost为 17212
Dijkstra  -----  Dijkstra
搜索所用时间0.00326800346375s
minimum steps:17212, path:[0, 1, 2, 3, 4, 5, 6, 26, 27, 28, 48, 68, 88, 108, 109, 110, 130, 150, 170, 190, 210, 230, 250, 270, 290, 310, 330, 350, 370, 371, 372, 373, 374, 375, 376, 396, 397, 398, 399]
('Times takes:', 1121.5844259262085)
Dijkstra  -----  Dijkstra
第120天,您的路线为[0, 1, 2, 3, 4, 5, 6, 26, 27, 28, 48, 68, 88, 108, 109, 110, 130, 150, 170, 190, 210, 230, 250, 270, 290, 310, 330, 350, 370, 371, 372, 373, 374, 375, 376, 396, 397, 398, 399]
您的距离系数损耗为1234,风险系数损耗为395,每步距离损耗[67, 11, 55, 51, 25, 13, 12, 19, 21, 80, 35, 30, 26, 48, 76, 15, 22, 8, 27, 67, 50, 54, 80, 71, 10, 47, 32, 13, 19, 5, 36, 12, 39, 19, 9, 14, 12, 4],每步风险损耗[0, 14, 7, 7, 25, 21, 10, 6, 15, 4, 6, 13, 20, 8, 10, 23, 21, 6, 18, 12, 5, 4, 1, 4, 3, 2, 15, 3, 0, 5, 4, 11, 0, 8, 9, 11, 29, 35]
A_star  -----  A_star
第120天,您的路线为[0, 1, 2, 3, 4, 5, 6, 26, 27, 28, 48, 68, 88, 108, 109, 110, 130, 150, 170, 190, 210, 230, 250, 270, 290, 310, 330, 350, 370, 371, 372, 373, 374, 375, 376, 396, 397, 398, 399]
您的距离系数损耗为1234,风险系数损耗为395,每步距离损耗[67, 11, 55, 51, 25, 13, 12, 19, 21, 80, 35, 30, 26, 48, 76, 15, 22, 8, 27, 67, 50, 54, 80, 71, 10, 47, 32, 13, 19, 5, 36, 12, 39, 19, 9, 14, 12, 4],每步风险损耗[0, 14, 7, 7, 25, 21, 10, 6, 15, 4, 6, 13, 20, 8, 10, 23, 21, 6, 18, 12, 5, 4, 1, 4, 3, 2, 15, 3, 0, 5, 4, 11, 0, 8, 9, 11, 29, 35]
RL  -----  RL
第120天,您的路线为[(0, 0), (30, 20), (31, 21), (32, 1), (33, 2), (34, 3), (35, 23), (36, 24), (37, 44), (38, 45), (39, 65), (40, 66), (41, 86), (42, 87), (43, 88), (44, 68), (45, 48), (46, 47), (47, 27), (48, 7), (49, 8), (50, 9), (51, 29), (52, 49), (53, 50), (54, 30), (55, 31), (56, 51), (57, 52), (58, 53), (59, 33), (60, 34), (61, 54), (62, 74), (63, 75), (64, 76), (65, 56), (66, 36), (67, 16), (68, 17), (69, 37), (70, 57), (71, 77), (72, 97), (73, 98), (74, 118), (75, 117), (76, 116), (77, 115), (78, 114), (79, 94), (80, 93), (81, 113), (82, 133), (83, 132), (84, 131), (85, 151), (86, 152), (87, 172), (88, 171), (89, 170), (90, 169), (91, 168), (92, 188), (93, 187), (94, 167), (95, 147), (96, 148), (97, 128), (98, 127), (99, 107), (100, 106), (101, 105), (102, 85), (103, 84), (104, 64), (105, 63), (106, 43), (107, 42), (108, 62), (109, 61), (110, 41), (111, 40), (113, 60), (115, 80), (116, 100), (117, 101), (118, 121), (119, 120), (120, 140), (121, 160), (122, 180), (123, 200), (124, 201), (125, 181), (126, 182), (127, 162), (128, 161), (129, 141), (130, 142), (131, 143), (132, 144), (133, 145), (134, 125), (135, 124), (136, 123), (138, 103), (139, 102), (140, 82), (141, 81)]
您的距离系数损耗为4747,风险系数损耗为338,每步距离损耗[4, 32, 37, 11, 55, 1, 26, 5, 22, 43, 45, 23, 66, 25, 30, 35, 33, 50, 89, 49, 60, 66, 4, 84, 13, 39, 77, 18, 71, 21, 57, 3, 33, 56, 43, 7, 82, 25, 13, 33, 40, 28, 30, 38, 65, 30, 9, 47, 39, 13, 42, 66, 20, 7, 74, 77, 38, 76, 44, 63, 14, 70, 18, 1, 23, 41, 79, 45, 11, 19, 35, 62, 68, 86, 83, 9, 66, 68, 58, 70, 90, 50, 85, 57, 64, 8, 54, 24, 33, 29, 57, 83, 4, 80, 75, 2, 59, 15, 90, 72, 56, 47, 86, 83, 11, 48, 36, 72, 19],每步风险损耗[3, 19, 27, 12, 6, 18, 16, 12, 17, 26, 22, 21, 41, 10, 11, 1, 11, 10, 9, 11, 6, 0, 2, 3, 4, 0, 2, 8, 0, 0, 0, 0, 3, 1, 0, 6, 0, 0, 0, 0, 0, 0, 0, 0, 0, 0, 0, 0, 0, 0, 0, 0, 0, 0, 0, 0, 0, 0, 0, 0, 0, 0, 0, 0, 0, 0, 0, 0, 0, 0, 0, 0, 0, 0, 0, 0, 0, 0, 0, 0, 0, 0, 0, 0, 0, 0, 0, 0, 0, 0, 0, 0, 0, 0, 0, 0, 0, 0, 0, 0, 0, 0, 0, 0, 0, 0, 0, 0, 0]
iteration 120 ********* reward 372430 order0.0181719309046 conflicts 72197 drivers 448978
A_star  -----  A_star
搜索所用时间0.00378799438477s
从节点'0'到节点'399' 所需要的经过的节点是 [0, 1, 2, 3, 4, 5, 6, 26, 27, 28, 48, 68, 88, 108, 109, 110, 130, 150, 170, 190, 210, 230, 250, 270, 290, 310, 330, 350, 370, 371, 372, 373, 374, 375, 376, 396, 397, 398, 399] ,所需要的cost为 17212
Dijkstra  -----  Dijkstra
搜索所用时间0.00287485122681s
minimum steps:17212, path:[0, 1, 2, 3, 4, 5, 6, 26, 27, 28, 48, 68, 88, 108, 109, 110, 130, 150, 170, 190, 210, 230, 250, 270, 290, 310, 330, 350, 370, 371, 372, 373, 374, 375, 376, 396, 397, 398, 399]
('Times takes:', 1121.174026966095)
Dijkstra  -----  Dijkstra
第121天,您的路线为[0, 1, 2, 3, 4, 5, 6, 26, 27, 28, 48, 68, 88, 108, 109, 110, 130, 150, 170, 190, 210, 230, 250, 270, 290, 310, 330, 350, 370, 371, 372, 373, 374, 375, 376, 396, 397, 398, 399]
您的距离系数损耗为274,风险系数损耗为129,每步距离损耗[67, 11, 55, 51, 25, 13, 12, 19, 21],每步风险损耗[1, 31, 17, 14, 28, 6, 13, 11, 8]
A_star  -----  A_star
第121天,您的路线为[0, 1, 2, 3, 4, 5, 6, 26, 27, 28, 48, 68, 88, 108, 109, 110, 130, 150, 170, 190, 210, 230, 250, 270, 290, 310, 330, 350, 370, 371, 372, 373, 374, 375, 376, 396, 397, 398, 399]
您的距离系数损耗为274,风险系数损耗为129,每步距离损耗[67, 11, 55, 51, 25, 13, 12, 19, 21],每步风险损耗[1, 31, 17, 14, 28, 6, 13, 11, 8]
RL  -----  RL
第121天,您的路线为[(0, 0), (30, 1), (31, 21), (32, 20), (33, 40), (35, 60), (36, 61), (37, 62), (38, 42), (39, 41)]
您的距离系数损耗为521,风险系数损耗为124,每步距离损耗[67, 37, 32, 52, 85, 56, 70, 58, 64],每步风险损耗[1, 34, 17, 11, 3, 23, 17, 11, 7]
iteration 121 ********* reward 324880 order0.018110404881 conflicts 70964 drivers 446197
A_star  -----  A_star
搜索所用时间0.00405287742615s
从节点'0'到节点'399' 所需要的经过的节点是 [0, 1, 2, 3, 4, 5, 6, 26, 27, 28, 48, 68, 88, 108, 109, 110, 130, 150, 170, 190, 210, 230, 250, 270, 290, 310, 330, 350, 370, 371, 372, 373, 374, 375, 376, 396, 397, 398, 399] ,所需要的cost为 17212
Dijkstra  -----  Dijkstra
搜索所用时间0.00249600410461s
minimum steps:17212, path:[0, 1, 2, 3, 4, 5, 6, 26, 27, 28, 48, 68, 88, 108, 109, 110, 130, 150, 170, 190, 210, 230, 250, 270, 290, 310, 330, 350, 370, 371, 372, 373, 374, 375, 376, 396, 397, 398, 399]
('Times takes:', 1141.3776309490204)
Dijkstra  -----  Dijkstra
第122天,您的路线为[0, 1, 2, 3, 4, 5, 6, 26, 27, 28, 48, 68, 88, 108, 109, 110, 130, 150, 170, 190, 210, 230, 250, 270, 290, 310, 330, 350, 370, 371, 372, 373, 374, 375, 376, 396, 397, 398, 399]
您的距离系数损耗为1020,风险系数损耗为184,每步距离损耗[67, 11, 55, 51, 25, 13, 12, 19, 21, 80, 35, 30, 26, 48, 76, 15, 22, 8, 27, 67, 50, 54, 80, 71, 10, 47],每步风险损耗[10, 22, 3, 6, 13, 7, 13, 1, 10, 2, 5, 6, 9, 1, 2, 8, 8, 0, 8, 11, 9, 9, 14, 2, 4, 1]
A_star  -----  A_star
第122天,您的路线为[0, 1, 2, 3, 4, 5, 6, 26, 27, 28, 48, 68, 88, 108, 109, 110, 130, 150, 170, 190, 210, 230, 250, 270, 290, 310, 330, 350, 370, 371, 372, 373, 374, 375, 376, 396, 397, 398, 399]
您的距离系数损耗为1020,风险系数损耗为184,每步距离损耗[67, 11, 55, 51, 25, 13, 12, 19, 21, 80, 35, 30, 26, 48, 76, 15, 22, 8, 27, 67, 50, 54, 80, 71, 10, 47],每步风险损耗[10, 22, 3, 6, 13, 7, 13, 1, 10, 2, 5, 6, 9, 1, 2, 8, 8, 0, 8, 11, 9, 9, 14, 2, 4, 1]
RL  -----  RL
第122天,您的路线为[(0, 0), (32, 1), (33, 2), (34, 3), (35, 4), (36, 5), (37, 25), (38, 24), (39, 23), (40, 22), (41, 21), (42, 41), (43, 42), (44, 43), (45, 44), (46, 64), (47, 65), (48, 45), (49, 46), (50, 66), (51, 67), (52, 87), (53, 86), (54, 85), (55, 105), (56, 104), (57, 84)]
您的距离系数损耗为1306,风险系数损耗为173,每步距离损耗[67, 11, 55, 51, 25, 76, 5, 26, 8, 55, 40, 64, 68, 89, 17, 89, 43, 70, 82, 31, 60, 66, 33, 68, 23, 84],每步风险损耗[10, 22, 3, 6, 13, 6, 22, 10, 1, 8, 13, 11, 4, 1, 5, 0, 2, 3, 12, 4, 10, 7, 0, 0, 0, 0]
iteration 122 ********* reward 417020 order0.0180772724028 conflicts 75021 drivers 492719
A_star  -----  A_star
搜索所用时间0.00557708740234s
从节点'0'到节点'399' 所需要的经过的节点是 [0, 1, 2, 3, 4, 5, 6, 26, 27, 28, 48, 68, 88, 108, 109, 110, 130, 150, 170, 190, 210, 230, 250, 270, 290, 310, 330, 350, 370, 371, 372, 373, 374, 375, 376, 396, 397, 398, 399] ,所需要的cost为 17212
Dijkstra  -----  Dijkstra
搜索所用时间0.00255393981934s
minimum steps:17212, path:[0, 1, 2, 3, 4, 5, 6, 26, 27, 28, 48, 68, 88, 108, 109, 110, 130, 150, 170, 190, 210, 230, 250, 270, 290, 310, 330, 350, 370, 371, 372, 373, 374, 375, 376, 396, 397, 398, 399]
('Times takes:', 1139.6763331890106)
Dijkstra  -----  Dijkstra
第123天,您的路线为[0, 1, 2, 3, 4, 5, 6, 26, 27, 28, 48, 68, 88, 108, 109, 110, 130, 150, 170, 190, 210, 230, 250, 270, 290, 310, 330, 350, 370, 371, 372, 373, 374, 375, 376, 396, 397, 398, 399]
您的距离系数损耗为584,风险系数损耗为214,每步距离损耗[67, 11, 55, 51, 25, 13, 12, 19, 21, 80, 35, 30, 26, 48, 76, 15],每步风险损耗[0, 28, 12, 22, 23, 12, 3, 3, 12, 6, 5, 29, 13, 23, 9, 14]
A_star  -----  A_star
第123天,您的路线为[0, 1, 2, 3, 4, 5, 6, 26, 27, 28, 48, 68, 88, 108, 109, 110, 130, 150, 170, 190, 210, 230, 250, 270, 290, 310, 330, 350, 370, 371, 372, 373, 374, 375, 376, 396, 397, 398, 399]
您的距离系数损耗为584,风险系数损耗为214,每步距离损耗[67, 11, 55, 51, 25, 13, 12, 19, 21, 80, 35, 30, 26, 48, 76, 15],每步风险损耗[0, 28, 12, 22, 23, 12, 3, 3, 12, 6, 5, 29, 13, 23, 9, 14]
RL  -----  RL
第123天,您的路线为[(0, 0), (30, 1), (33, 2), (34, 3), (35, 4), (36, 24), (37, 25), (38, 45), (39, 44), (40, 43), (41, 42), (42, 41), (43, 40), (44, 20), (45, 21), (46, 22), (47, 23)]
您的距离系数损耗为727,风险系数损耗为198,每步距离损耗[67, 11, 55, 51, 19, 5, 79, 22, 89, 68, 64, 50, 52, 32, 55, 8],每步风险损耗[0, 28, 12, 22, 30, 12, 21, 25, 5, 5, 11, 5, 4, 8, 4, 6]
iteration 123 ********* reward 352740 order0.0180283541013 conflicts 68799 drivers 418224
A_star  -----  A_star
搜索所用时间0.00595498085022s
从节点'0'到节点'399' 所需要的经过的节点是 [0, 1, 2, 3, 4, 5, 6, 26, 27, 28, 48, 68, 88, 108, 109, 110, 130, 150, 170, 190, 210, 230, 250, 270, 290, 310, 330, 350, 370, 371, 372, 373, 374, 375, 376, 396, 397, 398, 399] ,所需要的cost为 17212
Dijkstra  -----  Dijkstra
搜索所用时间0.00257205963135s
minimum steps:17212, path:[0, 1, 2, 3, 4, 5, 6, 26, 27, 28, 48, 68, 88, 108, 109, 110, 130, 150, 170, 190, 210, 230, 250, 270, 290, 310, 330, 350, 370, 371, 372, 373, 374, 375, 376, 396, 397, 398, 399]
('Times takes:', 1120.8356471061707)
Dijkstra  -----  Dijkstra
第124天,您的路线为[0, 1, 2, 3, 4, 5, 6, 26, 27, 28, 48, 68, 88, 108, 109, 110, 130, 150, 170, 190, 210, 230, 250, 270, 290, 310, 330, 350, 370, 371, 372, 373, 374, 375, 376, 396, 397, 398, 399]
您的距离系数损耗为963,风险系数损耗为302,每步距离损耗[67, 11, 55, 51, 25, 13, 12, 19, 21, 80, 35, 30, 26, 48, 76, 15, 22, 8, 27, 67, 50, 54, 80, 71],每步风险损耗[6, 41, 10, 5, 17, 5, 12, 3, 16, 9, 11, 7, 16, 8, 17, 16, 17, 2, 12, 23, 21, 20, 8, 0]
A_star  -----  A_star
第124天,您的路线为[0, 1, 2, 3, 4, 5, 6, 26, 27, 28, 48, 68, 88, 108, 109, 110, 130, 150, 170, 190, 210, 230, 250, 270, 290, 310, 330, 350, 370, 371, 372, 373, 374, 375, 376, 396, 397, 398, 399]
您的距离系数损耗为963,风险系数损耗为302,每步距离损耗[67, 11, 55, 51, 25, 13, 12, 19, 21, 80, 35, 30, 26, 48, 76, 15, 22, 8, 27, 67, 50, 54, 80, 71],每步风险损耗[6, 41, 10, 5, 17, 5, 12, 3, 16, 9, 11, 7, 16, 8, 17, 16, 17, 2, 12, 23, 21, 20, 8, 0]
RL  -----  RL
第124天,您的路线为[(0, 0), (30, 1), (31, 21), (32, 20), (33, 40), (34, 60), (35, 61), (36, 41), (37, 42), (38, 62), (39, 63), (40, 43), (41, 23), (42, 24), (43, 44), (44, 45), (45, 46), (46, 26), (47, 6), (48, 7), (49, 27), (50, 28), (51, 29), (52, 9), (53, 8)]
您的距离系数损耗为1189,风险系数损耗为277,每步距离损耗[67, 37, 32, 52, 85, 56, 90, 64, 58, 77, 66, 50, 26, 5, 22, 70, 10, 12, 25, 89, 21, 49, 66, 60],每步风险损耗[6, 24, 17, 20, 14, 23, 18, 18, 9, 12, 17, 15, 6, 1, 4, 8, 24, 4, 0, 8, 7, 22, 0, 0]
iteration 124 ********* reward 414350 order0.0179955801535 conflicts 72877 drivers 463597
A_star  -----  A_star
搜索所用时间0.0611410140991s
从节点'0'到节点'399' 所需要的经过的节点是 [0, 1, 2, 3, 4, 5, 6, 26, 27, 28, 48, 68, 88, 108, 109, 110, 130, 150, 170, 190, 210, 230, 250, 270, 290, 310, 330, 350, 370, 371, 372, 373, 374, 375, 376, 396, 397, 398, 399] ,所需要的cost为 17212
Dijkstra  -----  Dijkstra
搜索所用时间0.00261306762695s
minimum steps:17212, path:[0, 1, 2, 3, 4, 5, 6, 26, 27, 28, 48, 68, 88, 108, 109, 110, 130, 150, 170, 190, 210, 230, 250, 270, 290, 310, 330, 350, 370, 371, 372, 373, 374, 375, 376, 396, 397, 398, 399]
('Times takes:', 1123.8494718074799)
Dijkstra  -----  Dijkstra
第125天,您的路线为[0, 1, 2, 3, 4, 5, 6, 26, 27, 28, 48, 68, 88, 108, 109, 110, 130, 150, 170, 190, 210, 230, 250, 270, 290, 310, 330, 350, 370, 371, 372, 373, 374, 375, 376, 396, 397, 398, 399]
您的距离系数损耗为445,风险系数损耗为196,每步距离损耗[67, 11, 55, 51, 25, 13, 12, 19, 21, 80, 35, 30, 26],每步风险损耗[7, 36, 11, 7, 33, 13, 16, 5, 21, 19, 9, 7, 12]
A_star  -----  A_star
第125天,您的路线为[0, 1, 2, 3, 4, 5, 6, 26, 27, 28, 48, 68, 88, 108, 109, 110, 130, 150, 170, 190, 210, 230, 250, 270, 290, 310, 330, 350, 370, 371, 372, 373, 374, 375, 376, 396, 397, 398, 399]
您的距离系数损耗为445,风险系数损耗为196,每步距离损耗[67, 11, 55, 51, 25, 13, 12, 19, 21, 80, 35, 30, 26],每步风险损耗[7, 36, 11, 7, 33, 13, 16, 5, 21, 19, 9, 7, 12]
RL  -----  RL
第125天,您的路线为[(0, 0), (30, 20), (31, 40), (32, 60), (33, 61), (34, 62), (35, 42), (36, 43), (37, 23), (38, 3), (39, 2), (40, 1), (42, 21), (43, 41)]
您的距离系数损耗为587,风险系数损耗为320,每步距离损耗[4, 52, 85, 56, 70, 58, 68, 50, 1, 55, 11, 37, 40],每步风险损耗[14, 22, 16, 49, 55, 27, 34, 17, 24, 10, 28, 8, 16]
iteration 125 ********* reward 317450 order0.0179357076328 conflicts 73974 drivers 478007
A_star  -----  A_star
搜索所用时间0.00505685806274s
从节点'0'到节点'399' 所需要的经过的节点是 [0, 1, 2, 3, 4, 5, 6, 26, 27, 28, 48, 68, 88, 108, 109, 110, 130, 150, 170, 190, 210, 230, 250, 270, 290, 310, 330, 350, 370, 371, 372, 373, 374, 375, 376, 396, 397, 398, 399] ,所需要的cost为 17212
Dijkstra  -----  Dijkstra
搜索所用时间0.00286889076233s
minimum steps:17212, path:[0, 1, 2, 3, 4, 5, 6, 26, 27, 28, 48, 68, 88, 108, 109, 110, 130, 150, 170, 190, 210, 230, 250, 270, 290, 310, 330, 350, 370, 371, 372, 373, 374, 375, 376, 396, 397, 398, 399]
('Times takes:', 1121.0455870628357)
Dijkstra  -----  Dijkstra
第126天,您的路线为[0, 1, 2, 3, 4, 5, 6, 26, 27, 28, 48, 68, 88, 108, 109, 110, 130, 150, 170, 190, 210, 230, 250, 270, 290, 310, 330, 350, 370, 371, 372, 373, 374, 375, 376, 396, 397, 398, 399]
您的距离系数损耗为1234,风险系数损耗为459,每步距离损耗[67, 11, 55, 51, 25, 13, 12, 19, 21, 80, 35, 30, 26, 48, 76, 15, 22, 8, 27, 67, 50, 54, 80, 71, 10, 47, 32, 13, 19, 5, 36, 12, 39, 19, 9, 14, 12, 4],每步风险损耗[0, 10, 5, 13, 36, 30, 29, 26, 25, 15, 13, 20, 23, 17, 11, 15, 11, 5, 4, 9, 8, 13, 7, 4, 1, 8, 3, 15, 6, 5, 6, 12, 8, 5, 3, 1, 15, 22]
A_star  -----  A_star
第126天,您的路线为[0, 1, 2, 3, 4, 5, 6, 26, 27, 28, 48, 68, 88, 108, 109, 110, 130, 150, 170, 190, 210, 230, 250, 270, 290, 310, 330, 350, 370, 371, 372, 373, 374, 375, 376, 396, 397, 398, 399]
您的距离系数损耗为1234,风险系数损耗为459,每步距离损耗[67, 11, 55, 51, 25, 13, 12, 19, 21, 80, 35, 30, 26, 48, 76, 15, 22, 8, 27, 67, 50, 54, 80, 71, 10, 47, 32, 13, 19, 5, 36, 12, 39, 19, 9, 14, 12, 4],每步风险损耗[0, 10, 5, 13, 36, 30, 29, 26, 25, 15, 13, 20, 23, 17, 11, 15, 11, 5, 4, 9, 8, 13, 7, 4, 1, 8, 3, 15, 6, 5, 6, 12, 8, 5, 3, 1, 15, 22]
RL  -----  RL
第126天,您的路线为[(0, 0), (30, 20), (31, 21), (32, 41), (33, 61), (34, 62), (35, 82), (36, 81), (37, 80), (38, 100), (39, 101), (40, 102), (41, 122), (42, 123), (43, 143), (44, 144), (45, 164), (46, 165), (47, 166), (48, 167), (49, 187), (50, 207), (51, 206), (52, 205), (53, 204), (54, 224), (55, 225), (56, 245), (57, 265), (58, 266), (59, 246), (60, 247), (61, 248), (62, 228), (63, 229), (64, 230), (65, 250), (66, 249), (67, 269), (68, 268), (69, 288), (70, 287), (71, 307), (72, 308), (73, 328), (74, 327), (75, 347), (76, 367), (77, 368), (78, 348), (79, 349), (80, 329), (81, 330), (82, 350), (83, 351), (84, 331), (85, 311), (86, 291), (87, 292), (88, 272), (89, 273), (90, 253), (91, 252), (92, 232), (93, 212), (94, 213), (95, 214), (96, 215), (97, 235), (98, 234), (99, 254), (100, 255), (101, 256), (102, 236), (103, 216), (104, 217), (105, 237), (106, 238), (107, 239), (108, 219), (109, 199), (110, 179), (111, 178), (112, 198), (113, 197), (114, 177), (115, 157), (116, 137), (117, 136), (118, 135), (119, 155), (120, 156), (121, 176), (122, 196), (123, 195), (124, 175), (125, 174), (126, 154), (127, 153), (128, 173), (129, 172), (130, 152), (131, 132), (132, 112), (133, 92), (134, 72), (135, 73), (136, 53), (137, 52), (138, 32), (139, 12), (140, 11), (141, 31), (142, 30), (143, 50), (144, 49)]
您的距离系数损耗为5026,风险系数损耗为350,每步距离损耗[4, 32, 40, 90, 70, 50, 19, 87, 64, 8, 32, 41, 36, 77, 56, 35, 26, 20, 11, 23, 5, 89, 47, 1, 32, 87, 69, 17, 89, 20, 73, 29, 7, 31, 74, 54, 9, 45, 51, 44, 37, 64, 48, 67, 15, 87, 42, 3, 13, 23, 12, 18, 32, 44, 87, 89, 30, 67, 15, 7, 88, 7, 31, 24, 61, 3, 77, 53, 49, 28, 87, 83, 15, 74, 27, 87, 7, 31, 64, 7, 37, 44, 2, 36, 2, 15, 82, 67, 72, 80, 4, 59, 85, 84, 21, 63, 61, 39, 49, 36, 76, 22, 43, 49, 36, 38, 82, 71, 82, 43, 16, 81, 39, 13],每步风险损耗[1, 19, 17, 13, 26, 6, 28, 10, 5, 11, 1, 9, 20, 21, 20, 7, 38, 7, 2, 8, 4, 3, 6, 3, 9, 7, 11, 4, 14, 0, 1, 1, 0, 0, 1, 4, 0, 0, 0, 0, 0, 5, 0, 3, 4, 0, 0, 0, 0, 0, 0, 0, 0, 0, 0, 0, 1, 0, 0, 0, 0, 0, 0, 0, 0, 0, 0, 0, 0, 0, 0, 0, 0, 0, 0, 0, 0, 0, 0, 0, 0, 0, 0, 0, 0, 0, 0, 0, 0, 0, 0, 0, 0, 0, 0, 0, 0, 0, 0, 0, 0, 0, 0, 0, 0, 0, 0, 0, 0, 0, 0, 0, 0, 0]
iteration 126 ********* reward 334520 order0.0178813488576 conflicts 69710 drivers 420977
A_star  -----  A_star
搜索所用时间0.00393795967102s
从节点'0'到节点'399' 所需要的经过的节点是 [0, 1, 2, 3, 4, 5, 6, 26, 27, 28, 48, 68, 88, 108, 109, 110, 130, 150, 170, 190, 210, 230, 250, 270, 290, 310, 330, 350, 370, 371, 372, 373, 374, 375, 376, 396, 397, 398, 399] ,所需要的cost为 17212
Dijkstra  -----  Dijkstra
搜索所用时间0.00252795219421s
minimum steps:17212, path:[0, 1, 2, 3, 4, 5, 6, 26, 27, 28, 48, 68, 88, 108, 109, 110, 130, 150, 170, 190, 210, 230, 250, 270, 290, 310, 330, 350, 370, 371, 372, 373, 374, 375, 376, 396, 397, 398, 399]
('Times takes:', 1105.7977950572968)
Dijkstra  -----  Dijkstra
第127天,您的路线为[0, 1, 2, 3, 4, 5, 6, 26, 27, 28, 48, 68, 88, 108, 109, 110, 130, 150, 170, 190, 210, 230, 250, 270, 290, 310, 330, 350, 370, 371, 372, 373, 374, 375, 376, 396, 397, 398, 399]
您的距离系数损耗为812,风险系数损耗为275,每步距离损耗[67, 11, 55, 51, 25, 13, 12, 19, 21, 80, 35, 30, 26, 48, 76, 15, 22, 8, 27, 67, 50, 54],每步风险损耗[10, 43, 9, 10, 17, 21, 10, 0, 6, 5, 6, 17, 20, 11, 9, 17, 17, 6, 15, 13, 10, 3]
A_star  -----  A_star
第127天,您的路线为[0, 1, 2, 3, 4, 5, 6, 26, 27, 28, 48, 68, 88, 108, 109, 110, 130, 150, 170, 190, 210, 230, 250, 270, 290, 310, 330, 350, 370, 371, 372, 373, 374, 375, 376, 396, 397, 398, 399]
您的距离系数损耗为812,风险系数损耗为275,每步距离损耗[67, 11, 55, 51, 25, 13, 12, 19, 21, 80, 35, 30, 26, 48, 76, 15, 22, 8, 27, 67, 50, 54],每步风险损耗[10, 43, 9, 10, 17, 21, 10, 0, 6, 5, 6, 17, 20, 11, 9, 17, 17, 6, 15, 13, 10, 3]
RL  -----  RL
第127天,您的路线为[(0, 0), (30, 20), (31, 21), (32, 1), (33, 2), (34, 22), (35, 23), (36, 43), (37, 44), (38, 24), (39, 4), (40, 5), (41, 25), (42, 26), (43, 6), (44, 7), (45, 27), (46, 28), (47, 48), (48, 49), (49, 29), (50, 9), (52, 8)]
您的距离系数损耗为837,风险系数损耗为237,每步距离损耗[4, 32, 37, 11, 81, 8, 50, 89, 5, 19, 25, 76, 38, 12, 25, 89, 21, 80, 5, 4, 66, 60],每步风险损耗[27, 28, 27, 43, 34, 13, 8, 4, 11, 5, 7, 5, 0, 6, 3, 0, 0, 2, 4, 0, 4, 6]
iteration 127 ********* reward 288370 order0.0178165458584 conflicts 70917 drivers 442865
A_star  -----  A_star
搜索所用时间0.00400304794312s
从节点'0'到节点'399' 所需要的经过的节点是 [0, 1, 2, 3, 4, 5, 6, 26, 27, 28, 48, 68, 88, 108, 109, 110, 130, 150, 170, 190, 210, 230, 250, 270, 290, 310, 330, 350, 370, 371, 372, 373, 374, 375, 376, 396, 397, 398, 399] ,所需要的cost为 17212
Dijkstra  -----  Dijkstra
搜索所用时间0.0026159286499s
minimum steps:17212, path:[0, 1, 2, 3, 4, 5, 6, 26, 27, 28, 48, 68, 88, 108, 109, 110, 130, 150, 170, 190, 210, 230, 250, 270, 290, 310, 330, 350, 370, 371, 372, 373, 374, 375, 376, 396, 397, 398, 399]
('Times takes:', 1096.722139120102)
Dijkstra  -----  Dijkstra
第128天,您的路线为[0, 1, 2, 3, 4, 5, 6, 26, 27, 28, 48, 68, 88, 108, 109, 110, 130, 150, 170, 190, 210, 230, 250, 270, 290, 310, 330, 350, 370, 371, 372, 373, 374, 375, 376, 396, 397, 398, 399]
您的距离系数损耗为569,风险系数损耗为160,每步距离损耗[67, 11, 55, 51, 25, 13, 12, 19, 21, 80, 35, 30, 26, 48, 76],每步风险损耗[5, 34, 4, 1, 5, 6, 9, 3, 13, 12, 9, 18, 8, 10, 23]
A_star  -----  A_star
第128天,您的路线为[0, 1, 2, 3, 4, 5, 6, 26, 27, 28, 48, 68, 88, 108, 109, 110, 130, 150, 170, 190, 210, 230, 250, 270, 290, 310, 330, 350, 370, 371, 372, 373, 374, 375, 376, 396, 397, 398, 399]
您的距离系数损耗为569,风险系数损耗为160,每步距离损耗[67, 11, 55, 51, 25, 13, 12, 19, 21, 80, 35, 30, 26, 48, 76],每步风险损耗[5, 34, 4, 1, 5, 6, 9, 3, 13, 12, 9, 18, 8, 10, 23]
RL  -----  RL
第128天,您的路线为[(0, 0), (33, 1), (34, 21), (35, 20), (36, 40), (37, 41), (38, 42), (39, 43), (40, 23), (41, 24), (42, 25), (43, 5), (44, 4), (45, 3), (46, 2), (47, 22)]
您的距离系数损耗为739,风险系数损耗为103,每步距离损耗[67, 37, 32, 52, 50, 64, 68, 50, 26, 5, 76, 25, 51, 55, 81],每步风险损耗[5, 12, 5, 8, 0, 8, 16, 30, 9, 0, 0, 10, 0, 0, 0]
iteration 128 ********* reward 373880 order0.0177729102942 conflicts 71660 drivers 449203
A_star  -----  A_star
搜索所用时间0.00539803504944s
从节点'0'到节点'399' 所需要的经过的节点是 [0, 1, 2, 3, 4, 5, 6, 26, 27, 28, 48, 68, 88, 108, 109, 110, 130, 150, 170, 190, 210, 230, 250, 270, 290, 310, 330, 350, 370, 371, 372, 373, 374, 375, 376, 396, 397, 398, 399] ,所需要的cost为 17212
Dijkstra  -----  Dijkstra
搜索所用时间0.0558059215546s
minimum steps:17212, path:[0, 1, 2, 3, 4, 5, 6, 26, 27, 28, 48, 68, 88, 108, 109, 110, 130, 150, 170, 190, 210, 230, 250, 270, 290, 310, 330, 350, 370, 371, 372, 373, 374, 375, 376, 396, 397, 398, 399]
('Times takes:', 1077.8052361011505)
Dijkstra  -----  Dijkstra
第129天,您的路线为[0, 1, 2, 3, 4, 5, 6, 26, 27, 28, 48, 68, 88, 108, 109, 110, 130, 150, 170, 190, 210, 230, 250, 270, 290, 310, 330, 350, 370, 371, 372, 373, 374, 375, 376, 396, 397, 398, 399]
您的距离系数损耗为1234,风险系数损耗为312,每步距离损耗[67, 11, 55, 51, 25, 13, 12, 19, 21, 80, 35, 30, 26, 48, 76, 15, 22, 8, 27, 67, 50, 54, 80, 71, 10, 47, 32, 13, 19, 5, 36, 12, 39, 19, 9, 14, 12, 4],每步风险损耗[2, 19, 14, 16, 40, 20, 18, 7, 12, 0, 4, 6, 11, 5, 8, 7, 7, 1, 10, 8, 21, 8, 10, 4, 3, 3, 6, 9, 0, 6, 13, 4, 0, 0, 0, 0, 3, 7]
A_star  -----  A_star
第129天,您的路线为[0, 1, 2, 3, 4, 5, 6, 26, 27, 28, 48, 68, 88, 108, 109, 110, 130, 150, 170, 190, 210, 230, 250, 270, 290, 310, 330, 350, 370, 371, 372, 373, 374, 375, 376, 396, 397, 398, 399]
您的距离系数损耗为1234,风险系数损耗为312,每步距离损耗[67, 11, 55, 51, 25, 13, 12, 19, 21, 80, 35, 30, 26, 48, 76, 15, 22, 8, 27, 67, 50, 54, 80, 71, 10, 47, 32, 13, 19, 5, 36, 12, 39, 19, 9, 14, 12, 4],每步风险损耗[2, 19, 14, 16, 40, 20, 18, 7, 12, 0, 4, 6, 11, 5, 8, 7, 7, 1, 10, 8, 21, 8, 10, 4, 3, 3, 6, 9, 0, 6, 13, 4, 0, 0, 0, 0, 3, 7]
RL  -----  RL
第129天,您的路线为[(0, 0), (32, 20), (33, 21), (34, 1), (35, 2), (36, 22), (37, 23), (38, 3), (39, 4), (40, 5), (41, 25), (42, 26), (43, 6), (44, 7), (45, 8), (46, 9), (47, 10), (48, 11), (49, 12), (50, 13), (51, 33), (52, 34), (53, 54), (54, 53), (55, 52), (56, 32), (57, 31), (58, 30), (59, 50), (60, 51), (61, 71), (62, 72), (63, 73), (64, 74), (65, 94), (66, 114), (67, 113), (68, 133), (69, 153), (70, 154), (71, 174), (72, 194), (73, 195), (74, 196), (75, 216), (76, 236), (77, 237), (78, 217), (79, 218), (80, 219), (81, 239), (82, 259), (83, 279), (84, 299), (85, 298), (86, 297), (87, 277), (88, 278), (89, 258), (90, 238)]
您的距离系数损耗为2449,风险系数损耗为215,每步距离损耗[4, 32, 37, 11, 81, 8, 1, 51, 25, 76, 38, 12, 25, 49, 60, 82, 89, 16, 41, 67, 57, 3, 57, 71, 82, 13, 39, 13, 37, 31, 4, 38, 66, 41, 13, 25, 20, 39, 39, 61, 44, 50, 84, 38, 74, 79, 87, 71, 29, 64, 42, 43, 22, 48, 8, 3, 43, 14, 52],每步风险损耗[5, 13, 16, 16, 17, 27, 41, 11, 22, 5, 9, 7, 4, 4, 0, 5, 0, 0, 3, 0, 1, 0, 0, 0, 0, 0, 0, 0, 0, 0, 0, 0, 0, 5, 0, 4, 0, 0, 0, 0, 0, 0, 0, 0, 0, 0, 0, 0, 0, 0, 0, 0, 0, 0, 0, 0, 0, 0, 0]
iteration 129 ********* reward 418430 order0.0177430037217 conflicts 75035 drivers 492431
A_star  -----  A_star
搜索所用时间0.00393915176392s
从节点'0'到节点'399' 所需要的经过的节点是 [0, 1, 2, 3, 4, 5, 6, 26, 27, 28, 48, 68, 88, 108, 109, 110, 130, 150, 170, 190, 210, 230, 250, 270, 290, 310, 330, 350, 370, 371, 372, 373, 374, 375, 376, 396, 397, 398, 399] ,所需要的cost为 17212
Dijkstra  -----  Dijkstra
搜索所用时间0.00276803970337s
minimum steps:17212, path:[0, 1, 2, 3, 4, 5, 6, 26, 27, 28, 48, 68, 88, 108, 109, 110, 130, 150, 170, 190, 210, 230, 250, 270, 290, 310, 330, 350, 370, 371, 372, 373, 374, 375, 376, 396, 397, 398, 399]
('Times takes:', 1082.775918006897)
Dijkstra  -----  Dijkstra
第130天,您的路线为[0, 1, 2, 3, 4, 5, 6, 26, 27, 28, 48, 68, 88, 108, 109, 110, 130, 150, 170, 190, 210, 230, 250, 270, 290, 310, 330, 350, 370, 371, 372, 373, 374, 375, 376, 396, 397, 398, 399]
您的距离系数损耗为1234,风险系数损耗为495,每步距离损耗[67, 11, 55, 51, 25, 13, 12, 19, 21, 80, 35, 30, 26, 48, 76, 15, 22, 8, 27, 67, 50, 54, 80, 71, 10, 47, 32, 13, 19, 5, 36, 12, 39, 19, 9, 14, 12, 4],每步风险损耗[6, 31, 10, 13, 43, 26, 25, 13, 23, 13, 11, 22, 11, 8, 7, 22, 11, 5, 5, 13, 15, 3, 3, 6, 5, 4, 6, 14, 5, 8, 15, 17, 9, 0, 8, 8, 16, 35]
A_star  -----  A_star
第130天,您的路线为[0, 1, 2, 3, 4, 5, 6, 26, 27, 28, 48, 68, 88, 108, 109, 110, 130, 150, 170, 190, 210, 230, 250, 270, 290, 310, 330, 350, 370, 371, 372, 373, 374, 375, 376, 396, 397, 398, 399]
您的距离系数损耗为1234,风险系数损耗为495,每步距离损耗[67, 11, 55, 51, 25, 13, 12, 19, 21, 80, 35, 30, 26, 48, 76, 15, 22, 8, 27, 67, 50, 54, 80, 71, 10, 47, 32, 13, 19, 5, 36, 12, 39, 19, 9, 14, 12, 4],每步风险损耗[6, 31, 10, 13, 43, 26, 25, 13, 23, 13, 11, 22, 11, 8, 7, 22, 11, 5, 5, 13, 15, 3, 3, 6, 5, 4, 6, 14, 5, 8, 15, 17, 9, 0, 8, 8, 16, 35]
RL  -----  RL
第130天,您的路线为[(0, 0), (30, 20), (31, 40), (32, 60), (33, 80), (34, 100), (35, 120), (36, 121), (37, 101), (39, 102), (40, 103), (41, 123), (42, 143), (43, 142), (44, 162), (45, 182), (46, 183), (47, 203), (48, 223), (49, 224), (50, 204), (51, 184), (52, 164), (53, 144), (54, 124), (55, 125), (56, 145), (57, 146), (58, 126), (59, 106), (60, 86), (61, 87), (62, 67), (63, 47), (64, 27), (65, 26), (66, 6), (67, 7), (69, 8), (70, 9), (71, 10), (72, 30), (73, 31), (74, 32), (75, 33), (76, 13), (77, 14), (81, 15), (82, 16), (83, 17), (84, 18), (85, 38), (86, 39), (87, 19)]
您的距离系数损耗为2554,风险系数损耗为397,每步距离损耗[4, 52, 85, 57, 64, 46, 24, 54, 32, 36, 48, 77, 72, 2, 2, 72, 6, 86, 85, 32, 18, 44, 35, 22, 83, 86, 49, 76, 43, 73, 66, 60, 79, 50, 19, 12, 25, 49, 60, 82, 86, 39, 13, 65, 67, 19, 88, 54, 13, 45, 59, 38, 1],每步风险损耗[4, 10, 1, 8, 6, 13, 21, 8, 0, 5, 11, 16, 7, 10, 22, 20, 15, 33, 19, 23, 12, 18, 6, 8, 8, 8, 10, 0, 6, 3, 5, 7, 7, 14, 8, 3, 3, 7, 0, 1, 0, 0, 0, 1, 8, 2, 0, 0, 0, 0, 0, 0, 0]
iteration 130 ********* reward 295010 order0.0176815833291 conflicts 67931 drivers 417946
A_star  -----  A_star
搜索所用时间0.00640511512756s
从节点'0'到节点'399' 所需要的经过的节点是 [0, 1, 2, 3, 4, 5, 6, 26, 27, 28, 48, 68, 88, 108, 109, 110, 130, 150, 170, 190, 210, 230, 250, 270, 290, 310, 330, 350, 370, 371, 372, 373, 374, 375, 376, 396, 397, 398, 399] ,所需要的cost为 17212
Dijkstra  -----  Dijkstra
搜索所用时间0.00255298614502s
minimum steps:17212, path:[0, 1, 2, 3, 4, 5, 6, 26, 27, 28, 48, 68, 88, 108, 109, 110, 130, 150, 170, 190, 210, 230, 250, 270, 290, 310, 330, 350, 370, 371, 372, 373, 374, 375, 376, 396, 397, 398, 399]
('Times takes:', 1107.2443671226501)
Dijkstra  -----  Dijkstra
第131天,您的路线为[0, 1, 2, 3, 4, 5, 6, 26, 27, 28, 48, 68, 88, 108, 109, 110, 130, 150, 170, 190, 210, 230, 250, 270, 290, 310, 330, 350, 370, 371, 372, 373, 374, 375, 376, 396, 397, 398, 399]
您的距离系数损耗为569,风险系数损耗为148,每步距离损耗[67, 11, 55, 51, 25, 13, 12, 19, 21, 80, 35, 30, 26, 48, 76],每步风险损耗[1, 23, 6, 9, 16, 13, 16, 7, 11, 5, 5, 19, 9, 1, 7]
A_star  -----  A_star
第131天,您的路线为[0, 1, 2, 3, 4, 5, 6, 26, 27, 28, 48, 68, 88, 108, 109, 110, 130, 150, 170, 190, 210, 230, 250, 270, 290, 310, 330, 350, 370, 371, 372, 373, 374, 375, 376, 396, 397, 398, 399]
您的距离系数损耗为569,风险系数损耗为148,每步距离损耗[67, 11, 55, 51, 25, 13, 12, 19, 21, 80, 35, 30, 26, 48, 76],每步风险损耗[1, 23, 6, 9, 16, 13, 16, 7, 11, 5, 5, 19, 9, 1, 7]
RL  -----  RL
第131天,您的路线为[(0, 0), (30, 20), (31, 40), (32, 60), (33, 61), (34, 41), (35, 21), (36, 22), (37, 42), (38, 43), (39, 44), (40, 24), (41, 23), (42, 3), (43, 2), (44, 1)]
您的距离系数损耗为642,风险系数损耗为137,每步距离损耗[4, 52, 85, 56, 90, 40, 55, 5, 68, 89, 5, 26, 1, 55, 11],每步风险损耗[0, 3, 5, 11, 6, 15, 8, 11, 15, 5, 14, 9, 11, 6, 18]
iteration 131 ********* reward 309260 order0.0176256169411 conflicts 72711 drivers 453212
A_star  -----  A_star
搜索所用时间0.00398087501526s
从节点'0'到节点'399' 所需要的经过的节点是 [0, 1, 2, 3, 4, 5, 6, 26, 27, 28, 48, 68, 88, 108, 109, 110, 130, 150, 170, 190, 210, 230, 250, 270, 290, 310, 330, 350, 370, 371, 372, 373, 374, 375, 376, 396, 397, 398, 399] ,所需要的cost为 17212
Dijkstra  -----  Dijkstra
搜索所用时间0.0678701400757s
minimum steps:17212, path:[0, 1, 2, 3, 4, 5, 6, 26, 27, 28, 48, 68, 88, 108, 109, 110, 130, 150, 170, 190, 210, 230, 250, 270, 290, 310, 330, 350, 370, 371, 372, 373, 374, 375, 376, 396, 397, 398, 399]
('Times takes:', 1095.3345139026642)
Dijkstra  -----  Dijkstra
第132天,您的路线为[0, 1, 2, 3, 4, 5, 6, 26, 27, 28, 48, 68, 88, 108, 109, 110, 130, 150, 170, 190, 210, 230, 250, 270, 290, 310, 330, 350, 370, 371, 372, 373, 374, 375, 376, 396, 397, 398, 399]
您的距离系数损耗为1234,风险系数损耗为426,每步距离损耗[67, 11, 55, 51, 25, 13, 12, 19, 21, 80, 35, 30, 26, 48, 76, 15, 22, 8, 27, 67, 50, 54, 80, 71, 10, 47, 32, 13, 19, 5, 36, 12, 39, 19, 9, 14, 12, 4],每步风险损耗[1, 25, 4, 5, 29, 15, 14, 1, 12, 0, 15, 14, 11, 20, 22, 33, 36, 6, 14, 8, 6, 7, 0, 3, 0, 0, 0, 5, 3, 6, 12, 17, 2, 9, 8, 5, 27, 31]
A_star  -----  A_star
第132天,您的路线为[0, 1, 2, 3, 4, 5, 6, 26, 27, 28, 48, 68, 88, 108, 109, 110, 130, 150, 170, 190, 210, 230, 250, 270, 290, 310, 330, 350, 370, 371, 372, 373, 374, 375, 376, 396, 397, 398, 399]
您的距离系数损耗为1234,风险系数损耗为426,每步距离损耗[67, 11, 55, 51, 25, 13, 12, 19, 21, 80, 35, 30, 26, 48, 76, 15, 22, 8, 27, 67, 50, 54, 80, 71, 10, 47, 32, 13, 19, 5, 36, 12, 39, 19, 9, 14, 12, 4],每步风险损耗[1, 25, 4, 5, 29, 15, 14, 1, 12, 0, 15, 14, 11, 20, 22, 33, 36, 6, 14, 8, 6, 7, 0, 3, 0, 0, 0, 5, 3, 6, 12, 17, 2, 9, 8, 5, 27, 31]
RL  -----  RL
第132天,您的路线为[(0, 0), (30, 1), (31, 21), (32, 20), (33, 40), (34, 41), (35, 42), (36, 43), (37, 23), (38, 3), (39, 4), (40, 24), (41, 44), (42, 45), (43, 46), (44, 66), (45, 67), (46, 47), (47, 48), (48, 68), (49, 69), (50, 49), (51, 50), (52, 51), (53, 52), (54, 32), (55, 12), (56, 11), (57, 31), (59, 30), (60, 10), (61, 9), (62, 8), (63, 7), (64, 6), (65, 26), (66, 27), (68, 28), (69, 29)]
您的距离系数损耗为1725,风险系数损耗为332,每步距离损耗[67, 37, 32, 52, 50, 64, 68, 50, 1, 51, 19, 5, 22, 70, 82, 31, 79, 33, 35, 8, 66, 84, 37, 18, 82, 43, 16, 81, 39, 86, 82, 60, 49, 25, 12, 19, 21, 49],每步风险损耗[1, 15, 15, 9, 7, 14, 20, 27, 7, 0, 8, 11, 21, 11, 6, 10, 8, 3, 7, 18, 20, 15, 6, 23, 15, 6, 1, 12, 0, 3, 6, 0, 0, 0, 0, 0, 0, 7]
iteration 132 ********* reward 320030 order0.0175722738951 conflicts 70408 drivers 436850
A_star  -----  A_star
搜索所用时间0.00376200675964s
从节点'0'到节点'399' 所需要的经过的节点是 [0, 1, 2, 3, 4, 5, 6, 26, 27, 28, 48, 68, 88, 108, 109, 110, 130, 150, 170, 190, 210, 230, 250, 270, 290, 310, 330, 350, 370, 371, 372, 373, 374, 375, 376, 396, 397, 398, 399] ,所需要的cost为 17212
Dijkstra  -----  Dijkstra
搜索所用时间0.00250816345215s
minimum steps:17212, path:[0, 1, 2, 3, 4, 5, 6, 26, 27, 28, 48, 68, 88, 108, 109, 110, 130, 150, 170, 190, 210, 230, 250, 270, 290, 310, 330, 350, 370, 371, 372, 373, 374, 375, 376, 396, 397, 398, 399]
('Times takes:', 1064.7177112102509)
Dijkstra  -----  Dijkstra
第133天,您的路线为[0, 1, 2, 3, 4, 5, 6, 26, 27, 28, 48, 68, 88, 108, 109, 110, 130, 150, 170, 190, 210, 230, 250, 270, 290, 310, 330, 350, 370, 371, 372, 373, 374, 375, 376, 396, 397, 398, 399]
您的距离系数损耗为445,风险系数损耗为104,每步距离损耗[67, 11, 55, 51, 25, 13, 12, 19, 21, 80, 35, 30, 26],每步风险损耗[1, 21, 4, 3, 17, 5, 22, 2, 3, 0, 5, 14, 7]
A_star  -----  A_star
第133天,您的路线为[0, 1, 2, 3, 4, 5, 6, 26, 27, 28, 48, 68, 88, 108, 109, 110, 130, 150, 170, 190, 210, 230, 250, 270, 290, 310, 330, 350, 370, 371, 372, 373, 374, 375, 376, 396, 397, 398, 399]
您的距离系数损耗为445,风险系数损耗为104,每步距离损耗[67, 11, 55, 51, 25, 13, 12, 19, 21, 80, 35, 30, 26],每步风险损耗[1, 21, 4, 3, 17, 5, 22, 2, 3, 0, 5, 14, 7]
RL  -----  RL
第133天,您的路线为[(0, 0), (32, 1), (33, 21), (34, 20), (36, 40), (37, 60), (38, 61), (39, 41), (40, 42), (41, 43), (42, 23), (43, 3), (44, 2), (45, 22)]
您的距离系数损耗为738,风险系数损耗为135,每步距离损耗[67, 37, 32, 52, 85, 56, 90, 64, 68, 50, 1, 55, 81],每步风险损耗[1, 16, 13, 13, 13, 20, 8, 12, 8, 19, 11, 1, 0]
iteration 133 ********* reward 383470 order0.0175349655051 conflicts 70681 drivers 432956
A_star  -----  A_star
搜索所用时间0.00385093688965s
从节点'0'到节点'399' 所需要的经过的节点是 [0, 1, 2, 3, 4, 5, 6, 26, 27, 28, 48, 68, 88, 108, 109, 110, 130, 150, 170, 190, 210, 230, 250, 270, 290, 310, 330, 350, 370, 371, 372, 373, 374, 375, 376, 396, 397, 398, 399] ,所需要的cost为 17212
Dijkstra  -----  Dijkstra
搜索所用时间0.00252199172974s
minimum steps:17212, path:[0, 1, 2, 3, 4, 5, 6, 26, 27, 28, 48, 68, 88, 108, 109, 110, 130, 150, 170, 190, 210, 230, 250, 270, 290, 310, 330, 350, 370, 371, 372, 373, 374, 375, 376, 396, 397, 398, 399]
('Times takes:', 1070.5252289772034)
Dijkstra  -----  Dijkstra
第134天,您的路线为[0, 1, 2, 3, 4, 5, 6, 26, 27, 28, 48, 68, 88, 108, 109, 110, 130, 150, 170, 190, 210, 230, 250, 270, 290, 310, 330, 350, 370, 371, 372, 373, 374, 375, 376, 396, 397, 398, 399]
您的距离系数损耗为1020,风险系数损耗为280,每步距离损耗[67, 11, 55, 51, 25, 13, 12, 19, 21, 80, 35, 30, 26, 48, 76, 15, 22, 8, 27, 67, 50, 54, 80, 71, 10, 47],每步风险损耗[4, 11, 6, 7, 23, 12, 11, 7, 17, 12, 4, 14, 10, 4, 7, 21, 30, 2, 8, 18, 18, 16, 11, 1, 3, 3]
A_star  -----  A_star
第134天,您的路线为[0, 1, 2, 3, 4, 5, 6, 26, 27, 28, 48, 68, 88, 108, 109, 110, 130, 150, 170, 190, 210, 230, 250, 270, 290, 310, 330, 350, 370, 371, 372, 373, 374, 375, 376, 396, 397, 398, 399]
您的距离系数损耗为1020,风险系数损耗为280,每步距离损耗[67, 11, 55, 51, 25, 13, 12, 19, 21, 80, 35, 30, 26, 48, 76, 15, 22, 8, 27, 67, 50, 54, 80, 71, 10, 47],每步风险损耗[4, 11, 6, 7, 23, 12, 11, 7, 17, 12, 4, 14, 10, 4, 7, 21, 30, 2, 8, 18, 18, 16, 11, 1, 3, 3]
RL  -----  RL
第134天,您的路线为[(0, 0), (30, 1), (31, 21), (32, 41), (33, 40), (34, 60), (35, 80), (36, 81), (37, 61), (38, 62), (39, 42), (40, 22), (41, 2), (42, 3), (43, 23), (44, 24), (45, 4), (46, 5), (47, 25), (48, 45), (49, 46), (50, 66), (51, 65), (52, 64), (53, 44), (54, 43), (55, 63)]
您的距离系数损耗为1424,风险系数损耗为249,每步距离损耗[67, 37, 40, 50, 85, 57, 87, 48, 70, 58, 5, 81, 55, 1, 26, 19, 25, 76, 79, 70, 82, 45, 89, 17, 89, 66],每步风险损耗[4, 11, 14, 1, 11, 8, 33, 38, 20, 5, 9, 6, 0, 8, 7, 4, 7, 2, 8, 9, 16, 13, 9, 3, 1, 2]
iteration 134 ********* reward 319260 order0.0174823024523 conflicts 70398 drivers 439223
A_star  -----  A_star
搜索所用时间0.00527000427246s
从节点'0'到节点'399' 所需要的经过的节点是 [0, 1, 2, 3, 4, 5, 6, 26, 27, 28, 48, 68, 88, 108, 109, 110, 130, 150, 170, 190, 210, 230, 250, 270, 290, 310, 330, 350, 370, 371, 372, 373, 374, 375, 376, 396, 397, 398, 399] ,所需要的cost为 17212
Dijkstra  -----  Dijkstra
搜索所用时间0.00292587280273s
minimum steps:17212, path:[0, 1, 2, 3, 4, 5, 6, 26, 27, 28, 48, 68, 88, 108, 109, 110, 130, 150, 170, 190, 210, 230, 250, 270, 290, 310, 330, 350, 370, 371, 372, 373, 374, 375, 376, 396, 397, 398, 399]
('Times takes:', 1074.262205839157)
Dijkstra  -----  Dijkstra
第135天,您的路线为[0, 1, 2, 3, 4, 5, 6, 26, 27, 28, 48, 68, 88, 108, 109, 110, 130, 150, 170, 190, 210, 230, 250, 270, 290, 310, 330, 350, 370, 371, 372, 373, 374, 375, 376, 396, 397, 398, 399]
您的距离系数损耗为1052,风险系数损耗为345,每步距离损耗[67, 11, 55, 51, 25, 13, 12, 19, 21, 80, 35, 30, 26, 48, 76, 15, 22, 8, 27, 67, 50, 54, 80, 71, 10, 47, 32],每步风险损耗[0, 4, 0, 0, 5, 8, 24, 7, 19, 13, 8, 23, 18, 10, 10, 45, 39, 10, 18, 21, 10, 13, 10, 4, 11, 7, 8]
A_star  -----  A_star
第135天,您的路线为[0, 1, 2, 3, 4, 5, 6, 26, 27, 28, 48, 68, 88, 108, 109, 110, 130, 150, 170, 190, 210, 230, 250, 270, 290, 310, 330, 350, 370, 371, 372, 373, 374, 375, 376, 396, 397, 398, 399]
您的距离系数损耗为1052,风险系数损耗为345,每步距离损耗[67, 11, 55, 51, 25, 13, 12, 19, 21, 80, 35, 30, 26, 48, 76, 15, 22, 8, 27, 67, 50, 54, 80, 71, 10, 47, 32],每步风险损耗[0, 4, 0, 0, 5, 8, 24, 7, 19, 13, 8, 23, 18, 10, 10, 45, 39, 10, 18, 21, 10, 13, 10, 4, 11, 7, 8]
RL  -----  RL
第135天,您的路线为[(0, 0), (30, 1), (31, 2), (32, 3), (33, 23), (34, 24), (35, 4), (36, 5), (37, 6), (38, 7), (39, 27), (40, 26), (41, 25), (42, 45), (43, 44), (44, 64), (45, 63), (46, 62), (47, 82), (48, 81), (49, 61), (50, 60), (51, 40), (52, 20), (53, 21), (54, 22), (55, 42), (56, 41)]
您的距离系数损耗为1058,风险系数损耗为102,每步距离损耗[67, 11, 55, 1, 26, 19, 25, 13, 25, 89, 19, 38, 79, 22, 17, 9, 77, 50, 19, 48, 56, 85, 52, 32, 55, 5, 64],每步风险损耗[0, 4, 0, 7, 5, 0, 4, 6, 8, 21, 10, 11, 7, 18, 0, 0, 1, 0, 0, 0, 0, 0, 0, 0, 0, 0, 0]
iteration 135 ********* reward 374630 order0.0174465864215 conflicts 74275 drivers 495935
A_star  -----  A_star
搜索所用时间0.00368404388428s
从节点'0'到节点'399' 所需要的经过的节点是 [0, 1, 2, 3, 4, 5, 6, 26, 27, 28, 48, 68, 88, 108, 109, 110, 130, 150, 170, 190, 210, 230, 250, 270, 290, 310, 330, 350, 370, 371, 372, 373, 374, 375, 376, 396, 397, 398, 399] ,所需要的cost为 17212
Dijkstra  -----  Dijkstra
搜索所用时间0.0024619102478s
minimum steps:17212, path:[0, 1, 2, 3, 4, 5, 6, 26, 27, 28, 48, 68, 88, 108, 109, 110, 130, 150, 170, 190, 210, 230, 250, 270, 290, 310, 330, 350, 370, 371, 372, 373, 374, 375, 376, 396, 397, 398, 399]
('Times takes:', 1062.8147521018982)
Dijkstra  -----  Dijkstra
第136天,您的路线为[0, 1, 2, 3, 4, 5, 6, 26, 27, 28, 48, 68, 88, 108, 109, 110, 130, 150, 170, 190, 210, 230, 250, 270, 290, 310, 330, 350, 370, 371, 372, 373, 374, 375, 376, 396, 397, 398, 399]
您的距离系数损耗为1234,风险系数损耗为420,每步距离损耗[67, 11, 55, 51, 25, 13, 12, 19, 21, 80, 35, 30, 26, 48, 76, 15, 22, 8, 27, 67, 50, 54, 80, 71, 10, 47, 32, 13, 19, 5, 36, 12, 39, 19, 9, 14, 12, 4],每步风险损耗[0, 15, 7, 14, 26, 15, 24, 7, 10, 12, 13, 14, 26, 5, 6, 11, 16, 6, 10, 13, 1, 2, 4, 3, 0, 0, 0, 13, 9, 6, 9, 8, 6, 17, 19, 20, 26, 27]
A_star  -----  A_star
第136天,您的路线为[0, 1, 2, 3, 4, 5, 6, 26, 27, 28, 48, 68, 88, 108, 109, 110, 130, 150, 170, 190, 210, 230, 250, 270, 290, 310, 330, 350, 370, 371, 372, 373, 374, 375, 376, 396, 397, 398, 399]
您的距离系数损耗为1234,风险系数损耗为420,每步距离损耗[67, 11, 55, 51, 25, 13, 12, 19, 21, 80, 35, 30, 26, 48, 76, 15, 22, 8, 27, 67, 50, 54, 80, 71, 10, 47, 32, 13, 19, 5, 36, 12, 39, 19, 9, 14, 12, 4],每步风险损耗[0, 15, 7, 14, 26, 15, 24, 7, 10, 12, 13, 14, 26, 5, 6, 11, 16, 6, 10, 13, 1, 2, 4, 3, 0, 0, 0, 13, 9, 6, 9, 8, 6, 17, 19, 20, 26, 27]
RL  -----  RL
第136天,您的路线为[(0, 0), (30, 1), (31, 21), (32, 41), (33, 42), (34, 22), (35, 2), (36, 3), (37, 4), (38, 5), (39, 6), (40, 7), (41, 8), (42, 9), (43, 10), (44, 11), (45, 12), (46, 13), (47, 33), (48, 53), (49, 73), (50, 72), (51, 71), (52, 51), (53, 50), (54, 49), (55, 48), (56, 68), (57, 67), (58, 87), (59, 88), (60, 89), (61, 109), (62, 129), (63, 130), (64, 131), (65, 132), (66, 133), (67, 113), (68, 93), (69, 92), (70, 112), (71, 111), (73, 110), (76, 90), (77, 70), (78, 69)]
您的距离系数损耗为1927,风险系数损耗为244,每步距离损耗[67, 37, 40, 64, 5, 81, 55, 51, 25, 13, 25, 49, 60, 82, 89, 16, 41, 67, 21, 82, 38, 4, 31, 37, 84, 5, 35, 15, 60, 25, 24, 13, 69, 34, 38, 74, 7, 20, 66, 3, 49, 4, 57, 81, 16, 68],每步风险损耗[0, 6, 17, 12, 18, 16, 5, 11, 19, 10, 5, 18, 16, 26, 4, 5, 1, 3, 3, 10, 0, 0, 3, 0, 0, 0, 2, 0, 9, 0, 0, 1, 0, 9, 3, 8, 4, 0, 0, 0, 0, 0, 0, 0, 0, 0]
iteration 136 ********* reward 356140 order0.0174044802075 conflicts 70550 drivers 437510
A_star  -----  A_star
搜索所用时间0.00511503219604s
从节点'0'到节点'399' 所需要的经过的节点是 [0, 1, 2, 3, 4, 5, 6, 26, 27, 28, 48, 68, 88, 108, 109, 110, 130, 150, 170, 190, 210, 230, 250, 270, 290, 310, 330, 350, 370, 371, 372, 373, 374, 375, 376, 396, 397, 398, 399] ,所需要的cost为 17212
Dijkstra  -----  Dijkstra
搜索所用时间0.00372219085693s
minimum steps:17212, path:[0, 1, 2, 3, 4, 5, 6, 26, 27, 28, 48, 68, 88, 108, 109, 110, 130, 150, 170, 190, 210, 230, 250, 270, 290, 310, 330, 350, 370, 371, 372, 373, 374, 375, 376, 396, 397, 398, 399]
('Times takes:', 1041.6903312206268)
Dijkstra  -----  Dijkstra
第137天,您的路线为[0, 1, 2, 3, 4, 5, 6, 26, 27, 28, 48, 68, 88, 108, 109, 110, 130, 150, 170, 190, 210, 230, 250, 270, 290, 310, 330, 350, 370, 371, 372, 373, 374, 375, 376, 396, 397, 398, 399]
您的距离系数损耗为708,风险系数损耗为251,每步距离损耗[67, 11, 55, 51, 25, 13, 12, 19, 21, 80, 35, 30, 26, 48, 76, 15, 22, 8, 27, 67],每步风险损耗[0, 4, 0, 4, 26, 11, 17, 10, 28, 11, 8, 14, 17, 4, 11, 22, 17, 6, 14, 27]
A_star  -----  A_star
第137天,您的路线为[0, 1, 2, 3, 4, 5, 6, 26, 27, 28, 48, 68, 88, 108, 109, 110, 130, 150, 170, 190, 210, 230, 250, 270, 290, 310, 330, 350, 370, 371, 372, 373, 374, 375, 376, 396, 397, 398, 399]
您的距离系数损耗为708,风险系数损耗为251,每步距离损耗[67, 11, 55, 51, 25, 13, 12, 19, 21, 80, 35, 30, 26, 48, 76, 15, 22, 8, 27, 67],每步风险损耗[0, 4, 0, 4, 26, 11, 17, 10, 28, 11, 8, 14, 17, 4, 11, 22, 17, 6, 14, 27]
RL  -----  RL
第137天,您的路线为[(0, 0), (31, 1), (32, 2), (33, 3), (34, 4), (35, 5), (36, 25), (37, 45), (38, 44), (39, 24), (40, 23), (41, 22), (42, 42), (43, 43), (44, 63), (45, 62), (46, 61), (47, 41), (48, 40), (49, 20), (50, 21)]
您的距离系数损耗为935,风险系数损耗为108,每步距离损耗[67, 11, 55, 51, 25, 76, 79, 22, 5, 26, 8, 5, 68, 66, 77, 70, 90, 50, 52, 32],每步风险损耗[0, 4, 0, 4, 26, 2, 28, 19, 14, 9, 1, 0, 0, 0, 0, 1, 0, 0, 0, 0]
iteration 137 ********* reward 374350 order0.0173684577504 conflicts 75000 drivers 490504
A_star  -----  A_star
搜索所用时间0.00752305984497s
从节点'0'到节点'399' 所需要的经过的节点是 [0, 1, 2, 3, 4, 5, 6, 26, 27, 28, 48, 68, 88, 108, 109, 110, 130, 150, 170, 190, 210, 230, 250, 270, 290, 310, 330, 350, 370, 371, 372, 373, 374, 375, 376, 396, 397, 398, 399] ,所需要的cost为 17212
Dijkstra  -----  Dijkstra
搜索所用时间0.00276207923889s
minimum steps:17212, path:[0, 1, 2, 3, 4, 5, 6, 26, 27, 28, 48, 68, 88, 108, 109, 110, 130, 150, 170, 190, 210, 230, 250, 270, 290, 310, 330, 350, 370, 371, 372, 373, 374, 375, 376, 396, 397, 398, 399]
('Times takes:', 999.0138468742371)
Dijkstra  -----  Dijkstra
第138天,您的路线为[0, 1, 2, 3, 4, 5, 6, 26, 27, 28, 48, 68, 88, 108, 109, 110, 130, 150, 170, 190, 210, 230, 250, 270, 290, 310, 330, 350, 370, 371, 372, 373, 374, 375, 376, 396, 397, 398, 399]
您的距离系数损耗为1084,风险系数损耗为285,每步距离损耗[67, 11, 55, 51, 25, 13, 12, 19, 21, 80, 35, 30, 26, 48, 76, 15, 22, 8, 27, 67, 50, 54, 80, 71, 10, 47, 32, 13, 19],每步风险损耗[8, 28, 6, 27, 34, 19, 13, 12, 27, 7, 11, 18, 13, 6, 0, 6, 12, 0, 5, 7, 3, 7, 4, 7, 5, 0, 0, 0, 0]
A_star  -----  A_star
第138天,您的路线为[0, 1, 2, 3, 4, 5, 6, 26, 27, 28, 48, 68, 88, 108, 109, 110, 130, 150, 170, 190, 210, 230, 250, 270, 290, 310, 330, 350, 370, 371, 372, 373, 374, 375, 376, 396, 397, 398, 399]
您的距离系数损耗为1084,风险系数损耗为285,每步距离损耗[67, 11, 55, 51, 25, 13, 12, 19, 21, 80, 35, 30, 26, 48, 76, 15, 22, 8, 27, 67, 50, 54, 80, 71, 10, 47, 32, 13, 19],每步风险损耗[8, 28, 6, 27, 34, 19, 13, 12, 27, 7, 11, 18, 13, 6, 0, 6, 12, 0, 5, 7, 3, 7, 4, 7, 5, 0, 0, 0, 0]
RL  -----  RL
第138天,您的路线为[(0, 0), (31, 1), (32, 2), (33, 22), (34, 42), (35, 43), (36, 63), (37, 62), (38, 61), (39, 41), (40, 21), (41, 20), (42, 40), (43, 60), (44, 80), (45, 81), (46, 82), (48, 102), (49, 122), (50, 142), (51, 141), (52, 161), (53, 181), (54, 180), (55, 160), (56, 140), (57, 120), (58, 100), (59, 101), (61, 121)]
您的距离系数损耗为1431,风险系数损耗为236,每步距离损耗[67, 11, 81, 5, 68, 66, 77, 70, 90, 40, 32, 52, 85, 57, 87, 19, 72, 41, 40, 90, 15, 2, 37, 57, 29, 33, 46, 8, 54],每步风险损耗[8, 28, 15, 18, 17, 19, 11, 18, 8, 8, 11, 1, 1, 3, 13, 7, 0, 2, 19, 7, 10, 5, 0, 0, 1, 2, 3, 0, 1]
iteration 138 ********* reward 369190 order0.0173321484865 conflicts 77316 drivers 522432
A_star  -----  A_star
搜索所用时间0.00495386123657s
从节点'0'到节点'399' 所需要的经过的节点是 [0, 1, 2, 3, 4, 5, 6, 26, 27, 28, 48, 68, 88, 108, 109, 110, 130, 150, 170, 190, 210, 230, 250, 270, 290, 310, 330, 350, 370, 371, 372, 373, 374, 375, 376, 396, 397, 398, 399] ,所需要的cost为 17212
Dijkstra  -----  Dijkstra
搜索所用时间0.051952123642s
minimum steps:17212, path:[0, 1, 2, 3, 4, 5, 6, 26, 27, 28, 48, 68, 88, 108, 109, 110, 130, 150, 170, 190, 210, 230, 250, 270, 290, 310, 330, 350, 370, 371, 372, 373, 374, 375, 376, 396, 397, 398, 399]
('Times takes:', 1037.1640701293945)
Dijkstra  -----  Dijkstra
第139天,您的路线为[0, 1, 2, 3, 4, 5, 6, 26, 27, 28, 48, 68, 88, 108, 109, 110, 130, 150, 170, 190, 210, 230, 250, 270, 290, 310, 330, 350, 370, 371, 372, 373, 374, 375, 376, 396, 397, 398, 399]
您的距离系数损耗为1065,风险系数损耗为328,每步距离损耗[67, 11, 55, 51, 25, 13, 12, 19, 21, 80, 35, 30, 26, 48, 76, 15, 22, 8, 27, 67, 50, 54, 80, 71, 10, 47, 32, 13],每步风险损耗[0, 9, 2, 7, 42, 7, 6, 9, 21, 9, 33, 37, 17, 12, 18, 25, 23, 1, 8, 5, 10, 2, 11, 0, 0, 3, 11, 0]
A_star  -----  A_star
第139天,您的路线为[0, 1, 2, 3, 4, 5, 6, 26, 27, 28, 48, 68, 88, 108, 109, 110, 130, 150, 170, 190, 210, 230, 250, 270, 290, 310, 330, 350, 370, 371, 372, 373, 374, 375, 376, 396, 397, 398, 399]
您的距离系数损耗为1065,风险系数损耗为328,每步距离损耗[67, 11, 55, 51, 25, 13, 12, 19, 21, 80, 35, 30, 26, 48, 76, 15, 22, 8, 27, 67, 50, 54, 80, 71, 10, 47, 32, 13],每步风险损耗[0, 9, 2, 7, 42, 7, 6, 9, 21, 9, 33, 37, 17, 12, 18, 25, 23, 1, 8, 5, 10, 2, 11, 0, 0, 3, 11, 0]
RL  -----  RL
第139天,您的路线为[(0, 0), (30, 1), (31, 2), (32, 22), (33, 21), (34, 20), (35, 40), (36, 41), (37, 61), (38, 81), (39, 82), (40, 102), (41, 103), (42, 104), (43, 84), (44, 64), (45, 65), (46, 66), (47, 46), (48, 45), (49, 44), (50, 24), (51, 4), (52, 3), (53, 23), (54, 43), (55, 63), (56, 62), (57, 42)]
您的距离系数损耗为1483,风险系数损耗为272,每步距离损耗[67, 11, 81, 55, 32, 52, 50, 90, 48, 19, 72, 36, 68, 84, 83, 89, 45, 82, 70, 22, 5, 19, 51, 1, 50, 66, 77, 58],每步风险损耗[0, 9, 7, 20, 18, 7, 6, 22, 22, 23, 7, 28, 9, 16, 4, 8, 8, 19, 9, 5, 9, 6, 0, 0, 9, 1, 0, 0]
iteration 139 ********* reward 337380 order0.0172887415341 conflicts 71543 drivers 449993
A_star  -----  A_star
搜索所用时间0.00498509407043s
从节点'0'到节点'399' 所需要的经过的节点是 [0, 1, 2, 3, 4, 5, 6, 26, 27, 28, 48, 68, 88, 108, 109, 110, 130, 150, 170, 190, 210, 230, 250, 270, 290, 310, 330, 350, 370, 371, 372, 373, 374, 375, 376, 396, 397, 398, 399] ,所需要的cost为 17212
Dijkstra  -----  Dijkstra
搜索所用时间0.00323700904846s
minimum steps:17212, path:[0, 1, 2, 3, 4, 5, 6, 26, 27, 28, 48, 68, 88, 108, 109, 110, 130, 150, 170, 190, 210, 230, 250, 270, 290, 310, 330, 350, 370, 371, 372, 373, 374, 375, 376, 396, 397, 398, 399]
('Times takes:', 998.9058499336243)
Dijkstra  -----  Dijkstra
第140天,您的路线为[0, 1, 2, 3, 4, 5, 6, 26, 27, 28, 48, 68, 88, 108, 109, 110, 130, 150, 170, 190, 210, 230, 250, 270, 290, 310, 330, 350, 370, 371, 372, 373, 374, 375, 376, 396, 397, 398, 399]
您的距离系数损耗为1234,风险系数损耗为425,每步距离损耗[67, 11, 55, 51, 25, 13, 12, 19, 21, 80, 35, 30, 26, 48, 76, 15, 22, 8, 27, 67, 50, 54, 80, 71, 10, 47, 32, 13, 19, 5, 36, 12, 39, 19, 9, 14, 12, 4],每步风险损耗[10, 28, 7, 14, 33, 15, 24, 8, 6, 1, 6, 11, 15, 13, 18, 12, 15, 4, 12, 20, 12, 14, 9, 1, 0, 0, 2, 4, 0, 4, 13, 29, 0, 0, 7, 6, 26, 26]
A_star  -----  A_star
第140天,您的路线为[0, 1, 2, 3, 4, 5, 6, 26, 27, 28, 48, 68, 88, 108, 109, 110, 130, 150, 170, 190, 210, 230, 250, 270, 290, 310, 330, 350, 370, 371, 372, 373, 374, 375, 376, 396, 397, 398, 399]
您的距离系数损耗为1234,风险系数损耗为425,每步距离损耗[67, 11, 55, 51, 25, 13, 12, 19, 21, 80, 35, 30, 26, 48, 76, 15, 22, 8, 27, 67, 50, 54, 80, 71, 10, 47, 32, 13, 19, 5, 36, 12, 39, 19, 9, 14, 12, 4],每步风险损耗[10, 28, 7, 14, 33, 15, 24, 8, 6, 1, 6, 11, 15, 13, 18, 12, 15, 4, 12, 20, 12, 14, 9, 1, 0, 0, 2, 4, 0, 4, 13, 29, 0, 0, 7, 6, 26, 26]
RL  -----  RL
第140天,您的路线为[(0, 0), (30, 20), (31, 40), (32, 60), (33, 80), (34, 81), (35, 101), (36, 102), (37, 122), (38, 123), (39, 124), (40, 125), (41, 145), (42, 144), (43, 164), (44, 163), (45, 143), (46, 142), (47, 162), (48, 161), (49, 160), (50, 180), (51, 200), (52, 220), (53, 221), (54, 201), (55, 202), (56, 203), (57, 183), (58, 184), (59, 185), (60, 186), (61, 206), (62, 205), (63, 225), (64, 224), (65, 223), (66, 222), (67, 242), (68, 243), (69, 244), (70, 264), (71, 265), (72, 266), (73, 246), (74, 245)]
您的距离系数损耗为2061,风险系数损耗为465,每步距离损耗[4, 52, 85, 57, 87, 61, 32, 41, 36, 11, 83, 86, 47, 35, 79, 46, 72, 2, 59, 22, 57, 83, 9, 17, 66, 8, 13, 6, 24, 20, 78, 27, 47, 15, 87, 85, 69, 30, 35, 35, 80, 11, 89, 20, 53],每步风险损耗[17, 17, 11, 15, 25, 4, 8, 14, 24, 34, 23, 8, 11, 6, 43, 25, 7, 13, 21, 16, 10, 12, 11, 12, 8, 5, 8, 18, 3, 12, 7, 0, 8, 1, 1, 0, 5, 0, 0, 1, 0, 0, 0, 1, 0]
iteration 140 ********* reward 372240 order0.0172536685503 conflicts 72274 drivers 449225
A_star  -----  A_star
搜索所用时间0.00390195846558s
从节点'0'到节点'399' 所需要的经过的节点是 [0, 1, 2, 3, 4, 5, 6, 26, 27, 28, 48, 68, 88, 108, 109, 110, 130, 150, 170, 190, 210, 230, 250, 270, 290, 310, 330, 350, 370, 371, 372, 373, 374, 375, 376, 396, 397, 398, 399] ,所需要的cost为 17212
Dijkstra  -----  Dijkstra
搜索所用时间0.0025110244751s
minimum steps:17212, path:[0, 1, 2, 3, 4, 5, 6, 26, 27, 28, 48, 68, 88, 108, 109, 110, 130, 150, 170, 190, 210, 230, 250, 270, 290, 310, 330, 350, 370, 371, 372, 373, 374, 375, 376, 396, 397, 398, 399]
('Times takes:', 887.7824501991272)
Dijkstra  -----  Dijkstra
第141天,您的路线为[0, 1, 2, 3, 4, 5, 6, 26, 27, 28, 48, 68, 88, 108, 109, 110, 130, 150, 170, 190, 210, 230, 250, 270, 290, 310, 330, 350, 370, 371, 372, 373, 374, 375, 376, 396, 397, 398, 399]
您的距离系数损耗为389,风险系数损耗为201,每步距离损耗[67, 11, 55, 51, 25, 13, 12, 19, 21, 80, 35],每步风险损耗[12, 63, 12, 10, 21, 20, 15, 15, 17, 8, 8]
A_star  -----  A_star
第141天,您的路线为[0, 1, 2, 3, 4, 5, 6, 26, 27, 28, 48, 68, 88, 108, 109, 110, 130, 150, 170, 190, 210, 230, 250, 270, 290, 310, 330, 350, 370, 371, 372, 373, 374, 375, 376, 396, 397, 398, 399]
您的距离系数损耗为389,风险系数损耗为201,每步距离损耗[67, 11, 55, 51, 25, 13, 12, 19, 21, 80, 35],每步风险损耗[12, 63, 12, 10, 21, 20, 15, 15, 17, 8, 8]
RL  -----  RL
第141天,您的路线为[(0, 0), (30, 1), (32, 21), (33, 41), (34, 61), (35, 62), (36, 42), (37, 43), (38, 23), (39, 3), (40, 2), (41, 22)]
您的距离系数损耗为617,风险系数损耗为328,每步距离损耗[67, 37, 40, 90, 70, 58, 68, 50, 1, 55, 81],每步风险损耗[12, 47, 44, 39, 31, 29, 35, 40, 31, 6, 14]
iteration 141 ********* reward 394570 order0.0172245107891 conflicts 69587 drivers 422088
A_star  -----  A_star
搜索所用时间0.00623798370361s
从节点'0'到节点'399' 所需要的经过的节点是 [0, 1, 2, 3, 4, 5, 6, 26, 27, 28, 48, 68, 88, 108, 109, 110, 130, 150, 170, 190, 210, 230, 250, 270, 290, 310, 330, 350, 370, 371, 372, 373, 374, 375, 376, 396, 397, 398, 399] ,所需要的cost为 17212
Dijkstra  -----  Dijkstra
搜索所用时间0.00336599349976s
minimum steps:17212, path:[0, 1, 2, 3, 4, 5, 6, 26, 27, 28, 48, 68, 88, 108, 109, 110, 130, 150, 170, 190, 210, 230, 250, 270, 290, 310, 330, 350, 370, 371, 372, 373, 374, 375, 376, 396, 397, 398, 399]
('Times takes:', 606.6817350387573)
Dijkstra  -----  Dijkstra
第142天,您的路线为[0, 1, 2, 3, 4, 5, 6, 26, 27, 28, 48, 68, 88, 108, 109, 110, 130, 150, 170, 190, 210, 230, 250, 270, 290, 310, 330, 350, 370, 371, 372, 373, 374, 375, 376, 396, 397, 398, 399]
您的距离系数损耗为606,风险系数损耗为166,每步距离损耗[67, 11, 55, 51, 25, 13, 12, 19, 21, 80, 35, 30, 26, 48, 76, 15, 22],每步风险损耗[4, 14, 4, 11, 20, 12, 11, 6, 10, 4, 2, 23, 17, 5, 6, 6, 11]
A_star  -----  A_star
第142天,您的路线为[0, 1, 2, 3, 4, 5, 6, 26, 27, 28, 48, 68, 88, 108, 109, 110, 130, 150, 170, 190, 210, 230, 250, 270, 290, 310, 330, 350, 370, 371, 372, 373, 374, 375, 376, 396, 397, 398, 399]
您的距离系数损耗为606,风险系数损耗为166,每步距离损耗[67, 11, 55, 51, 25, 13, 12, 19, 21, 80, 35, 30, 26, 48, 76, 15, 22],每步风险损耗[4, 14, 4, 11, 20, 12, 11, 6, 10, 4, 2, 23, 17, 5, 6, 6, 11]
RL  -----  RL
第142天,您的路线为[(0, 0), (30, 20), (31, 21), (32, 41), (33, 61), (34, 81), (35, 101), (36, 102), (37, 82), (38, 62), (39, 63), (40, 43), (41, 42), (43, 22), (44, 23), (45, 3), (46, 2), (47, 1)]
您的距离系数损耗为720,风险系数损耗为214,每步距离损耗[4, 32, 40, 90, 48, 61, 32, 72, 50, 77, 66, 68, 5, 8, 1, 55, 11],每步风险损耗[6, 25, 36, 39, 34, 12, 6, 15, 7, 18, 10, 0, 0, 0, 4, 0, 2]
iteration 142 ********* reward 402450 order0.0171961685022 conflicts 72416 drivers 457854
A_star  -----  A_star
搜索所用时间0.0063271522522s
从节点'0'到节点'399' 所需要的经过的节点是 [0, 1, 2, 3, 4, 5, 6, 26, 27, 28, 48, 68, 88, 108, 109, 110, 130, 150, 170, 190, 210, 230, 250, 270, 290, 310, 330, 350, 370, 371, 372, 373, 374, 375, 376, 396, 397, 398, 399] ,所需要的cost为 17212
Dijkstra  -----  Dijkstra
搜索所用时间0.0049090385437s
minimum steps:17212, path:[0, 1, 2, 3, 4, 5, 6, 26, 27, 28, 48, 68, 88, 108, 109, 110, 130, 150, 170, 190, 210, 230, 250, 270, 290, 310, 330, 350, 370, 371, 372, 373, 374, 375, 376, 396, 397, 398, 399]
('Times takes:', 601.1759269237518)
Dijkstra  -----  Dijkstra
第143天,您的路线为[0, 1, 2, 3, 4, 5, 6, 26, 27, 28, 48, 68, 88, 108, 109, 110, 130, 150, 170, 190, 210, 230, 250, 270, 290, 310, 330, 350, 370, 371, 372, 373, 374, 375, 376, 396, 397, 398, 399]
您的距离系数损耗为606,风险系数损耗为168,每步距离损耗[67, 11, 55, 51, 25, 13, 12, 19, 21, 80, 35, 30, 26, 48, 76, 15, 22],每步风险损耗[9, 22, 8, 4, 44, 9, 3, 7, 10, 5, 13, 13, 7, 5, 3, 2, 4]
A_star  -----  A_star
第143天,您的路线为[0, 1, 2, 3, 4, 5, 6, 26, 27, 28, 48, 68, 88, 108, 109, 110, 130, 150, 170, 190, 210, 230, 250, 270, 290, 310, 330, 350, 370, 371, 372, 373, 374, 375, 376, 396, 397, 398, 399]
您的距离系数损耗为606,风险系数损耗为168,每步距离损耗[67, 11, 55, 51, 25, 13, 12, 19, 21, 80, 35, 30, 26, 48, 76, 15, 22],每步风险损耗[9, 22, 8, 4, 44, 9, 3, 7, 10, 5, 13, 13, 7, 5, 3, 2, 4]
RL  -----  RL
第143天,您的路线为[(0, 0), (33, 20), (35, 21), (36, 41), (37, 42), (38, 62), (39, 63), (40, 64), (41, 65), (42, 45), (43, 25), (44, 5), (45, 4), (46, 3), (47, 23), (48, 22), (49, 2), (50, 1)]
您的距离系数损耗为748,风险系数损耗为243,每步距离损耗[4, 32, 40, 64, 58, 77, 9, 89, 43, 79, 76, 25, 51, 1, 8, 81, 11],每步风险损耗[12, 31, 25, 27, 11, 20, 3, 7, 21, 23, 1, 26, 5, 7, 5, 13, 6]
iteration 143 ********* reward 328100 order0.0171524654515 conflicts 72257 drivers 447576
A_star  -----  A_star
搜索所用时间0.0292608737946s
从节点'0'到节点'399' 所需要的经过的节点是 [0, 1, 2, 3, 4, 5, 6, 26, 27, 28, 48, 68, 88, 108, 109, 110, 130, 150, 170, 190, 210, 230, 250, 270, 290, 310, 330, 350, 370, 371, 372, 373, 374, 375, 376, 396, 397, 398, 399] ,所需要的cost为 17212
Dijkstra  -----  Dijkstra
搜索所用时间0.00249409675598s
minimum steps:17212, path:[0, 1, 2, 3, 4, 5, 6, 26, 27, 28, 48, 68, 88, 108, 109, 110, 130, 150, 170, 190, 210, 230, 250, 270, 290, 310, 330, 350, 370, 371, 372, 373, 374, 375, 376, 396, 397, 398, 399]
('Times takes:', 595.2623021602631)
Dijkstra  -----  Dijkstra
第144天,您的路线为[0, 1, 2, 3, 4, 5, 6, 26, 27, 28, 48, 68, 88, 108, 109, 110, 130, 150, 170, 190, 210, 230, 250, 270, 290, 310, 330, 350, 370, 371, 372, 373, 374, 375, 376, 396, 397, 398, 399]
您的距离系数损耗为234,风险系数损耗为72,每步距离损耗[67, 11, 55, 51, 25, 13, 12],每步风险损耗[0, 17, 3, 0, 13, 23, 16]
A_star  -----  A_star
第144天,您的路线为[0, 1, 2, 3, 4, 5, 6, 26, 27, 28, 48, 68, 88, 108, 109, 110, 130, 150, 170, 190, 210, 230, 250, 270, 290, 310, 330, 350, 370, 371, 372, 373, 374, 375, 376, 396, 397, 398, 399]
您的距离系数损耗为234,风险系数损耗为72,每步距离损耗[67, 11, 55, 51, 25, 13, 12],每步风险损耗[0, 17, 3, 0, 13, 23, 16]
RL  -----  RL
第144天,您的路线为[(0, 0), (30, 20), (31, 40), (32, 41), (33, 21), (34, 22), (35, 2), (36, 1)]
您的距离系数损耗为293,风险系数损耗为87,每步距离损耗[4, 52, 50, 40, 55, 81, 11],每步风险损耗[2, 13, 16, 28, 11, 7, 10]
iteration 144 ********* reward 306590 order0.0171036197746 conflicts 69220 drivers 423260
A_star  -----  A_star
搜索所用时间0.00397896766663s
从节点'0'到节点'399' 所需要的经过的节点是 [0, 1, 2, 3, 4, 5, 6, 26, 27, 28, 48, 68, 88, 108, 109, 110, 130, 150, 170, 190, 210, 230, 250, 270, 290, 310, 330, 350, 370, 371, 372, 373, 374, 375, 376, 396, 397, 398, 399] ,所需要的cost为 17212
Dijkstra  -----  Dijkstra
搜索所用时间0.00257086753845s
minimum steps:17212, path:[0, 1, 2, 3, 4, 5, 6, 26, 27, 28, 48, 68, 88, 108, 109, 110, 130, 150, 170, 190, 210, 230, 250, 270, 290, 310, 330, 350, 370, 371, 372, 373, 374, 375, 376, 396, 397, 398, 399]
('Times takes:', 593.547208070755)
Dijkstra  -----  Dijkstra
第145天,您的路线为[0, 1, 2, 3, 4, 5, 6, 26, 27, 28, 48, 68, 88, 108, 109, 110, 130, 150, 170, 190, 210, 230, 250, 270, 290, 310, 330, 350, 370, 371, 372, 373, 374, 375, 376, 396, 397, 398, 399]
您的距离系数损耗为973,风险系数损耗为278,每步距离损耗[67, 11, 55, 51, 25, 13, 12, 19, 21, 80, 35, 30, 26, 48, 76, 15, 22, 8, 27, 67, 50, 54, 80, 71, 10],每步风险损耗[0, 1, 0, 1, 10, 13, 20, 10, 34, 10, 23, 27, 18, 6, 13, 21, 21, 6, 7, 13, 14, 6, 3, 1, 0]
A_star  -----  A_star
第145天,您的路线为[0, 1, 2, 3, 4, 5, 6, 26, 27, 28, 48, 68, 88, 108, 109, 110, 130, 150, 170, 190, 210, 230, 250, 270, 290, 310, 330, 350, 370, 371, 372, 373, 374, 375, 376, 396, 397, 398, 399]
您的距离系数损耗为973,风险系数损耗为278,每步距离损耗[67, 11, 55, 51, 25, 13, 12, 19, 21, 80, 35, 30, 26, 48, 76, 15, 22, 8, 27, 67, 50, 54, 80, 71, 10],每步风险损耗[0, 1, 0, 1, 10, 13, 20, 10, 34, 10, 23, 27, 18, 6, 13, 21, 21, 6, 7, 13, 14, 6, 3, 1, 0]
RL  -----  RL
第145天,您的路线为[(0, 0), (30, 1), (31, 2), (32, 3), (33, 4), (34, 24), (35, 25), (36, 45), (37, 46), (38, 26), (39, 27), (40, 47), (41, 48), (43, 28), (44, 29), (45, 30), (46, 31), (47, 32), (48, 12), (49, 11), (50, 10), (53, 9), (58, 8), (61, 7), (62, 6), (63, 5)]
您的距离系数损耗为1063,风险系数损耗为271,每步距离损耗[67, 11, 55, 51, 19, 5, 79, 70, 10, 19, 50, 33, 80, 49, 36, 39, 13, 43, 16, 89, 82, 60, 49, 25, 13],每步风险损耗[0, 1, 0, 1, 7, 14, 36, 13, 19, 6, 29, 21, 10, 27, 24, 1, 7, 13, 12, 13, 9, 0, 8, 0, 0]
iteration 145 ********* reward 373070 order0.0170712431596 conflicts 72187 drivers 451518
A_star  -----  A_star
搜索所用时间0.00373911857605s
从节点'0'到节点'399' 所需要的经过的节点是 [0, 1, 2, 3, 4, 5, 6, 26, 27, 28, 48, 68, 88, 108, 109, 110, 130, 150, 170, 190, 210, 230, 250, 270, 290, 310, 330, 350, 370, 371, 372, 373, 374, 375, 376, 396, 397, 398, 399] ,所需要的cost为 17212
Dijkstra  -----  Dijkstra
搜索所用时间0.00247693061829s
minimum steps:17212, path:[0, 1, 2, 3, 4, 5, 6, 26, 27, 28, 48, 68, 88, 108, 109, 110, 130, 150, 170, 190, 210, 230, 250, 270, 290, 310, 330, 350, 370, 371, 372, 373, 374, 375, 376, 396, 397, 398, 399]
('Times takes:', 592.0435910224915)
Dijkstra  -----  Dijkstra
第146天,您的路线为[0, 1, 2, 3, 4, 5, 6, 26, 27, 28, 48, 68, 88, 108, 109, 110, 130, 150, 170, 190, 210, 230, 250, 270, 290, 310, 330, 350, 370, 371, 372, 373, 374, 375, 376, 396, 397, 398, 399]
您的距离系数损耗为253,风险系数损耗为90,每步距离损耗[67, 11, 55, 51, 25, 13, 12, 19],每步风险损耗[0, 17, 6, 9, 11, 19, 21, 7]
A_star  -----  A_star
第146天,您的路线为[0, 1, 2, 3, 4, 5, 6, 26, 27, 28, 48, 68, 88, 108, 109, 110, 130, 150, 170, 190, 210, 230, 250, 270, 290, 310, 330, 350, 370, 371, 372, 373, 374, 375, 376, 396, 397, 398, 399]
您的距离系数损耗为253,风险系数损耗为90,每步距离损耗[67, 11, 55, 51, 25, 13, 12, 19],每步风险损耗[0, 17, 6, 9, 11, 19, 21, 7]
RL  -----  RL
第146天,您的路线为[(0, 0), (30, 1), (31, 21), (32, 22), (33, 23), (34, 24), (35, 4), (36, 3), (37, 2)]
您的距离系数损耗为318,风险系数损耗为66,每步距离损耗[67, 37, 55, 8, 26, 19, 51, 55],每步风险损耗[0, 8, 9, 6, 21, 14, 7, 1]
iteration 146 ********* reward 331900 order0.0170299939611 conflicts 72844 drivers 452735
A_star  -----  A_star
搜索所用时间0.0255601406097s
从节点'0'到节点'399' 所需要的经过的节点是 [0, 1, 2, 3, 4, 5, 6, 26, 27, 28, 48, 68, 88, 108, 109, 110, 130, 150, 170, 190, 210, 230, 250, 270, 290, 310, 330, 350, 370, 371, 372, 373, 374, 375, 376, 396, 397, 398, 399] ,所需要的cost为 17212
Dijkstra  -----  Dijkstra
搜索所用时间0.00252795219421s
minimum steps:17212, path:[0, 1, 2, 3, 4, 5, 6, 26, 27, 28, 48, 68, 88, 108, 109, 110, 130, 150, 170, 190, 210, 230, 250, 270, 290, 310, 330, 350, 370, 371, 372, 373, 374, 375, 376, 396, 397, 398, 399]
('Times takes:', 590.6438219547272)
Dijkstra  -----  Dijkstra
第147天,您的路线为[0, 1, 2, 3, 4, 5, 6, 26, 27, 28, 48, 68, 88, 108, 109, 110, 130, 150, 170, 190, 210, 230, 250, 270, 290, 310, 330, 350, 370, 371, 372, 373, 374, 375, 376, 396, 397, 398, 399]
您的距离系数损耗为1195,风险系数损耗为352,每步距离损耗[67, 11, 55, 51, 25, 13, 12, 19, 21, 80, 35, 30, 26, 48, 76, 15, 22, 8, 27, 67, 50, 54, 80, 71, 10, 47, 32, 13, 19, 5, 36, 12, 39, 19],每步风险损耗[2, 18, 11, 5, 11, 22, 24, 13, 37, 16, 23, 18, 10, 9, 11, 14, 42, 7, 4, 16, 4, 6, 12, 0, 0, 0, 1, 2, 0, 1, 0, 10, 2, 1]
A_star  -----  A_star
第147天,您的路线为[0, 1, 2, 3, 4, 5, 6, 26, 27, 28, 48, 68, 88, 108, 109, 110, 130, 150, 170, 190, 210, 230, 250, 270, 290, 310, 330, 350, 370, 371, 372, 373, 374, 375, 376, 396, 397, 398, 399]
您的距离系数损耗为1195,风险系数损耗为352,每步距离损耗[67, 11, 55, 51, 25, 13, 12, 19, 21, 80, 35, 30, 26, 48, 76, 15, 22, 8, 27, 67, 50, 54, 80, 71, 10, 47, 32, 13, 19, 5, 36, 12, 39, 19],每步风险损耗[2, 18, 11, 5, 11, 22, 24, 13, 37, 16, 23, 18, 10, 9, 11, 14, 42, 7, 4, 16, 4, 6, 12, 0, 0, 0, 1, 2, 0, 1, 0, 10, 2, 1]
RL  -----  RL
第147天,您的路线为[(0, 0), (30, 1), (31, 21), (32, 22), (33, 2), (34, 3), (35, 4), (36, 5), (37, 25), (38, 26), (39, 6), (40, 7), (41, 27), (42, 28), (43, 8), (44, 9), (45, 29), (46, 30), (47, 50), (48, 49), (49, 48), (50, 47), (51, 46), (52, 45), (53, 65), (54, 64), (55, 44), (56, 24), (58, 23), (59, 43), (60, 42), (61, 41), (62, 61), (63, 62), (64, 63)]
您的距离系数损耗为1637,风险系数损耗为284,每步距离损耗[67, 37, 55, 81, 55, 51, 25, 76, 38, 12, 25, 89, 21, 29, 60, 66, 36, 13, 84, 5, 33, 10, 70, 43, 89, 17, 5, 26, 50, 68, 64, 90, 70, 77],每步风险损耗[2, 18, 24, 13, 8, 3, 8, 4, 8, 18, 8, 19, 33, 22, 7, 6, 11, 5, 4, 14, 11, 29, 3, 6, 0, 0, 0, 0, 0, 0, 0, 0, 0, 0]
iteration 147 ********* reward 263680 order0.0169746511338 conflicts 71096 drivers 442263
A_star  -----  A_star
搜索所用时间0.00406002998352s
从节点'0'到节点'399' 所需要的经过的节点是 [0, 1, 2, 3, 4, 5, 6, 26, 27, 28, 48, 68, 88, 108, 109, 110, 130, 150, 170, 190, 210, 230, 250, 270, 290, 310, 330, 350, 370, 371, 372, 373, 374, 375, 376, 396, 397, 398, 399] ,所需要的cost为 17212
Dijkstra  -----  Dijkstra
搜索所用时间0.00260901451111s
minimum steps:17212, path:[0, 1, 2, 3, 4, 5, 6, 26, 27, 28, 48, 68, 88, 108, 109, 110, 130, 150, 170, 190, 210, 230, 250, 270, 290, 310, 330, 350, 370, 371, 372, 373, 374, 375, 376, 396, 397, 398, 399]
('Times takes:', 593.4636518955231)
Dijkstra  -----  Dijkstra
第148天,您的路线为[0, 1, 2, 3, 4, 5, 6, 26, 27, 28, 48, 68, 88, 108, 109, 110, 130, 150, 170, 190, 210, 230, 250, 270, 290, 310, 330, 350, 370, 371, 372, 373, 374, 375, 376, 396, 397, 398, 399]
您的距离系数损耗为584,风险系数损耗为228,每步距离损耗[67, 11, 55, 51, 25, 13, 12, 19, 21, 80, 35, 30, 26, 48, 76, 15],每步风险损耗[4, 29, 12, 16, 21, 12, 14, 8, 18, 4, 20, 22, 15, 11, 12, 10]
A_star  -----  A_star
第148天,您的路线为[0, 1, 2, 3, 4, 5, 6, 26, 27, 28, 48, 68, 88, 108, 109, 110, 130, 150, 170, 190, 210, 230, 250, 270, 290, 310, 330, 350, 370, 371, 372, 373, 374, 375, 376, 396, 397, 398, 399]
您的距离系数损耗为584,风险系数损耗为228,每步距离损耗[67, 11, 55, 51, 25, 13, 12, 19, 21, 80, 35, 30, 26, 48, 76, 15],每步风险损耗[4, 29, 12, 16, 21, 12, 14, 8, 18, 4, 20, 22, 15, 11, 12, 10]
RL  -----  RL
第148天,您的路线为[(0, 0), (30, 1), (31, 21), (32, 20), (33, 40), (34, 41), (35, 61), (36, 60), (37, 80), (38, 81), (39, 82), (40, 102), (41, 122), (42, 121), (43, 120), (44, 100), (45, 101)]
您的距离系数损耗为812,风险系数损耗为264,每步距离损耗[67, 37, 32, 52, 50, 90, 56, 57, 87, 19, 72, 41, 74, 24, 46, 8],每步风险损耗[4, 12, 19, 16, 9, 18, 25, 13, 23, 17, 3, 17, 32, 21, 20, 15]
iteration 148 ********* reward 453960 order0.0169606557149 conflicts 75635 drivers 485469
A_star  -----  A_star
搜索所用时间0.00374507904053s
从节点'0'到节点'399' 所需要的经过的节点是 [0, 1, 2, 3, 4, 5, 6, 26, 27, 28, 48, 68, 88, 108, 109, 110, 130, 150, 170, 190, 210, 230, 250, 270, 290, 310, 330, 350, 370, 371, 372, 373, 374, 375, 376, 396, 397, 398, 399] ,所需要的cost为 17212
Dijkstra  -----  Dijkstra
搜索所用时间0.00248789787292s
minimum steps:17212, path:[0, 1, 2, 3, 4, 5, 6, 26, 27, 28, 48, 68, 88, 108, 109, 110, 130, 150, 170, 190, 210, 230, 250, 270, 290, 310, 330, 350, 370, 371, 372, 373, 374, 375, 376, 396, 397, 398, 399]
('Times takes:', 587.8960621356964)
Dijkstra  -----  Dijkstra
第149天,您的路线为[0, 1, 2, 3, 4, 5, 6, 26, 27, 28, 48, 68, 88, 108, 109, 110, 130, 150, 170, 190, 210, 230, 250, 270, 290, 310, 330, 350, 370, 371, 372, 373, 374, 375, 376, 396, 397, 398, 399]
您的距离系数损耗为1089,风险系数损耗为242,每步距离损耗[67, 11, 55, 51, 25, 13, 12, 19, 21, 80, 35, 30, 26, 48, 76, 15, 22, 8, 27, 67, 50, 54, 80, 71, 10, 47, 32, 13, 19, 5],每步风险损耗[3, 11, 3, 4, 23, 20, 17, 3, 11, 11, 9, 22, 11, 0, 4, 12, 10, 1, 6, 19, 21, 8, 0, 0, 0, 0, 4, 7, 0, 2]
A_star  -----  A_star
第149天,您的路线为[0, 1, 2, 3, 4, 5, 6, 26, 27, 28, 48, 68, 88, 108, 109, 110, 130, 150, 170, 190, 210, 230, 250, 270, 290, 310, 330, 350, 370, 371, 372, 373, 374, 375, 376, 396, 397, 398, 399]
您的距离系数损耗为1089,风险系数损耗为242,每步距离损耗[67, 11, 55, 51, 25, 13, 12, 19, 21, 80, 35, 30, 26, 48, 76, 15, 22, 8, 27, 67, 50, 54, 80, 71, 10, 47, 32, 13, 19, 5],每步风险损耗[3, 11, 3, 4, 23, 20, 17, 3, 11, 11, 9, 22, 11, 0, 4, 12, 10, 1, 6, 19, 21, 8, 0, 0, 0, 0, 4, 7, 0, 2]
RL  -----  RL
第149天,您的路线为[(0, 0), (30, 20), (31, 21), (32, 1), (33, 2), (34, 3), (35, 23), (36, 43), (37, 44), (38, 45), (39, 46), (40, 66), (41, 67), (42, 87), (43, 86), (44, 85), (45, 65), (46, 64), (47, 63), (48, 62), (49, 61), (50, 41), (51, 40), (52, 60), (54, 80), (55, 81), (56, 82), (57, 102), (58, 103), (59, 104), (60, 84)]
您的距离系数损耗为1619,风险系数损耗为170,每步距离损耗[4, 32, 37, 11, 55, 1, 50, 89, 22, 70, 82, 31, 60, 66, 33, 83, 89, 9, 77, 70, 90, 50, 85, 57, 87, 19, 72, 36, 68, 84],每步风险损耗[6, 7, 15, 8, 1, 11, 12, 6, 9, 5, 18, 5, 24, 11, 12, 5, 0, 0, 1, 0, 0, 0, 0, 0, 5, 4, 0, 2, 3, 0]
iteration 149 ********* reward 353370 order0.0169262914406 conflicts 70264 drivers 431888
A_star  -----  A_star
搜索所用时间0.00384378433228s
从节点'0'到节点'399' 所需要的经过的节点是 [0, 1, 2, 3, 4, 5, 6, 26, 27, 28, 48, 68, 88, 108, 109, 110, 130, 150, 170, 190, 210, 230, 250, 270, 290, 310, 330, 350, 370, 371, 372, 373, 374, 375, 376, 396, 397, 398, 399] ,所需要的cost为 17212
Dijkstra  -----  Dijkstra
搜索所用时间0.00246787071228s
minimum steps:17212, path:[0, 1, 2, 3, 4, 5, 6, 26, 27, 28, 48, 68, 88, 108, 109, 110, 130, 150, 170, 190, 210, 230, 250, 270, 290, 310, 330, 350, 370, 371, 372, 373, 374, 375, 376, 396, 397, 398, 399]
('Times takes:', 590.579781293869)
Dijkstra  -----  Dijkstra
第150天,您的路线为[0, 1, 2, 3, 4, 5, 6, 26, 27, 28, 48, 68, 88, 108, 109, 110, 130, 150, 170, 190, 210, 230, 250, 270, 290, 310, 330, 350, 370, 371, 372, 373, 374, 375, 376, 396, 397, 398, 399]
您的距离系数损耗为606,风险系数损耗为305,每步距离损耗[67, 11, 55, 51, 25, 13, 12, 19, 21, 80, 35, 30, 26, 48, 76, 15, 22],每步风险损耗[17, 82, 12, 7, 7, 11, 16, 8, 27, 15, 10, 23, 9, 10, 16, 19, 16]
A_star  -----  A_star
第150天,您的路线为[0, 1, 2, 3, 4, 5, 6, 26, 27, 28, 48, 68, 88, 108, 109, 110, 130, 150, 170, 190, 210, 230, 250, 270, 290, 310, 330, 350, 370, 371, 372, 373, 374, 375, 376, 396, 397, 398, 399]
您的距离系数损耗为606,风险系数损耗为305,每步距离损耗[67, 11, 55, 51, 25, 13, 12, 19, 21, 80, 35, 30, 26, 48, 76, 15, 22],每步风险损耗[17, 82, 12, 7, 7, 11, 16, 8, 27, 15, 10, 23, 9, 10, 16, 19, 16]
RL  -----  RL
第150天,您的路线为[(0, 0), (30, 20), (31, 21), (32, 1), (33, 2), (34, 3), (35, 23), (36, 43), (37, 44), (38, 64), (39, 65), (40, 45), (41, 25), (42, 26), (43, 6), (44, 5), (45, 4), (46, 24)]
您的距离系数损耗为614,风险系数损耗为320,每步距离损耗[4, 32, 37, 11, 55, 1, 50, 89, 17, 89, 43, 79, 38, 12, 13, 25, 19],每步风险损耗[24, 32, 56, 63, 10, 13, 20, 19, 8, 1, 33, 18, 3, 5, 9, 6, 0]
iteration 150 ********* reward 274870 order0.0168750922719 conflicts 69634 drivers 428990
A_star  -----  A_star
搜索所用时间0.00374698638916s
从节点'0'到节点'399' 所需要的经过的节点是 [0, 1, 2, 3, 4, 5, 6, 26, 27, 28, 48, 68, 88, 108, 109, 110, 130, 150, 170, 190, 210, 230, 250, 270, 290, 310, 330, 350, 370, 371, 372, 373, 374, 375, 376, 396, 397, 398, 399] ,所需要的cost为 17212
Dijkstra  -----  Dijkstra
搜索所用时间0.00250697135925s
minimum steps:17212, path:[0, 1, 2, 3, 4, 5, 6, 26, 27, 28, 48, 68, 88, 108, 109, 110, 130, 150, 170, 190, 210, 230, 250, 270, 290, 310, 330, 350, 370, 371, 372, 373, 374, 375, 376, 396, 397, 398, 399]
('Times takes:', 590.6316630840302)
Dijkstra  -----  Dijkstra
第151天,您的路线为[0, 1, 2, 3, 4, 5, 6, 26, 27, 28, 48, 68, 88, 108, 109, 110, 130, 150, 170, 190, 210, 230, 250, 270, 290, 310, 330, 350, 370, 371, 372, 373, 374, 375, 376, 396, 397, 398, 399]
您的距离系数损耗为1234,风险系数损耗为232,每步距离损耗[67, 11, 55, 51, 25, 13, 12, 19, 21, 80, 35, 30, 26, 48, 76, 15, 22, 8, 27, 67, 50, 54, 80, 71, 10, 47, 32, 13, 19, 5, 36, 12, 39, 19, 9, 14, 12, 4],每步风险损耗[5, 37, 11, 6, 14, 12, 7, 0, 8, 6, 4, 5, 4, 4, 8, 15, 12, 8, 8, 5, 1, 2, 1, 0, 0, 0, 2, 0, 0, 3, 0, 0, 0, 0, 0, 0, 24, 20]
A_star  -----  A_star
第151天,您的路线为[0, 1, 2, 3, 4, 5, 6, 26, 27, 28, 48, 68, 88, 108, 109, 110, 130, 150, 170, 190, 210, 230, 250, 270, 290, 310, 330, 350, 370, 371, 372, 373, 374, 375, 376, 396, 397, 398, 399]
您的距离系数损耗为1234,风险系数损耗为232,每步距离损耗[67, 11, 55, 51, 25, 13, 12, 19, 21, 80, 35, 30, 26, 48, 76, 15, 22, 8, 27, 67, 50, 54, 80, 71, 10, 47, 32, 13, 19, 5, 36, 12, 39, 19, 9, 14, 12, 4],每步风险损耗[5, 37, 11, 6, 14, 12, 7, 0, 8, 6, 4, 5, 4, 4, 8, 15, 12, 8, 8, 5, 1, 2, 1, 0, 0, 0, 2, 0, 0, 3, 0, 0, 0, 0, 0, 0, 24, 20]
RL  -----  RL
第151天,您的路线为[(0, 0), (30, 1), (31, 21), (32, 20), (36, 40), (37, 60), (38, 80), (39, 81), (40, 82), (41, 62), (42, 63), (44, 43), (45, 23), (46, 24), (47, 25), (48, 5), (49, 6), (50, 7), (51, 27), (52, 47), (53, 67), (54, 66), (55, 65), (56, 45), (57, 44), (58, 64), (59, 84), (60, 85), (61, 105), (62, 125), (63, 124), (64, 104), (66, 103), (67, 102), (68, 122), (69, 121), (70, 120), (71, 140), (72, 141), (73, 161), (74, 162), (75, 182), (76, 202), (77, 203), (78, 223), (79, 243), (80, 263), (81, 262), (82, 242), (83, 222), (84, 221), (85, 220), (86, 200), (87, 180), (88, 160)]
您的距离系数损耗为2473,风险系数损耗为348,每步距离损耗[67, 37, 32, 52, 85, 57, 87, 19, 50, 77, 66, 50, 26, 5, 76, 13, 25, 89, 50, 79, 31, 45, 43, 22, 17, 83, 86, 68, 23, 83, 15, 68, 36, 41, 74, 24, 33, 10, 15, 59, 2, 72, 13, 86, 23, 26, 62, 34, 30, 41, 17, 9, 83, 57],每步风险损耗[5, 19, 31, 24, 20, 27, 26, 45, 10, 22, 20, 26, 17, 7, 0, 2, 0, 4, 6, 2, 1, 1, 8, 8, 0, 6, 0, 0, 0, 0, 0, 0, 0, 0, 0, 3, 8, 0, 0, 0, 0, 0, 0, 0, 0, 0, 0, 0, 0, 0, 0, 0, 0, 0]
iteration 151 ********* reward 403690 order0.0168510880168 conflicts 71174 drivers 437503
A_star  -----  A_star
搜索所用时间0.005038022995s
从节点'0'到节点'399' 所需要的经过的节点是 [0, 1, 2, 3, 4, 5, 6, 26, 27, 28, 48, 68, 88, 108, 109, 110, 130, 150, 170, 190, 210, 230, 250, 270, 290, 310, 330, 350, 370, 371, 372, 373, 374, 375, 376, 396, 397, 398, 399] ,所需要的cost为 17212
Dijkstra  -----  Dijkstra
搜索所用时间0.0200409889221s
minimum steps:17212, path:[0, 1, 2, 3, 4, 5, 6, 26, 27, 28, 48, 68, 88, 108, 109, 110, 130, 150, 170, 190, 210, 230, 250, 270, 290, 310, 330, 350, 370, 371, 372, 373, 374, 375, 376, 396, 397, 398, 399]
('Times takes:', 589.3203499317169)
Dijkstra  -----  Dijkstra
第152天,您的路线为[0, 1, 2, 3, 4, 5, 6, 26, 27, 28, 48, 68, 88, 108, 109, 110, 130, 150, 170, 190, 210, 230, 250, 270, 290, 310, 330, 350, 370, 371, 372, 373, 374, 375, 376, 396, 397, 398, 399]
您的距离系数损耗为584,风险系数损耗为126,每步距离损耗[67, 11, 55, 51, 25, 13, 12, 19, 21, 80, 35, 30, 26, 48, 76, 15],每步风险损耗[0, 14, 8, 6, 15, 16, 15, 1, 5, 0, 4, 8, 7, 1, 2, 24]
A_star  -----  A_star
第152天,您的路线为[0, 1, 2, 3, 4, 5, 6, 26, 27, 28, 48, 68, 88, 108, 109, 110, 130, 150, 170, 190, 210, 230, 250, 270, 290, 310, 330, 350, 370, 371, 372, 373, 374, 375, 376, 396, 397, 398, 399]
您的距离系数损耗为584,风险系数损耗为126,每步距离损耗[67, 11, 55, 51, 25, 13, 12, 19, 21, 80, 35, 30, 26, 48, 76, 15],每步风险损耗[0, 14, 8, 6, 15, 16, 15, 1, 5, 0, 4, 8, 7, 1, 2, 24]
RL  -----  RL
第152天,您的路线为[(0, 0), (30, 1), (31, 21), (32, 22), (33, 42), (34, 62), (35, 63), (36, 43), (37, 23), (38, 3), (39, 4), (40, 5), (41, 25), (42, 26), (43, 27), (44, 7), (45, 6)]
您的距离系数损耗为739,风险系数损耗为81,每步距离损耗[67, 37, 55, 5, 58, 77, 66, 50, 1, 51, 25, 76, 38, 19, 89, 25],每步风险损耗[0, 4, 8, 5, 5, 11, 13, 14, 8, 3, 8, 0, 0, 0, 2, 0]
iteration 152 ********* reward 270640 order0.016800922787 conflicts 73852 drivers 481395
A_star  -----  A_star
搜索所用时间0.00375604629517s
从节点'0'到节点'399' 所需要的经过的节点是 [0, 1, 2, 3, 4, 5, 6, 26, 27, 28, 48, 68, 88, 108, 109, 110, 130, 150, 170, 190, 210, 230, 250, 270, 290, 310, 330, 350, 370, 371, 372, 373, 374, 375, 376, 396, 397, 398, 399] ,所需要的cost为 17212
Dijkstra  -----  Dijkstra
搜索所用时间0.00246906280518s
minimum steps:17212, path:[0, 1, 2, 3, 4, 5, 6, 26, 27, 28, 48, 68, 88, 108, 109, 110, 130, 150, 170, 190, 210, 230, 250, 270, 290, 310, 330, 350, 370, 371, 372, 373, 374, 375, 376, 396, 397, 398, 399]
('Times takes:', 585.6998608112335)
Dijkstra  -----  Dijkstra
第153天,您的路线为[0, 1, 2, 3, 4, 5, 6, 26, 27, 28, 48, 68, 88, 108, 109, 110, 130, 150, 170, 190, 210, 230, 250, 270, 290, 310, 330, 350, 370, 371, 372, 373, 374, 375, 376, 396, 397, 398, 399]
您的距离系数损耗为445,风险系数损耗为186,每步距离损耗[67, 11, 55, 51, 25, 13, 12, 19, 21, 80, 35, 30, 26],每步风险损耗[4, 43, 11, 15, 24, 21, 13, 7, 22, 9, 6, 11, 0]
A_star  -----  A_star
第153天,您的路线为[0, 1, 2, 3, 4, 5, 6, 26, 27, 28, 48, 68, 88, 108, 109, 110, 130, 150, 170, 190, 210, 230, 250, 270, 290, 310, 330, 350, 370, 371, 372, 373, 374, 375, 376, 396, 397, 398, 399]
您的距离系数损耗为445,风险系数损耗为186,每步距离损耗[67, 11, 55, 51, 25, 13, 12, 19, 21, 80, 35, 30, 26],每步风险损耗[4, 43, 11, 15, 24, 21, 13, 7, 22, 9, 6, 11, 0]
RL  -----  RL
第153天,您的路线为[(0, 0), (32, 1), (33, 21), (34, 22), (35, 42), (36, 41), (37, 61), (38, 62), (40, 82), (41, 81), (42, 80), (43, 60), (44, 40), (45, 20)]
您的距离系数损耗为738,风险系数损耗为311,每步距离损耗[67, 37, 55, 5, 64, 90, 70, 50, 19, 87, 57, 85, 52],每步风险损耗[4, 43, 33, 21, 40, 14, 33, 9, 49, 34, 13, 12, 6]
iteration 153 ********* reward 405630 order0.0167801194608 conflicts 72398 drivers 456896
A_star  -----  A_star
搜索所用时间0.00524687767029s
从节点'0'到节点'399' 所需要的经过的节点是 [0, 1, 2, 3, 4, 5, 6, 26, 27, 28, 48, 68, 88, 108, 109, 110, 130, 150, 170, 190, 210, 230, 250, 270, 290, 310, 330, 350, 370, 371, 372, 373, 374, 375, 376, 396, 397, 398, 399] ,所需要的cost为 17212
Dijkstra  -----  Dijkstra
搜索所用时间0.00276494026184s
minimum steps:17212, path:[0, 1, 2, 3, 4, 5, 6, 26, 27, 28, 48, 68, 88, 108, 109, 110, 130, 150, 170, 190, 210, 230, 250, 270, 290, 310, 330, 350, 370, 371, 372, 373, 374, 375, 376, 396, 397, 398, 399]
('Times takes:', 584.1153590679169)
Dijkstra  -----  Dijkstra
第154天,您的路线为[0, 1, 2, 3, 4, 5, 6, 26, 27, 28, 48, 68, 88, 108, 109, 110, 130, 150, 170, 190, 210, 230, 250, 270, 290, 310, 330, 350, 370, 371, 372, 373, 374, 375, 376, 396, 397, 398, 399]
您的距离系数损耗为1234,风险系数损耗为476,每步距离损耗[67, 11, 55, 51, 25, 13, 12, 19, 21, 80, 35, 30, 26, 48, 76, 15, 22, 8, 27, 67, 50, 54, 80, 71, 10, 47, 32, 13, 19, 5, 36, 12, 39, 19, 9, 14, 12, 4],每步风险损耗[6, 63, 22, 13, 52, 23, 21, 15, 24, 18, 8, 24, 9, 7, 14, 34, 25, 11, 18, 3, 8, 3, 0, 0, 0, 0, 0, 0, 1, 0, 0, 11, 0, 1, 2, 3, 16, 21]
A_star  -----  A_star
第154天,您的路线为[0, 1, 2, 3, 4, 5, 6, 26, 27, 28, 48, 68, 88, 108, 109, 110, 130, 150, 170, 190, 210, 230, 250, 270, 290, 310, 330, 350, 370, 371, 372, 373, 374, 375, 376, 396, 397, 398, 399]
您的距离系数损耗为1234,风险系数损耗为476,每步距离损耗[67, 11, 55, 51, 25, 13, 12, 19, 21, 80, 35, 30, 26, 48, 76, 15, 22, 8, 27, 67, 50, 54, 80, 71, 10, 47, 32, 13, 19, 5, 36, 12, 39, 19, 9, 14, 12, 4],每步风险损耗[6, 63, 22, 13, 52, 23, 21, 15, 24, 18, 8, 24, 9, 7, 14, 34, 25, 11, 18, 3, 8, 3, 0, 0, 0, 0, 0, 0, 1, 0, 0, 11, 0, 1, 2, 3, 16, 21]
RL  -----  RL
第154天,您的路线为[(0, 0), (30, 20), (31, 40), (32, 41), (33, 61), (34, 60), (35, 80), (36, 81), (37, 82), (38, 102), (39, 101), (40, 100), (41, 120), (43, 140), (44, 160), (45, 180), (47, 200), (48, 220), (49, 221), (50, 201), (51, 202), (52, 203), (53, 183), (54, 163), (55, 162), (56, 161), (57, 141), (58, 121), (59, 122), (60, 142), (61, 143), (62, 144), (63, 124), (64, 125), (65, 126), (66, 146), (67, 147), (68, 127), (69, 107), (70, 87), (71, 88), (72, 68), (73, 69), (74, 49), (75, 48), (76, 47), (77, 67), (78, 66), (79, 86), (80, 106), (81, 105), (82, 104), (83, 84), (84, 85), (85, 65), (86, 45), (87, 44), (88, 64), (89, 63), (90, 62), (92, 42), (93, 22), (94, 2), (95, 1), (96, 21)]
您的距离系数损耗为2850,风险系数损耗为487,每步距离损耗[4, 52, 50, 90, 56, 57, 87, 19, 72, 32, 8, 46, 33, 29, 57, 83, 9, 17, 66, 8, 13, 6, 79, 64, 59, 15, 47, 74, 40, 72, 56, 22, 83, 34, 76, 80, 8, 19, 57, 25, 30, 8, 66, 5, 33, 79, 31, 23, 73, 62, 23, 84, 86, 83, 43, 22, 17, 9, 77, 58, 5, 81, 11, 37],每步风险损耗[16, 20, 8, 17, 36, 21, 19, 34, 15, 8, 12, 20, 29, 16, 23, 22, 20, 27, 13, 20, 13, 15, 6, 3, 9, 13, 8, 2, 6, 0, 4, 1, 0, 0, 0, 0, 4, 0, 0, 0, 0, 0, 7, 0, 0, 0, 0, 0, 0, 0, 0, 0, 0, 0, 0, 0, 0, 0, 0, 0, 0, 0, 0, 0]
iteration 154 ********* reward 322130 order0.016741847738 conflicts 71093 drivers 436908
A_star  -----  A_star
搜索所用时间0.00525903701782s
从节点'0'到节点'399' 所需要的经过的节点是 [0, 1, 2, 3, 4, 5, 6, 26, 27, 28, 48, 68, 88, 108, 109, 110, 130, 150, 170, 190, 210, 230, 250, 270, 290, 310, 330, 350, 370, 371, 372, 373, 374, 375, 376, 396, 397, 398, 399] ,所需要的cost为 17212
Dijkstra  -----  Dijkstra
搜索所用时间0.00250506401062s
minimum steps:17212, path:[0, 1, 2, 3, 4, 5, 6, 26, 27, 28, 48, 68, 88, 108, 109, 110, 130, 150, 170, 190, 210, 230, 250, 270, 290, 310, 330, 350, 370, 371, 372, 373, 374, 375, 376, 396, 397, 398, 399]
('Times takes:', 505.9294288158417)
Dijkstra  -----  Dijkstra
第155天,您的路线为[0, 1, 2, 3, 4, 5, 6, 26, 27, 28, 48, 68, 88, 108, 109, 110, 130, 150, 170, 190, 210, 230, 250, 270, 290, 310, 330, 350, 370, 371, 372, 373, 374, 375, 376, 396, 397, 398, 399]
您的距离系数损耗为234,风险系数损耗为55,每步距离损耗[67, 11, 55, 51, 25, 13, 12],每步风险损耗[1, 15, 2, 5, 13, 7, 12]
A_star  -----  A_star
第155天,您的路线为[0, 1, 2, 3, 4, 5, 6, 26, 27, 28, 48, 68, 88, 108, 109, 110, 130, 150, 170, 190, 210, 230, 250, 270, 290, 310, 330, 350, 370, 371, 372, 373, 374, 375, 376, 396, 397, 398, 399]
您的距离系数损耗为234,风险系数损耗为55,每步距离损耗[67, 11, 55, 51, 25, 13, 12],每步风险损耗[1, 15, 2, 5, 13, 7, 12]
RL  -----  RL
第155天,您的路线为[(0, 0), (30, 1), (31, 2), (32, 22), (33, 21), (34, 41), (35, 40), (36, 20)]
您的距离系数损耗为356,风险系数损耗为89,每步距离损耗[67, 11, 81, 55, 40, 50, 52],每步风险损耗[1, 15, 3, 6, 27, 10, 27]
iteration 155 ********* reward 459150 order0.0167326363021 conflicts 74647 drivers 483551
A_star  -----  A_star
搜索所用时间0.00365686416626s
从节点'0'到节点'399' 所需要的经过的节点是 [0, 1, 2, 3, 4, 5, 6, 26, 27, 28, 48, 68, 88, 108, 109, 110, 130, 150, 170, 190, 210, 230, 250, 270, 290, 310, 330, 350, 370, 371, 372, 373, 374, 375, 376, 396, 397, 398, 399] ,所需要的cost为 17212
Dijkstra  -----  Dijkstra
搜索所用时间0.00243806838989s
minimum steps:17212, path:[0, 1, 2, 3, 4, 5, 6, 26, 27, 28, 48, 68, 88, 108, 109, 110, 130, 150, 170, 190, 210, 230, 250, 270, 290, 310, 330, 350, 370, 371, 372, 373, 374, 375, 376, 396, 397, 398, 399]
('Times takes:', 495.8777868747711)
Dijkstra  -----  Dijkstra
第156天,您的路线为[0, 1, 2, 3, 4, 5, 6, 26, 27, 28, 48, 68, 88, 108, 109, 110, 130, 150, 170, 190, 210, 230, 250, 270, 290, 310, 330, 350, 370, 371, 372, 373, 374, 375, 376, 396, 397, 398, 399]
您的距离系数损耗为1234,风险系数损耗为323,每步距离损耗[67, 11, 55, 51, 25, 13, 12, 19, 21, 80, 35, 30, 26, 48, 76, 15, 22, 8, 27, 67, 50, 54, 80, 71, 10, 47, 32, 13, 19, 5, 36, 12, 39, 19, 9, 14, 12, 4],每步风险损耗[8, 37, 8, 1, 11, 7, 21, 11, 22, 11, 15, 19, 6, 6, 4, 18, 21, 9, 17, 10, 2, 1, 0, 0, 6, 1, 0, 11, 0, 5, 10, 4, 1, 1, 1, 0, 8, 10]
A_star  -----  A_star
第156天,您的路线为[0, 1, 2, 3, 4, 5, 6, 26, 27, 28, 48, 68, 88, 108, 109, 110, 130, 150, 170, 190, 210, 230, 250, 270, 290, 310, 330, 350, 370, 371, 372, 373, 374, 375, 376, 396, 397, 398, 399]
您的距离系数损耗为1234,风险系数损耗为323,每步距离损耗[67, 11, 55, 51, 25, 13, 12, 19, 21, 80, 35, 30, 26, 48, 76, 15, 22, 8, 27, 67, 50, 54, 80, 71, 10, 47, 32, 13, 19, 5, 36, 12, 39, 19, 9, 14, 12, 4],每步风险损耗[8, 37, 8, 1, 11, 7, 21, 11, 22, 11, 15, 19, 6, 6, 4, 18, 21, 9, 17, 10, 2, 1, 0, 0, 6, 1, 0, 11, 0, 5, 10, 4, 1, 1, 1, 0, 8, 10]
RL  -----  RL
第156天,您的路线为[(0, 0), (30, 20), (31, 21), (32, 41), (33, 40), (34, 60), (35, 80), (36, 100), (37, 101), (38, 102), (39, 122), (40, 121), (41, 141), (42, 140), (43, 160), (44, 180), (45, 200), (46, 201), (47, 181), (48, 182), (49, 183), (50, 203), (51, 223), (52, 224), (53, 204), (54, 205), (55, 206), (56, 207), (57, 208), (58, 209), (59, 189), (60, 169), (61, 168), (62, 188), (63, 187), (64, 167), (65, 147), (66, 148), (67, 149), (68, 150), (69, 130), (70, 131), (71, 111), (72, 91), (73, 90), (75, 70), (76, 71), (77, 51), (78, 50), (79, 49), (80, 48), (81, 47), (82, 46), (83, 45), (84, 25), (85, 24), (86, 44), (87, 43), (88, 23), (89, 3), (90, 4), (92, 5), (94, 6), (95, 7), (96, 8), (97, 9), (98, 29), (99, 30), (100, 31), (101, 11), (102, 12), (103, 13), (104, 14), (105, 34), (106, 33), (107, 32), (108, 52), (109, 53), (110, 73), (111, 74), (112, 94), (113, 95), (114, 75), (115, 76), (116, 56), (117, 57), (118, 58), (119, 38), (120, 18), (121, 19), (122, 39), (123, 59), (124, 79), (125, 78), (126, 77), (127, 97), (128, 96), (129, 116), (130, 117), (131, 118), (132, 98), (133, 99), (134, 119), (135, 139), (136, 159), (137, 158), (138, 178), (139, 179), (140, 199), (141, 198), (142, 218), (143, 217), (144, 216)]
您的距离系数损耗为5105,风险系数损耗为369,每步距离损耗[4, 32, 40, 50, 85, 57, 64, 8, 32, 41, 74, 47, 10, 29, 57, 83, 4, 80, 75, 72, 6, 86, 85, 32, 1, 47, 89, 67, 63, 56, 4, 70, 18, 1, 23, 41, 79, 33, 40, 22, 38, 65, 29, 2, 16, 79, 31, 37, 84, 5, 33, 10, 70, 79, 5, 5, 89, 50, 1, 51, 25, 13, 25, 49, 60, 66, 36, 39, 81, 16, 41, 19, 77, 57, 65, 82, 71, 82, 66, 41, 79, 37, 43, 7, 64, 22, 65, 59, 76, 1, 79, 51, 64, 55, 30, 16, 40, 9, 30, 65, 76, 51, 62, 10, 33, 85, 44, 37, 81, 66, 71],每步风险损耗[17, 21, 34, 3, 11, 5, 7, 10, 5, 9, 6, 17, 17, 22, 13, 21, 9, 13, 16, 9, 17, 18, 3, 6, 20, 13, 3, 0, 10, 0, 0, 3, 0, 0, 0, 0, 2, 0, 0, 2, 0, 2, 0, 0, 0, 0, 0, 0, 0, 0, 0, 5, 0, 0, 0, 0, 0, 0, 0, 0, 0, 0, 0, 0, 0, 0, 0, 0, 0, 0, 0, 0, 0, 0, 0, 0, 0, 0, 0, 0, 0, 0, 0, 0, 0, 0, 0, 0, 0, 0, 0, 0, 0, 0, 0, 0, 0, 0, 0, 0, 0, 0, 0, 0, 0, 0, 0, 0, 0, 0, 0]
iteration 156 ********* reward 459220 order0.0167214793068 conflicts 74496 drivers 469385
A_star  -----  A_star
搜索所用时间0.00375413894653s
从节点'0'到节点'399' 所需要的经过的节点是 [0, 1, 2, 3, 4, 5, 6, 26, 27, 28, 48, 68, 88, 108, 109, 110, 130, 150, 170, 190, 210, 230, 250, 270, 290, 310, 330, 350, 370, 371, 372, 373, 374, 375, 376, 396, 397, 398, 399] ,所需要的cost为 17212
Dijkstra  -----  Dijkstra
搜索所用时间0.00248694419861s
minimum steps:17212, path:[0, 1, 2, 3, 4, 5, 6, 26, 27, 28, 48, 68, 88, 108, 109, 110, 130, 150, 170, 190, 210, 230, 250, 270, 290, 310, 330, 350, 370, 371, 372, 373, 374, 375, 376, 396, 397, 398, 399]
('Times takes:', 438.50857973098755)
Dijkstra  -----  Dijkstra
第157天,您的路线为[0, 1, 2, 3, 4, 5, 6, 26, 27, 28, 48, 68, 88, 108, 109, 110, 130, 150, 170, 190, 210, 230, 250, 270, 290, 310, 330, 350, 370, 371, 372, 373, 374, 375, 376, 396, 397, 398, 399]
您的距离系数损耗为1234,风险系数损耗为325,每步距离损耗[67, 11, 55, 51, 25, 13, 12, 19, 21, 80, 35, 30, 26, 48, 76, 15, 22, 8, 27, 67, 50, 54, 80, 71, 10, 47, 32, 13, 19, 5, 36, 12, 39, 19, 9, 14, 12, 4],每步风险损耗[0, 5, 12, 8, 9, 4, 14, 6, 9, 13, 13, 12, 14, 10, 9, 32, 31, 4, 9, 4, 7, 6, 4, 1, 0, 0, 4, 12, 7, 9, 5, 9, 0, 4, 2, 2, 13, 22]
A_star  -----  A_star
第157天,您的路线为[0, 1, 2, 3, 4, 5, 6, 26, 27, 28, 48, 68, 88, 108, 109, 110, 130, 150, 170, 190, 210, 230, 250, 270, 290, 310, 330, 350, 370, 371, 372, 373, 374, 375, 376, 396, 397, 398, 399]
您的距离系数损耗为1234,风险系数损耗为325,每步距离损耗[67, 11, 55, 51, 25, 13, 12, 19, 21, 80, 35, 30, 26, 48, 76, 15, 22, 8, 27, 67, 50, 54, 80, 71, 10, 47, 32, 13, 19, 5, 36, 12, 39, 19, 9, 14, 12, 4],每步风险损耗[0, 5, 12, 8, 9, 4, 14, 6, 9, 13, 13, 12, 14, 10, 9, 32, 31, 4, 9, 4, 7, 6, 4, 1, 0, 0, 4, 12, 7, 9, 5, 9, 0, 4, 2, 2, 13, 22]
RL  -----  RL
第157天,您的路线为[(0, 0), (30, 1), (31, 2), (32, 3), (33, 4), (34, 5), (35, 25), (36, 26), (37, 27), (38, 47), (39, 46), (40, 45), (41, 44), (42, 43), (43, 23), (44, 22), (45, 42), (46, 41), (47, 61), (48, 62), (49, 63), (50, 64), (51, 65), (52, 66), (53, 86), (54, 85), (55, 105), (56, 106), (57, 107), (58, 87), (59, 67), (60, 68), (61, 48), (62, 49), (63, 29), (64, 30), (65, 31), (66, 32), (67, 33), (68, 34), (69, 35), (70, 15), (71, 14), (72, 13), (73, 12), (74, 11), (75, 10), (76, 9), (77, 8), (78, 7), (79, 6)]
您的距离系数损耗为2236,风险系数损耗为235,每步距离损耗[67, 11, 55, 51, 25, 76, 38, 19, 50, 10, 70, 22, 89, 50, 8, 5, 64, 90, 70, 77, 9, 89, 45, 23, 33, 68, 62, 35, 57, 60, 15, 35, 5, 4, 36, 39, 13, 65, 57, 47, 23, 88, 19, 41, 16, 89, 82, 60, 49, 25],每步风险损耗[0, 5, 12, 8, 9, 0, 8, 6, 28, 35, 7, 8, 0, 14, 2, 0, 12, 3, 2, 10, 0, 0, 10, 6, 1, 1, 0, 4, 2, 11, 10, 2, 0, 0, 10, 0, 0, 4, 1, 0, 0, 0, 0, 0, 0, 1, 3, 0, 0, 0]
iteration 157 ********* reward 364190 order0.0166928107941 conflicts 75076 drivers 480035
A_star  -----  A_star
搜索所用时间0.00376796722412s
从节点'0'到节点'399' 所需要的经过的节点是 [0, 1, 2, 3, 4, 5, 6, 26, 27, 28, 48, 68, 88, 108, 109, 110, 130, 150, 170, 190, 210, 230, 250, 270, 290, 310, 330, 350, 370, 371, 372, 373, 374, 375, 376, 396, 397, 398, 399] ,所需要的cost为 17212
Dijkstra  -----  Dijkstra
搜索所用时间0.00247812271118s
minimum steps:17212, path:[0, 1, 2, 3, 4, 5, 6, 26, 27, 28, 48, 68, 88, 108, 109, 110, 130, 150, 170, 190, 210, 230, 250, 270, 290, 310, 330, 350, 370, 371, 372, 373, 374, 375, 376, 396, 397, 398, 399]
('Times takes:', 450.7157769203186)
Dijkstra  -----  Dijkstra
第158天,您的路线为[0, 1, 2, 3, 4, 5, 6, 26, 27, 28, 48, 68, 88, 108, 109, 110, 130, 150, 170, 190, 210, 230, 250, 270, 290, 310, 330, 350, 370, 371, 372, 373, 374, 375, 376, 396, 397, 398, 399]
您的距离系数损耗为1234,风险系数损耗为396,每步距离损耗[67, 11, 55, 51, 25, 13, 12, 19, 21, 80, 35, 30, 26, 48, 76, 15, 22, 8, 27, 67, 50, 54, 80, 71, 10, 47, 32, 13, 19, 5, 36, 12, 39, 19, 9, 14, 12, 4],每步风险损耗[15, 24, 4, 3, 22, 20, 16, 8, 13, 11, 15, 18, 14, 8, 19, 30, 19, 5, 20, 14, 5, 1, 4, 6, 1, 0, 4, 2, 0, 1, 2, 5, 7, 0, 7, 6, 23, 24]
A_star  -----  A_star
第158天,您的路线为[0, 1, 2, 3, 4, 5, 6, 26, 27, 28, 48, 68, 88, 108, 109, 110, 130, 150, 170, 190, 210, 230, 250, 270, 290, 310, 330, 350, 370, 371, 372, 373, 374, 375, 376, 396, 397, 398, 399]
您的距离系数损耗为1234,风险系数损耗为396,每步距离损耗[67, 11, 55, 51, 25, 13, 12, 19, 21, 80, 35, 30, 26, 48, 76, 15, 22, 8, 27, 67, 50, 54, 80, 71, 10, 47, 32, 13, 19, 5, 36, 12, 39, 19, 9, 14, 12, 4],每步风险损耗[15, 24, 4, 3, 22, 20, 16, 8, 13, 11, 15, 18, 14, 8, 19, 30, 19, 5, 20, 14, 5, 1, 4, 6, 1, 0, 4, 2, 0, 1, 2, 5, 7, 0, 7, 6, 23, 24]
RL  -----  RL
第158天,您的路线为[(0, 0), (31, 1), (32, 2), (33, 22), (34, 23), (35, 24), (36, 44), (37, 64), (38, 65), (39, 45), (40, 25), (41, 26), (42, 6), (43, 7), (44, 8), (45, 28), (46, 29), (47, 49), (48, 69), (49, 68), (50, 48), (51, 47), (52, 67), (53, 87), (54, 86), (55, 85), (56, 84), (58, 104), (59, 105), (60, 106), (61, 126), (62, 146), (63, 145), (64, 125), (65, 124), (67, 123), (68, 122), (69, 142), (70, 162), (71, 161), (72, 141), (73, 140), (74, 160), (75, 180), (76, 200), (77, 220), (78, 240), (79, 241), (80, 261), (81, 260), (82, 280), (83, 300), (84, 301), (85, 302), (86, 303), (87, 283), (88, 263), (89, 243), (90, 242), (91, 262), (92, 282), (93, 281)]
您的距离系数损耗为2660,风险系数损耗为378,每步距离损耗[67, 11, 81, 8, 26, 5, 17, 89, 43, 79, 38, 12, 25, 49, 29, 49, 4, 66, 8, 35, 33, 79, 60, 66, 33, 86, 84, 23, 62, 43, 76, 49, 86, 83, 11, 36, 40, 2, 59, 15, 10, 29, 57, 83, 9, 66, 71, 55, 34, 81, 8, 29, 49, 49, 17, 84, 26, 35, 34, 6, 61],每步风险损耗[15, 24, 14, 7, 12, 11, 2, 3, 35, 27, 5, 15, 11, 15, 7, 15, 16, 16, 20, 6, 16, 6, 22, 26, 4, 2, 0, 6, 0, 0, 0, 0, 5, 0, 2, 0, 0, 0, 0, 0, 3, 2, 7, 1, 0, 0, 0, 0, 0, 0, 0, 0, 0, 0, 0, 0, 0, 0, 0, 0, 0]
iteration 158 ********* reward 423660 order0.0166765732043 conflicts 71870 drivers 458925
A_star  -----  A_star
搜索所用时间0.00367093086243s
从节点'0'到节点'399' 所需要的经过的节点是 [0, 1, 2, 3, 4, 5, 6, 26, 27, 28, 48, 68, 88, 108, 109, 110, 130, 150, 170, 190, 210, 230, 250, 270, 290, 310, 330, 350, 370, 371, 372, 373, 374, 375, 376, 396, 397, 398, 399] ,所需要的cost为 17212
Dijkstra  -----  Dijkstra
搜索所用时间0.00245094299316s
minimum steps:17212, path:[0, 1, 2, 3, 4, 5, 6, 26, 27, 28, 48, 68, 88, 108, 109, 110, 130, 150, 170, 190, 210, 230, 250, 270, 290, 310, 330, 350, 370, 371, 372, 373, 374, 375, 376, 396, 397, 398, 399]
('Times takes:', 452.360426902771)
Dijkstra  -----  Dijkstra
第159天,您的路线为[0, 1, 2, 3, 4, 5, 6, 26, 27, 28, 48, 68, 88, 108, 109, 110, 130, 150, 170, 190, 210, 230, 250, 270, 290, 310, 330, 350, 370, 371, 372, 373, 374, 375, 376, 396, 397, 398, 399]
您的距离系数损耗为1234,风险系数损耗为356,每步距离损耗[67, 11, 55, 51, 25, 13, 12, 19, 21, 80, 35, 30, 26, 48, 76, 15, 22, 8, 27, 67, 50, 54, 80, 71, 10, 47, 32, 13, 19, 5, 36, 12, 39, 19, 9, 14, 12, 4],每步风险损耗[3, 32, 9, 13, 30, 20, 11, 5, 13, 10, 19, 18, 11, 8, 6, 16, 12, 7, 18, 19, 12, 4, 7, 0, 0, 0, 4, 11, 4, 4, 4, 11, 2, 0, 4, 0, 3, 6]
A_star  -----  A_star
第159天,您的路线为[0, 1, 2, 3, 4, 5, 6, 26, 27, 28, 48, 68, 88, 108, 109, 110, 130, 150, 170, 190, 210, 230, 250, 270, 290, 310, 330, 350, 370, 371, 372, 373, 374, 375, 376, 396, 397, 398, 399]
您的距离系数损耗为1234,风险系数损耗为356,每步距离损耗[67, 11, 55, 51, 25, 13, 12, 19, 21, 80, 35, 30, 26, 48, 76, 15, 22, 8, 27, 67, 50, 54, 80, 71, 10, 47, 32, 13, 19, 5, 36, 12, 39, 19, 9, 14, 12, 4],每步风险损耗[3, 32, 9, 13, 30, 20, 11, 5, 13, 10, 19, 18, 11, 8, 6, 16, 12, 7, 18, 19, 12, 4, 7, 0, 0, 0, 4, 11, 4, 4, 4, 11, 2, 0, 4, 0, 3, 6]
RL  -----  RL
第159天,您的路线为[(0, 0), (31, 1), (32, 21), (33, 22), (34, 2), (35, 3), (36, 4), (38, 24), (39, 44), (40, 45), (41, 25), (42, 5), (43, 6), (44, 7), (46, 8), (47, 9), (48, 29), (49, 49), (50, 50), (51, 70), (52, 69), (53, 89), (54, 90), (55, 91), (56, 71), (57, 51), (58, 52), (59, 72), (60, 73), (61, 53), (62, 33), (63, 32), (64, 31), (65, 11), (66, 12), (67, 13), (68, 14), (69, 15), (70, 16), (71, 17), (72, 18), (74, 19), (77, 39), (78, 38), (79, 37), (80, 36), (81, 35), (82, 34), (83, 54), (84, 55), (85, 56), (86, 76), (87, 75), (88, 95), (89, 94), (90, 93), (91, 113), (92, 112), (93, 111), (94, 131), (95, 130), (96, 150), (97, 151), (98, 171), (99, 172), (100, 173), (101, 174), (102, 154), (103, 134), (104, 135), (105, 155), (106, 175), (107, 195), (108, 194), (109, 214), (110, 213), (111, 193), (112, 192), (113, 191), (114, 211), (115, 231), (116, 251), (117, 271), (118, 291), (119, 290), (120, 270), (121, 250), (122, 230), (123, 229), (124, 228), (125, 227), (126, 226), (127, 246), (128, 247), (129, 267), (130, 266), (131, 286), (132, 287), (133, 288), (134, 308), (135, 328), (136, 327), (137, 347), (138, 367), (139, 366), (140, 346), (141, 326), (142, 306), (143, 305), (144, 325)]
您的距离系数损耗为5058,风险系数损耗为236,每步距离损耗[67, 37, 55, 81, 55, 51, 19, 5, 22, 79, 76, 13, 25, 49, 60, 66, 4, 84, 76, 68, 57, 76, 2, 43, 31, 18, 3, 38, 82, 21, 65, 13, 81, 16, 41, 19, 88, 54, 13, 45, 76, 1, 38, 53, 7, 24, 47, 3, 19, 56, 7, 43, 37, 79, 42, 66, 42, 4, 65, 38, 22, 15, 8, 44, 36, 61, 61, 59, 19, 80, 85, 21, 50, 21, 3, 67, 67, 65, 83, 82, 71, 76, 56, 51, 71, 80, 54, 74, 31, 31, 56, 88, 73, 11, 52, 67, 66, 37, 19, 67, 15, 87, 42, 51, 25, 78, 72, 63],每步风险损耗[3, 26, 30, 14, 7, 9, 10, 8, 6, 17, 5, 11, 7, 12, 9, 9, 8, 8, 3, 0, 5, 2, 2, 1, 4, 9, 0, 0, 0, 0, 0, 0, 3, 5, 1, 0, 0, 0, 0, 0, 2, 0, 0, 0, 0, 0, 0, 0, 0, 0, 0, 0, 0, 0, 0, 0, 0, 0, 0, 0, 0, 0, 0, 0, 0, 0, 0, 0, 0, 0, 0, 0, 0, 0, 0, 0, 0, 0, 0, 0, 0, 0, 0, 0, 0, 0, 0, 0, 0, 0, 0, 0, 0, 0, 0, 0, 0, 0, 0, 0, 0, 0, 0, 0, 0, 0, 0, 0]
iteration 159 ********* reward 430830 order0.0166606834045 conflicts 74814 drivers 483099
A_star  -----  A_star
搜索所用时间0.00371193885803s
从节点'0'到节点'399' 所需要的经过的节点是 [0, 1, 2, 3, 4, 5, 6, 26, 27, 28, 48, 68, 88, 108, 109, 110, 130, 150, 170, 190, 210, 230, 250, 270, 290, 310, 330, 350, 370, 371, 372, 373, 374, 375, 376, 396, 397, 398, 399] ,所需要的cost为 17212
Dijkstra  -----  Dijkstra
搜索所用时间0.00247693061829s
minimum steps:17212, path:[0, 1, 2, 3, 4, 5, 6, 26, 27, 28, 48, 68, 88, 108, 109, 110, 130, 150, 170, 190, 210, 230, 250, 270, 290, 310, 330, 350, 370, 371, 372, 373, 374, 375, 376, 396, 397, 398, 399]
('Times takes:', 452.52808594703674)
Dijkstra  -----  Dijkstra
第160天,您的路线为[0, 1, 2, 3, 4, 5, 6, 26, 27, 28, 48, 68, 88, 108, 109, 110, 130, 150, 170, 190, 210, 230, 250, 270, 290, 310, 330, 350, 370, 371, 372, 373, 374, 375, 376, 396, 397, 398, 399]
您的距离系数损耗为445,风险系数损耗为190,每步距离损耗[67, 11, 55, 51, 25, 13, 12, 19, 21, 80, 35, 30, 26],每步风险损耗[11, 31, 16, 11, 18, 13, 8, 2, 17, 9, 18, 23, 13]
A_star  -----  A_star
第160天,您的路线为[0, 1, 2, 3, 4, 5, 6, 26, 27, 28, 48, 68, 88, 108, 109, 110, 130, 150, 170, 190, 210, 230, 250, 270, 290, 310, 330, 350, 370, 371, 372, 373, 374, 375, 376, 396, 397, 398, 399]
您的距离系数损耗为445,风险系数损耗为190,每步距离损耗[67, 11, 55, 51, 25, 13, 12, 19, 21, 80, 35, 30, 26],每步风险损耗[11, 31, 16, 11, 18, 13, 8, 2, 17, 9, 18, 23, 13]
RL  -----  RL
第160天,您的路线为[(0, 0), (31, 1), (32, 21), (33, 20), (34, 40), (35, 60), (36, 80), (37, 81), (38, 61), (39, 62), (40, 63), (41, 43), (42, 42), (43, 41)]
您的距离系数损耗为810,风险系数损耗为236,每步距离损耗[67, 37, 32, 52, 85, 57, 87, 48, 70, 77, 66, 68, 64],每步风险损耗[11, 28, 30, 16, 9, 14, 19, 18, 27, 22, 16, 10, 16]
iteration 160 ********* reward 249960 order0.016609981269 conflicts 70643 drivers 438587
A_star  -----  A_star
搜索所用时间0.00376296043396s
从节点'0'到节点'399' 所需要的经过的节点是 [0, 1, 2, 3, 4, 5, 6, 26, 27, 28, 48, 68, 88, 108, 109, 110, 130, 150, 170, 190, 210, 230, 250, 270, 290, 310, 330, 350, 370, 371, 372, 373, 374, 375, 376, 396, 397, 398, 399] ,所需要的cost为 17212
Dijkstra  -----  Dijkstra
搜索所用时间0.00248384475708s
minimum steps:17212, path:[0, 1, 2, 3, 4, 5, 6, 26, 27, 28, 48, 68, 88, 108, 109, 110, 130, 150, 170, 190, 210, 230, 250, 270, 290, 310, 330, 350, 370, 371, 372, 373, 374, 375, 376, 396, 397, 398, 399]
('Times takes:', 450.66041111946106)
Dijkstra  -----  Dijkstra
第161天,您的路线为[0, 1, 2, 3, 4, 5, 6, 26, 27, 28, 48, 68, 88, 108, 109, 110, 130, 150, 170, 190, 210, 230, 250, 270, 290, 310, 330, 350, 370, 371, 372, 373, 374, 375, 376, 396, 397, 398, 399]
您的距离系数损耗为1089,风险系数损耗为375,每步距离损耗[67, 11, 55, 51, 25, 13, 12, 19, 21, 80, 35, 30, 26, 48, 76, 15, 22, 8, 27, 67, 50, 54, 80, 71, 10, 47, 32, 13, 19, 5],每步风险损耗[0, 15, 15, 14, 27, 19, 26, 8, 27, 19, 16, 28, 25, 9, 11, 23, 30, 5, 2, 9, 22, 8, 9, 3, 0, 2, 0, 3, 0, 0]
A_star  -----  A_star
第161天,您的路线为[0, 1, 2, 3, 4, 5, 6, 26, 27, 28, 48, 68, 88, 108, 109, 110, 130, 150, 170, 190, 210, 230, 250, 270, 290, 310, 330, 350, 370, 371, 372, 373, 374, 375, 376, 396, 397, 398, 399]
您的距离系数损耗为1089,风险系数损耗为375,每步距离损耗[67, 11, 55, 51, 25, 13, 12, 19, 21, 80, 35, 30, 26, 48, 76, 15, 22, 8, 27, 67, 50, 54, 80, 71, 10, 47, 32, 13, 19, 5],每步风险损耗[0, 15, 15, 14, 27, 19, 26, 8, 27, 19, 16, 28, 25, 9, 11, 23, 30, 5, 2, 9, 22, 8, 9, 3, 0, 2, 0, 3, 0, 0]
RL  -----  RL
第161天,您的路线为[(0, 0), (30, 1), (31, 2), (32, 3), (33, 4), (34, 24), (35, 23), (36, 22), (37, 42), (38, 41), (39, 21), (40, 20), (41, 40), (42, 60), (43, 61), (44, 62), (45, 63), (46, 64), (47, 84), (48, 85), (49, 65), (50, 45), (51, 25), (52, 5), (53, 6), (54, 7), (55, 27), (56, 28), (57, 29), (58, 9), (59, 8)]
您的距离系数损耗为1500,风险系数损耗为332,每步距离损耗[67, 11, 55, 51, 19, 26, 8, 5, 64, 40, 32, 52, 85, 56, 70, 77, 9, 83, 86, 83, 43, 79, 76, 13, 25, 89, 21, 49, 66, 60],每步风险损耗[0, 15, 15, 14, 46, 13, 8, 6, 25, 14, 5, 0, 7, 6, 3, 9, 4, 4, 3, 7, 15, 25, 6, 4, 5, 13, 13, 22, 11, 14]
iteration 161 ********* reward 402040 order0.0165881613912 conflicts 71881 drivers 445328
A_star  -----  A_star
搜索所用时间0.003821849823s
从节点'0'到节点'399' 所需要的经过的节点是 [0, 1, 2, 3, 4, 5, 6, 26, 27, 28, 48, 68, 88, 108, 109, 110, 130, 150, 170, 190, 210, 230, 250, 270, 290, 310, 330, 350, 370, 371, 372, 373, 374, 375, 376, 396, 397, 398, 399] ,所需要的cost为 17212
Dijkstra  -----  Dijkstra
搜索所用时间0.00249314308167s
minimum steps:17212, path:[0, 1, 2, 3, 4, 5, 6, 26, 27, 28, 48, 68, 88, 108, 109, 110, 130, 150, 170, 190, 210, 230, 250, 270, 290, 310, 330, 350, 370, 371, 372, 373, 374, 375, 376, 396, 397, 398, 399]
('Times takes:', 445.3201298713684)
Dijkstra  -----  Dijkstra
第162天,您的路线为[0, 1, 2, 3, 4, 5, 6, 26, 27, 28, 48, 68, 88, 108, 109, 110, 130, 150, 170, 190, 210, 230, 250, 270, 290, 310, 330, 350, 370, 371, 372, 373, 374, 375, 376, 396, 397, 398, 399]
您的距离系数损耗为274,风险系数损耗为92,每步距离损耗[67, 11, 55, 51, 25, 13, 12, 19, 21],每步风险损耗[4, 16, 8, 17, 9, 7, 10, 7, 14]
A_star  -----  A_star
第162天,您的路线为[0, 1, 2, 3, 4, 5, 6, 26, 27, 28, 48, 68, 88, 108, 109, 110, 130, 150, 170, 190, 210, 230, 250, 270, 290, 310, 330, 350, 370, 371, 372, 373, 374, 375, 376, 396, 397, 398, 399]
您的距离系数损耗为274,风险系数损耗为92,每步距离损耗[67, 11, 55, 51, 25, 13, 12, 19, 21],每步风险损耗[4, 16, 8, 17, 9, 7, 10, 7, 14]
RL  -----  RL
第162天,您的路线为[(0, 0), (30, 20), (31, 21), (32, 22), (33, 42), (34, 43), (35, 23), (36, 3), (37, 2), (38, 1)]
您的距离系数损耗为281,风险系数损耗为99,每步距离损耗[4, 32, 55, 5, 68, 50, 1, 55, 11],每步风险损耗[3, 9, 13, 5, 10, 20, 16, 3, 20]
iteration 162 ********* reward 341530 order0.0165554175282 conflicts 73343 drivers 465398
A_star  -----  A_star
搜索所用时间0.0037100315094s
从节点'0'到节点'399' 所需要的经过的节点是 [0, 1, 2, 3, 4, 5, 6, 26, 27, 28, 48, 68, 88, 108, 109, 110, 130, 150, 170, 190, 210, 230, 250, 270, 290, 310, 330, 350, 370, 371, 372, 373, 374, 375, 376, 396, 397, 398, 399] ,所需要的cost为 17212
Dijkstra  -----  Dijkstra
搜索所用时间0.00246000289917s
minimum steps:17212, path:[0, 1, 2, 3, 4, 5, 6, 26, 27, 28, 48, 68, 88, 108, 109, 110, 130, 150, 170, 190, 210, 230, 250, 270, 290, 310, 330, 350, 370, 371, 372, 373, 374, 375, 376, 396, 397, 398, 399]
('Times takes:', 447.2678129673004)
Dijkstra  -----  Dijkstra
第163天,您的路线为[0, 1, 2, 3, 4, 5, 6, 26, 27, 28, 48, 68, 88, 108, 109, 110, 130, 150, 170, 190, 210, 230, 250, 270, 290, 310, 330, 350, 370, 371, 372, 373, 374, 375, 376, 396, 397, 398, 399]
您的距离系数损耗为445,风险系数损耗为98,每步距离损耗[67, 11, 55, 51, 25, 13, 12, 19, 21, 80, 35, 30, 26],每步风险损耗[0, 12, 9, 10, 11, 8, 9, 0, 4, 3, 8, 15, 9]
A_star  -----  A_star
第163天,您的路线为[0, 1, 2, 3, 4, 5, 6, 26, 27, 28, 48, 68, 88, 108, 109, 110, 130, 150, 170, 190, 210, 230, 250, 270, 290, 310, 330, 350, 370, 371, 372, 373, 374, 375, 376, 396, 397, 398, 399]
您的距离系数损耗为445,风险系数损耗为98,每步距离损耗[67, 11, 55, 51, 25, 13, 12, 19, 21, 80, 35, 30, 26],每步风险损耗[0, 12, 9, 10, 11, 8, 9, 0, 4, 3, 8, 15, 9]
RL  -----  RL
第163天,您的路线为[(0, 0), (30, 1), (31, 21), (32, 20), (33, 40), (34, 60), (35, 80), (36, 81), (37, 61), (38, 62), (39, 63), (40, 43), (41, 42), (42, 41)]
您的距离系数损耗为810,风险系数损耗为181,每步距离损耗[67, 37, 32, 52, 85, 57, 87, 48, 70, 77, 66, 68, 64],每步风险损耗[0, 14, 11, 13, 13, 15, 22, 23, 17, 13, 16, 6, 18]
iteration 163 ********* reward 409950 order0.0165367184633 conflicts 75814 drivers 497692
A_star  -----  A_star
搜索所用时间0.00370502471924s
从节点'0'到节点'399' 所需要的经过的节点是 [0, 1, 2, 3, 4, 5, 6, 26, 27, 28, 48, 68, 88, 108, 109, 110, 130, 150, 170, 190, 210, 230, 250, 270, 290, 310, 330, 350, 370, 371, 372, 373, 374, 375, 376, 396, 397, 398, 399] ,所需要的cost为 17212
Dijkstra  -----  Dijkstra
搜索所用时间0.00245094299316s
minimum steps:17212, path:[0, 1, 2, 3, 4, 5, 6, 26, 27, 28, 48, 68, 88, 108, 109, 110, 130, 150, 170, 190, 210, 230, 250, 270, 290, 310, 330, 350, 370, 371, 372, 373, 374, 375, 376, 396, 397, 398, 399]
('Times takes:', 448.72906970977783)
Dijkstra  -----  Dijkstra
第164天,您的路线为[0, 1, 2, 3, 4, 5, 6, 26, 27, 28, 48, 68, 88, 108, 109, 110, 130, 150, 170, 190, 210, 230, 250, 270, 290, 310, 330, 350, 370, 371, 372, 373, 374, 375, 376, 396, 397, 398, 399]
您的距离系数损耗为1234,风险系数损耗为370,每步距离损耗[67, 11, 55, 51, 25, 13, 12, 19, 21, 80, 35, 30, 26, 48, 76, 15, 22, 8, 27, 67, 50, 54, 80, 71, 10, 47, 32, 13, 19, 5, 36, 12, 39, 19, 9, 14, 12, 4],每步风险损耗[0, 18, 1, 6, 23, 27, 8, 2, 13, 4, 12, 16, 17, 6, 3, 13, 28, 9, 23, 19, 11, 4, 6, 4, 6, 0, 17, 17, 8, 6, 3, 1, 0, 0, 9, 3, 8, 19]
A_star  -----  A_star
第164天,您的路线为[0, 1, 2, 3, 4, 5, 6, 26, 27, 28, 48, 68, 88, 108, 109, 110, 130, 150, 170, 190, 210, 230, 250, 270, 290, 310, 330, 350, 370, 371, 372, 373, 374, 375, 376, 396, 397, 398, 399]
您的距离系数损耗为1234,风险系数损耗为370,每步距离损耗[67, 11, 55, 51, 25, 13, 12, 19, 21, 80, 35, 30, 26, 48, 76, 15, 22, 8, 27, 67, 50, 54, 80, 71, 10, 47, 32, 13, 19, 5, 36, 12, 39, 19, 9, 14, 12, 4],每步风险损耗[0, 18, 1, 6, 23, 27, 8, 2, 13, 4, 12, 16, 17, 6, 3, 13, 28, 9, 23, 19, 11, 4, 6, 4, 6, 0, 17, 17, 8, 6, 3, 1, 0, 0, 9, 3, 8, 19]
RL  -----  RL
第164天,您的路线为[(0, 0), (30, 1), (31, 21), (32, 41), (33, 42), (34, 62), (35, 63), (36, 64), (37, 44), (38, 24), (39, 4), (40, 5), (41, 25), (42, 45), (43, 65), (44, 66), (45, 67), (46, 47), (47, 46), (48, 26), (49, 27), (50, 28), (51, 29), (52, 30), (53, 31), (54, 51), (55, 71), (56, 91), (57, 92), (58, 72), (59, 52), (61, 32), (62, 33), (63, 53), (64, 54), (65, 55), (66, 56), (67, 57), (68, 37), (69, 17), (70, 16), (71, 36), (72, 35), (73, 15), (74, 14), (75, 13), (76, 12), (77, 11), (78, 10), (80, 9), (81, 8), (82, 7), (83, 6)]
您的距离系数损耗为2172,风险系数损耗为219,每步距离损耗[67, 37, 40, 64, 58, 77, 9, 17, 5, 19, 25, 76, 79, 43, 45, 31, 79, 10, 10, 19, 21, 49, 36, 39, 77, 31, 43, 36, 36, 3, 82, 65, 21, 57, 19, 56, 64, 40, 33, 13, 25, 24, 23, 88, 19, 41, 16, 89, 82, 60, 49, 25],每步风险损耗[0, 3, 10, 23, 6, 22, 0, 2, 8, 4, 13, 1, 18, 7, 2, 8, 12, 9, 17, 0, 6, 12, 7, 2, 4, 0, 0, 8, 4, 0, 3, 2, 0, 0, 0, 0, 0, 0, 0, 0, 0, 0, 0, 0, 0, 0, 3, 3, 0, 0, 0, 0]
iteration 164 ********* reward 422440 order0.0165218089391 conflicts 72566 drivers 455082
A_star  -----  A_star
搜索所用时间0.0037739276886s
从节点'0'到节点'399' 所需要的经过的节点是 [0, 1, 2, 3, 4, 5, 6, 26, 27, 28, 48, 68, 88, 108, 109, 110, 130, 150, 170, 190, 210, 230, 250, 270, 290, 310, 330, 350, 370, 371, 372, 373, 374, 375, 376, 396, 397, 398, 399] ,所需要的cost为 17212
Dijkstra  -----  Dijkstra
搜索所用时间0.00247406959534s
minimum steps:17212, path:[0, 1, 2, 3, 4, 5, 6, 26, 27, 28, 48, 68, 88, 108, 109, 110, 130, 150, 170, 190, 210, 230, 250, 270, 290, 310, 330, 350, 370, 371, 372, 373, 374, 375, 376, 396, 397, 398, 399]
('Times takes:', 456.3272669315338)
Dijkstra  -----  Dijkstra
第165天,您的路线为[0, 1, 2, 3, 4, 5, 6, 26, 27, 28, 48, 68, 88, 108, 109, 110, 130, 150, 170, 190, 210, 230, 250, 270, 290, 310, 330, 350, 370, 371, 372, 373, 374, 375, 376, 396, 397, 398, 399]
您的距离系数损耗为1234,风险系数损耗为414,每步距离损耗[67, 11, 55, 51, 25, 13, 12, 19, 21, 80, 35, 30, 26, 48, 76, 15, 22, 8, 27, 67, 50, 54, 80, 71, 10, 47, 32, 13, 19, 5, 36, 12, 39, 19, 9, 14, 12, 4],每步风险损耗[15, 65, 14, 9, 11, 16, 13, 12, 8, 4, 13, 21, 16, 13, 10, 27, 16, 2, 11, 20, 7, 5, 2, 2, 0, 0, 3, 8, 0, 1, 0, 8, 4, 4, 8, 4, 11, 31]
A_star  -----  A_star
第165天,您的路线为[0, 1, 2, 3, 4, 5, 6, 26, 27, 28, 48, 68, 88, 108, 109, 110, 130, 150, 170, 190, 210, 230, 250, 270, 290, 310, 330, 350, 370, 371, 372, 373, 374, 375, 376, 396, 397, 398, 399]
您的距离系数损耗为1234,风险系数损耗为414,每步距离损耗[67, 11, 55, 51, 25, 13, 12, 19, 21, 80, 35, 30, 26, 48, 76, 15, 22, 8, 27, 67, 50, 54, 80, 71, 10, 47, 32, 13, 19, 5, 36, 12, 39, 19, 9, 14, 12, 4],每步风险损耗[15, 65, 14, 9, 11, 16, 13, 12, 8, 4, 13, 21, 16, 13, 10, 27, 16, 2, 11, 20, 7, 5, 2, 2, 0, 0, 3, 8, 0, 1, 0, 8, 4, 4, 8, 4, 11, 31]
RL  -----  RL
第165天,您的路线为[(0, 0), (30, 1), (31, 2), (32, 22), (33, 42), (34, 43), (35, 23), (36, 3), (37, 4), (38, 5), (39, 6), (40, 7), (41, 27), (42, 47), (43, 46), (44, 66), (45, 67), (46, 68), (47, 48), (48, 28), (49, 8), (50, 9), (51, 29), (52, 49), (53, 69), (54, 70), (55, 50), (56, 51), (57, 31), (58, 11), (59, 12), (60, 32), (61, 33), (62, 34), (63, 35), (64, 36), (65, 37), (66, 17), (67, 18), (68, 38), (69, 39), (70, 19)]
您的距离系数损耗为1788,风险系数损耗为480,每步距离损耗[67, 11, 81, 5, 68, 50, 1, 51, 25, 13, 25, 89, 50, 10, 82, 31, 15, 35, 80, 29, 60, 66, 4, 66, 68, 76, 37, 77, 81, 16, 43, 65, 57, 47, 24, 7, 33, 45, 59, 38, 1],每步风险损耗[15, 65, 43, 25, 28, 29, 32, 6, 8, 11, 9, 21, 30, 27, 27, 17, 47, 8, 7, 4, 4, 0, 0, 2, 1, 5, 0, 1, 1, 6, 0, 1, 0, 0, 0, 0, 0, 0, 0, 0, 0]
iteration 165 ********* reward 308570 order0.0164833713854 conflicts 73261 drivers 455994
A_star  -----  A_star
搜索所用时间0.00377011299133s
从节点'0'到节点'399' 所需要的经过的节点是 [0, 1, 2, 3, 4, 5, 6, 26, 27, 28, 48, 68, 88, 108, 109, 110, 130, 150, 170, 190, 210, 230, 250, 270, 290, 310, 330, 350, 370, 371, 372, 373, 374, 375, 376, 396, 397, 398, 399] ,所需要的cost为 17212
Dijkstra  -----  Dijkstra
搜索所用时间0.00248003005981s
minimum steps:17212, path:[0, 1, 2, 3, 4, 5, 6, 26, 27, 28, 48, 68, 88, 108, 109, 110, 130, 150, 170, 190, 210, 230, 250, 270, 290, 310, 330, 350, 370, 371, 372, 373, 374, 375, 376, 396, 397, 398, 399]
('Times takes:', 450.4910898208618)
Dijkstra  -----  Dijkstra
第166天,您的路线为[0, 1, 2, 3, 4, 5, 6, 26, 27, 28, 48, 68, 88, 108, 109, 110, 130, 150, 170, 190, 210, 230, 250, 270, 290, 310, 330, 350, 370, 371, 372, 373, 374, 375, 376, 396, 397, 398, 399]
您的距离系数损耗为1065,风险系数损耗为250,每步距离损耗[67, 11, 55, 51, 25, 13, 12, 19, 21, 80, 35, 30, 26, 48, 76, 15, 22, 8, 27, 67, 50, 54, 80, 71, 10, 47, 32, 13],每步风险损耗[0, 0, 0, 3, 6, 2, 8, 1, 7, 4, 9, 10, 10, 19, 13, 31, 21, 9, 15, 21, 25, 12, 11, 6, 3, 0, 2, 2]
A_star  -----  A_star
第166天,您的路线为[0, 1, 2, 3, 4, 5, 6, 26, 27, 28, 48, 68, 88, 108, 109, 110, 130, 150, 170, 190, 210, 230, 250, 270, 290, 310, 330, 350, 370, 371, 372, 373, 374, 375, 376, 396, 397, 398, 399]
您的距离系数损耗为1065,风险系数损耗为250,每步距离损耗[67, 11, 55, 51, 25, 13, 12, 19, 21, 80, 35, 30, 26, 48, 76, 15, 22, 8, 27, 67, 50, 54, 80, 71, 10, 47, 32, 13],每步风险损耗[0, 0, 0, 3, 6, 2, 8, 1, 7, 4, 9, 10, 10, 19, 13, 31, 21, 9, 15, 21, 25, 12, 11, 6, 3, 0, 2, 2]
RL  -----  RL
第166天,您的路线为[(0, 0), (30, 1), (31, 2), (32, 3), (33, 23), (34, 22), (35, 21), (36, 20), (37, 40), (38, 41), (39, 42), (40, 43), (41, 44), (42, 64), (43, 84), (44, 104), (45, 103), (46, 102), (47, 101), (48, 121), (49, 120), (50, 100), (52, 80), (53, 60), (54, 61), (55, 81), (56, 82), (57, 62), (58, 63)]
您的距离系数损耗为1367,风险系数损耗为146,每步距离损耗[67, 11, 55, 1, 8, 55, 32, 52, 50, 64, 68, 89, 17, 83, 84, 68, 36, 32, 54, 24, 46, 64, 57, 56, 48, 19, 50, 77],每步风险损耗[0, 0, 0, 8, 3, 1, 0, 0, 0, 7, 4, 2, 2, 0, 8, 17, 13, 1, 7, 8, 15, 17, 14, 1, 5, 13, 0, 0]
iteration 166 ********* reward 343890 order0.0164534028846 conflicts 72420 drivers 451785
A_star  -----  A_star
搜索所用时间0.00374102592468s
从节点'0'到节点'399' 所需要的经过的节点是 [0, 1, 2, 3, 4, 5, 6, 26, 27, 28, 48, 68, 88, 108, 109, 110, 130, 150, 170, 190, 210, 230, 250, 270, 290, 310, 330, 350, 370, 371, 372, 373, 374, 375, 376, 396, 397, 398, 399] ,所需要的cost为 17212
Dijkstra  -----  Dijkstra
搜索所用时间0.00247001647949s
minimum steps:17212, path:[0, 1, 2, 3, 4, 5, 6, 26, 27, 28, 48, 68, 88, 108, 109, 110, 130, 150, 170, 190, 210, 230, 250, 270, 290, 310, 330, 350, 370, 371, 372, 373, 374, 375, 376, 396, 397, 398, 399]
('Times takes:', 448.9296410083771)
Dijkstra  -----  Dijkstra
第167天,您的路线为[0, 1, 2, 3, 4, 5, 6, 26, 27, 28, 48, 68, 88, 108, 109, 110, 130, 150, 170, 190, 210, 230, 250, 270, 290, 310, 330, 350, 370, 371, 372, 373, 374, 375, 376, 396, 397, 398, 399]
您的距离系数损耗为1089,风险系数损耗为332,每步距离损耗[67, 11, 55, 51, 25, 13, 12, 19, 21, 80, 35, 30, 26, 48, 76, 15, 22, 8, 27, 67, 50, 54, 80, 71, 10, 47, 32, 13, 19, 5],每步风险损耗[0, 12, 7, 34, 44, 17, 12, 6, 18, 5, 9, 12, 3, 13, 8, 6, 13, 10, 20, 18, 12, 19, 13, 3, 6, 5, 7, 0, 0, 0]
A_star  -----  A_star
第167天,您的路线为[0, 1, 2, 3, 4, 5, 6, 26, 27, 28, 48, 68, 88, 108, 109, 110, 130, 150, 170, 190, 210, 230, 250, 270, 290, 310, 330, 350, 370, 371, 372, 373, 374, 375, 376, 396, 397, 398, 399]
您的距离系数损耗为1089,风险系数损耗为332,每步距离损耗[67, 11, 55, 51, 25, 13, 12, 19, 21, 80, 35, 30, 26, 48, 76, 15, 22, 8, 27, 67, 50, 54, 80, 71, 10, 47, 32, 13, 19, 5],每步风险损耗[0, 12, 7, 34, 44, 17, 12, 6, 18, 5, 9, 12, 3, 13, 8, 6, 13, 10, 20, 18, 12, 19, 13, 3, 6, 5, 7, 0, 0, 0]
RL  -----  RL
第167天,您的路线为[(0, 0), (30, 1), (31, 2), (32, 3), (33, 23), (34, 22), (35, 42), (36, 43), (37, 63), (38, 62), (39, 82), (40, 102), (41, 122), (42, 121), (43, 101), (44, 81), (45, 61), (46, 41), (47, 21), (48, 20), (49, 40), (51, 60), (52, 80), (54, 100), (55, 120), (56, 140), (57, 160), (58, 161), (59, 162), (60, 142), (61, 141)]
您的距离系数损耗为1459,风险系数损耗为277,每步距离损耗[67, 11, 55, 1, 8, 5, 68, 66, 77, 50, 72, 41, 74, 54, 61, 48, 90, 40, 32, 52, 85, 57, 64, 46, 33, 29, 22, 59, 2, 90],每步风险损耗[0, 12, 7, 47, 9, 11, 17, 11, 5, 0, 11, 9, 21, 12, 11, 31, 8, 4, 5, 0, 0, 4, 7, 7, 11, 0, 10, 1, 6, 0]
iteration 167 ********* reward 444400 order0.0164430819841 conflicts 71444 drivers 441039
A_star  -----  A_star
搜索所用时间0.0047550201416s
从节点'0'到节点'399' 所需要的经过的节点是 [0, 1, 2, 3, 4, 5, 6, 26, 27, 28, 48, 68, 88, 108, 109, 110, 130, 150, 170, 190, 210, 230, 250, 270, 290, 310, 330, 350, 370, 371, 372, 373, 374, 375, 376, 396, 397, 398, 399] ,所需要的cost为 17212
Dijkstra  -----  Dijkstra
搜索所用时间0.00247693061829s
minimum steps:17212, path:[0, 1, 2, 3, 4, 5, 6, 26, 27, 28, 48, 68, 88, 108, 109, 110, 130, 150, 170, 190, 210, 230, 250, 270, 290, 310, 330, 350, 370, 371, 372, 373, 374, 375, 376, 396, 397, 398, 399]
('Times takes:', 450.0619111061096)
Dijkstra  -----  Dijkstra
第168天,您的路线为[0, 1, 2, 3, 4, 5, 6, 26, 27, 28, 48, 68, 88, 108, 109, 110, 130, 150, 170, 190, 210, 230, 250, 270, 290, 310, 330, 350, 370, 371, 372, 373, 374, 375, 376, 396, 397, 398, 399]
您的距离系数损耗为209,风险系数损耗为70,每步距离损耗[67, 11, 55, 51, 25],每步风险损耗[0, 13, 8, 14, 35]
A_star  -----  A_star
第168天,您的路线为[0, 1, 2, 3, 4, 5, 6, 26, 27, 28, 48, 68, 88, 108, 109, 110, 130, 150, 170, 190, 210, 230, 250, 270, 290, 310, 330, 350, 370, 371, 372, 373, 374, 375, 376, 396, 397, 398, 399]
您的距离系数损耗为209,风险系数损耗为70,每步距离损耗[67, 11, 55, 51, 25],每步风险损耗[0, 13, 8, 14, 35]
RL  -----  RL
第168天,您的路线为[(0, 0), (30, 1), (31, 21), (32, 41), (33, 40), (34, 20)]
您的距离系数损耗为246,风险系数损耗为19,每步距离损耗[67, 37, 40, 50, 52],每步风险损耗[0, 6, 8, 0, 5]
iteration 168 ********* reward 355850 order0.0164135553707 conflicts 73346 drivers 472336
A_star  -----  A_star
搜索所用时间0.00376915931702s
从节点'0'到节点'399' 所需要的经过的节点是 [0, 1, 2, 3, 4, 5, 6, 26, 27, 28, 48, 68, 88, 108, 109, 110, 130, 150, 170, 190, 210, 230, 250, 270, 290, 310, 330, 350, 370, 371, 372, 373, 374, 375, 376, 396, 397, 398, 399] ,所需要的cost为 17212
Dijkstra  -----  Dijkstra
搜索所用时间0.00247502326965s
minimum steps:17212, path:[0, 1, 2, 3, 4, 5, 6, 26, 27, 28, 48, 68, 88, 108, 109, 110, 130, 150, 170, 190, 210, 230, 250, 270, 290, 310, 330, 350, 370, 371, 372, 373, 374, 375, 376, 396, 397, 398, 399]
('Times takes:', 434.4238119125366)
Dijkstra  -----  Dijkstra
第169天,您的路线为[0, 1, 2, 3, 4, 5, 6, 26, 27, 28, 48, 68, 88, 108, 109, 110, 130, 150, 170, 190, 210, 230, 250, 270, 290, 310, 330, 350, 370, 371, 372, 373, 374, 375, 376, 396, 397, 398, 399]
您的距离系数损耗为641,风险系数损耗为265,每步距离损耗[67, 11, 55, 51, 25, 13, 12, 19, 21, 80, 35, 30, 26, 48, 76, 15, 22, 8, 27],每步风险损耗[0, 5, 4, 6, 44, 20, 11, 2, 36, 7, 13, 20, 25, 10, 2, 6, 14, 4, 36]
A_star  -----  A_star
第169天,您的路线为[0, 1, 2, 3, 4, 5, 6, 26, 27, 28, 48, 68, 88, 108, 109, 110, 130, 150, 170, 190, 210, 230, 250, 270, 290, 310, 330, 350, 370, 371, 372, 373, 374, 375, 376, 396, 397, 398, 399]
您的距离系数损耗为641,风险系数损耗为265,每步距离损耗[67, 11, 55, 51, 25, 13, 12, 19, 21, 80, 35, 30, 26, 48, 76, 15, 22, 8, 27],每步风险损耗[0, 5, 4, 6, 44, 20, 11, 2, 36, 7, 13, 20, 25, 10, 2, 6, 14, 4, 36]
RL  -----  RL
第169天,您的路线为[(0, 0), (30, 1), (31, 2), (32, 3), (33, 4), (34, 24), (36, 25), (37, 5), (38, 6), (39, 26), (40, 46), (41, 47), (42, 67), (43, 87), (44, 86), (45, 85), (46, 65), (47, 64), (48, 44), (49, 45)]
您的距离系数损耗为778,风险系数损耗为253,每步距离损耗[67, 11, 55, 51, 19, 5, 76, 13, 12, 10, 10, 79, 60, 66, 33, 83, 89, 17, 22],每步风险损耗[0, 5, 4, 6, 21, 23, 8, 16, 10, 24, 34, 8, 22, 29, 11, 11, 5, 6, 10]
iteration 169 ********* reward 277960 order0.0163710189335 conflicts 69516 drivers 430681
A_star  -----  A_star
搜索所用时间0.0036301612854s
从节点'0'到节点'399' 所需要的经过的节点是 [0, 1, 2, 3, 4, 5, 6, 26, 27, 28, 48, 68, 88, 108, 109, 110, 130, 150, 170, 190, 210, 230, 250, 270, 290, 310, 330, 350, 370, 371, 372, 373, 374, 375, 376, 396, 397, 398, 399] ,所需要的cost为 17212
Dijkstra  -----  Dijkstra
搜索所用时间0.00244808197021s
minimum steps:17212, path:[0, 1, 2, 3, 4, 5, 6, 26, 27, 28, 48, 68, 88, 108, 109, 110, 130, 150, 170, 190, 210, 230, 250, 270, 290, 310, 330, 350, 370, 371, 372, 373, 374, 375, 376, 396, 397, 398, 399]
('Times takes:', 362.36850214004517)
Dijkstra  -----  Dijkstra
第170天,您的路线为[0, 1, 2, 3, 4, 5, 6, 26, 27, 28, 48, 68, 88, 108, 109, 110, 130, 150, 170, 190, 210, 230, 250, 270, 290, 310, 330, 350, 370, 371, 372, 373, 374, 375, 376, 396, 397, 398, 399]
您的距离系数损耗为1234,风险系数损耗为419,每步距离损耗[67, 11, 55, 51, 25, 13, 12, 19, 21, 80, 35, 30, 26, 48, 76, 15, 22, 8, 27, 67, 50, 54, 80, 71, 10, 47, 32, 13, 19, 5, 36, 12, 39, 19, 9, 14, 12, 4],每步风险损耗[7, 11, 8, 11, 25, 22, 11, 6, 22, 11, 16, 34, 14, 11, 10, 28, 20, 8, 13, 13, 11, 18, 6, 1, 0, 0, 3, 4, 0, 4, 5, 6, 0, 0, 8, 8, 16, 28]
A_star  -----  A_star
第170天,您的路线为[0, 1, 2, 3, 4, 5, 6, 26, 27, 28, 48, 68, 88, 108, 109, 110, 130, 150, 170, 190, 210, 230, 250, 270, 290, 310, 330, 350, 370, 371, 372, 373, 374, 375, 376, 396, 397, 398, 399]
您的距离系数损耗为1234,风险系数损耗为419,每步距离损耗[67, 11, 55, 51, 25, 13, 12, 19, 21, 80, 35, 30, 26, 48, 76, 15, 22, 8, 27, 67, 50, 54, 80, 71, 10, 47, 32, 13, 19, 5, 36, 12, 39, 19, 9, 14, 12, 4],每步风险损耗[7, 11, 8, 11, 25, 22, 11, 6, 22, 11, 16, 34, 14, 11, 10, 28, 20, 8, 13, 13, 11, 18, 6, 1, 0, 0, 3, 4, 0, 4, 5, 6, 0, 0, 8, 8, 16, 28]
RL  -----  RL
第170天,您的路线为[(0, 0), (30, 1), (31, 2), (32, 3), (33, 4), (34, 5), (35, 25), (36, 45), (37, 65), (38, 64), (39, 84), (40, 85), (41, 86), (42, 66), (43, 67), (44, 47), (45, 27), (46, 28), (47, 29), (48, 49), (49, 48), (50, 68), (51, 69), (52, 89), (53, 109), (54, 108), (55, 128), (56, 129), (59, 149), (60, 148), (61, 147), (62, 127), (63, 126), (64, 106), (65, 105), (66, 125), (67, 124), (68, 144), (69, 164), (70, 184), (71, 204), (72, 224), (73, 244), (74, 243), (75, 242), (76, 241), (77, 240), (78, 220), (79, 221), (80, 201), (81, 200), (82, 180), (83, 160), (84, 140), (85, 120), (86, 100), (87, 80), (88, 81), (89, 82), (90, 102), (91, 101), (92, 121), (93, 122), (94, 142), (95, 162), (96, 161), (97, 181), (98, 182), (99, 183), (100, 203), (101, 202), (102, 222), (103, 223)]
您的距离系数损耗为3218,风险系数损耗为640,每步距离损耗[67, 11, 55, 51, 25, 76, 79, 43, 89, 83, 86, 33, 23, 31, 79, 50, 21, 49, 4, 5, 35, 8, 57, 13, 48, 25, 17, 87, 33, 79, 8, 45, 43, 62, 23, 83, 22, 35, 44, 18, 32, 57, 35, 35, 39, 71, 66, 17, 66, 4, 83, 57, 29, 33, 46, 64, 87, 19, 72, 32, 54, 74, 40, 2, 59, 2, 75, 72, 6, 13, 63, 69],每步风险损耗[7, 11, 8, 11, 25, 6, 29, 36, 9, 17, 24, 12, 33, 17, 23, 48, 13, 18, 4, 22, 11, 26, 15, 39, 9, 21, 10, 12, 12, 7, 7, 8, 2, 6, 8, 2, 5, 2, 24, 11, 9, 1, 1, 0, 0, 0, 0, 0, 0, 1, 0, 0, 0, 0, 9, 6, 0, 0, 0, 0, 0, 0, 3, 0, 0, 0, 0, 0, 0, 0, 0, 0]
iteration 170 ********* reward 372160 order0.0163460257848 conflicts 67743 drivers 408944
A_star  -----  A_star
搜索所用时间0.00366282463074s
从节点'0'到节点'399' 所需要的经过的节点是 [0, 1, 2, 3, 4, 5, 6, 26, 27, 28, 48, 68, 88, 108, 109, 110, 130, 150, 170, 190, 210, 230, 250, 270, 290, 310, 330, 350, 370, 371, 372, 373, 374, 375, 376, 396, 397, 398, 399] ,所需要的cost为 17212
Dijkstra  -----  Dijkstra
搜索所用时间0.00245690345764s
minimum steps:17212, path:[0, 1, 2, 3, 4, 5, 6, 26, 27, 28, 48, 68, 88, 108, 109, 110, 130, 150, 170, 190, 210, 230, 250, 270, 290, 310, 330, 350, 370, 371, 372, 373, 374, 375, 376, 396, 397, 398, 399]
('Times takes:', 341.8453290462494)
Dijkstra  -----  Dijkstra
第171天,您的路线为[0, 1, 2, 3, 4, 5, 6, 26, 27, 28, 48, 68, 88, 108, 109, 110, 130, 150, 170, 190, 210, 230, 250, 270, 290, 310, 330, 350, 370, 371, 372, 373, 374, 375, 376, 396, 397, 398, 399]
您的距离系数损耗为1234,风险系数损耗为215,每步距离损耗[67, 11, 55, 51, 25, 13, 12, 19, 21, 80, 35, 30, 26, 48, 76, 15, 22, 8, 27, 67, 50, 54, 80, 71, 10, 47, 32, 13, 19, 5, 36, 12, 39, 19, 9, 14, 12, 4],每步风险损耗[1, 7, 3, 3, 13, 7, 14, 11, 11, 8, 7, 17, 9, 8, 6, 12, 12, 6, 13, 7, 6, 5, 6, 0, 0, 0, 0, 1, 0, 3, 5, 0, 0, 0, 0, 0, 4, 10]
A_star  -----  A_star
第171天,您的路线为[0, 1, 2, 3, 4, 5, 6, 26, 27, 28, 48, 68, 88, 108, 109, 110, 130, 150, 170, 190, 210, 230, 250, 270, 290, 310, 330, 350, 370, 371, 372, 373, 374, 375, 376, 396, 397, 398, 399]
您的距离系数损耗为1234,风险系数损耗为215,每步距离损耗[67, 11, 55, 51, 25, 13, 12, 19, 21, 80, 35, 30, 26, 48, 76, 15, 22, 8, 27, 67, 50, 54, 80, 71, 10, 47, 32, 13, 19, 5, 36, 12, 39, 19, 9, 14, 12, 4],每步风险损耗[1, 7, 3, 3, 13, 7, 14, 11, 11, 8, 7, 17, 9, 8, 6, 12, 12, 6, 13, 7, 6, 5, 6, 0, 0, 0, 0, 1, 0, 3, 5, 0, 0, 0, 0, 0, 4, 10]
RL  -----  RL
第171天,您的路线为[(0, 0), (30, 20), (33, 21), (34, 1), (35, 2), (36, 22), (37, 42), (38, 41), (39, 40), (41, 60), (42, 61), (43, 62), (44, 82), (45, 81), (46, 80), (47, 100), (48, 101), (49, 121), (50, 122), (51, 102), (54, 103), (55, 104), (56, 124), (57, 125), (58, 126), (59, 127), (60, 128), (61, 148), (62, 147), (63, 146), (64, 145), (65, 165), (66, 185), (67, 184), (68, 164), (69, 144), (70, 143), (71, 142), (72, 141), (73, 140), (74, 160), (75, 161), (76, 181), (77, 182), (78, 202), (79, 222), (80, 221), (81, 201), (82, 200), (83, 180)]
您的距离系数损耗为2305,风险系数损耗为276,每步距离损耗[4, 32, 37, 11, 81, 5, 64, 50, 85, 56, 70, 50, 19, 87, 64, 8, 54, 74, 41, 36, 68, 15, 83, 34, 45, 11, 45, 79, 80, 49, 64, 20, 20, 44, 35, 56, 72, 90, 10, 29, 22, 2, 75, 72, 63, 41, 66, 4, 83],每步风险损耗[5, 13, 8, 4, 6, 6, 19, 1, 17, 16, 17, 2, 13, 13, 26, 14, 5, 15, 6, 11, 10, 1, 12, 10, 4, 0, 0, 0, 0, 10, 1, 0, 0, 0, 0, 6, 0, 0, 0, 0, 0, 0, 0, 0, 0, 0, 0, 2, 3]
iteration 171 ********* reward 390830 order0.0163269953394 conflicts 72857 drivers 456157
A_star  -----  A_star
搜索所用时间0.00365805625916s
从节点'0'到节点'399' 所需要的经过的节点是 [0, 1, 2, 3, 4, 5, 6, 26, 27, 28, 48, 68, 88, 108, 109, 110, 130, 150, 170, 190, 210, 230, 250, 270, 290, 310, 330, 350, 370, 371, 372, 373, 374, 375, 376, 396, 397, 398, 399] ,所需要的cost为 17212
Dijkstra  -----  Dijkstra
搜索所用时间0.0024299621582s
minimum steps:17212, path:[0, 1, 2, 3, 4, 5, 6, 26, 27, 28, 48, 68, 88, 108, 109, 110, 130, 150, 170, 190, 210, 230, 250, 270, 290, 310, 330, 350, 370, 371, 372, 373, 374, 375, 376, 396, 397, 398, 399]
('Times takes:', 305.6295039653778)
Dijkstra  -----  Dijkstra
第172天,您的路线为[0, 1, 2, 3, 4, 5, 6, 26, 27, 28, 48, 68, 88, 108, 109, 110, 130, 150, 170, 190, 210, 230, 250, 270, 290, 310, 330, 350, 370, 371, 372, 373, 374, 375, 376, 396, 397, 398, 399]
您的距离系数损耗为892,风险系数损耗为318,每步距离损耗[67, 11, 55, 51, 25, 13, 12, 19, 21, 80, 35, 30, 26, 48, 76, 15, 22, 8, 27, 67, 50, 54, 80],每步风险损耗[0, 8, 4, 6, 17, 11, 10, 3, 17, 11, 10, 22, 15, 7, 16, 35, 66, 19, 12, 7, 3, 7, 12]
A_star  -----  A_star
第172天,您的路线为[0, 1, 2, 3, 4, 5, 6, 26, 27, 28, 48, 68, 88, 108, 109, 110, 130, 150, 170, 190, 210, 230, 250, 270, 290, 310, 330, 350, 370, 371, 372, 373, 374, 375, 376, 396, 397, 398, 399]
您的距离系数损耗为892,风险系数损耗为318,每步距离损耗[67, 11, 55, 51, 25, 13, 12, 19, 21, 80, 35, 30, 26, 48, 76, 15, 22, 8, 27, 67, 50, 54, 80],每步风险损耗[0, 8, 4, 6, 17, 11, 10, 3, 17, 11, 10, 22, 15, 7, 16, 35, 66, 19, 12, 7, 3, 7, 12]
RL  -----  RL
第172天,您的路线为[(0, 0), (30, 1), (31, 21), (32, 20), (33, 40), (34, 60), (35, 61), (36, 41), (37, 42), (38, 22), (39, 2), (40, 3), (41, 4), (42, 24), (43, 25), (44, 26), (45, 46), (46, 47), (47, 67), (48, 66), (49, 65), (50, 64), (51, 44), (52, 45)]
您的距离系数损耗为1040,风险系数损耗为216,每步距离损耗[67, 37, 32, 52, 85, 56, 90, 64, 5, 81, 55, 51, 19, 5, 38, 10, 10, 79, 31, 45, 89, 17, 22],每步风险损耗[0, 2, 10, 2, 11, 23, 25, 12, 5, 11, 0, 1, 11, 13, 0, 11, 11, 10, 16, 19, 12, 3, 8]
iteration 172 ********* reward 313330 order0.0162934801034 conflicts 70156 drivers 442809
A_star  -----  A_star
搜索所用时间0.00361204147339s
从节点'0'到节点'399' 所需要的经过的节点是 [0, 1, 2, 3, 4, 5, 6, 26, 27, 28, 48, 68, 88, 108, 109, 110, 130, 150, 170, 190, 210, 230, 250, 270, 290, 310, 330, 350, 370, 371, 372, 373, 374, 375, 376, 396, 397, 398, 399] ,所需要的cost为 17212
Dijkstra  -----  Dijkstra
搜索所用时间0.0024471282959s
minimum steps:17212, path:[0, 1, 2, 3, 4, 5, 6, 26, 27, 28, 48, 68, 88, 108, 109, 110, 130, 150, 170, 190, 210, 230, 250, 270, 290, 310, 330, 350, 370, 371, 372, 373, 374, 375, 376, 396, 397, 398, 399]
('Times takes:', 271.5846610069275)
Dijkstra  -----  Dijkstra
第173天,您的路线为[0, 1, 2, 3, 4, 5, 6, 26, 27, 28, 48, 68, 88, 108, 109, 110, 130, 150, 170, 190, 210, 230, 250, 270, 290, 310, 330, 350, 370, 371, 372, 373, 374, 375, 376, 396, 397, 398, 399]
您的距离系数损耗为584,风险系数损耗为223,每步距离损耗[67, 11, 55, 51, 25, 13, 12, 19, 21, 80, 35, 30, 26, 48, 76, 15],每步风险损耗[0, 7, 13, 28, 24, 17, 32, 8, 20, 7, 7, 20, 13, 3, 8, 16]
A_star  -----  A_star
第173天,您的路线为[0, 1, 2, 3, 4, 5, 6, 26, 27, 28, 48, 68, 88, 108, 109, 110, 130, 150, 170, 190, 210, 230, 250, 270, 290, 310, 330, 350, 370, 371, 372, 373, 374, 375, 376, 396, 397, 398, 399]
您的距离系数损耗为584,风险系数损耗为223,每步距离损耗[67, 11, 55, 51, 25, 13, 12, 19, 21, 80, 35, 30, 26, 48, 76, 15],每步风险损耗[0, 7, 13, 28, 24, 17, 32, 8, 20, 7, 7, 20, 13, 3, 8, 16]
RL  -----  RL
第173天,您的路线为[(0, 0), (30, 1), (31, 2), (32, 3), (33, 23), (34, 22), (35, 42), (36, 62), (37, 82), (38, 81), (39, 80), (40, 60), (41, 61), (42, 41), (43, 21), (44, 20), (45, 40)]
您的距离系数损耗为688,风险系数损耗为133,每步距离损耗[67, 11, 55, 1, 8, 5, 58, 50, 19, 87, 57, 56, 90, 40, 32, 52],每步风险损耗[0, 7, 13, 40, 7, 10, 7, 4, 17, 16, 7, 5, 0, 0, 0, 0]
iteration 173 ********* reward 329540 order0.016260991946 conflicts 73584 drivers 472856
A_star  -----  A_star
搜索所用时间0.0035560131073s
从节点'0'到节点'399' 所需要的经过的节点是 [0, 1, 2, 3, 4, 5, 6, 26, 27, 28, 48, 68, 88, 108, 109, 110, 130, 150, 170, 190, 210, 230, 250, 270, 290, 310, 330, 350, 370, 371, 372, 373, 374, 375, 376, 396, 397, 398, 399] ,所需要的cost为 17212
Dijkstra  -----  Dijkstra
搜索所用时间0.0023980140686s
minimum steps:17212, path:[0, 1, 2, 3, 4, 5, 6, 26, 27, 28, 48, 68, 88, 108, 109, 110, 130, 150, 170, 190, 210, 230, 250, 270, 290, 310, 330, 350, 370, 371, 372, 373, 374, 375, 376, 396, 397, 398, 399]
('Times takes:', 274.23380494117737)
Dijkstra  -----  Dijkstra
第174天,您的路线为[0, 1, 2, 3, 4, 5, 6, 26, 27, 28, 48, 68, 88, 108, 109, 110, 130, 150, 170, 190, 210, 230, 250, 270, 290, 310, 330, 350, 370, 371, 372, 373, 374, 375, 376, 396, 397, 398, 399]
您的距离系数损耗为1234,风险系数损耗为342,每步距离损耗[67, 11, 55, 51, 25, 13, 12, 19, 21, 80, 35, 30, 26, 48, 76, 15, 22, 8, 27, 67, 50, 54, 80, 71, 10, 47, 32, 13, 19, 5, 36, 12, 39, 19, 9, 14, 12, 4],每步风险损耗[0, 9, 8, 8, 27, 8, 14, 10, 16, 4, 11, 11, 11, 6, 14, 34, 27, 0, 5, 9, 18, 12, 9, 0, 10, 0, 0, 4, 0, 1, 3, 2, 2, 8, 2, 6, 20, 13]
A_star  -----  A_star
第174天,您的路线为[0, 1, 2, 3, 4, 5, 6, 26, 27, 28, 48, 68, 88, 108, 109, 110, 130, 150, 170, 190, 210, 230, 250, 270, 290, 310, 330, 350, 370, 371, 372, 373, 374, 375, 376, 396, 397, 398, 399]
您的距离系数损耗为1234,风险系数损耗为342,每步距离损耗[67, 11, 55, 51, 25, 13, 12, 19, 21, 80, 35, 30, 26, 48, 76, 15, 22, 8, 27, 67, 50, 54, 80, 71, 10, 47, 32, 13, 19, 5, 36, 12, 39, 19, 9, 14, 12, 4],每步风险损耗[0, 9, 8, 8, 27, 8, 14, 10, 16, 4, 11, 11, 11, 6, 14, 34, 27, 0, 5, 9, 18, 12, 9, 0, 10, 0, 0, 4, 0, 1, 3, 2, 2, 8, 2, 6, 20, 13]
RL  -----  RL
第174天,您的路线为[(0, 0), (32, 20), (33, 40), (34, 41), (35, 21), (36, 1), (37, 2), (38, 22), (39, 42), (40, 62), (41, 63), (42, 64), (43, 65), (44, 85), (45, 84), (46, 104), (47, 105), (48, 106), (49, 126), (50, 127), (51, 128), (52, 108), (53, 107), (54, 87), (55, 86), (56, 66), (57, 67), (58, 47), (59, 27), (60, 7), (61, 6), (62, 26), (63, 46), (64, 45), (65, 25), (66, 5), (67, 4), (68, 24), (69, 44), (70, 43), (71, 23), (72, 3)]
您的距离系数损耗为1880,风险系数损耗为249,每步距离损耗[4, 52, 50, 40, 37, 11, 81, 5, 58, 77, 9, 89, 83, 86, 84, 23, 62, 43, 45, 11, 25, 49, 57, 66, 23, 31, 79, 50, 89, 25, 12, 10, 70, 79, 76, 25, 19, 5, 89, 50, 1],每步风险损耗[0, 6, 5, 27, 2, 6, 1, 8, 25, 9, 0, 0, 7, 23, 10, 10, 16, 9, 21, 8, 11, 5, 3, 7, 5, 0, 0, 5, 0, 2, 0, 11, 0, 7, 0, 0, 0, 0, 0, 0, 0]
iteration 174 ********* reward 369060 order0.0162379361166 conflicts 68321 drivers 413786
A_star  -----  A_star
搜索所用时间0.00349402427673s
从节点'0'到节点'399' 所需要的经过的节点是 [0, 1, 2, 3, 4, 5, 6, 26, 27, 28, 48, 68, 88, 108, 109, 110, 130, 150, 170, 190, 210, 230, 250, 270, 290, 310, 330, 350, 370, 371, 372, 373, 374, 375, 376, 396, 397, 398, 399] ,所需要的cost为 17212
Dijkstra  -----  Dijkstra
搜索所用时间0.00240087509155s
minimum steps:17212, path:[0, 1, 2, 3, 4, 5, 6, 26, 27, 28, 48, 68, 88, 108, 109, 110, 130, 150, 170, 190, 210, 230, 250, 270, 290, 310, 330, 350, 370, 371, 372, 373, 374, 375, 376, 396, 397, 398, 399]
('Times takes:', 270.3957681655884)
Dijkstra  -----  Dijkstra
第175天,您的路线为[0, 1, 2, 3, 4, 5, 6, 26, 27, 28, 48, 68, 88, 108, 109, 110, 130, 150, 170, 190, 210, 230, 250, 270, 290, 310, 330, 350, 370, 371, 372, 373, 374, 375, 376, 396, 397, 398, 399]
您的距离系数损耗为1234,风险系数损耗为332,每步距离损耗[67, 11, 55, 51, 25, 13, 12, 19, 21, 80, 35, 30, 26, 48, 76, 15, 22, 8, 27, 67, 50, 54, 80, 71, 10, 47, 32, 13, 19, 5, 36, 12, 39, 19, 9, 14, 12, 4],每步风险损耗[0, 10, 6, 7, 20, 25, 17, 9, 22, 11, 16, 11, 19, 7, 8, 10, 13, 0, 6, 11, 7, 5, 12, 0, 0, 0, 2, 2, 3, 4, 0, 10, 0, 0, 0, 3, 27, 29]
A_star  -----  A_star
第175天,您的路线为[0, 1, 2, 3, 4, 5, 6, 26, 27, 28, 48, 68, 88, 108, 109, 110, 130, 150, 170, 190, 210, 230, 250, 270, 290, 310, 330, 350, 370, 371, 372, 373, 374, 375, 376, 396, 397, 398, 399]
您的距离系数损耗为1234,风险系数损耗为332,每步距离损耗[67, 11, 55, 51, 25, 13, 12, 19, 21, 80, 35, 30, 26, 48, 76, 15, 22, 8, 27, 67, 50, 54, 80, 71, 10, 47, 32, 13, 19, 5, 36, 12, 39, 19, 9, 14, 12, 4],每步风险损耗[0, 10, 6, 7, 20, 25, 17, 9, 22, 11, 16, 11, 19, 7, 8, 10, 13, 0, 6, 11, 7, 5, 12, 0, 0, 0, 2, 2, 3, 4, 0, 10, 0, 0, 0, 3, 27, 29]
RL  -----  RL
第175天,您的路线为[(0, 0), (32, 20), (33, 21), (34, 1), (35, 2), (36, 22), (37, 42), (38, 43), (39, 23), (40, 3), (41, 4), (42, 24), (44, 44), (45, 45), (46, 65), (47, 64), (48, 84), (49, 85), (50, 86), (51, 106), (52, 126), (53, 146), (54, 145), (55, 165), (56, 164), (57, 144), (58, 124), (59, 104), (60, 103), (61, 123), (62, 143), (63, 163), (64, 162), (65, 161), (66, 141), (67, 142), (69, 122), (70, 121), (71, 101), (72, 102), (73, 82), (74, 62), (75, 61), (76, 60), (77, 80), (78, 100), (79, 120), (80, 140), (81, 160), (82, 180), (83, 200), (84, 201), (85, 202), (86, 203), (87, 204), (88, 205), (89, 185), (90, 184), (91, 183), (92, 182), (93, 181)]
您的距离系数损耗为2685,风险系数损耗为406,每步距离损耗[4, 32, 37, 11, 81, 5, 68, 50, 1, 51, 19, 5, 22, 43, 89, 83, 86, 33, 73, 43, 76, 49, 64, 26, 35, 22, 15, 68, 48, 77, 46, 64, 59, 15, 90, 40, 74, 54, 32, 72, 50, 70, 56, 57, 64, 46, 33, 29, 57, 83, 4, 8, 13, 13, 1, 48, 20, 24, 72, 75],每步风险损耗[2, 16, 18, 7, 21, 13, 25, 59, 42, 3, 20, 26, 34, 30, 4, 12, 24, 10, 5, 0, 0, 8, 1, 9, 1, 6, 0, 2, 0, 1, 0, 0, 0, 0, 0, 1, 0, 0, 0, 0, 0, 0, 0, 1, 5, 0, 0, 0, 0, 0, 0, 0, 0, 0, 0, 0, 0, 0, 0, 0]
iteration 175 ********* reward 433200 order0.0162275208034 conflicts 72088 drivers 453965
A_star  -----  A_star
搜索所用时间0.00351285934448s
从节点'0'到节点'399' 所需要的经过的节点是 [0, 1, 2, 3, 4, 5, 6, 26, 27, 28, 48, 68, 88, 108, 109, 110, 130, 150, 170, 190, 210, 230, 250, 270, 290, 310, 330, 350, 370, 371, 372, 373, 374, 375, 376, 396, 397, 398, 399] ,所需要的cost为 17212
Dijkstra  -----  Dijkstra
搜索所用时间0.00241208076477s
minimum steps:17212, path:[0, 1, 2, 3, 4, 5, 6, 26, 27, 28, 48, 68, 88, 108, 109, 110, 130, 150, 170, 190, 210, 230, 250, 270, 290, 310, 330, 350, 370, 371, 372, 373, 374, 375, 376, 396, 397, 398, 399]
('Times takes:', 266.19477462768555)
Dijkstra  -----  Dijkstra
第176天,您的路线为[0, 1, 2, 3, 4, 5, 6, 26, 27, 28, 48, 68, 88, 108, 109, 110, 130, 150, 170, 190, 210, 230, 250, 270, 290, 310, 330, 350, 370, 371, 372, 373, 374, 375, 376, 396, 397, 398, 399]
您的距离系数损耗为1230,风险系数损耗为334,每步距离损耗[67, 11, 55, 51, 25, 13, 12, 19, 21, 80, 35, 30, 26, 48, 76, 15, 22, 8, 27, 67, 50, 54, 80, 71, 10, 47, 32, 13, 19, 5, 36, 12, 39, 19, 9, 14, 12],每步风险损耗[4, 15, 1, 1, 8, 14, 18, 8, 9, 7, 5, 23, 9, 9, 8, 9, 23, 0, 19, 24, 11, 4, 11, 2, 2, 1, 0, 7, 0, 0, 3, 24, 6, 7, 10, 7, 25]
A_star  -----  A_star
第176天,您的路线为[0, 1, 2, 3, 4, 5, 6, 26, 27, 28, 48, 68, 88, 108, 109, 110, 130, 150, 170, 190, 210, 230, 250, 270, 290, 310, 330, 350, 370, 371, 372, 373, 374, 375, 376, 396, 397, 398, 399]
您的距离系数损耗为1230,风险系数损耗为334,每步距离损耗[67, 11, 55, 51, 25, 13, 12, 19, 21, 80, 35, 30, 26, 48, 76, 15, 22, 8, 27, 67, 50, 54, 80, 71, 10, 47, 32, 13, 19, 5, 36, 12, 39, 19, 9, 14, 12],每步风险损耗[4, 15, 1, 1, 8, 14, 18, 8, 9, 7, 5, 23, 9, 9, 8, 9, 23, 0, 19, 24, 11, 4, 11, 2, 2, 1, 0, 7, 0, 0, 3, 24, 6, 7, 10, 7, 25]
RL  -----  RL
第176天,您的路线为[(0, 0), (30, 1), (31, 21), (32, 22), (33, 42), (34, 43), (35, 23), (36, 24), (37, 4), (38, 5), (39, 6), (40, 7), (41, 8), (42, 28), (43, 27), (44, 47), (45, 48), (46, 49), (47, 50), (48, 70), (49, 71), (50, 72), (51, 52), (52, 51), (53, 31), (54, 11), (55, 12), (56, 32), (57, 33), (58, 13), (59, 14), (60, 15), (61, 16), (62, 36), (63, 35), (64, 55), (65, 54), (66, 34)]
您的距离系数损耗为1423,风险系数损耗为193,每步距离损耗[67, 37, 55, 5, 68, 50, 26, 19, 25, 13, 25, 49, 29, 21, 50, 33, 5, 84, 76, 79, 4, 3, 18, 77, 81, 16, 43, 65, 67, 19, 88, 54, 25, 24, 1, 19, 3],每步风险损耗[4, 20, 20, 10, 25, 26, 3, 1, 6, 10, 0, 8, 14, 3, 7, 2, 8, 6, 2, 0, 0, 0, 0, 10, 6, 2, 0, 0, 0, 0, 0, 0, 0, 0, 0, 0, 0]
iteration 176 ********* reward 391980 order0.0162092095381 conflicts 72089 drivers 448390
A_star  -----  A_star
搜索所用时间0.00349688529968s
从节点'0'到节点'399' 所需要的经过的节点是 [0, 1, 2, 3, 4, 5, 6, 26, 27, 28, 48, 68, 88, 108, 109, 110, 130, 150, 170, 190, 210, 230, 250, 270, 290, 310, 330, 350, 370, 371, 372, 373, 374, 375, 376, 396, 397, 398, 399] ,所需要的cost为 17212
Dijkstra  -----  Dijkstra
搜索所用时间0.00238108634949s
minimum steps:17212, path:[0, 1, 2, 3, 4, 5, 6, 26, 27, 28, 48, 68, 88, 108, 109, 110, 130, 150, 170, 190, 210, 230, 250, 270, 290, 310, 330, 350, 370, 371, 372, 373, 374, 375, 376, 396, 397, 398, 399]
('Times takes:', 266.76281476020813)
Dijkstra  -----  Dijkstra
第177天,您的路线为[0, 1, 2, 3, 4, 5, 6, 26, 27, 28, 48, 68, 88, 108, 109, 110, 130, 150, 170, 190, 210, 230, 250, 270, 290, 310, 330, 350, 370, 371, 372, 373, 374, 375, 376, 396, 397, 398, 399]
您的距离系数损耗为1125,风险系数损耗为254,每步距离损耗[67, 11, 55, 51, 25, 13, 12, 19, 21, 80, 35, 30, 26, 48, 76, 15, 22, 8, 27, 67, 50, 54, 80, 71, 10, 47, 32, 13, 19, 5, 36],每步风险损耗[0, 13, 15, 8, 26, 11, 20, 6, 11, 2, 10, 2, 7, 3, 8, 19, 12, 2, 5, 8, 8, 12, 11, 0, 3, 0, 6, 4, 0, 10, 12]
A_star  -----  A_star
第177天,您的路线为[0, 1, 2, 3, 4, 5, 6, 26, 27, 28, 48, 68, 88, 108, 109, 110, 130, 150, 170, 190, 210, 230, 250, 270, 290, 310, 330, 350, 370, 371, 372, 373, 374, 375, 376, 396, 397, 398, 399]
您的距离系数损耗为1125,风险系数损耗为254,每步距离损耗[67, 11, 55, 51, 25, 13, 12, 19, 21, 80, 35, 30, 26, 48, 76, 15, 22, 8, 27, 67, 50, 54, 80, 71, 10, 47, 32, 13, 19, 5, 36],每步风险损耗[0, 13, 15, 8, 26, 11, 20, 6, 11, 2, 10, 2, 7, 3, 8, 19, 12, 2, 5, 8, 8, 12, 11, 0, 3, 0, 6, 4, 0, 10, 12]
RL  -----  RL
第177天,您的路线为[(0, 0), (31, 1), (32, 2), (33, 3), (34, 23), (35, 24), (36, 4), (37, 5), (38, 6), (40, 26), (41, 46), (42, 47), (43, 67), (44, 66), (45, 65), (46, 64), (47, 44), (48, 43), (49, 63), (50, 62), (51, 82), (52, 102), (53, 101), (54, 100), (55, 80), (56, 81), (57, 61), (58, 41), (59, 21), (60, 20), (61, 40), (62, 60)]
您的距离系数损耗为1402,风险系数损耗为229,每步距离损耗[67, 11, 55, 1, 26, 19, 25, 13, 12, 10, 10, 79, 31, 45, 89, 17, 89, 66, 77, 50, 72, 32, 8, 64, 87, 48, 90, 40, 32, 52, 85],每步风险损耗[0, 13, 15, 17, 13, 12, 21, 10, 17, 28, 17, 9, 5, 16, 6, 6, 7, 1, 1, 0, 1, 0, 0, 2, 3, 9, 0, 0, 0, 0, 0]
iteration 177 ********* reward 399130 order0.0161924148139 conflicts 73814 drivers 477017
A_star  -----  A_star
搜索所用时间0.00347805023193s
从节点'0'到节点'399' 所需要的经过的节点是 [0, 1, 2, 3, 4, 5, 6, 26, 27, 28, 48, 68, 88, 108, 109, 110, 130, 150, 170, 190, 210, 230, 250, 270, 290, 310, 330, 350, 370, 371, 372, 373, 374, 375, 376, 396, 397, 398, 399] ,所需要的cost为 17212
Dijkstra  -----  Dijkstra
搜索所用时间0.00240087509155s
minimum steps:17212, path:[0, 1, 2, 3, 4, 5, 6, 26, 27, 28, 48, 68, 88, 108, 109, 110, 130, 150, 170, 190, 210, 230, 250, 270, 290, 310, 330, 350, 370, 371, 372, 373, 374, 375, 376, 396, 397, 398, 399]
('Times takes:', 269.59143018722534)
Dijkstra  -----  Dijkstra
第178天,您的路线为[0, 1, 2, 3, 4, 5, 6, 26, 27, 28, 48, 68, 88, 108, 109, 110, 130, 150, 170, 190, 210, 230, 250, 270, 290, 310, 330, 350, 370, 371, 372, 373, 374, 375, 376, 396, 397, 398, 399]
您的距离系数损耗为1218,风险系数损耗为292,每步距离损耗[67, 11, 55, 51, 25, 13, 12, 19, 21, 80, 35, 30, 26, 48, 76, 15, 22, 8, 27, 67, 50, 54, 80, 71, 10, 47, 32, 13, 19, 5, 36, 12, 39, 19, 9, 14],每步风险损耗[7, 22, 3, 0, 2, 0, 8, 10, 13, 4, 15, 10, 18, 10, 6, 13, 25, 2, 1, 2, 8, 0, 0, 7, 0, 0, 13, 16, 7, 9, 15, 16, 6, 4, 8, 12]
A_star  -----  A_star
第178天,您的路线为[0, 1, 2, 3, 4, 5, 6, 26, 27, 28, 48, 68, 88, 108, 109, 110, 130, 150, 170, 190, 210, 230, 250, 270, 290, 310, 330, 350, 370, 371, 372, 373, 374, 375, 376, 396, 397, 398, 399]
您的距离系数损耗为1218,风险系数损耗为292,每步距离损耗[67, 11, 55, 51, 25, 13, 12, 19, 21, 80, 35, 30, 26, 48, 76, 15, 22, 8, 27, 67, 50, 54, 80, 71, 10, 47, 32, 13, 19, 5, 36, 12, 39, 19, 9, 14],每步风险损耗[7, 22, 3, 0, 2, 0, 8, 10, 13, 4, 15, 10, 18, 10, 6, 13, 25, 2, 1, 2, 8, 0, 0, 7, 0, 0, 13, 16, 7, 9, 15, 16, 6, 4, 8, 12]
RL  -----  RL
第178天,您的路线为[(0, 0), (33, 1), (34, 2), (35, 3), (36, 4), (37, 5), (38, 6), (39, 7), (41, 27), (42, 26), (43, 46), (44, 47), (45, 67), (46, 66), (47, 65), (48, 64), (49, 84), (51, 104), (52, 124), (53, 123), (54, 122), (55, 121), (56, 101), (57, 81), (58, 61), (59, 41), (60, 21), (61, 22), (62, 23), (63, 24), (64, 25), (65, 45), (66, 44), (67, 43), (68, 63), (69, 62), (70, 42)]
您的距离系数损耗为1700,风险系数损耗为268,每步距离损耗[67, 11, 55, 51, 25, 13, 25, 89, 19, 10, 10, 79, 31, 45, 89, 83, 84, 15, 11, 36, 74, 54, 61, 48, 90, 40, 55, 8, 26, 5, 79, 22, 89, 66, 77, 58],每步风险损耗[7, 22, 3, 0, 2, 0, 0, 15, 4, 30, 23, 7, 9, 10, 6, 4, 4, 2, 14, 2, 0, 3, 7, 27, 18, 31, 4, 0, 0, 0, 3, 0, 0, 0, 1, 10]
iteration 178 ********* reward 289010 order0.0161541480283 conflicts 68905 drivers 414634
A_star  -----  A_star
搜索所用时间0.00361704826355s
从节点'0'到节点'399' 所需要的经过的节点是 [0, 1, 2, 3, 4, 5, 6, 26, 27, 28, 48, 68, 88, 108, 109, 110, 130, 150, 170, 190, 210, 230, 250, 270, 290, 310, 330, 350, 370, 371, 372, 373, 374, 375, 376, 396, 397, 398, 399] ,所需要的cost为 17212
Dijkstra  -----  Dijkstra
搜索所用时间0.00243711471558s
minimum steps:17212, path:[0, 1, 2, 3, 4, 5, 6, 26, 27, 28, 48, 68, 88, 108, 109, 110, 130, 150, 170, 190, 210, 230, 250, 270, 290, 310, 330, 350, 370, 371, 372, 373, 374, 375, 376, 396, 397, 398, 399]
('Times takes:', 270.9039137363434)
Dijkstra  -----  Dijkstra
第179天,您的路线为[0, 1, 2, 3, 4, 5, 6, 26, 27, 28, 48, 68, 88, 108, 109, 110, 130, 150, 170, 190, 210, 230, 250, 270, 290, 310, 330, 350, 370, 371, 372, 373, 374, 375, 376, 396, 397, 398, 399]
您的距离系数损耗为274,风险系数损耗为126,每步距离损耗[67, 11, 55, 51, 25, 13, 12, 19, 21],每步风险损耗[0, 13, 3, 8, 34, 23, 28, 5, 12]
A_star  -----  A_star
第179天,您的路线为[0, 1, 2, 3, 4, 5, 6, 26, 27, 28, 48, 68, 88, 108, 109, 110, 130, 150, 170, 190, 210, 230, 250, 270, 290, 310, 330, 350, 370, 371, 372, 373, 374, 375, 376, 396, 397, 398, 399]
您的距离系数损耗为274,风险系数损耗为126,每步距离损耗[67, 11, 55, 51, 25, 13, 12, 19, 21],每步风险损耗[0, 13, 3, 8, 34, 23, 28, 5, 12]
RL  -----  RL
第179天,您的路线为[(0, 0), (31, 20), (32, 21), (33, 22), (34, 23), (35, 24), (36, 4), (37, 3), (38, 2), (39, 1)]
您的距离系数损耗为261,风险系数损耗为116,每步距离损耗[4, 32, 55, 8, 26, 19, 51, 55, 11],每步风险损耗[2, 17, 24, 8, 18, 24, 5, 1, 17]
iteration 179 ********* reward 271250 order0.0161142988609 conflicts 65938 drivers 389623
30, 26, 48, 76, 15, 22, 8, 27, 67, 50, 54, 80, 71, 10, 47, 32, 13, 19, 5, 36, 12, 39, 19, 9, 14, 12, 4],每步风险损耗[0, 18, 9, 7, 5, 6, 12, 8, 16, 11, 22, 18, 13, 3, 4, 8, 13, 3, 11, 15, 6, 7, 9, 9, 7, 0, 8, 4, 4, 5, 11, 18, 6, 1, 0, 5, 34, 35]
RL  -----  RL
第178天,您的路线为[(0, 0), (30, 1), (31, 21), (32, 20), (33, 40), (34, 60), (35, 80), (36, 81), (37, 61), (38, 41), (39, 42), (40, 43), (41, 44), (42, 24), (43, 4), (44, 5), (45, 25), (46, 26), (47, 27), (48, 28), (49, 29), (50, 30), (51, 50), (52, 49), (53, 69), (54, 70), (55, 71), (56, 72), (57, 52), (58, 51), (59, 31), (60, 32), (61, 12), (62, 11), (63, 10), (64, 9), (65, 8), (66, 7), (67, 6)]
您的距离系数损耗为1853,风险系数损耗为184,每步距离损耗[67, 37, 32, 52, 85, 57, 87, 48, 90, 64, 68, 89, 5, 19, 25, 76, 38, 19, 21, 49, 36, 13, 84, 66, 68, 79, 4, 3, 18, 77, 13, 43, 16, 89, 82, 60, 49, 25],每步风险损耗[0, 5, 7, 2, 2, 3, 11, 30, 9, 9, 19, 9, 13, 0, 2, 2, 4, 3, 6, 15, 4, 0, 8, 19, 0, 0, 0, 0, 0, 0, 0, 2, 0, 0, 0, 0, 0, 0]
iteration 178 ********* reward 292560 order0.0122836872017 conflicts 71973 drivers 446450
A_star  -----  A_star
搜索所用时间0.00354099273682s
从节点'0'到节点'399' 所需要的经过的节点是 [0, 1, 2, 3, 4, 5, 6, 26, 27, 28, 48, 68, 88, 108, 109, 110, 130, 150, 170, 190, 210, 230, 250, 270, 290, 310, 330, 350, 370, 371, 372, 373, 374, 375, 376, 396, 397, 398, 399] ,所需要的cost为 17212
Dijkstra  -----  Dijkstra
搜索所用时间0.00237393379211s
minimum steps:17212, path:[0, 1, 2, 3, 4, 5, 6, 26, 27, 28, 48, 68, 88, 108, 109, 110, 130, 150, 170, 190, 210, 230, 250, 270, 290, 310, 330, 350, 370, 371, 372, 373, 374, 375, 376, 396, 397, 398, 399]
('Times takes:', 271.17970609664917)
Dijkstra  -----  Dijkstra
第179天,您的路线为[0, 1, 2, 3, 4, 5, 6, 26, 27, 28, 48, 68, 88, 108, 109, 110, 130, 150, 170, 190, 210, 230, 250, 270, 290, 310, 330, 350, 370, 371, 372, 373, 374, 375, 376, 396, 397, 398, 399]
您的距离系数损耗为1234,风险系数损耗为397,每步距离损耗[67, 11, 55, 51, 25, 13, 12, 19, 21, 80, 35, 30, 26, 48, 76, 15, 22, 8, 27, 67, 50, 54, 80, 71, 10, 47, 32, 13, 19, 5, 36, 12, 39, 19, 9, 14, 12, 4],每步风险损耗[0, 13, 4, 7, 38, 25, 22, 15, 16, 5, 9, 20, 5, 9, 8, 18, 15, 5, 14, 24, 26, 15, 15, 6, 2, 0, 6, 6, 0, 0, 3, 4, 2, 3, 7, 6, 15, 9]
A_star  -----  A_star
第179天,您的路线为[0, 1, 2, 3, 4, 5, 6, 26, 27, 28, 48, 68, 88, 108, 109, 110, 130, 150, 170, 190, 210, 230, 250, 270, 290, 310, 330, 350, 370, 371, 372, 373, 374, 375, 376, 396, 397, 398, 399]
您的距离系数损耗为1234,风险系数损耗为397,每步距离损耗[67, 11, 55, 51, 25, 13, 12, 19, 21, 80, 35, 30, 26, 48, 76, 15, 22, 8, 27, 67, 50, 54, 80, 71, 10, 47, 32, 13, 19, 5, 36, 12, 39, 19, 9, 14, 12, 4],每步风险损耗[0, 13, 4, 7, 38, 25, 22, 15, 16, 5, 9, 20, 5, 9, 8, 18, 15, 5, 14, 24, 26, 15, 15, 6, 2, 0, 6, 6, 0, 0, 3, 4, 2, 3, 7, 6, 15, 9]
RL  -----  RL
第179天,您的路线为[(0, 0), (30, 20), (31, 21), (32, 1), (33, 2), (34, 3), (35, 23), (36, 24), (39, 25), (40, 5), (41, 6), (42, 7), (43, 8), (44, 28), (45, 48), (46, 68), (47, 69), (48, 49), (49, 29), (50, 9), (51, 10), (52, 11), (53, 31), (54, 30), (55, 50), (56, 51), (57, 52), (58, 32), (59, 12), (60, 13), (61, 14), (63, 34), (64, 54), (65, 53), (67, 73), (68, 72), (69, 71), (70, 91), (71, 111), (72, 110), (73, 109), (74, 129), (75, 128), (76, 108), (77, 88), (78, 89), (79, 90), (81, 70)]
您的距离系数损耗为1885,风险系数损耗为235,每步距离损耗[4, 32, 37, 11, 55, 1, 26, 5, 76, 13, 25, 49, 29, 80, 35, 8, 66, 4, 66, 82, 89, 81, 39, 13, 37, 18, 82, 43, 41, 19, 77, 3, 57, 82, 38, 4, 43, 29, 57, 76, 69, 17, 25, 26, 24, 76, 16],每步风险损耗[0, 13, 18, 12, 3, 10, 13, 11, 8, 13, 8, 8, 5, 2, 6, 19, 17, 8, 1, 6, 12, 16, 7, 8, 2, 7, 0, 0, 0, 1, 0, 0, 0, 0, 0, 0, 0, 0, 1, 0, 0, 0, 0, 0, 0, 0, 0]
iteration 179 ********* reward 363990 order0.0122820413917 conflicts 69105 drivers 414813
1, 2, 3, 4, 5, 6, 26, 27, 28, 48, 68, 88, 108, 109, 110, 130, 150, 170, 190, 210, 230, 250, 270, 290, 310, 330, 350, 370, 371, 372, 373, 374, 375, 376, 396, 397, 398, 399]
您的距离系数损耗为1230,风险系数损耗为787,每步距离损耗[67, 11, 55, 51, 25, 13, 12, 19, 21, 80, 35, 30, 26, 48, 76, 15, 22, 8, 27, 67, 50, 54, 80, 71, 10, 47, 32, 13, 19, 5, 36, 12, 39, 19, 9, 14, 12],每步风险损耗[35, 99, 37, 48, 83, 53, 7, 31, 52, 0, 0, 0, 0, 37, 43, 0, 0, 0, 0, 0, 0, 0, 0, 0, 0, 0, 0, 0, 41, 36, 50, 74, 31, 30, 0, 0, 0]
A_star  -----  A_star
第169天,您的路线为[0, 1, 2, 3, 4, 5, 6, 26, 27, 28, 48, 68, 88, 108, 109, 110, 130, 150, 170, 190, 210, 230, 250, 270, 290, 310, 330, 350, 370, 371, 372, 373, 374, 375, 376, 396, 397, 398, 399]
您的距离系数损耗为1230,风险系数损耗为787,每步距离损耗[67, 11, 55, 51, 25, 13, 12, 19, 21, 80, 35, 30, 26, 48, 76, 15, 22, 8, 27, 67, 50, 54, 80, 71, 10, 47, 32, 13, 19, 5, 36, 12, 39, 19, 9, 14, 12],每步风险损耗[35, 99, 37, 48, 83, 53, 7, 31, 52, 0, 0, 0, 0, 37, 43, 0, 0, 0, 0, 0, 0, 0, 0, 0, 0, 0, 0, 0, 41, 36, 50, 74, 31, 30, 0, 0, 0]
RL  -----  RL
第169天,您的路线为[(0, 0), (32, 20), (33, 40), (34, 60), (35, 80), (36, 100), (37, 120), (38, 140), (39, 160), (40, 180), (41, 200), (42, 220), (43, 240), (44, 260), (45, 280), (46, 300), (47, 320), (48, 340), (49, 360), (50, 380), (51, 381), (52, 361), (59, 341), (68, 321), (88, 301), (90, 281), (93, 282), (95, 283), (96, 303), (97, 302), (134, 322), (137, 342), (138, 362), (139, 382), (140, 383), (141, 363), (142, 364), (143, 384)]
您的距离系数损耗为1690,风险系数损耗为583,每步距离损耗[4, 52, 85, 57, 64, 46, 33, 29, 57, 83, 9, 66, 89, 81, 8, 40, 23, 19, 16, 66, 11, 6, 36, 25, 71, 61, 57, 17, 49, 45, 61, 65, 7, 59, 77, 42, 74],每步风险损耗[2, 0, 0, 0, 0, 0, 0, 0, 0, 0, 0, 0, 0, 0, 0, 0, 0, 0, 0, 0, 26, 33, 35, 44, 31, 98, 78, 26, 0, 33, 16, 22, 18, 6, 60, 55, 0]
iteration 169 ********* reward 21236520 order0.248206428014 conflicts 11071 drivers 643771
A_star  -----  A_star
搜索所用时间0.00381922721863s
从节点'0'到节点'399' 所需要的经过的节点是 [0, 1, 2, 3, 4, 5, 6, 26, 27, 28, 48, 68, 88, 108, 109, 110, 130, 150, 170, 190, 210, 230, 250, 270, 290, 310, 330, 350, 370, 371, 372, 373, 374, 375, 376, 396, 397, 398, 399] ,所需要的cost为 17212
Dijkstra  -----  Dijkstra
搜索所用时间0.00498199462891s
minimum steps:17212, path:[0, 1, 2, 3, 4, 5, 6, 26, 27, 28, 48, 68, 88, 108, 109, 110, 130, 150, 170, 190, 210, 230, 250, 270, 290, 310, 330, 350, 370, 371, 372, 373, 374, 375, 376, 396, 397, 398, 399]
('Times takes:', 482.79527521133423)
Dijkstra  -----  Dijkstra
第170天,您的路线为[0, 1, 2, 3, 4, 5, 6, 26, 27, 28, 48, 68, 88, 108, 109, 110, 130, 150, 170, 190, 210, 230, 250, 270, 290, 310, 330, 350, 370, 371, 372, 373, 374, 375, 376, 396, 397, 398, 399]
您的距离系数损耗为1234,风险系数损耗为839,每步距离损耗[67, 11, 55, 51, 25, 13, 12, 19, 21, 80, 35, 30, 26, 48, 76, 15, 22, 8, 27, 67, 50, 54, 80, 71, 10, 47, 32, 13, 19, 5, 36, 12, 39, 19, 9, 14, 12, 4],每步风险损耗[38, 99, 37, 48, 83, 53, 11, 31, 52, 0, 1, 0, 0, 37, 43, 0, 0, 0, 0, 0, 0, 0, 0, 0, 0, 0, 0, 0, 44, 42, 58, 86, 45, 31, 0, 0, 0, 0]
A_star  -----  A_star
第170天,您的路线为[0, 1, 2, 3, 4, 5, 6, 26, 27, 28, 48, 68, 88, 108, 109, 110, 130, 150, 170, 190, 210, 230, 250, 270, 290, 310, 330, 350, 370, 371, 372, 373, 374, 375, 376, 396, 397, 398, 399]
您的距离系数损耗为1234,风险系数损耗为839,每步距离损耗[67, 11, 55, 51, 25, 13, 12, 19, 21, 80, 35, 30, 26, 48, 76, 15, 22, 8, 27, 67, 50, 54, 80, 71, 10, 47, 32, 13, 19, 5, 36, 12, 39, 19, 9, 14, 12, 4],每步风险损耗[38, 99, 37, 48, 83, 53, 11, 31, 52, 0, 1, 0, 0, 37, 43, 0, 0, 0, 0, 0, 0, 0, 0, 0, 0, 0, 0, 0, 44, 42, 58, 86, 45, 31, 0, 0, 0, 0]
RL  -----  RL
第170天,您的路线为[(0, 0), (30, 20), (31, 40), (32, 60), (33, 80), (34, 100), (35, 120), (36, 140), (37, 160), (38, 180), (39, 200), (40, 220), (41, 240), (42, 260), (43, 280), (44, 300), (45, 320), (46, 340), (47, 360), (48, 380), (49, 381), (50, 382), (58, 383), (64, 384), (65, 385), (66, 386), (67, 387), (68, 388), (69, 389), (70, 390), (71, 391), (72, 392), (73, 393), (74, 373), (75, 353), (77, 333), (78, 313), (79, 314), (80, 334), (81, 354), (82, 374), (83, 394), (84, 395), (85, 396), (86, 397), (87, 398), (88, 399)]
您的距离系数损耗为2106,风险系数损耗为320,每步距离损耗[4, 52, 85, 57, 64, 46, 33, 29, 57, 83, 9, 66, 89, 81, 8, 40, 23, 19, 16, 66, 2, 59, 62, 61, 24, 64, 15, 74, 17, 80, 31, 89, 86, 14, 69, 44, 89, 50, 57, 15, 76, 23, 48, 14, 12, 4],每步风险损耗[14, 8, 0, 0, 0, 0, 0, 0, 0, 0, 0, 0, 0, 0, 0, 0, 0, 0, 0, 0, 13, 25, 16, 0, 0, 0, 0, 0, 0, 0, 0, 0, 0, 27, 90, 79, 48, 0, 0, 0, 0, 0, 0, 0, 0, 0]
iteration 170 ********* reward 21971720 order0.251209096654 conflicts 11004 drivers 628279
A_star  -----  A_star
搜索所用时间0.00509595870972s
从节点'0'到节点'399' 所需要的经过的节点是 [0, 1, 2, 3, 4, 5, 6, 26, 27, 28, 48, 68, 88, 108, 109, 110, 130, 150, 170, 190, 210, 230, 250, 270, 290, 310, 330, 350, 370, 371, 372, 373, 374, 375, 376, 396, 397, 398, 399] ,所需要的cost为 17212
Dijkstra  -----  Dijkstra
搜索所用时间0.00258803367615s
minimum steps:17212, path:[0, 1, 2, 3, 4, 5, 6, 26, 27, 28, 48, 68, 88, 108, 109, 110, 130, 150, 170, 190, 210, 230, 250, 270, 290, 310, 330, 350, 370, 371, 372, 373, 374, 375, 376, 396, 397, 398, 399]
('Times takes:', 479.4124219417572)
Dijkstra  -----  Dijkstra
第171天,您的路线为[0, 1, 2, 3, 4, 5, 6, 26, 27, 28, 48, 68, 88, 108, 109, 110, 130, 150, 170, 190, 210, 230, 250, 270, 290, 310, 330, 350, 370, 371, 372, 373, 374, 375, 376, 396, 397, 398, 399]
您的距离系数损耗为1234,风险系数损耗为773,每步距离损耗[67, 11, 55, 51, 25, 13, 12, 19, 21, 80, 35, 30, 26, 48, 76, 15, 22, 8, 27, 67, 50, 54, 80, 71, 10, 47, 32, 13, 19, 5, 36, 12, 39, 19, 9, 14, 12, 4],每步风险损耗[32, 92, 37, 48, 83, 53, 13, 28, 52, 15, 3, 0, 0, 30, 28, 0, 0, 0, 0, 0, 0, 0, 0, 0, 0, 0, 0, 0, 28, 42, 54, 86, 19, 30, 0, 0, 0, 0]
A_star  -----  A_star
第171天,您的路线为[0, 1, 2, 3, 4, 5, 6, 26, 27, 28, 48, 68, 88, 108, 109, 110, 130, 150, 170, 190, 210, 230, 250, 270, 290, 310, 330, 350, 370, 371, 372, 373, 374, 375, 376, 396, 397, 398, 399]
您的距离系数损耗为1234,风险系数损耗为773,每步距离损耗[67, 11, 55, 51, 25, 13, 12, 19, 21, 80, 35, 30, 26, 48, 76, 15, 22, 8, 27, 67, 50, 54, 80, 71, 10, 47, 32, 13, 19, 5, 36, 12, 39, 19, 9, 14, 12, 4],每步风险损耗[32, 92, 37, 48, 83, 53, 13, 28, 52, 15, 3, 0, 0, 30, 28, 0, 0, 0, 0, 0, 0, 0, 0, 0, 0, 0, 0, 0, 28, 42, 54, 86, 19, 30, 0, 0, 0, 0]
RL  -----  RL
第171天,您的路线为[(0, 0), (30, 20), (31, 40), (32, 60), (33, 80), (34, 100), (35, 120), (36, 140), (37, 160), (38, 180), (39, 200), (40, 220), (41, 240), (42, 260), (43, 280), (44, 300), (45, 320), (46, 340), (47, 360), (48, 380), (49, 381), (50, 361), (51, 341), (55, 342), (63, 343), (67, 363), (68, 362), (84, 382), (86, 383), (113, 384), (114, 385), (115, 386), (116, 387), (117, 388), (118, 389), (119, 390), (120, 391), (121, 392), (122, 393), (123, 394), (124, 395), (125, 396), (126, 397), (127, 398), (128, 399)]
您的距离系数损耗为1909,风险系数损耗为288,每步距离损耗[4, 52, 85, 57, 64, 46, 33, 29, 57, 83, 9, 66, 89, 81, 8, 40, 23, 19, 16, 66, 11, 6, 44, 73, 59, 71, 7, 59, 62, 61, 24, 64, 15, 74, 17, 80, 31, 89, 34, 23, 48, 14, 12, 4],每步风险损耗[6, 1, 0, 0, 0, 0, 0, 0, 0, 0, 0, 0, 0, 0, 0, 0, 0, 0, 0, 0, 34, 36, 83, 79, 13, 8, 8, 11, 9, 0, 0, 0, 0, 0, 0, 0, 0, 0, 0, 0, 0, 0, 0, 0]
iteration 171 ********* reward 22117810 order0.254217553412 conflicts 11951 drivers 645338
A_star  -----  A_star
搜索所用时间0.00380706787109s
从节点'0'到节点'399' 所需要的经过的节点是 [0, 1, 2, 3, 4, 5, 6, 26, 27, 28, 48, 68, 88, 108, 109, 110, 130, 150, 170, 190, 210, 230, 250, 270, 290, 310, 330, 350, 370, 371, 372, 373, 374, 375, 376, 396, 397, 398, 399] ,所需要的cost为 17212
Dijkstra  -----  Dijkstra
搜索所用时间0.0024881362915s
minimum steps:17212, path:[0, 1, 2, 3, 4, 5, 6, 26, 27, 28, 48, 68, 88, 108, 109, 110, 130, 150, 170, 190, 210, 230, 250, 270, 290, 310, 330, 350, 370, 371, 372, 373, 374, 375, 376, 396,('Times takes:',('Times takes:', 482.2317907810211)
Dijkstra  -----  Dijkstra
第172天,您的路线为[0, 1, 2, 3, 4, 5, 6, 26, 27, 28, 48, 68, 88, 108, 109, 110, 130, 150, 170, 190, 210, 230, 250, 270, 290, 310, 330, 350, 370, 371, 372, 373, 374, 375, 376, 396, 397, 398, 399]
您的距离系数损耗为1052,风险系数损耗为554,每步距离损耗[67, 11, 55, 51, 25, 13, 12, 19, 21, 80, 35, 30, 26, 48, 76, 15, 22, 8, 27, 67, 50, 54, 80, 71, 10, 47, 32],每步风险损耗[38, 99, 37, 48, 83, 53, 25, 31, 52, 6, 2, 0, 0, 37, 43, 0, 0, 0, 0, 0, 0, 0, 0, 0, 0, 0, 0]
A_star  -----  A_star
第172天,您的路线为[0, 1, 2, 3, 4, 5, 6, 26, 27, 28, 48, 68, 88, 108, 109, 110, 130, 150, 170, 190, 210, 230, 250, 270, 290, 310, 330, 350, 370, 371, 372, 373, 374, 375, 376, 396, 397, 398, 399]
您的距离系数损耗为1052,风险系数损耗为554,每步距离损耗[67, 11, 55, 51, 25, 13, 12, 19, 21, 80, 35, 30, 26, 48, 76, 15, 22, 8, 27, 67, 50, 54, 80, 71, 10, 47, 32],每步风险损耗[38, 99, 37, 48, 83, 53, 25, 31, 52, 6, 2, 0, 0, 37, 43, 0, 0, 0, 0, 0, 0, 0, 0, 0, 0, 0, 0]
RL  -----  RL
第172天,您的路线为[(0, 0), (31, 20), (32, 40), (33, 60), (34, 80), (35, 100), (36, 120), (37, 140), (38, 160), (39, 180), (40, 200), (41, 220), (42, 240), (43, 260), (44, 280), (45, 300), (46, 320), (47, 340), (48, 360), (49, 380), (50, 381), (51, 361), (52, 341), (66, 342), (82, 322), (83, 302), (84, 301), (92, 321)]
您的距离系数损耗为1168,风险系数损耗为326,每步距离损耗[4, 52, 85, 57, 64, 46, 33, 29, 57, 83, 9, 66, 89, 81, 8, 40, 23, 19, 16, 66, 11, 6, 44, 61, 45, 49, 25],每步风险损耗[0, 0, 0, 0, 0, 0, 0, 0, 0, 0, 0, 0, 0, 0, 0, 0, 0, 0, 0, 0, 43, 36, 83, 57, 97, 0, 10]
iteration 172 ********* reward 21652470 order0.257099537799 conflicts 11421 drivers 655359
A_star  -----  A_star
搜索所用时间0.00374007225037s
从节点'0'到节点'399' 所需要的经过的节点是 [0, 1, 2, 3, 4, 5, 6, 26, 27, 28, 48, 68, 88, 108, 109, 110, 130, 150, 170, 190, 210, 230, 250, 270, 290, 310, 330, 350, 370, 371, 372, 373, 374, 375, 376, 396, 397, 398, 399] ,所需要的cost为 17212
Dijkstra  -----  Dijkstra
搜索所用时间0.0024631023407s
minimum steps:17212, path:[0, 1, 2, 3, 4, 5, 6, 26, 27, 28, 48, 68, 88, 108, 109, 110, 130, 150, 170, 190, 210, 230, 250, 270, 290, 310, 330, 350, 370, 371, 372, 373, 374, 375, 376, 396, 397, 398, 399]
('Times takes:', 480.97892212867737)
Dijkstra  -----  Dijkstra
第173天,您的路线为[0, 1, 2, 3, 4, 5, 6, 26, 27, 28, 48, 68, 88, 108, 109, 110, 130, 150, 170, 190, 210, 230, 250, 270, 290, 310, 330, 350, 370, 371, 372, 373, 374, 375, 376, 396, 397, 398, 399]
您的距离系数损耗为1234,风险系数损耗为807,每步距离损耗[67, 11, 55, 51, 25, 13, 12, 19, 21, 80, 35, 30, 26, 48, 76, 15, 22, 8, 27, 67, 50, 54, 80, 71, 10, 47, 32, 13, 19, 5, 36, 12, 39, 19, 9, 14, 12, 4],每步风险损耗[38, 99, 37, 48, 83, 53, 17, 31, 52, 1, 0, 0, 0, 37, 40, 0, 0, 0, 0, 0, 0, 0, 0, 0, 0, 0, 0, 0, 32, 42, 52, 86, 35, 24, 0, 0, 0, 0]
A_star  -----  A_star
第173天,您的路线为[0, 1, 2, 3, 4, 5, 6, 26, 27, 28, 48, 68, 88, 108, 109, 110, 130, 150, 170, 190, 210, 230, 250, 270, 290, 310, 330, 350, 370, 371, 372, 373, 374, 375, 376, 396, 397, 398, 399]
您的距离系数损耗为1234,风险系数损耗为807,每步距离损耗[67, 11, 55, 51, 25, 13, 12, 19, 21, 80, 35, 30, 26, 48, 76, 15, 22, 8, 27, 67, 50, 54, 80, 71, 10, 47, 32, 13, 19, 5, 36, 12, 39, 19, 9, 14, 12, 4],每步风险损耗[38, 99, 37, 48, 83, 53, 17, 31, 52, 1, 0, 0, 0, 37, 40, 0, 0, 0, 0, 0, 0, 0, 0, 0, 0, 0, 0, 0, 32, 42, 52, 86, 35, 24, 0, 0, 0, 0]
RL  -----  RL
第173天,您的路线为[(0, 0), (32, 20), (33, 40), (34, 60), (35, 80), (36, 100), (37, 120), (38, 140), (39, 160), (40, 180), (41, 200), (42, 220), (43, 240), (44, 260), (45, 280), (46, 300), (47, 320), (48, 340), (49, 360), (50, 380), (51, 381), (52, 361), (54, 341), (55, 342), (72, 343), (75, 363), (76, 362), (79, 382), (82, 383), (89, 384), (90, 385), (91, 386), (92, 387), (93, 388), (94, 389), (95, 390), (96, 391), (97, 392), (98, 393), (99, 394), (100, 395), (101, 396), (102, 397), (103, 398), (104, 399)]
您的距离系数损耗为1909,风险系数损耗为327,每步距离损耗[4, 52, 85, 57, 64, 46, 33, 29, 57, 83, 9, 66, 89, 81, 8, 40, 23, 19, 16, 66, 11, 6, 44, 73, 59, 71, 7, 59, 62, 61, 24, 64, 15, 74, 17, 80, 31, 89, 34, 23, 48, 14, 12, 4],每步风险损耗[3, 0, 0, 0, 0, 0, 0, 0, 0, 0, 0, 0, 0, 0, 0, 0, 0, 0, 0, 0, 26, 36, 83, 89, 29, 0, 17, 20, 24, 0, 0, 0, 0, 0, 0, 0, 0, 0, 0, 0, 0, 0, 0, 0]
iteration 173 ********* reward 22057850 order0.260026297268 conflicts 11480 drivers 640833
A_star  -----  A_star
搜索所用时间0.0209400653839s
从节点'0'到节点'399' 所需要的经过的节点是 [0, 1, 2, 3, 4, 5, 6, 26, 27, 28, 48, 68, 88, 108, 109, 110, 130, 150, 170, 190, 210, 230, 250, 270, 290, 310, 330, 350, 370, 371, 372, 373, 374, 375, 376, 396, 397, 398, 399] ,所需要的cost为 17212
Dijkstra  -----  Dijkstra
搜索所用时间0.00245094299316s
minimum steps:17212, path:[0, 1, 2, 3, 4, 5, 6, 26, 27, 28, 48, 68, 88, 108, 109, 110, 130, 150, 170, 190, 210, 230, 250, 270, 290, 310, 330, 350, 370, 371, 372, 373, 374, 375, 376, 396, 397, 398, 399]
('Times takes:', 485.11487913131714)
Dijkstra  -----  Dijkstra
第174天,您的路线为[0, 1, 2, 3, 4, 5, 6, 26, 27, 28, 48, 68, 88, 108, 109, 110, 130, 150, 170, 190, 210, 230, 250, 270, 290, 310, 330, 350, 370, 371, 372, 373, 374, 375, 376, 396, 397, 398, 399]
您的距离系数损耗为1230,风险系数损耗为812,每步距离损耗[67, 11, 55, 51, 25, 13, 12, 19, 21, 80, 35, 30, 26, 48, 76, 15, 22, 8, 27, 67, 50, 54, 80, 71, 10, 47, 32, 13, 19, 5, 36, 12, 39, 19, 9, 14, 12],每步风险损耗[35, 99, 37, 48, 83, 53, 25, 31, 52, 4, 2, 2, 0, 37, 43, 0, 0, 0, 0, 0, 0, 0, 0, 0, 0, 0, 0, 0, 41, 36, 50, 64, 45, 25, 0, 0, 0]
A_star  -----  A_star
第174天,您的路线为[0, 1, 2, 3, 4, 5, 6, 26, 27, 28, 48, 68, 88, 108, 109, 110, 130, 150, 170, 190, 210, 230, 250, 270, 290, 310, 330, 350, 370, 371, 372, 373, 374, 375, 376, 396, 397, 398, 399]
您的距离系数损耗为1230,风险系数损耗为812,每步距离损耗[67, 11, 55, 51, 25, 13, 12, 19, 21, 80, 35, 30, 26, 48, 76, 15, 22, 8, 27, 67, 50, 54, 80, 71, 10, 47, 32, 13, 19, 5, 36, 12, 39, 19, 9, 14, 12],每步风险损耗[35, 99, 37, 48, 83, 53, 25, 31, 52, 4, 2, 2, 0, 37, 43, 0, 0, 0, 0, 0, 0, 0, 0, 0, 0, 0, 0, 0, 41, 36, 50, 64, 45, 25, 0, 0, 0]
RL  -----  RL
第174天,您的路线为[(0, 0), (30, 20), (31, 40), (32, 60), (33, 80), (34, 100), (35, 120), (36, 140), (37, 160), (38, 180), (39, 200), (40, 220), (41, 240), (42, 260), (43, 280), (44, 300), (45, 320), (46, 340), (47, 360), (48, 380), (49, 381), (51, 361), (52, 341), (56, 321), (59, 322), (69, 323), (71, 343), (72, 342), (80, 362), (103, 382), (109, 383), (137, 384), (138, 385), (139, 365), (140, 345), (141, 346), (142, 366), (143, 386)]
您的距离系数损耗为1738,风险系数损耗为580,每步距离损耗[4, 52, 85, 57, 64, 46, 33, 29, 57, 83, 9, 66, 89, 81, 8, 40, 23, 19, 16, 66, 11, 6, 36, 78, 59, 5, 73, 65, 7, 59, 62, 61, 86, 83, 80, 25, 15],每步风险损耗[1, 0, 0, 0, 0, 0, 0, 0, 0, 0, 0, 0, 0, 0, 0, 0, 0, 0, 0, 0, 30, 36, 35, 78, 63, 12, 3, 28, 17, 46, 31, 0, 86, 86, 28, 0, 0]
iteration 174 ********* reward 21491020 order0.26279656701 conflicts 11194 drivers 637496
A_star  -----  A_star
搜索所用时间0.00425291061401s
从节点'0'到节点'399' 所需要的经过的节点是 [0, 1, 2, 3, 4, 5, 6, 26, 27, 28, 48, 68, 88, 108, 109, 110, 130, 150, 170, 190, 210, 230, 250, 270, 290, 310, 330, 350, 370, 371, 372, 373, 374, 375, 376, 396, 397, 398, 399] ,所需要的cost为 17212
Dijkstra  -----  Dijkstra
搜索所用时间0.00352907180786s
minimum steps:17212, path:[0, 1, 2, 3, 4, 5, 6, 26, 27, 28, 48, 68, 88, 108, 109, 110, 130, 150, 170, 190, 210, 230, 250, 270, 290, 310, 330, 350, 370, 371, 372, 373, 374, 375, 376, 396, 397, 398, 399]
('Times takes:', 483.807767868042)
Dijkstra  -----  Dijkstra
第175天,您的路线为[0, 1, 2, 3, 4, 5, 6, 26, 27, 28, 48, 68, 88, 108, 109, 110, 130, 150, 170, 190, 210, 230, 250, 270, 290, 310, 330, 350, 370, 371, 372, 373, 374, 375, 376, 396, 397, 398, 399]
您的距离系数损耗为1176,风险系数损耗为806,每步距离损耗[67, 11, 55, 51, 25, 13, 12, 19, 21, 80, 35, 30, 26, 48, 76, 15, 22, 8, 27, 67, 50, 54, 80, 71, 10, 47, 32, 13, 19, 5, 36, 12, 39],每步风险损耗[35, 99, 37, 48, 83, 53, 16, 31, 52, 7, 5, 0, 0, 37, 43, 0, 0, 0, 0, 0, 0, 0, 0, 0, 0, 0, 0, 0, 44, 38, 58, 86, 34]
A_star  -----  A_star
第175天,您的路线为[0, 1, 2, 3, 4, 5, 6, 26, 27, 28, 48, 68, 88, 108, 109, 110, 130, 150, 170, 190, 210, 230, 250, 270, 290, 310, 330, 350, 370, 371, 372, 373, 374, 375, 376, 396, 397, 398, 399]
您的距离系数损耗为1176,风险系数损耗为806,每步距离损耗[67, 11, 55, 51, 25, 13, 12, 19, 21, 80, 35, 30, 26, 48, 76, 15, 22, 8, 27, 67, 50, 54, 80, 71, 10, 47, 32, 13, 19, 5, 36, 12, 39],每步风险损耗[35, 99, 37, 48, 83, 53, 16, 31, 52, 7, 5, 0, 0, 37, 43, 0, 0, 0, 0, 0, 0, 0, 0, 0, 0, 0, 0, 0, 44, 38, 58, 86, 34]
RL  -----  RL
第175天,您的路线为[(0, 0), (31, 20), (32, 40), (33, 60), (34, 80), (35, 100), (36, 120), (37, 140), (38, 160), (39, 180), (40, 200), (41, 220), (42, 240), (43, 260), (44, 280), (45, 300), (46, 320), (47, 340), (48, 360), (49, 380), (50, 381), (51, 361), (64, 341), (69, 321), (74, 301), (82, 281), (83, 261), (92, 241), (105, 242), (107, 222), (108, 221), (135, 201), (141, 202), (143, 203), (144, 223)]
您的距离系数损耗为1380,风险系数损耗为581,每步距离损耗[4, 52, 85, 57, 64, 46, 33, 29, 57, 83, 9, 66, 89, 81, 8, 40, 23, 19, 16, 66, 11, 6, 36, 25, 71, 52, 55, 39, 30, 41, 66, 8, 13],每步风险损耗[0, 0, 0, 0, 0, 0, 0, 0, 0, 0, 0, 0, 0, 0, 0, 0, 0, 0, 0, 0, 24, 36, 35, 44, 36, 81, 100, 48, 39, 0, 44, 55, 39]
iteration 175 ********* reward 21645330 order0.265579568623 conflicts 11211 drivers 622061
A_star  -----  A_star
搜索所用时间0.00460386276245s
从节点'0'到节点'399' 所需要的经过的节点是 [0, 1, 2, 3, 4, 5, 6, 26, 27, 28, 48, 68, 88, 108, 109, 110, 130, 150, 170, 190, 210, 230, 250, 270, 290, 310, 330, 350, 370, 371, 372, 373, 374, 375, 376, 396, 397, 398, 399] ,所需要的cost为 17212
Dijkstra  -----  Dijkstra
搜索所用时间0.00290608406067s
minimum steps:17212, path:[0, 1, 2, 3, 4, 5, 6, 26, 27, 28, 48, 68, 88, 108, 109, 110, 130, 150, 170, 190, 210, 230, 250, 270, 290, 310, 330, 350, 370, 371, 372, 373, 374, 375, 376, 396, 397, 398, 399]
('Times takes:', 478.7629542350769)
Dijkstra  -----  Dijkstra
第176天,您的路线为[0, 1, 2, 3, 4, 5, 6, 26, 27, 28, 48, 68, 88, 108, 109, 110, 130, 150, 170, 190, 210, 230, 250, 270, 290, 310, 330, 350, 370, 371, 372, 373, 374, 375, 376, 396, 397, 398, 399]
您的距离系数损耗为1234,风险系数损耗为799,每步距离损耗[67, 11, 55, 51, 25, 13, 12, 19, 21, 80, 35, 30, 26, 48, 76, 15, 22, 8, 27, 67, 50, 54, 80, 71, 10, 47, 32, 13, 19, 5, 36, 12, 39, 19, 9, 14, 12, 4],每步风险损耗[38, 99, 37, 48, 83, 53, 9, 31, 52, 0, 0, 0, 0, 34, 37, 0, 0, 0, 0, 0, 0, 0, 0, 0, 0, 0, 0, 0, 44, 42, 58, 71, 29, 34, 0, 0, 0, 0]
A_star  -----  A_star
第176天,您的路线为[0, 1, 2, 3, 4, 5, 6, 26, 27, 28, 48, 68, 88, 108, 109, 110, 130, 150, 170, 190, 210, 230, 250, 270, 290, 310, 330, 350, 370, 371, 372, 373, 374, 375, 376, 396, 397, 398, 399]
您的距离系数损耗为1234,风险系数损耗为799,每步距离损耗[67, 11, 55, 51, 25, 13, 12, 19, 21, 80, 35, 30, 26, 48, 76, 15, 22, 8, 27, 67, 50, 54, 80, 71, 10, 47, 32, 13, 19, 5, 36, 12, 39, 19, 9, 14, 12, 4],每步风险损耗[38, 99, 37, 48, 83, 53, 9, 31, 52, 0, 0, 0, 0, 34, 37, 0, 0, 0, 0, 0, 0, 0, 0, 0, 0, 0, 0, 0, 44, 42, 58, 71, 29, 34, 0, 0, 0, 0]
RL  -----  RL
第176天,您的路线为[(0, 0), (30, 20), (31, 40), (32, 60), (33, 80), (34, 100), (35, 120), (36, 140), (37, 160), (38, 180), (39, 200), (40, 220), (41, 240), (42, 260), (43, 280), (44, 300), (45, 320), (46, 340), (47, 360), (48, 380), (49, 381), (50, 361), (52, 341), (53, 321), (56, 322), (63, 323), (65, 303), (66, 302), (67, 301), (74, 281), (75, 261), (79, 262), (91, 263), (102, 243), (103, 242), (105, 241), (126, 221), (129, 222), (141, 223), (142, 203)]
您的距离系数损耗为1825,风险系数损耗为842,每步距离损耗[4, 52, 85, 57, 64, 46, 33, 29, 57, 83, 9, 66, 89, 81, 8, 40, 23, 19, 16, 66, 11, 6, 36, 78, 59, 33, 49, 49, 71, 52, 32, 62, 26, 35, 39, 64, 41, 69, 86],每步风险损耗[13, 2, 0, 0, 0, 0, 0, 0, 0, 0, 0, 0, 0, 0, 0, 0, 0, 0, 0, 0, 34, 36, 35, 78, 63, 36, 0, 0, 31, 81, 60, 86, 52, 0, 0, 44, 68, 57, 66]
iteration 176 ********* reward 22005680 order0.268397724707 conflicts 11248 drivers 643228
A_star  -----  A_star
搜索所用时间0.00374794006348s
从节点'0'到节点'399' 所需要的经过的节点是 [0, 1, 2, 3, 4, 5, 6, 26, 27, 28, 48, 68, 88, 108, 109, 110, 130, 150, 170, 190, 210, 230, 250, 270, 290, 310, 330, 350, 370, 371, 372, 373, 374, 375, 376, 396, 397, 398, 399] ,所需要的cost为 17212
Dijkstra  -----  Dijkstra
搜索所用时间0.00244402885437s
minimum steps:17212, path:[0, 1, 2, 3, 4, 5, 6, 26, 27, 28, 48, 68, 88, 108, 109, 110, 130, 150, 170, 190, 210, 230, 250, 270, 290, 310, 330, 350, 370, 371, 372, 373, 374, 375, 376, 396, 397, 398, 399]
('Times takes:', 444.9397270679474)
Dijkstra  -----  Dijkstra
第177天,您的路线为[0, 1, 2, 3, 4, 5, 6, 26, 27, 28, 48, 68, 88, 108, 109, 110, 130, 150, 170, 190, 210, 230, 250, 270, 290, 310, 330, 350, 370, 371, 372, 373, 374, 375, 376, 396, 397, 398, 399]
您的距离系数损耗为1234,风险系数损耗为815,每步距离损耗[67, 11, 55, 51, 25, 13, 12, 19, 21, 80, 35, 30, 26, 48, 76, 15, 22, 8, 27, 67, 50, 54, 80, 71, 10, 47, 32, 13, 19, 5, 36, 12, 39, 19, 9, 14, 12, 4],每步风险损耗[35, 99, 37, 48, 83, 53, 11, 31, 52, 3, 1, 0, 0, 37, 43, 0, 0, 0, 0, 0, 0, 0, 0, 0, 0, 0, 0, 0, 41, 46, 63, 74, 34, 24, 0, 0, 0, 0]
A_star  -----  A_star
第177天,您的路线为[0, 1, 2, 3, 4, 5, 6, 26, 27, 28, 48, 68, 88, 108, 109, 110, 130, 150, 170, 190, 210, 230, 250, 270, 290, 310, 330, 350, 370, 371, 372, 373, 374, 375, 376, 396, 397, 398, 399]
您的距离系数损耗为1234,风险系数损耗为815,每步距离损耗[67, 11, 55, 51, 25, 13, 12, 19, 21, 80, 35, 30, 26, 48, 76, 15, 22, 8, 27, 67, 50, 54, 80, 71, 10, 47, 32, 13, 19, 5, 36, 12, 39, 19, 9, 14, 12, 4],每步风险损耗[35, 99, 37, 48, 83, 53, 11, 31, 52, 3, 1, 0, 0, 37, 43, 0, 0, 0, 0, 0, 0, 0, 0, 0, 0, 0, 0, 0, 41, 46, 63, 74, 34, 24, 0, 0, 0, 0]
RL  -----  RL
第177天,您的路线为[(0, 0), (30, 20), (31, 40), (32, 60), (33, 80), (34, 100), (35, 120), (36, 140), (37, 160), (38, 180), (39, 200), (40, 220), (41, 240), (42, 260), (43, 280), (44, 300), (45, 320), (46, 340), (47, 360), (48, 380), (49, 381), (50, 361), (58, 362), (59, 363), (69, 364), (70, 384), (71, 385), (72, 386), (73, 387), (74, 388), (75, 389), (76, 390), (77, 391), (78, 392), (79, 393), (80, 394), (82, 395), (83, 396), (84, 397), (85, 398), (86, 399)]
您的距离系数损耗为1785,风险系数损耗为209,每步距离损耗[4, 52, 85, 57, 64, 46, 33, 29, 57, 83, 9, 66, 89, 81, 8, 40, 23, 19, 16, 66, 11, 70, 71, 42, 74, 61, 24, 64, 15, 74, 17, 80, 31, 89, 34, 23, 48, 14, 12, 4],每步风险损耗[12, 1, 0, 0, 0, 0, 0, 0, 0, 0, 0, 0, 0, 0, 0, 0, 0, 0, 0, 0, 36, 65, 30, 65, 0, 0, 0, 0, 0, 0, 0, 0, 0, 0, 0, 0, 0, 0, 0, 0]
iteration 177 ********* reward 22200650 order0.271216401124 conflicts 11005 drivers 622633
A_star  -----  A_star
搜索所用时间0.00366997718811s
从节点'0'到节点'399' 所需要的经过的节点是 [0, 1, 2, 3, 4, 5, 6, 26, 27, 28, 48, 68, 88, 108, 109, 110, 130, 150, 170, 190, 210, 230, 250, 270, 290, 310, 330, 350, 370, 371, 372, 373, 374, 375, 376, 396, 397, 398, 399] ,所需要的cost为 17212
Dijkstra  -----  Dijkstra
搜索所用时间0.00243306159973s
minimum steps:17212, path:[0, 1, 2, 3, 4, 5, 6, 26, 27, 28, 48, 68, 88, 108, 109, 110, 130, 150, 170, 190, 210, 230, 250, 270, 290, 310, 330, 350, 370, 371, 372, 373, 374, 375, 376, 396, 397, 398, 399]
('Times takes:', 368.0743660926819)
Dijkstra  -----  Dijkstra
第178天,您的路线为[0, 1, 2, 3, 4, 5, 6, 26, 27, 28, 48, 68, 88, 108, 109, 110, 130, 150, 170, 190, 210, 230, 250, 270, 290, 310, 330, 350, 370, 371, 372, 373, 374, 375, 376, 396, 397, 398, 399]
您的距离系数损耗为1234,风险系数损耗为793,每步距离损耗[67, 11, 55, 51, 25, 13, 12, 19, 21, 80, 35, 30, 26, 48, 76, 15, 22, 8, 27, 67, 50, 54, 80, 71, 10, 47, 32, 13, 19, 5, 36, 12, 39, 19, 9, 14, 12, 4],每步风险损耗[35, 99, 37, 48, 83, 49, 16, 31, 52, 2, 0, 0, 0, 37, 43, 0, 0, 0, 0, 0, 0, 0, 0, 0, 0, 0, 0, 0, 41, 33, 42, 86, 32, 27, 0, 0, 0, 0]
A_star  -----  A_star
第178天,您的路线为[0, 1, 2, 3, 4, 5, 6, 26, 27, 28, 48, 68, 88, 108, 109, 110, 130, 150, 170, 190, 210, 230, 250, 270, 290, 310, 330, 350, 370, 371, 372, 373, 374, 375, 376, 396, 397, 398, 399]
您的距离系数损耗为1234,风险系数损耗为793,每步距离损耗[67, 11, 55, 51, 25, 13, 12, 19, 21, 80, 35, 30, 26, 48, 76, 15, 22, 8, 27, 67, 50, 54, 80, 71, 10, 47, 32, 13, 19, 5, 36, 12, 39, 19, 9, 14, 12, 4],每步风险损耗[35, 99, 37, 48, 83, 49, 16, 31, 52, 2, 0, 0, 0, 37, 43, 0, 0, 0, 0, 0, 0, 0, 0, 0, 0, 0, 0, 0, 41, 33, 42, 86, 32, 27, 0, 0, 0, 0]
RL  -----  RL
第178天,您的路线为[(0, 0), (37, 20), (38, 40), (39, 60), (40, 80), (41, 100), (42, 120), (43, 140), (44, 160), (45, 180), (46, 200), (47, 220), (48, 240), (49, 260), (50, 280), (51, 300), (52, 320), (53, 340), (54, 360), (55, 380), (56, 381), (57, 382), (64, 383), (73, 363), (74, 362), (75, 361), (84, 341), (85, 321), (86, 301), (91, 281), (102, 261), (110, 262), (114, 263), (125, 264), (134, 284), (136, 304), (137, 324), (138, 344), (139, 364), (140, 384), (142, 385), (143, 365)]
您的距离系数损耗为1947,风险系数损耗为593,每步距离损耗[4, 52, 85, 57, 64, 46, 33, 29, 57, 83, 9, 66, 89, 81, 8, 40, 23, 19, 16, 66, 2, 59, 77, 71, 70, 6, 36, 25, 71, 52, 32, 62, 15, 36, 49, 71, 33, 32, 74, 61, 86],每步风险损耗[7, 0, 0, 0, 0, 0, 0, 0, 0, 0, 0, 0, 0, 0, 0, 0, 0, 0, 0, 0, 15, 39, 60, 6, 1, 39, 32, 44, 36, 81, 55, 86, 50, 3, 1, 0, 0, 0, 0, 0, 38]
iteration 178 ********* reward 21256780 order0.273821486588 conflicts 11224 drivers 626807
A_star  -----  A_star
搜索所用时间0.00362706184387s
从节点'0'到节点'399' 所需要的经过的节点是 [0, 1, 2, 3, 4, 5, 6, 26, 27, 28, 48, 68, 88, 108, 109, 110, 130, 150, 170, 190, 210, 230, 250, 270, 290, 310, 330, 350, 370, 371, 372, 373, 374, 375, 376, 396, 397, 398, 399] ,所需要的cost为 17212
Dijkstra  -----  Dijkstra
搜索所用时间0.00242900848389s
minimum steps:17212, path:[0, 1, 2, 3, 4, 5, 6, 26, 27, 28, 48, 68, 88, 108, 109, 110, 130, 150, 170, 190, 210, 230, 250, 270, 290, 310, 330, 350, 370, 371, 372, 373, 374, 375, 376, 396, 397, 398, 399]
('Times takes:', 349.1082532405853)
Dijkstra  -----  Dijkstra
第179天,您的路线为[0, 1, 2, 3, 4, 5, 6, 26, 27, 28, 48, 68, 88, 108, 109, 110, 130, 150, 170, 190, 210, 230, 250, 270, 290, 310, 330, 350, 370, 371, 372, 373, 374, 375, 376, 396, 397, 398, 399]
您的距离系数损耗为1234,风险系数损耗为750,每步距离损耗[67, 11, 55, 51, 25, 13, 12, 19, 21, 80, 35, 30, 26, 48, 76, 15, 22, 8, 27, 67, 50, 54, 80, 71, 10, 47, 32, 13, 19, 5, 36, 12, 39, 19, 9, 14, 12, 4],每步风险损耗[35, 92, 37, 48, 83, 53, 5, 31, 52, 1, 3, 0, 0, 37, 43, 0, 0, 0, 0, 0, 0, 0, 0, 0, 0, 0, 0, 0, 44, 36, 42, 56, 21, 31, 0, 0, 0, 0]
A_star  -----  A_star
第179天,您的路线为[0, 1, 2, 3, 4, 5, 6, 26, 27, 28, 48, 68, 88, 108, 109, 110, 130, 150, 170, 190, 210, 230, 250, 270, 290, 310, 330, 350, 370, 371, 372, 373, 374, 375, 376, 396, 397, 398, 399]
您的距离系数损耗为1234,风险系数损耗为750,每步距离损耗[67, 11, 55, 51, 25, 13, 12, 19, 21, 80, 35, 30, 26, 48, 76, 15, 22, 8, 27, 67, 50, 54, 80, 71, 10, 47, 32, 13, 19, 5, 36, 12, 39, 19, 9, 14, 12, 4],每步风险损耗[35, 92, 37, 48, 83, 53, 5, 31, 52, 1, 3, 0, 0, 37, 43, 0, 0, 0, 0, 0, 0, 0, 0, 0, 0, 0, 0, 0, 44, 36, 42, 56, 21, 31, 0, 0, 0, 0]
RL  -----  RL
第179天,您的路线为[(0, 0), (31, 20), (32, 40), (33, 60), (34, 80), (35, 100), (36, 120), (37, 140), (38, 160), (39, 180), (40, 200), (41, 220), (42, 240), (43, 260), (44, 280), (45, 300), (46, 320), (47, 340), (48, 360), (49, 380), (50, 381), (51, 361), (58, 341), (60, 321), (61, 322), (66, 302), (67, 301), (78, 281), (87, 282), (103, 283), (129, 284), (130, 304), (131, 324), (132, 344), (133, 364), (134, 384), (135, 385), (139, 386), (140, 366), (141, 365), (142, 345), (143, 325)]
您的距离系数损耗为1872,风险系数损耗为819,每步距离损耗[4, 52, 85, 57, 64, 46, 33, 29, 57, 83, 9, 66, 89, 81, 8, 40, 23, 19, 16, 66, 11, 6, 36, 78, 45, 49, 71, 61, 57, 27, 49, 71, 33, 32, 74, 61, 24, 15, 42, 83, 20],每步风险损耗[13, 0, 0, 0, 0, 0, 0, 0, 0, 0, 0, 0, 0, 0, 0, 0, 0, 0, 0, 0, 25, 36, 29, 78, 97, 0, 35, 98, 72, 42, 12, 0, 0, 0, 0, 0, 0, 28, 95, 93, 66]
iteration 179 ********* reward 21818080 order0.276494316135 conflicts 11383 drivers 622325
 0, 0, 0]
RL  -----  RL
第179天,您的路线为[(0, 0), (31, 20), (32, 40), (33, 60), (34, 80), (35, 81), (36, 82), (37, 102), (38, 101), (39, 100), (40, 120), (41, 140), (42, 160), (43, 180), (44, 200), (45, 220), (46, 240), (47, 260), (48, 280), (49, 300), (50, 320), (51, 340), (52, 360), (53, 380), (54, 381), (55, 361), (59, 362), (60, 382), (62, 383), (63, 384), (65, 385), (66, 386), (67, 387), (68, 367), (69, 366), (70, 365), (71, 364), (72, 363), (78, 343), (79, 342), (80, 341), (87, 321), (88, 301), (90, 302), (92, 282), (93, 281), (99, 261), (106, 241), (117, 221), (118, 201), (124, 181), (127, 161), (130, 141), (144, 142)]
您的距离系数损耗为2435,风险系数损耗为811,每步距离损耗[4, 52, 85, 57, 87, 19, 72, 32, 8, 46, 33, 29, 57, 83, 9, 66, 89, 81, 8, 40, 23, 19, 16, 66, 11, 70, 7, 59, 62, 61, 24, 64, 84, 51, 42, 37, 42, 59, 73, 44, 36, 25, 49, 59, 61, 52, 55, 64, 66, 80, 2, 15],每步风险损耗[28, 12, 11, 6, 41, 21, 1, 18, 24, 1, 2, 0, 0, 0, 0, 0, 0, 0, 0, 0, 0, 0, 0, 0, 3, 17, 5, 0, 0, 0, 3, 0, 13, 0, 0, 0, 0, 61, 0, 0, 28, 44, 5, 27, 0, 75, 69, 38, 41, 66, 68, 83]
iteration 179 ********* reward 10637210 order0.748715583691 conflicts 9755 drivers 560328
0, 0, 24, 33, 29, 55, 80, 32, 0, 0, 0, 10, 27, 52, 24, 0, 0]
iteration 178 ********* reward 23451890 order0.786195975913 conflicts 11293 drivers 603347
A_star  -----  A_star
搜索所用时间0.0038321018219s
从节点'0'到节点'399' 所需要的经过的节点是 [0, 1, 2, 3, 4, 5, 6, 26, 27, 28, 48, 68, 88, 108, 109, 110, 130, 150, 170, 190, 210, 230, 250, 270, 290, 310, 330, 350, 370, 371, 372, 373, 374, 375, 376, 396, 397, 398, 399] ,所需要的cost为 17212
Dijkstra  -----  Dijkstra
搜索所用时间0.00248885154724s
minimum steps:17212, path:[0, 1, 2, 3, 4, 5, 6, 26, 27, 28, 48, 68, 88, 108, 109, 110, 130, 150, 170, 190, 210, 230, 250, 270, 290, 310, 330, 350, 370, 371, 372, 373, 374, 375, 376, 396, 397, 398, 399]
('Times takes:', 326.7981722354889)
Dijkstra  -----  Dijkstra
第179天,您的路线为[0, 1, 2, 3, 4, 5, 6, 26, 27, 28, 48, 68, 88, 108, 109, 110, 130, 150, 170, 190, 210, 230, 250, 270, 290, 310, 330, 350, 370, 371, 372, 373, 374, 375, 376, 396, 397, 398, 399]
您的距离系数损耗为1125,风险系数损耗为329,每步距离损耗[67, 11, 55, 51, 25, 13, 12, 19, 21, 80, 35, 30, 26, 48, 76, 15, 22, 8, 27, 67, 50, 54, 80, 71, 10, 47, 32, 13, 19, 5, 36],每步风险损耗[7, 26, 21, 21, 54, 45, 22, 28, 40, 2, 4, 1, 0, 30, 28, 0, 0, 0, 0, 0, 0, 0, 0, 0, 0, 0, 0, 0, 0, 0, 0]
A_star  -----  A_star
第179天,您的路线为[0, 1, 2, 3, 4, 5, 6, 26, 27, 28, 48, 68, 88, 108, 109, 110, 130, 150, 170, 190, 210, 230, 250, 270, 290, 310, 330, 350, 370, 371, 372, 373, 374, 375, 376, 396, 397, 398, 399]
您的距离系数损耗为1125,风险系数损耗为329,每步距离损耗[67, 11, 55, 51, 25, 13, 12, 19, 21, 80, 35, 30, 26, 48, 76, 15, 22, 8, 27, 67, 50, 54, 80, 71, 10, 47, 32, 13, 19, 5, 36],每步风险损耗[7, 26, 21, 21, 54, 45, 22, 28, 40, 2, 4, 1, 0, 30, 28, 0, 0, 0, 0, 0, 0, 0, 0, 0, 0, 0, 0, 0, 0, 0, 0]
RL  -----  RL
第179天,您的路线为[(0, 0), (31, 1), (32, 2), (33, 3), (34, 4), (35, 24), (36, 44), (37, 64), (38, 84), (39, 104), (40, 124), (41, 144), (42, 164), (43, 184), (44, 204), (45, 224), (46, 244), (47, 264), (48, 284), (49, 304), (50, 324), (51, 344), (52, 343), (53, 342), (54, 341), (55, 340), (56, 360), (57, 380), (58, 381), (59, 382), (61, 362), (62, 361)]
您的距离系数损耗为1253,风险系数损耗为165,每步距离损耗[67, 11, 55, 51, 19, 5, 17, 83, 84, 15, 22, 35, 44, 18, 32, 57, 80, 36, 49, 71, 33, 14, 73, 44, 58, 19, 16, 66, 2, 7, 70],每步风险损耗[7, 26, 21, 21, 25, 5, 0, 0, 0, 0, 0, 0, 0, 0, 0, 0, 0, 0, 0, 0, 0, 0, 0, 0, 0, 0, 0, 0, 7, 53, 0]
iteration 179 ********* reward 23559340 order0.786316274377 conflicts 10947 drivers 579648
��[22, 65, 27, 6, 27, 27, 16, 7, 13, 6, 1, 0, 0, 0, 4, 0, 0, 0, 0, 0, 0, 0, 0, 0, 0, 0, 0, 0, 38, 35, 47, 83, 14, 14, 0, 0]
RL  -----  RL
第179天,您的路线为[(0, 0), (30, 20), (31, 40), (32, 41), (33, 61), (34, 62), (35, 82), (36, 102), (37, 122), (38, 142), (39, 162), (40, 182), (41, 202), (42, 222), (43, 242), (44, 262), (45, 282), (46, 283), (47, 303), (48, 323), (49, 343), (50, 363), (51, 383), (52, 382), (53, 381), (54, 380), (55, 360), (56, 361), (57, 341), (58, 340), (60, 320), (63, 300), (66, 301), (67, 321), (69, 322), (70, 342), (72, 362)]
您的距离系数损耗为1510,风险系数损耗为448,每步距离损耗[4, 52, 50, 90, 70, 50, 72, 41, 40, 2, 2, 72, 63, 30, 34, 6, 57, 17, 33, 5, 59, 77, 59, 2, 66, 16, 56, 6, 58, 23, 40, 29, 25, 78, 61, 65],每步风险损耗[6, 11, 13, 5, 32, 0, 0, 0, 1, 0, 0, 0, 0, 0, 0, 0, 51, 0, 0, 0, 0, 0, 0, 0, 0, 0, 21, 36, 20, 72, 85, 38, 0, 57, 0, 0]
iteration 179 ********* reward 18362880 order0.65112526895 conflicts 10027 drivers 550127
0, 0, 0, 44, 0, 0, 0]
A_star  -----  A_star
第178天,您的路线为[0, 1, 2, 3, 4, 5, 6, 26, 27, 28, 48, 68, 88, 108, 109, 110, 130, 150, 170, 190, 210, 230, 250, 270, 290, 310, 330, 350, 370, 371, 372, 373, 374, 375, 376, 396, 397, 398, 399]
您的距离系数损耗为1234,风险系数损耗为928,每步距离损耗[67, 11, 55, 51, 25, 13, 12, 19, 21, 80, 35, 30, 26, 48, 76, 15, 22, 8, 27, 67, 50, 54, 80, 71, 10, 47, 32, 13, 19, 5, 36, 12, 39, 19, 9, 14, 12, 4],每步风险损耗[14, 51, 24, 21, 46, 39, 30, 5, 6, 13, 18, 27, 18, 0, 0, 19, 41, 25, 59, 64, 58, 50, 44, 33, 34, 33, 48, 64, 0, 0, 0, 0, 0, 0, 44, 0, 0, 0]
RL  -----  RL
第178天,您的路线为[(0, 0), (31, 20), (32, 21), (33, 22), (34, 42), (35, 62), (36, 82), (37, 102), (38, 122), (39, 142), (40, 143), (41, 144), (42, 145), (43, 146), (44, 147), (45, 148), (46, 149), (47, 150), (48, 151), (49, 152), (50, 153), (51, 154), (52, 155), (53, 156), (54, 157), (55, 158), (56, 159), (57, 179), (58, 199), (59, 219), (60, 239), (61, 259), (62, 279), (63, 299), (64, 319), (65, 339), (66, 359), (67, 379), (68, 399)]
您的距离系数损耗为1566,风险系数损耗为138,每步距离损耗[4, 32, 55, 5, 58, 50, 72, 41, 40, 72, 56, 47, 49, 80, 79, 33, 40, 15, 38, 66, 39, 5, 4, 89, 10, 33, 69, 37, 7, 64, 42, 43, 22, 12, 20, 41, 34, 63],每步风险损耗[32, 39, 14, 17, 15, 6, 0, 2, 11, 2, 0, 0, 0, 0, 0, 0, 0, 0, 0, 0, 0, 0, 0, 0, 0, 0, 0, 0, 0, 0, 0, 0, 0, 0, 0, 0, 0, 0]
iteration 178 ********* reward 24409000 order0.580472624668 conflicts 11229 drivers 651314
A_star  -----  A_star
搜索所用时间0.0041401386261s
从节点'0'到节点'399' 所需要的经过的节点是 [0, 1, 2, 3, 4, 5, 6, 26, 27, 28, 48, 68, 88, 108, 109, 110, 130, 150, 170, 190, 210, 230, 250, 270, 290, 310, 330, 350, 370, 371, 372, 373, 374, 375, 376, 396, 397, 398, 399] ,所需要的cost为 17212
Dijkstra  -----  Dijkstra
搜索所用时间0.00289106369019s
minimum steps:17212, path:[0, 1, 2, 3, 4, 5, 6, 26, 27, 28, 48, 68, 88, 108, 109, 110, 130, 150, 170, 190, 210, 230, 250, 270, 290, 310, 330, 350, 370, 371, 372, 373, 374, 375, 376, 396, 397, 398, 399]
('Times takes:', 463.29840183258057)
Dijkstra  -----  Dijkstra
第179天,您的路线为[0, 1, 2, 3, 4, 5, 6, 26, 27, 28, 48, 68, 88, 108, 109, 110, 130, 150, 170, 190, 210, 230, 250, 270, 290, 310, 330, 350, 370, 371, 372, 373, 374, 375, 376, 396, 397, 398, 399]
您的距离系数损耗为1234,风险系数损耗为674,每步距离损耗[67, 11, 55, 51, 25, 13, 12, 19, 21, 80, 35, 30, 26, 48, 76, 15, 22, 8, 27, 67, 50, 54, 80, 71, 10, 47, 32, 13, 19, 5, 36, 12, 39, 19, 9, 14, 12, 4],每步风险损耗[27, 54, 19, 6, 18, 7, 45, 2, 2, 9, 13, 21, 17, 0, 0, 54, 45, 16, 23, 32, 50, 16, 30, 16, 22, 16, 40, 36, 0, 0, 0, 0, 0, 0, 38, 0, 0, 0]
A_star  -----  A_star
第179天,您的路线为[0, 1, 2, 3, 4, 5, 6, 26, 27, 28, 48, 68, 88, 108, 109, 110, 130, 150, 170, 190, 210, 230, 250, 270, 290, 310, 330, 350, 370, 371, 372, 373, 374, 375, 376, 396, 397, 398, 399]
您的距离系数损耗为1234,风险系数损耗为674,每步距离损耗[67, 11, 55, 51, 25, 13, 12, 19, 21, 80, 35, 30, 26, 48, 76, 15, 22, 8, 27, 67, 50, 54, 80, 71, 10, 47, 32, 13, 19, 5, 36, 12, 39, 19, 9, 14, 12, 4],每步风险损耗[27, 54, 19, 6, 18, 7, 45, 2, 2, 9, 13, 21, 17, 0, 0, 54, 45, 16, 23, 32, 50, 16, 30, 16, 22, 16, 40, 36, 0, 0, 0, 0, 0, 0, 38, 0, 0, 0]
RL  -----  RL
第179天,您的路线为[(0, 0), (30, 1), (31, 2), (32, 3), (34, 4), (38, 24), (39, 25), (40, 26), (41, 46), (42, 66), (43, 86), (44, 87), (45, 88), (46, 89), (47, 90), (48, 91), (49, 92), (50, 93), (51, 94), (52, 95), (53, 96), (54, 97), (55, 77), (56, 78), (57, 79), (58, 99), (59, 119), (60, 139), (61, 159), (62, 179), (63, 199), (64, 219), (65, 239), (66, 259), (67, 279), (68, 299), (69, 319), (70, 339), (71, 359), (72, 379), (73, 399)]
您的距离系数损耗为1564,风险系数损耗为284,每步距离损耗[67, 11, 55, 51, 19, 5, 38, 10, 82, 23, 66, 25, 24, 76, 2, 36, 3, 42, 79, 80, 16, 30, 55, 64, 28, 51, 62, 10, 69, 37, 7, 64, 42, 43, 22, 12, 20, 41, 34, 63],每步风险损耗[27, 54, 19, 6, 36, 15, 4, 33, 11, 2, 2, 0, 0, 0, 0, 0, 0, 0, 0, 0, 0, 75, 0, 0, 0, 0, 0, 0, 0, 0, 0, 0, 0, 0, 0, 0, 0, 0, 0, 0]
iteration 179 ********* reward 24141020 order0.581872519591 conflicts 11466 drivers 668781
��[67, 11, 55, 51, 25, 13, 12, 19, 21, 80, 35, 30, 26, 48, 76, 15, 22, 8, 27, 67, 50, 54, 80, 71, 10, 47, 32, 13, 19, 5, 36, 12, 39, 19, 9, 14, 12, 4],每步风险损耗[16, 32, 13, 6, 11, 9, 13, 11, 34, 5, 0, 0, 0, 13, 9, 0, 0, 0, 0, 0, 0, 0, 0, 0, 0, 0, 0, 0, 29, 46, 52, 80, 0, 9, 0, 0, 0, 0]
RL  -----  RL
第176天,您的路线为[(0, 0), (32, 20), (39, 21), (40, 41), (41, 61), (42, 81), (44, 101), (45, 102), (46, 122), (50, 142), (51, 162), (52, 182), (56, 183), (59, 203), (60, 223), (61, 243), (62, 263), (63, 283), (64, 303), (65, 323), (66, 343), (67, 363), (68, 383), (69, 382), (70, 381), (71, 380), (72, 360), (73, 361), (74, 341), (77, 340), (79, 320), (80, 300), (89, 280), (90, 260), (91, 261), (92, 281), (93, 301), (94, 321), (96, 322), (97, 342), (98, 362)]
您的距离系数损耗为1681,风险系数损耗为540,每步距离损耗[4, 32, 40, 90, 48, 61, 32, 41, 40, 2, 2, 72, 6, 86, 23, 26, 84, 17, 33, 5, 59, 77, 59, 2, 66, 16, 56, 6, 58, 23, 40, 8, 81, 34, 52, 71, 25, 78, 61, 65],每步风险损耗[9, 35, 19, 2, 3, 2, 6, 0, 1, 0, 1, 36, 0, 0, 0, 0, 0, 0, 0, 0, 0, 0, 0, 0, 0, 0, 14, 27, 28, 55, 85, 80, 42, 33, 0, 0, 0, 62, 0, 0]
iteration 176 ********* reward 3025830 order0.168684601775 conflicts 7445 drivers 676755
A_star  -----  A_star
搜索所用时间0.00382804870605s
从节点'0'到节点'399' 所需要的经过的节点是 [0, 1, 2, 3, 4, 5, 6, 26, 27, 28, 48, 68, 88, 108, 109, 110, 130, 150, 170, 190, 210, 230, 250, 270, 290, 310, 330, 350, 370, 371, 372, 373, 374, 375, 376, 396, 397, 398, 399] ,所需要的cost为 17212
Dijkstra  -----  Dijkstra
搜索所用时间0.0024778842926s
minimum steps:17212, path:[0, 1, 2, 3, 4, 5, 6, 26, 27, 28, 48, 68, 88, 108, 109, 110, 130, 150, 170, 190, 210, 230, 250, 270, 290, 310, 330, 350, 370, 371, 372, 373, 374, 375, 376, 396, 397, 398, 399]
('Times takes:', 469.82095408439636)
Dijkstra  -----  Dijkstra
第177天,您的路线为[0, 1, 2, 3, 4, 5, 6, 26, 27, 28, 48, 68, 88, 108, 109, 110, 130, 150, 170, 190, 210, 230, 250, 270, 290, 310, 330, 350, 370, 371, 372, 373, 374, 375, 376, 396, 397, 398, 399]
您的距离系数损耗为1234,风险系数损耗为356,每步距离损耗[67, 11, 55, 51, 25, 13, 12, 19, 21, 80, 35, 30, 26, 48, 76, 15, 22, 8, 27, 67, 50, 54, 80, 71, 10, 47, 32, 13, 19, 5, 36, 12, 39, 19, 9, 14, 12, 4],每步风险损耗[5, 55, 15, 14, 18, 10, 7, 10, 21, 2, 5, 9, 1, 10, 4, 0, 0, 0, 0, 0, 0, 0, 0, 0, 0, 0, 0, 0, 29, 20, 58, 48, 13, 2, 0, 0, 0, 0]
A_star  -----  A_star
第177天,您的路线为[0, 1, 2, 3, 4, 5, 6, 26, 27, 28, 48, 68, 88, 108, 109, 110, 130, 150, 170, 190, 210, 230, 250, 270, 290, 310, 330, 350, 370, 371, 372, 373, 374, 375, 376, 396, 397, 398, 399]
您的距离系数损耗为1234,风险系数损耗为356,每步距离损耗[67, 11, 55, 51, 25, 13, 12, 19, 21, 80, 35, 30, 26, 48, 76, 15, 22, 8, 27, 67, 50, 54, 80, 71, 10, 47, 32, 13, 19, 5, 36, 12, 39, 19, 9, 14, 12, 4],每步风险损耗[5, 55, 15, 14, 18, 10, 7, 10, 21, 2, 5, 9, 1, 10, 4, 0, 0, 0, 0, 0, 0, 0, 0, 0, 0, 0, 0, 0, 29, 20, 58, 48, 13, 2, 0, 0, 0, 0]
RL  -----  RL
第177天,您的路线为[(0, 0), (31, 1), (32, 2), (33, 22), (35, 23), (36, 43), (38, 63), (44, 64), (45, 84), (47, 104), (50, 124), (52, 144), (53, 164), (55, 184), (56, 204), (57, 224), (58, 244), (59, 264), (60, 284), (61, 283), (62, 303), (63, 323), (64, 322), (65, 321), (66, 341), (67, 361), (68, 381), (69, 380), (70, 360), (71, 340), (72, 320), (73, 300), (79, 301), (88, 281), (91, 280), (94, 260), (103, 240), (104, 241), (105, 261), (112, 262), (113, 282), (114, 302)]
您的距离系数损耗为1784,风险系数损耗为714,每步距离损耗[67, 11, 81, 8, 50, 66, 9, 83, 84, 15, 22, 35, 44, 18, 32, 57, 80, 36, 27, 17, 33, 59, 78, 36, 6, 11, 66, 16, 19, 23, 40, 29, 71, 62, 81, 89, 71, 55, 32, 6, 59],每步风险损耗[5, 55, 15, 12, 17, 6, 10, 7, 6, 2, 12, 0, 0, 0, 0, 0, 0, 0, 24, 0, 0, 35, 47, 0, 0, 0, 0, 0, 23, 64, 65, 46, 38, 19, 60, 69, 28, 0, 49, 0, 0]
iteration 177 ********* reward 3176400 order0.168360220416 conflicts 7924 drivers 748173
A_star  -----  A_star
搜索所用时间0.00437188148499s
从节点'0'到节点'399' 所需要的经过的节点是 [0, 1, 2, 3, 4, 5, 6, 26, 27, 28, 48, 68, 88, 108, 109, 110, 130, 150, 170, 190, 210, 230, 250, 270, 290, 310, 330, 350, 370, 371, 372, 373, 374, 375, 376, 396, 397, 398, 399] ,所需要的cost为 17212
Dijkstra  -----  Dijkstra
搜索所用时间0.00248718261719s
minimum steps:17212, path:[0, 1, 2, 3, 4, 5, 6, 26, 27, 28, 48, 68, 88, 108, 109, 110, 130, 150, 170, 190, 210, 230, 250, 270, 290, 310, 330, 350, 370, 371, 372, 373, 374, 375, 376, 396, 397, 398, 399]
('Times takes:', 466.0757758617401)
Dijkstra  -----  Dijkstra
第178天,您的路线为[0, 1, 2, 3, 4, 5, 6, 26, 27, 28, 48, 68, 88, 108, 109, 110, 130, 150, 170, 190, 210, 230, 250, 270, 290, 310, 330, 350, 370, 371, 372, 373, 374, 375, 376, 396, 397, 398, 399]
您的距离系数损耗为1218,风险系数损耗为225,每步距离损耗[67, 11, 55, 51, 25, 13, 12, 19, 21, 80, 35, 30, 26, 48, 76, 15, 22, 8, 27, 67, 50, 54, 80, 71, 10, 47, 32, 13, 19, 5, 36, 12, 39, 19, 9, 14],每步风险损耗[3, 5, 1, 0, 0, 0, 3, 7, 9, 0, 0, 5, 3, 12, 15, 0, 0, 0, 0, 1, 0, 0, 0, 0, 0, 0, 0, 0, 31, 28, 51, 47, 3, 1, 0, 0]
A_star  -----  A_star
第178天,您的路线为[0, 1, 2, 3, 4, 5, 6, 26, 27, 28, 48, 68, 88, 108, 109, 110, 130, 150, 170, 190, 210, 230, 250, 270, 290, 310, 330, 350, 370, 371, 372, 373, 374, 375, 376, 396, 397, 398, 399]
您的距离系数损耗为1218,风险系数损耗为225,每步距离损耗[67, 11, 55, 51, 25, 13, 12, 19, 21, 80, 35, 30, 26, 48, 76, 15, 22, 8, 27, 67, 50, 54, 80, 71, 10, 47, 32, 13, 19, 5, 36, 12, 39, 19, 9, 14],每步风险损耗[3, 5, 1, 0, 0, 0, 3, 7, 9, 0, 0, 5, 3, 12, 15, 0, 0, 0, 0, 1, 0, 0, 0, 0, 0, 0, 0, 0, 31, 28, 51, 47, 3, 1, 0, 0]
RL  -----  RL
第178天,您的路线为[(0, 0), (34, 1), (35, 21), (42, 22), (43, 23), (44, 43), (45, 42), (46, 62), (48, 61), (51, 81), (52, 101), (53, 121), (54, 141), (55, 161), (56, 181), (57, 201), (58, 221), (59, 241), (60, 261), (61, 281), (62, 301), (63, 321), (64, 341), (65, 361), (66, 381), (67, 380), (68, 360), (69, 340), (71, 320), (77, 300), (94, 280), (95, 260), (101, 240), (102, 220), (133, 200), (134, 180), (135, 160)]
您的距离系数损耗为1663,风险系数损耗为785,每步距离损耗[67, 37, 55, 8, 50, 68, 58, 70, 48, 61, 54, 47, 15, 2, 80, 66, 64, 55, 52, 71, 25, 36, 6, 11, 66, 16, 19, 23, 40, 8, 81, 89, 66, 9, 83, 57],每步风险损耗[3, 18, 28, 16, 23, 73, 5, 81, 6, 0, 0, 0, 3, 0, 0, 0, 0, 0, 0, 0, 0, 0, 0, 0, 0, 0, 12, 62, 73, 66, 50, 89, 40, 47, 39, 51]
iteration 178 ********* reward 3563990 order0.168096580283 conflicts 8047 drivers 717437
A_star  -----  A_star
搜索所用时间0.0038800239563s
从节点'0'到节点'399' 所需要的经过的节点是 [0, 1, 2, 3, 4, 5, 6, 26, 27, 28, 48, 68, 88, 108, 109, 110, 130, 150, 170, 190, 210, 230, 250, 270, 290, 310, 330, 350, 370, 371, 372, 373, 374, 375, 376, 396, 397, 398, 399] ,所需要的cost为 17212
Dijkstra  -----  Dijkstra
搜索所用时间0.0024778842926s
minimum steps:17212, path:[0, 1, 2, 3, 4, 5, 6, 26, 27, 28, 48, 68, 88, 108, 109, 110, 130, 150, 170, 190, 210, 230, 250, 270, 290, 310, 330, 350, 370, 371, 372, 373, 374, 375, 376, 396, 397, 398, 399]
('Times takes:', 462.21462202072144)
Dijkstra  -----  Dijkstra
第179天,您的路线为[0, 1, 2, 3, 4, 5, 6, 26, 27, 28, 48, 68, 88, 108, 109, 110, 130, 150, 170, 190, 210, 230, 250, 270, 290, 310, 330, 350, 370, 371, 372, 373, 374, 375, 376, 396, 397, 398, 399]
您的距离系数损耗为1234,风险系数损耗为229,每步距离损耗[67, 11, 55, 51, 25, 13, 12, 19, 21, 80, 35, 30, 26, 48, 76, 15, 22, 8, 27, 67, 50, 54, 80, 71, 10, 47, 32, 13, 19, 5, 36, 12, 39, 19, 9, 14, 12, 4],每步风险损耗[10, 17, 2, 1, 1, 0, 4, 4, 8, 6, 17, 7, 2, 3, 7, 2, 0, 0, 0, 0, 0, 0, 0, 0, 0, 0, 0, 0, 15, 21, 36, 28, 18, 20, 0, 0, 0, 0]
A_star  -----  A_star
第179天,您的路线为[0, 1, 2, 3, 4, 5, 6, 26, 27, 28, 48, 68, 88, 108, 109, 110, 130, 150, 170, 190, 210, 230, 250, 270, 290, 310, 330, 350, 370, 371, 372, 373, 374, 375, 376, 396, 397, 398, 399]
您的距离系数损耗为1234,风险系数损耗为229,每步距离损耗[67, 11, 55, 51, 25, 13, 12, 19, 21, 80, 35, 30, 26, 48, 76, 15, 22, 8, 27, 67, 50, 54, 80, 71, 10, 47, 32, 13, 19, 5, 36, 12, 39, 19, 9, 14, 12, 4],每步风险损耗[10, 17, 2, 1, 1, 0, 4, 4, 8, 6, 17, 7, 2, 3, 7, 2, 0, 0, 0, 0, 0, 0, 0, 0, 0, 0, 0, 0, 15, 21, 36, 28, 18, 20, 0, 0, 0, 0]
RL  -----  RL
第179天,您的路线为[(0, 0), (30, 1), (31, 2), (32, 3), (33, 23), (35, 22), (39, 42), (47, 41), (50, 21), (55, 20), (58, 40), (62, 60), (66, 61), (67, 62), (69, 82), (70, 102), (72, 122), (73, 142), (75, 143), (76, 144), (77, 124), (79, 125), (80, 145), (81, 165), (82, 166), (83, 186), (84, 206), (85, 226), (86, 246), (87, 266), (88, 267), (89, 287), (90, 307), (91, 306), (92, 326), (93, 327), (94, 347), (95, 367), (96, 368), (97, 388), (98, 387), (99, 386), (100, 385), (101, 384), (102, 383), (103, 363), (104, 343), (107, 342), (109, 362), (110, 382), (111, 381), (112, 380), (113, 360), (114, 361), (115, 341), (119, 321), (121, 301), (122, 300), (123, 320), (124, 340)]
您的距离系数损耗为2689,风险系数损耗为736,每步距离损耗[67, 11, 55, 1, 8, 5, 64, 40, 32, 52, 85, 56, 70, 50, 72, 41, 40, 72, 56, 22, 83, 86, 64, 20, 59, 27, 36, 88, 20, 52, 42, 64, 36, 72, 37, 87, 42, 3, 66, 15, 64, 24, 61, 62, 77, 59, 73, 65, 7, 2, 66, 16, 56, 6, 36, 25, 29, 40, 23],每步风险损耗[10, 17, 2, 15, 49, 14, 81, 13, 70, 12, 12, 41, 35, 8, 1, 2, 2, 8, 42, 9, 21, 1, 0, 5, 0, 0, 0, 0, 0, 68, 0, 0, 48, 0, 15, 0, 0, 12, 0, 0, 0, 0, 0, 0, 0, 35, 22, 0, 0, 0, 0, 0, 0, 14, 20, 15, 17, 0, 0]
iteration 179 ********* reward 11678780 order0.169391053484 conflicts 10449 drivers 882212
08, 109, 110, 130, 150, 170, 190, 210, 230, 250, 270, 290, 310, 330, 350, 370, 371, 372, 373, 374, 375, 376, 396, 397, 398, 399]
您的距离系数损耗为1176,风险系数损耗为706,每步距离损耗[67, 11, 55, 51, 25, 13, 12, 19, 21, 80, 35, 30, 26, 48, 76, 15, 22, 8, 27, 67, 50, 54, 80, 71, 10, 47, 32, 13, 19, 5, 36, 12, 39],每步风险损耗[35, 99, 37, 48, 83, 53, 14, 31, 52, 0, 0, 0, 0, 34, 37, 0, 0, 0, 0, 0, 0, 0, 0, 0, 0, 0, 0, 0, 41, 35, 56, 43, 8]
A_star  -----  A_star
第179天,您的路线为[0, 1, 2, 3, 4, 5, 6, 26, 27, 28, 48, 68, 88, 108, 109, 110, 130, 150, 170, 190, 210, 230, 250, 270, 290, 310, 330, 350, 370, 371, 372, 373, 374, 375, 376, 396, 397, 398, 399]
您的距离系数损耗为1176,风险系数损耗为706,每步距离损耗[67, 11, 55, 51, 25, 13, 12, 19, 21, 80, 35, 30, 26, 48, 76, 15, 22, 8, 27, 67, 50, 54, 80, 71, 10, 47, 32, 13, 19, 5, 36, 12, 39],每步风险损耗[35, 99, 37, 48, 83, 53, 14, 31, 52, 0, 0, 0, 0, 34, 37, 0, 0, 0, 0, 0, 0, 0, 0, 0, 0, 0, 0, 0, 41, 35, 56, 43, 8]
RL  -----  RL
第179天,您的路线为[(0, 0), (30, 20), (31, 40), (32, 60), (33, 80), (34, 100), (35, 120), (38, 140), (39, 160), (40, 180), (41, 200), (42, 220), (43, 240), (44, 260), (45, 280), (46, 300), (47, 320), (48, 340), (49, 360), (50, 380), (51, 381), (52, 382), (53, 383), (56, 384), (58, 364), (61, 344), (62, 343), (63, 363), (64, 362), (65, 361), (67, 341), (71, 321), (73, 322), (74, 342)]
您的距离系数损耗为1551,风险系数损耗为408,每步距离损耗[4, 52, 85, 57, 64, 46, 33, 29, 57, 83, 9, 66, 89, 81, 8, 40, 23, 19, 16, 66, 2, 59, 62, 74, 32, 14, 59, 71, 70, 6, 36, 78, 61],每步风险损耗[8, 7, 0, 0, 0, 0, 0, 0, 0, 0, 0, 0, 0, 0, 0, 0, 0, 0, 0, 0, 0, 8, 22, 34, 57, 60, 0, 27, 47, 36, 35, 67, 0]
iteration 179 ********* reward 19933610 order0.464304849119 conflicts 9737 drivers 518028
 3, 4, 5, 6, 26, 27, 28, 48, 68, 88, 108, 109, 110, 130, 150, 170, 190, 210, 230, 250, 270, 290, 310, 330, 350, 370, 371, 372, 373, 374, 375, 376, 396, 397, 398, 399]
('Times takes:', 772.2261972427368)
Dijkstra  -----  Dijkstra
第176天,您的路线为[0, 1, 2, 3, 4, 5, 6, 26, 27, 28, 48, 68, 88, 108, 109, 110, 130, 150, 170, 190, 210, 230, 250, 270, 290, 310, 330, 350, 370, 371, 372, 373, 374, 375, 376, 396, 397, 398, 399]
您的距离系数损耗为1234,风险系数损耗为848,每步距离损耗[67, 11, 55, 51, 25, 13, 12, 19, 21, 80, 35, 30, 26, 48, 76, 15, 22, 8, 27, 67, 50, 54, 80, 71, 10, 47, 32, 13, 19, 5, 36, 12, 39, 19, 9, 14, 12, 4],每步风险损耗[38, 99, 37, 48, 83, 53, 10, 31, 52, 1, 0, 0, 0, 37, 43, 0, 0, 0, 0, 0, 0, 0, 0, 0, 0, 0, 0, 0, 44, 50, 63, 86, 45, 28, 0, 0, 0, 0]
A_star  -----  A_star
第176天,您的路线为[0, 1, 2, 3, 4, 5, 6, 26, 27, 28, 48, 68, 88, 108, 109, 110, 130, 150, 170, 190, 210, 230, 250, 270, 290, 310, 330, 350, 370, 371, 372, 373, 374, 375, 376, 396, 397, 398, 399]
您的距离系数损耗为1234,风险系数损耗为848,每步距离损耗[67, 11, 55, 51, 25, 13, 12, 19, 21, 80, 35, 30, 26, 48, 76, 15, 22, 8, 27, 67, 50, 54, 80, 71, 10, 47, 32, 13, 19, 5, 36, 12, 39, 19, 9, 14, 12, 4],每步风险损耗[38, 99, 37, 48, 83, 53, 10, 31, 52, 1, 0, 0, 0, 37, 43, 0, 0, 0, 0, 0, 0, 0, 0, 0, 0, 0, 0, 0, 44, 50, 63, 86, 45, 28, 0, 0, 0, 0]
RL  -----  RL
第176天,您的路线为[(0, 0), (30, 20), (31, 40), (32, 60), (33, 80), (34, 100), (35, 120), (36, 140), (37, 160), (38, 180), (39, 200), (40, 220), (41, 240), (42, 260), (43, 280), (44, 300), (45, 320), (46, 340), (47, 360), (48, 380), (49, 381), (51, 382), (52, 383), (53, 384), (54, 364), (55, 365), (56, 385), (57, 386), (58, 387), (59, 388), (60, 368), (61, 369), (62, 389), (63, 390), (65, 370), (66, 371), (67, 391), (68, 392), (69, 393), (70, 394), (71, 395), (72, 396), (73, 376), (78, 375), (79, 355), (80, 335), (88, 334), (89, 354), (90, 374), (121, 373), (122, 353), (128, 333), (133, 332), (134, 352), (135, 372)]
您的距离系数损耗为2352,风险系数损耗为682,每步距离损耗[4, 52, 85, 57, 64, 46, 33, 29, 57, 83, 9, 66, 89, 81, 8, 40, 23, 19, 16, 66, 2, 59, 62, 74, 37, 86, 24, 64, 15, 66, 47, 46, 17, 54, 19, 52, 31, 89, 34, 23, 48, 9, 19, 81, 18, 34, 57, 15, 12, 14, 69, 78, 54, 16],每步风险损耗[4, 3, 2, 0, 0, 0, 0, 0, 0, 0, 0, 0, 0, 0, 0, 0, 0, 0, 0, 0, 0, 0, 0, 0, 62, 0, 0, 0, 0, 0, 86, 0, 0, 0, 44, 0, 0, 0, 0, 0, 0, 1, 37, 69, 89, 37, 0, 0, 71, 17, 74, 86, 0, 0]
iteration 176 ********* reward 4327140 order0.337855881186 conflicts 8776 drivers 1024923
A_star  -----  A_star
搜索所用时间0.0539429187775s
从节点'0'到节点'399' 所需要的经过的节点是 [0, 1, 2, 3, 4, 5, 6, 26, 27, 28, 48, 68, 88, 108, 109, 110, 130, 150, 170, 190, 210, 230, 250, 270, 290, 310, 330, 350, 370, 371, 372, 373, 374, 375, 376, 396, 397, 398, 399] ,所需要的cost为 17212
Dijkstra  -----  Dijkstra
搜索所用时间0.0024619102478s
minimum steps:17212, path:[0, 1, 2, 3, 4, 5, 6, 26, 27, 28, 48, 68, 88, 108, 109, 110, 130, 150, 170, 190, 210, 230, 250, 270, 290, 310, 330, 350, 370, 371, 372, 373, 374, 375, 376, 396, 397, 398, 399]
('Times takes:', 767.7248661518097)
Dijkstra  -----  Dijkstra
第177天,您的路线为[0, 1, 2, 3, 4, 5, 6, 26, 27, 28, 48, 68, 88, 108, 109, 110, 130, 150, 170, 190, 210, 230, 250, 270, 290, 310, 330, 350, 370, 371, 372, 373, 374, 375, 376, 396, 397, 398, 399]
您的距离系数损耗为1234,风险系数损耗为864,每步距离损耗[67, 11, 55, 51, 25, 13, 12, 19, 21, 80, 35, 30, 26, 48, 76, 15, 22, 8, 27, 67, 50, 54, 80, 71, 10, 47, 32, 13, 19, 5, 36, 12, 39, 19, 9, 14, 12, 4],每步风险损耗[38, 99, 37, 48, 83, 53, 17, 31, 52, 4, 3, 0, 0, 37, 43, 0, 0, 0, 0, 0, 0, 0, 0, 0, 0, 0, 0, 0, 41, 50, 58, 93, 40, 37, 0, 0, 0, 0]
A_star  -----  A_star
第177天,您的路线为[0, 1, 2, 3, 4, 5, 6, 26, 27, 28, 48, 68, 88, 108, 109, 110, 130, 150, 170, 190, 210, 230, 250, 270, 290, 310, 330, 350, 370, 371, 372, 373, 374, 375, 376, 396, 397, 398, 399]
您的距离系数损耗为1234,风险系数损耗为864,每步距离损耗[67, 11, 55, 51, 25, 13, 12, 19, 21, 80, 35, 30, 26, 48, 76, 15, 22, 8, 27, 67, 50, 54, 80, 71, 10, 47, 32, 13, 19, 5, 36, 12, 39, 19, 9, 14, 12, 4],每步风险损耗[38, 99, 37, 48, 83, 53, 17, 31, 52, 4, 3, 0, 0, 37, 43, 0, 0, 0, 0, 0, 0, 0, 0, 0, 0, 0, 0, 0, 41, 50, 58, 93, 40, 37, 0, 0, 0, 0]
RL  -----  RL
第177天,您的路线为[(0, 0), (30, 20), (31, 40), (32, 60), (33, 80), (34, 100), (35, 120), (36, 140), (37, 160), (38, 180), (39, 200), (40, 220), (41, 240), (42, 260), (43, 280), (44, 300), (45, 320), (46, 340), (47, 360), (48, 380), (49, 381), (50, 361), (53, 362), (54, 382), (55, 383), (56, 384), (57, 385), (58, 386), (59, 387), (60, 388), (61, 389), (62, 369), (64, 370), (65, 390), (66, 391), (67, 371), (72, 351), (73, 350), (87, 330), (91, 310), (97, 309), (98, 329), (99, 349), (104, 348), (105, 368), (106, 367), (107, 347), (108, 327), (110, 326), (111, 346), (112, 366), (113, 365), (114, 345), (117, 325), (122, 305), (123, 285), (126, 286), (127, 306), (130, 307), (131, 287), (133, 288), (134, 308), (135, 328)]
您的距离系数损耗为2842,风险系数损耗为1104,每步距离损耗[4, 52, 85, 57, 64, 46, 33, 29, 57, 83, 9, 66, 89, 81, 8, 40, 23, 19, 16, 66, 11, 70, 7, 59, 62, 61, 24, 64, 15, 74, 46, 51, 54, 80, 52, 42, 44, 32, 47, 76, 17, 12, 23, 13, 3, 42, 87, 37, 78, 25, 42, 83, 20, 68, 38, 63, 70, 36, 64, 37, 19, 67],每步风险损耗[3, 0, 0, 0, 0, 0, 0, 0, 0, 0, 0, 0, 0, 0, 0, 0, 0, 0, 0, 0, 1, 60, 0, 0, 0, 0, 0, 0, 0, 0, 0, 65, 0, 0, 0, 38, 89, 56, 33, 65, 0, 0, 80, 0, 50, 15, 82, 33, 0, 0, 32, 16, 56, 51, 46, 42, 0, 68, 83, 40, 0, 0]
iteration 177 ********* reward 3409010 order0.336622447974 conflicts 8754 drivers 1024356
A_star  -----  A_star
搜索所用时间0.00417709350586s
从节点'0'到节点'399' 所需要的经过的节点是 [0, 1, 2, 3, 4, 5, 6, 26, 27, 28, 48, 68, 88, 108, 109, 110, 130, 150, 170, 190, 210, 230, 250, 270, 290, 310, 330, 350, 370, 371, 372, 373, 374, 375, 376, 396, 397, 398, 399] ,所需要的cost为 17212
Dijkstra  -----  Dijkstra
搜索所用时间0.00248980522156s
minimum steps:17212, path:[0, 1, 2, 3, 4, 5, 6, 26, 27, 28, 48, 68, 88, 108, 109, 110, 130, 150, 170, 190, 210, 230, 250, 270, 290, 310, 330, 350, 370, 371, 372, 373, 374, 375, 376, 396, 397, 398, 399]
('Times takes:', 654.2347819805145)
Dijkstra  -----  Dijkstra
第178天,您的路线为[0, 1, 2, 3, 4, 5, 6, 26, 27, 28, 48, 68, 88, 108, 109, 110, 130, 150, 170, 190, 210, 230, 250, 270, 290, 310, 330, 350, 370, 371, 372, 373, 374, 375, 376, 396, 397, 398, 399]
您的距离系数损耗为1234,风险系数损耗为831,每步距离损耗[67, 11, 55, 51, 25, 13, 12, 19, 21, 80, 35, 30, 26, 48, 76, 15, 22, 8, 27, 67, 50, 54, 80, 71, 10, 47, 32, 13, 19, 5, 36, 12, 39, 19, 9, 14, 12, 4],每步风险损耗[38, 99, 37, 48, 83, 53, 13, 31, 52, 4, 2, 0, 0, 37, 43, 0, 0, 0, 0, 0, 0, 0, 0, 0, 0, 0, 0, 0, 41, 46, 58, 80, 32, 34, 0, 0, 0, 0]
A_star  -----  A_star
第178天,您的路线为[0, 1, 2, 3, 4, 5, 6, 26, 27, 28, 48, 68, 88, 108, 109, 110, 130, 150, 170, 190, 210, 230, 250, 270, 290, 310, 330, 350, 370, 371, 372, 373, 374, 375, 376, 396, 397, 398, 399]
您的距离系数损耗为1234,风险系数损耗为831,每步距离损耗[67, 11, 55, 51, 25, 13, 12, 19, 21, 80, 35, 30, 26, 48, 76, 15, 22, 8, 27, 67, 50, 54, 80, 71, 10, 47, 32, 13, 19, 5, 36, 12, 39, 19, 9, 14, 12, 4],每步风险损耗[38, 99, 37, 48, 83, 53, 13, 31, 52, 4, 2, 0, 0, 37, 43, 0, 0, 0, 0, 0, 0, 0, 0, 0, 0, 0, 0, 0, 41, 46, 58, 80, 32, 34, 0, 0, 0, 0]
RL  -----  RL
第178天,您的路线为[(0, 0), (32, 20), (33, 40), (34, 60), (35, 80), (36, 100), (37, 120), (38, 140), (39, 160), (40, 180), (41, 200), (42, 220), (43, 240), (44, 260), (45, 280), (46, 300), (47, 320), (48, 340), (49, 360), (50, 380), (51, 381), (52, 382), (53, 362), (55, 363), (56, 383), (57, 384), (58, 364), (59, 365), (60, 385), (61, 386), (62, 366), (63, 346), (68, 326), (70, 325), (71, 345), (79, 344), (80, 343), (87, 323), (94, 322), (95, 342), (98, 341), (99, 361)]
您的距离系数损耗为1752,风险系数损耗为646,每步距离损耗[4, 52, 85, 57, 64, 46, 33, 29, 57, 83, 9, 66, 89, 81, 8, 40, 23, 19, 16, 66, 2, 7, 71, 77, 62, 74, 37, 86, 24, 15, 25, 78, 16, 20, 42, 14, 5, 59, 61, 44, 6],每步风险损耗[4, 1, 0, 0, 0, 0, 0, 0, 0, 0, 0, 0, 0, 0, 0, 0, 0, 0, 0, 0, 0, 0, 27, 0, 0, 0, 81, 0, 0, 0, 49, 82, 92, 0, 76, 60, 35, 56, 0, 83, 0]
iteration 178 ********* reward 3330490 order0.335378396017 conflicts 8880 drivers 1003878
A_star  -----  A_star
搜索所用时间0.00371909141541s
从节点'0'到节点'399' 所需要的经过的节点是 [0, 1, 2, 3, 4, 5, 6, 26, 27, 28, 48, 68, 88, 108, 109, 110, 130, 150, 170, 190, 210, 230, 250, 270, 290, 310, 330, 350, 370, 371, 372, 373, 374, 375, 376, 396, 397, 398, 399] ,所需要的cost为 17212
Dijkstra  -----  Dijkstra
搜索所用时间0.00247597694397s
minimum steps:17212, path:[0, 1, 2, 3, 4, 5, 6, 26, 27, 28, 48, 68, 88, 108, 109, 110, 130, 150, 170, 190, 210, 230, 250, 270, 290, 310, 330, 350, 370, 371, 372, 373, 374, 375, 376, 396, 397, 398, 399]
('Times takes:', 637.7172689437866)
Dijkstra  -----  Dijkstra
第179天,您的路线为[0, 1, 2, 3, 4, 5, 6, 26, 27, 28, 48, 68, 88, 108, 109, 110, 130, 150, 170, 190, 210, 230, 250, 270, 290, 310, 330, 350, 370, 371, 372, 373, 374, 375, 376, 396, 397, 398, 399]
您的距离系数损耗为1084,风险系数损耗为571,每步距离损耗[67, 11, 55, 51, 25, 13, 12, 19, 21, 80, 35, 30, 26, 48, 76, 15, 22, 8, 27, 67, 50, 54, 80, 71, 10, 47, 32, 13, 19],每步风险损耗[38, 99, 37, 48, 83, 53, 5, 31, 52, 1, 0, 0, 0, 37, 43, 0, 0, 0, 0, 0, 0, 0, 0, 0, 0, 0, 0, 0, 44]
A_star  -----  A_star
第179天,您的路线为[0, 1, 2, 3, 4, 5, 6, 26, 27, 28, 48, 68, 88, 108, 109, 110, 130, 150, 170, 190, 210, 230, 250, 270, 290, 310, 330, 350, 370, 371, 372, 373, 374, 375, 376, 396, 397, 398, 399]
您的距离系数损耗为1084,风险系数损耗为571,每步距离损耗[67, 11, 55, 51, 25, 13, 12, 19, 21, 80, 35, 30, 26, 48, 76, 15, 22, 8, 27, 67, 50, 54, 80, 71, 10, 47, 32, 13, 19],每步风险损耗[38, 99, 37, 48, 83, 53, 5, 31, 52, 1, 0, 0, 0, 37, 43, 0, 0, 0, 0, 0, 0, 0, 0, 0, 0, 0, 0, 0, 44]
RL  -----  RL
第179天,您的路线为[(0, 0), (31, 20), (33, 40), (34, 60), (35, 80), (36, 100), (37, 120), (38, 140), (39, 160), (40, 180), (41, 200), (42, 220), (43, 240), (44, 260), (45, 280), (46, 300), (47, 320), (49, 340), (50, 360), (51, 380), (52, 381), (53, 382), (54, 362), (55, 342), (59, 322), (65, 302), (66, 301), (67, 321), (68, 341), (69, 361)]
您的距离系数损耗为1223,风险系数损耗为251,每步距离损耗[4, 52, 85, 57, 64, 46, 33, 29, 57, 83, 9, 66, 89, 81, 8, 40, 23, 19, 16, 66, 2, 7, 65, 61, 45, 49, 25, 36, 6],每步风险损耗[12, 6, 0, 0, 0, 0, 0, 0, 0, 0, 0, 0, 0, 0, 0, 0, 0, 0, 0, 0, 0, 0, 62, 49, 86, 36, 0, 0, 0]
iteration 179 ********* reward 3530560 order0.334183645588 conflicts 8505 drivers 1020047
0, 35, 21, 37, 43, 20, 28, 5, 19, 22, 19, 17, 14, 15, 10, 4, 16, 18, 43, 50, 63, 76, 13, 0, 27, 0, 0, 0]
A_star  -----  A_star
第179天,您的路线为[0, 1, 2, 3, 4, 5, 6, 26, 27, 28, 48, 68, 88, 108, 109, 110, 130, 150, 170, 190, 210, 230, 250, 270, 290, 310, 330, 350, 370, 371, 372, 373, 374, 375, 376, 396, 397, 398, 399]
您的距离系数损耗为1234,风险系数损耗为1121,每步距离损耗[67, 11, 55, 51, 25, 13, 12, 19, 21, 80, 35, 30, 26, 48, 76, 15, 22, 8, 27, 67, 50, 54, 80, 71, 10, 47, 32, 13, 19, 5, 36, 12, 39, 19, 9, 14, 12, 4],每步风险损耗[38, 99, 37, 48, 83, 53, 33, 31, 52, 12, 20, 35, 21, 37, 43, 20, 28, 5, 19, 22, 19, 17, 14, 15, 10, 4, 16, 18, 43, 50, 63, 76, 13, 0, 27, 0, 0, 0]
RL  -----  RL
第179天,您的路线为[(0, 0), (30, 20), (31, 40), (32, 60), (33, 80), (34, 100), (35, 120), (36, 140), (37, 160), (38, 180), (39, 200), (40, 220), (41, 240), (42, 260), (43, 280), (44, 300), (45, 320), (46, 340), (47, 360), (48, 380), (49, 381), (50, 361), (51, 362), (52, 363), (53, 343), (56, 342), (57, 341), (63, 321), (64, 301), (66, 302), (71, 303), (73, 283), (74, 282), (75, 281), (80, 261), (85, 241), (86, 242), (87, 222), (88, 221), (90, 201), (97, 202), (98, 182), (99, 181), (101, 161), (107, 141), (114, 142), (117, 162), (120, 163), (126, 183), (127, 203), (128, 223), (133, 243), (134, 263), (142, 262)]
您的距离系数损耗为2442,风险系数损耗为1470,每步距离损耗[4, 52, 85, 57, 64, 46, 33, 29, 57, 83, 9, 66, 89, 81, 8, 40, 23, 19, 16, 66, 11, 70, 71, 59, 73, 44, 36, 25, 49, 49, 17, 57, 61, 52, 55, 39, 30, 41, 66, 8, 72, 75, 2, 15, 90, 2, 64, 79, 6, 86, 23, 26, 62],每步风险损耗[34, 28, 19, 11, 12, 11, 11, 5, 7, 4, 5, 2, 4, 0, 1, 1, 0, 0, 0, 0, 28, 62, 30, 65, 31, 21, 31, 40, 36, 52, 76, 12, 11, 76, 100, 51, 37, 0, 40, 58, 51, 0, 75, 91, 61, 28, 36, 24, 50, 25, 4, 13, 0]
iteration 179 ********* reward 8642170 order0.248275171872 conflicts 8484 drivers 725299
, 53, 0, 26, 0, 0, 12, 3, 0, 1, 0, 0, 0, 0, 0, 0]
iteration 179 ********* reward 448270 order0.263393887589 conflicts 43773 drivers 769853
**** reward 10987870 order0.420738189743 conflicts 8636 drivers 495742
A_star  -----  A_star
搜索所用时间0.00560116767883s
从节点'0'到节点'399' 所需要的经过的节点是 [0, 1, 2, 3, 4, 5, 6, 26, 27, 28, 48, 68, 88, 108, 109, 110, 130, 150, 170, 190, 210, 230, 250, 270, 290, 310, 330, 350, 370, 371, 372, 373, 374, 375, 376, 396, 397, 398, 399] ,所需要的cost为 17212
Dijkstra  -----  Dijkstra
搜索所用时间0.00286602973938s
minimum steps:17212, path:[0, 1, 2, 3, 4, 5, 6, 26, 27, 28, 48, 68, 88, 108, 109, 110, 130, 150, 170, 190, 210, 230, 250, 270, 290, 310, 330, 350, 370, 371, 372, 373, 374, 375, 376, 396, 397, 398, 399]
('Times takes:', 556.8119599819183)
Dijkstra  -----  Dijkstra
第179天,您的路线为[0, 1, 2, 3, 4, 5, 6, 26, 27, 28, 48, 68, 88, 108, 109, 110, 130, 150, 170, 190, 210, 230, 250, 270, 290, 310, 330, 350, 370, 371, 372, 373, 374, 375, 376, 396, 397, 398, 399]
您的距离系数损耗为1234,风险系数损耗为773,每步距离损耗[67, 11, 55, 51, 25, 13, 12, 19, 21, 80, 35, 30, 26, 48, 76, 15, 22, 8, 27, 67, 50, 54, 80, 71, 10, 47, 32, 13, 19, 5, 36, 12, 39, 19, 9, 14, 12, 4],每步风险损耗[26, 74, 33, 40, 72, 47, 23, 29, 52, 1, 1, 2, 0, 25, 35, 0, 0, 0, 0, 0, 0, 0, 0, 0, 0, 0, 0, 0, 41, 50, 59, 87, 41, 35, 0, 0, 0, 0]
A_star  -----  A_star
第179天,您的路线为[0, 1, 2, 3, 4, 5, 6, 26, 27, 28, 48, 68, 88, 108, 109, 110, 130, 150, 170, 190, 210, 230, 250, 270, 290, 310, 330, 350, 370, 371, 372, 373, 374, 375, 376, 396, 397, 398, 399]
您的距离系数损耗为1234,风险系数损耗为773,每步距离损耗[67, 11, 55, 51, 25, 13, 12, 19, 21, 80, 35, 30, 26, 48, 76, 15, 22, 8, 27, 67, 50, 54, 80, 71, 10, 47, 32, 13, 19, 5, 36, 12, 39, 19, 9, 14, 12, 4],每步风险损耗[26, 74, 33, 40, 72, 47, 23, 29, 52, 1, 1, 2, 0, 25, 35, 0, 0, 0, 0, 0, 0, 0, 0, 0, 0, 0, 0, 0, 41, 50, 59, 87, 41, 35, 0, 0, 0, 0]
RL  -----  RL
第179天,您的路线为[(0, 0), (31, 20), (32, 40), (33, 60), (34, 80), (35, 100), (36, 120), (37, 140), (38, 160), (39, 180), (40, 200), (41, 220), (42, 240), (43, 260), (44, 280), (45, 300), (46, 320), (47, 340), (48, 360), (49, 380), (50, 381), (51, 361), (52, 362), (53, 382), (54, 383), (55, 384), (56, 385), (58, 365), (59, 345), (60, 325), (61, 324), (62, 344), (63, 364), (82, 363), (84, 343), (86, 323), (89, 322), (90, 342), (98, 341), (100, 321), (102, 301), (106, 281), (111, 261), (112, 262), (113, 282), (114, 302), (119, 303), (120, 304), (122, 284), (126, 285), (127, 305), (131, 306), (132, 326), (133, 346), (134, 366), (135, 386), (136, 387), (137, 388), (138, 368), (139, 367), (142, 347), (144, 348)]
您的距离系数损耗为2815,风险系数损耗为1175,每步距离损耗[4, 52, 85, 57, 64, 46, 33, 29, 57, 83, 9, 66, 89, 81, 8, 40, 23, 19, 16, 66, 11, 70, 7, 59, 62, 61, 86, 83, 20, 75, 33, 32, 42, 59, 5, 59, 61, 44, 36, 25, 71, 52, 32, 6, 59, 49, 74, 49, 85, 38, 63, 72, 78, 25, 15, 64, 15, 66, 3, 42],每步风险损耗[5, 6, 6, 2, 3, 1, 1, 0, 0, 0, 0, 0, 0, 0, 0, 0, 0, 0, 0, 0, 0, 62, 0, 0, 6, 5, 31, 93, 65, 50, 0, 0, 57, 67, 35, 55, 0, 73, 33, 38, 41, 71, 39, 0, 0, 46, 59, 46, 37, 0, 54, 0, 0, 0, 0, 0, 0, 0, 51, 37]
iteration 179 ********* reward 11523570 order0.420613551398 conflicts 8625 drivers 492806
为1234,风险系数损耗为1119,每步距离损耗[67, 11, 55, 51, 25, 13, 12, 19, 21, 80, 35, 30, 26, 48, 76, 15, 22, 8, 27, 67, 50, 54, 80, 71, 10, 47, 32, 13, 19, 5, 36, 12, 39, 19, 9, 14, 12, 4],每步风险损耗[18, 46, 12, 19, 38, 21, 50, 0, 10, 32, 41, 62, 45, 1, 5, 64, 71, 30, 59, 69, 57, 49, 44, 32, 34, 31, 55, 64, 0, 0, 3, 12, 0, 0, 44, 0, 1, 0]
A_star  -----  A_star
第176天,您的路线为[0, 1, 2, 3, 4, 5, 6, 26, 27, 28, 48, 68, 88, 108, 109, 110, 130, 150, 170, 190, 210, 230, 250, 270, 290, 310, 330, 350, 370, 371, 372, 373, 374, 375, 376, 396, 397, 398, 399]
您的距离系数损耗为1234,风险系数损耗为1119,每步距离损耗[67, 11, 55, 51, 25, 13, 12, 19, 21, 80, 35, 30, 26, 48, 76, 15, 22, 8, 27, 67, 50, 54, 80, 71, 10, 47, 32, 13, 19, 5, 36, 12, 39, 19, 9, 14, 12, 4],每步风险损耗[18, 46, 12, 19, 38, 21, 50, 0, 10, 32, 41, 62, 45, 1, 5, 64, 71, 30, 59, 69, 57, 49, 44, 32, 34, 31, 55, 64, 0, 0, 3, 12, 0, 0, 44, 0, 1, 0]
RL  -----  RL
第176天,您的路线为[(0, 0), (30, 1), (31, 2), (32, 3), (33, 4), (34, 5), (35, 6), (36, 7), (37, 8), (38, 9), (39, 10), (40, 11), (41, 12), (42, 13), (43, 14), (44, 15), (45, 16), (46, 17), (47, 18), (48, 19), (49, 39), (50, 59), (51, 79), (52, 99), (53, 119), (54, 139), (55, 159), (56, 179), (57, 199), (58, 219), (59, 239), (60, 259), (61, 279), (62, 299), (63, 319), (64, 339), (65, 338), (66, 318), (69, 317), (71, 297), (72, 298), (74, 278), (75, 258), (78, 238), (84, 218), (88, 217), (89, 237), (96, 257), (102, 256), (103, 236), (107, 216), (109, 215), (111, 195), (112, 196), (113, 197), (114, 198), (127, 178), (129, 158), (137, 138), (138, 137), (140, 117), (141, 118)]
您的距离系数损耗为2616,风险系数损耗为1565,每步距离损耗[67, 11, 55, 51, 25, 13, 25, 49, 60, 82, 89, 16, 41, 19, 88, 54, 13, 45, 76, 1, 79, 51, 28, 51, 62, 10, 69, 37, 7, 64, 42, 43, 22, 12, 20, 74, 15, 57, 45, 8, 80, 14, 52, 13, 71, 87, 26, 63, 15, 74, 1, 28, 84, 48, 36, 2, 85, 44, 31, 56, 30],每步风险损耗[18, 46, 12, 19, 38, 21, 7, 15, 8, 37, 26, 26, 20, 16, 0, 3, 7, 0, 4, 10, 0, 0, 0, 0, 0, 0, 0, 0, 0, 0, 0, 0, 0, 0, 0, 5, 58, 70, 45, 0, 86, 59, 88, 38, 78, 31, 67, 73, 65, 73, 58, 64, 0, 0, 0, 62, 75, 48, 66, 23, 0]
iteration 176 ********* reward 14571900 order0.336490258664 conflicts 9864 drivers 967246
A_star  -----  A_star
搜索所用时间0.00626921653748s
从节点'0'到节点'399' 所需要的经过的节点是 [0, 1, 2, 3, 4, 5, 6, 26, 27, 28, 48, 68, 88, 108, 109, 110, 130, 150, 170, 190, 210, 230, 250, 270, 290, 310, 330, 350, 370, 371, 372, 373, 374, 375, 376, 396, 397, 398, 399] ,所需要的cost为 17212
Dijkstra  -----  Dijkstra
搜索所用时间0.00303196907043s
minimum steps:17212, path:[0, 1, 2, 3, 4, 5, 6, 26, 27, 28, 48, 68, 88, 108, 109, 110, 130, 150, 170, 190, 210, 230, 250, 270, 290, 310, 330, 350, 370, 371, 372, 373, 374, 375, 376, 396, 397, 398, 399]
('Times takes:', 586.7018349170685)
Dijkstra  -----  Dijkstra
第177天,您的路线为[0, 1, 2, 3, 4, 5, 6, 26, 27, 28, 48, 68, 88, 108, 109, 110, 130, 150, 170, 190, 210, 230, 250, 270, 290, 310, 330, 350, 370, 371, 372, 373, 374, 375, 376, 396, 397, 398, 399]
您的距离系数损耗为1234,风险系数损耗为1079,每步距离损耗[67, 11, 55, 51, 25, 13, 12, 19, 21, 80, 35, 30, 26, 48, 76, 15, 22, 8, 27, 67, 50, 54, 80, 71, 10, 47, 32, 13, 19, 5, 36, 12, 39, 19, 9, 14, 12, 4],每步风险损耗[21, 50, 11, 13, 26, 12, 50, 0, 6, 32, 41, 62, 46, 0, 0, 64, 71, 30, 58, 68, 57, 50, 43, 33, 34, 32, 55, 64, 0, 0, 0, 6, 0, 0, 44, 0, 0, 0]
A_star  -----  A_star
第177天,您的路线为[0, 1, 2, 3, 4, 5, 6, 26, 27, 28, 48, 68, 88, 108, 109, 110, 130, 150, 170, 190, 210, 230, 250, 270, 290, 310, 330, 350, 370, 371, 372, 373, 374, 375, 376, 396, 397, 398, 399]
您的距离系数损耗为1234,风险系数损耗为1079,每步距离损耗[67, 11, 55, 51, 25, 13, 12, 19, 21, 80, 35, 30, 26, 48, 76, 15, 22, 8, 27, 67, 50, 54, 80, 71, 10, 47, 32, 13, 19, 5, 36, 12, 39, 19, 9, 14, 12, 4],每步风险损耗[21, 50, 11, 13, 26, 12, 50, 0, 6, 32, 41, 62, 46, 0, 0, 64, 71, 30, 58, 68, 57, 50, 43, 33, 34, 32, 55, 64, 0, 0, 0, 6, 0, 0, 44, 0, 0, 0]
RL  -----  RL
第177天,您的路线为[(0, 0), (33, 1), (34, 2), (35, 3), (36, 4), (37, 5), (38, 6), (39, 7), (40, 8), (41, 9), (42, 10), (43, 11), (46, 12), (47, 13), (49, 14), (50, 15), (51, 16), (52, 17), (53, 18), (54, 19), (55, 39), (56, 59), (57, 79), (58, 99), (59, 119), (60, 139), (61, 159), (62, 179), (63, 199), (64, 219), (65, 239), (66, 259), (67, 279), (68, 299), (69, 319), (70, 318), (73, 298), (74, 297), (75, 277), (76, 278), (77, 258), (80, 238), (86, 237), (88, 257), (91, 256), (93, 236), (95, 216), (96, 217), (97, 218), (98, 198), (99, 197), (100, 177), (101, 178), (104, 158), (108, 138), (109, 118), (112, 117), (113, 97), (114, 98), (115, 78), (120, 77), (124, 57), (125, 58), (126, 38), (132, 37), (136, 36), (139, 56), (144, 76)]
您的距离系数损耗为2828,风险系数损耗为1939,每步距离损耗[67, 11, 55, 51, 25, 13, 25, 49, 60, 82, 89, 16, 41, 19, 88, 54, 13, 45, 76, 1, 79, 51, 28, 51, 62, 10, 69, 37, 7, 64, 42, 43, 22, 12, 11, 87, 8, 3, 43, 14, 52, 7, 26, 63, 15, 74, 27, 71, 66, 36, 2, 57, 85, 44, 36, 30, 86, 38, 78, 55, 28, 22, 65, 53, 7, 82],每步风险损耗[21, 50, 11, 13, 26, 12, 0, 13, 9, 34, 20, 20, 18, 16, 0, 1, 6, 0, 0, 5, 0, 0, 0, 0, 0, 0, 0, 0, 0, 0, 0, 0, 0, 0, 0, 56, 45, 92, 0, 57, 90, 65, 67, 77, 67, 79, 0, 0, 58, 62, 39, 0, 70, 46, 72, 92, 60, 0, 72, 91, 47, 0, 49, 86, 52, 73]
iteration 177 ********* reward 17611380 order0.337996409761 conflicts 10387 drivers 905309
A_star  -----  A_star
搜索所用时间0.00683999061584s
从节点'0'到节点'399' 所需要的经过的节点是 [0, 1, 2, 3, 4, 5, 6, 26, 27, 28, 48, 68, 88, 108, 109, 110, 130, 150, 170, 190, 210, 230, 250, 270, 290, 310, 330, 350, 370, 371, 372, 373, 374, 375, 376, 396, 397, 398, 399] ,所需要的cost为 17212
Dijkstra  -----  Dijkstra
搜索所用时间0.00473713874817s
minimum steps:17212, path:[0, 1, 2, 3, 4, 5, 6, 26, 27, 28, 48, 68, 88, 108, 109, 110, 130, 150, 170, 190, 210, 230, 250, 270, 290, 310, 330, 350, 370, 371, 372, 373, 374, 375, 376, 396, 397, 398, 399]
('Times takes:', 587.218414068222)
Dijkstra  -----  Dijkstra
第178天,您的路线为[0, 1, 2, 3, 4, 5, 6, 26, 27, 28, 48, 68, 88, 108, 109, 110, 130, 150, 170, 190, 210, 230, 250, 270, 290, 310, 330, 350, 370, 371, 372, 373, 374, 375, 376, 396, 397, 398, 399]
您的距离系数损耗为1234,风险系数损耗为1135,每步距离损耗[67, 11, 55, 51, 25, 13, 12, 19, 21, 80, 35, 30, 26, 48, 76, 15, 22, 8, 27, 67, 50, 54, 80, 71, 10, 47, 32, 13, 19, 5, 36, 12, 39, 19, 9, 14, 12, 4],每步风险损耗[22, 55, 15, 19, 34, 14, 51, 7, 12, 31, 41, 60, 45, 2, 3, 64, 71, 29, 59, 69, 58, 50, 43, 32, 34, 32, 55, 64, 0, 0, 5, 15, 0, 0, 44, 0, 0, 0]
A_star  -----  A_star
第178天,您的路线为[0, 1, 2, 3, 4, 5, 6, 26, 27, 28, 48, 68, 88, 108, 109, 110, 130, 150, 170, 190, 210, 230, 250, 270, 290, 310, 330, 350, 370, 371, 372, 373, 374, 375, 376, 396, 397, 398, 399]
您的距离系数损耗为1234,风险系数损耗为1135,每步距离损耗[67, 11, 55, 51, 25, 13, 12, 19, 21, 80, 35, 30, 26, 48, 76, 15, 22, 8, 27, 67, 50, 54, 80, 71, 10, 47, 32, 13, 19, 5, 36, 12, 39, 19, 9, 14, 12, 4],每步风险损耗[22, 55, 15, 19, 34, 14, 51, 7, 12, 31, 41, 60, 45, 2, 3, 64, 71, 29, 59, 69, 58, 50, 43, 32, 34, 32, 55, 64, 0, 0, 5, 15, 0, 0, 44, 0, 0, 0]
RL  -----  RL
第178天,您的路线为[(0, 0), (30, 1), (31, 2), (32, 3), (34, 4), (36, 5), (37, 6), (38, 7), (39, 8), (40, 9), (41, 10), (42, 11), (43, 31), (44, 32), (45, 33), (46, 34), (47, 35), (48, 36), (49, 37), (50, 38), (51, 39), (52, 59), (53, 79), (54, 99), (55, 119), (56, 139), (57, 159), (58, 179), (59, 199), (60, 219), (61, 239), (62, 259), (63, 258), (64, 238), (67, 218), (71, 198), (72, 178), (78, 158), (84, 138), (90, 118), (91, 98), (92, 97), (93, 117), (99, 116), (100, 115), (101, 135), (102, 136), (103, 137), (111, 157), (119, 177), (120, 197), (126, 217), (129, 216), (130, 215), (131, 195), (132, 196), (133, 176), (134, 156), (137, 155), (138, 154), (140, 134), (141, 114), (142, 94), (143, 95), (144, 96)]
您的距离系数损耗为2907,风险系数损耗为1964,每步距离损耗[67, 11, 55, 51, 25, 13, 25, 49, 60, 82, 89, 81, 13, 65, 57, 47, 24, 7, 53, 38, 79, 51, 28, 51, 62, 10, 69, 37, 7, 64, 42, 89, 52, 13, 66, 2, 85, 44, 36, 65, 38, 86, 9, 47, 75, 72, 67, 82, 15, 2, 81, 27, 1, 28, 84, 85, 59, 4, 5, 59, 25, 13, 79],每步风险损耗[22, 55, 15, 19, 34, 14, 3, 13, 8, 33, 24, 93, 3, 25, 23, 1, 9, 5, 11, 0, 0, 0, 0, 0, 0, 0, 0, 0, 0, 0, 0, 17, 94, 37, 59, 64, 77, 46, 76, 58, 45, 61, 31, 82, 60, 0, 0, 88, 57, 37, 68, 34, 59, 64, 0, 61, 41, 49, 53, 49, 49, 38, 0]
iteration 178 ********* reward 14307570 order0.338836279391 conflicts 10638 drivers 960661
A_star  -----  A_star
搜索所用时间0.00714707374573s
从节点'0'到节点'399' 所需要的经过的节点是 [0, 1, 2, 3, 4, 5, 6, 26, 27, 28, 48, 68, 88, 108, 109, 110, 130, 150, 170, 190, 210, 230, 250, 270, 290, 310, 330, 350, 370, 371, 372, 373, 374, 375, 376, 396, 397, 398, 399] ,所需要的cost为 17212
Dijkstra  -----  Dijkstra
搜索所用时间0.0031590461731s
minimum steps:17212, path:[0, 1, 2, 3, 4, 5, 6, 26, 27, 28, 48, 68, 88, 108, 109, 110, 130, 150, 170, 190, 210, 230, 250, 270, 290, 310, 330, 350, 370, 371, 372, 373, 374, 375, 376, 396, 397, 398, 399]
('Times takes:', 585.7392690181732)
Dijkstra  -----  Dijkstra
第179天,您的路线为[0, 1, 2, 3, 4, 5, 6, 26, 27, 28, 48, 68, 88, 108, 109, 110, 130, 150, 170, 190, 210, 230, 250, 270, 290, 310, 330, 350, 370, 371, 372, 373, 374, 375, 376, 396, 397, 398, 399]
您的距离系数损耗为1234,风险系数损耗为1061,每步距离损耗[67, 11, 55, 51, 25, 13, 12, 19, 21, 80, 35, 30, 26, 48, 76, 15, 22, 8, 27, 67, 50, 54, 80, 71, 10, 47, 32, 13, 19, 5, 36, 12, 39, 19, 9, 14, 12, 4],每步风险损耗[17, 49, 10, 11, 18, 11, 51, 0, 6, 32, 40, 62, 46, 0, 0, 63, 71, 30, 59, 69, 57, 50, 44, 33, 34, 32, 55, 64, 0, 0, 0, 3, 0, 0, 44, 0, 0, 0]
A_star  -----  A_star
第179天,您的路线为[0, 1, 2, 3, 4, 5, 6, 26, 27, 28, 48, 68, 88, 108, 109, 110, 130, 150, 170, 190, 210, 230, 250, 270, 290, 310, 330, 350, 370, 371, 372, 373, 374, 375, 376, 396, 397, 398, 399]
您的距离系数损耗为1234,风险系数损耗为1061,每步距离损耗[67, 11, 55, 51, 25, 13, 12, 19, 21, 80, 35, 30, 26, 48, 76, 15, 22, 8, 27, 67, 50, 54, 80, 71, 10, 47, 32, 13, 19, 5, 36, 12, 39, 19, 9, 14, 12, 4],每步风险损耗[17, 49, 10, 11, 18, 11, 51, 0, 6, 32, 40, 62, 46, 0, 0, 63, 71, 30, 59, 69, 57, 50, 44, 33, 34, 32, 55, 64, 0, 0, 0, 3, 0, 0, 44, 0, 0, 0]
RL  -----  RL
第179天,您的路线为[(0, 0), (31, 1), (32, 2), (33, 3), (35, 4), (36, 5), (37, 6), (39, 7), (40, 8), (41, 9), (42, 10), (43, 11), (45, 12), (46, 13), (47, 14), (49, 15), (50, 16), (51, 17), (52, 18), (53, 19), (54, 39), (55, 59), (56, 79), (57, 99), (58, 119), (59, 139), (60, 159), (61, 179), (62, 199), (63, 219), (64, 239), (65, 259), (66, 279), (67, 278), (68, 298), (69, 299), (70, 319), (71, 339), (72, 338), (74, 337), (75, 357), (76, 358), (77, 359), (78, 379), (79, 399)]
您的距离系数损耗为1958,风险系数损耗为445,每步距离损耗[67, 11, 55, 51, 25, 13, 25, 49, 60, 82, 89, 16, 41, 19, 88, 54, 13, 45, 76, 1, 79, 51, 28, 51, 62, 10, 69, 37, 7, 64, 42, 43, 54, 80, 48, 12, 20, 74, 50, 73, 2, 25, 34, 63],每步风险损耗[17, 49, 10, 11, 18, 11, 0, 11, 3, 22, 15, 13, 9, 6, 0, 2, 2, 0, 0, 2, 0, 0, 0, 0, 0, 0, 0, 0, 0, 0, 0, 0, 12, 93, 0, 0, 0, 0, 61, 78, 0, 0, 0, 0]
iteration 179 ********* reward 15364950 order0.339881491236 conflicts 10150 drivers 951144
111, 112, 113, 114, 134, 154, 153, 173, 193, 213, 233, 234, 254, 255, 275, 276, 277, 297, 317, 337, 338, 358, 378, 379, 399]
('Times takes:', 1028.1820068359375)
Dijkstra  -----  Dijkstra
第167天,您的路线为[0, 20, 21, 22, 23, 43, 63, 64, 65, 66, 86, 87, 88, 89, 90, 91, 111, 112, 113, 114, 134, 154, 153, 173, 193, 213, 233, 234, 254, 255, 275, 276, 277, 297, 317, 337, 338, 358, 378, 379, 399]
您的距离系数损耗为1612,风险系数损耗为314,每步距离损耗[1, 5, 13, 26, 67, 65, 35, 25, 71, 16, 21, 44, 30, 76, 46, 66, 17, 33, 86, 80, 47, 8, 76, 17, 75, 47, 11, 69, 48, 54, 13, 62, 41, 72, 39, 2, 50, 25, 32, 1],每步风险损耗[82, 22, 45, 0, 0, 0, 5, 0, 0, 51, 0, 0, 0, 0, 0, 0, 0, 0, 0, 0, 0, 0, 0, 0, 0, 48, 0, 0, 0, 61, 0, 0, 0, 0, 0, 0, 0, 0, 0, 0]
A_star  -----  A_star
第167天,您的路线为[0, 20, 21, 22, 23, 43, 63, 64, 65, 66, 86, 106, 126, 146, 147, 148, 149, 169, 170, 190, 210, 211, 231, 251, 252, 272, 273, 274, 275, 276, 277, 297, 317, 337, 338, 358, 378, 379, 399]
您的距离系数损耗为1274,风险系数损耗为323,每步距离损耗[1, 5, 13, 26, 67, 65, 35, 25, 71, 16, 67, 74, 11, 38, 26, 83, 10, 4, 45, 21, 36, 2, 16, 15, 25, 40, 33, 67, 13, 62, 41, 72, 39, 2, 50, 25, 32, 1],每步风险损耗[82, 22, 45, 0, 0, 0, 5, 0, 0, 51, 0, 0, 0, 0, 4, 0, 0, 0, 0, 52, 0, 0, 0, 0, 62, 0, 0, 0, 0, 0, 0, 0, 0, 0, 0, 0, 0, 0]
RL  -----  RL
第167天,您的路线为[(0, 0), (31, 1), (32, 2), (33, 3), (34, 4), (35, 5), (36, 6), (37, 7), (38, 8), (39, 9), (40, 10), (41, 11), (42, 12), (43, 13), (44, 14), (45, 15), (46, 16), (47, 17), (48, 18), (49, 19), (50, 39), (51, 59), (52, 58), (54, 78), (55, 79), (56, 99), (57, 119), (58, 118), (60, 117), (66, 137), (67, 138), (68, 139), (69, 159), (70, 158), (71, 157), (75, 177), (76, 178), (77, 179), (78, 199), (79, 198), (80, 218), (81, 219), (82, 239), (83, 238), (87, 258), (88, 259), (89, 279), (90, 299), (91, 298), (93, 318), (94, 319), (95, 339), (96, 338), (97, 337), (105, 357), (106, 358), (107, 359), (108, 379), (109, 378), (111, 398)]
您的距离系数损耗为2509,风险系数损耗为420,每步距离损耗[21, 78, 73, 23, 16, 5, 38, 20, 74, 77, 56, 24, 5, 56, 39, 17, 31, 77, 32, 17, 54, 56, 60, 46, 85, 20, 4, 64, 32, 71, 9, 28, 63, 90, 32, 14, 45, 9, 42, 47, 32, 90, 9, 80, 30, 33, 29, 42, 63, 53, 70, 64, 2, 6, 27, 71, 37, 32, 89],每步风险损耗[28, 21, 3, 3, 0, 2, 0, 0, 0, 0, 0, 0, 0, 0, 0, 0, 0, 0, 0, 0, 0, 0, 0, 0, 0, 0, 0, 85, 27, 0, 0, 0, 0, 62, 0, 0, 0, 0, 0, 0, 0, 0, 0, 0, 0, 0, 0, 0, 74, 0, 0, 0, 0, 70, 0, 0, 0, 0, 45]
iteration 167 ********* reward 2990480 order0.233063492092 conflicts 6671 drivers 312799
A_star  -----  A_star
搜索所用时间0.00523710250854s
从节点'0'到节点'399' 所需要的经过的节点是 [0, 20, 21, 22, 23, 43, 63, 64, 65, 66, 86, 106, 126, 146, 147, 148, 149, 169, 170, 190, 210, 211, 231, 251, 252, 272, 273, 274, 275, 276, 277, 297, 317, 337, 338, 358, 378, 379, 399] ,所需要的cost为 9877
Dijkstra  -----  Dijkstra
搜索所用时间0.00330901145935s
minimum steps:10482, path:[0, 20, 21, 22, 23, 43, 63, 64, 65, 66, 86, 87, 88, 89, 90, 91, 111, 112, 113, 114, 134, 154, 153, 173, 193, 213, 233, 234, 254, 255, 275, 276, 277, 297, 317, 337, 338, 358, 378, 379, 399]
('Times takes:', 1007.723121881485)
Dijkstra  -----  Dijkstra
第168天,您的路线为[0, 20, 21, 22, 23, 43, 63, 64, 65, 66, 86, 87, 88, 89, 90, 91, 111, 112, 113, 114, 134, 154, 153, 173, 193, 213, 233, 234, 254, 255, 275, 276, 277, 297, 317, 337, 338, 358, 378, 379, 399]
您的距离系数损耗为1612,风险系数损耗为294,每步距离损耗[1, 5, 13, 26, 67, 65, 35, 25, 71, 16, 21, 44, 30, 76, 46, 66, 17, 33, 86, 80, 47, 8, 76, 17, 75, 47, 11, 69, 48, 54, 13, 62, 41, 72, 39, 2, 50, 25, 32, 1],每步风险损耗[78, 18, 28, 0, 0, 0, 11, 0, 0, 48, 2, 0, 0, 0, 0, 0, 0, 0, 0, 0, 0, 0, 0, 0, 0, 48, 0, 0, 0, 61, 0, 0, 0, 0, 0, 0, 0, 0, 0, 0]
A_star  -----  A_star
第168天,您的路线为[0, 20, 21, 22, 23, 43, 63, 64, 65, 66, 86, 106, 126, 146, 147, 148, 149, 169, 170, 190, 210, 211, 231, 251, 252, 272, 273, 274, 275, 276, 277, 297, 317, 337, 338, 358, 378, 379, 399]
您的距离系数损耗为1274,风险系数损耗为298,每步距离损耗[1, 5, 13, 26, 67, 65, 35, 25, 71, 16, 67, 74, 11, 38, 26, 83, 10, 4, 45, 21, 36, 2, 16, 15, 25, 40, 33, 67, 13, 62, 41, 72, 39, 2, 50, 25, 32, 1],每步风险损耗[78, 18, 28, 0, 0, 0, 11, 0, 0, 48, 0, 0, 0, 2, 2, 0, 0, 0, 0, 52, 0, 0, 0, 0, 59, 0, 0, 0, 0, 0, 0, 0, 0, 0, 0, 0, 0, 0]
RL  -----  RL
第168天,您的路线为[(0, 0), (30, 1), (31, 2), (32, 3), (33, 4), (34, 5), (35, 6), (36, 7), (37, 8), (38, 9), (39, 10), (40, 11), (41, 12), (42, 13), (43, 14), (44, 15), (45, 16), (46, 17), (47, 18), (48, 19), (49, 39), (50, 59), (51, 58), (53, 57), (54, 56), (56, 55), (57, 75), (58, 76), (59, 77), (60, 78), (61, 79), (62, 99), (63, 98), (65, 118), (66, 119), (67, 139), (68, 138), (69, 158), (70, 159), (71, 179), (72, 178), (77, 198), (78, 199), (79, 219), (80, 218), (82, 238), (83, 239), (84, 259), (85, 279), (86, 299), (87, 319), (88, 318), (90, 317), (91, 316), (94, 336), (95, 337), (96, 338), (97, 339), (98, 359), (99, 379), (100, 399)]
您的距离系数损耗为2223,风险系数损耗为461,每步距离损耗[21, 78, 73, 23, 16, 5, 38, 20, 74, 77, 56, 24, 5, 56, 39, 17, 31, 77, 32, 17, 54, 56, 42, 22, 72, 79, 4, 46, 14, 46, 85, 64, 15, 4, 19, 9, 45, 63, 63, 45, 15, 42, 8, 32, 83, 9, 6, 33, 29, 58, 53, 11, 55, 7, 5, 2, 64, 47, 37, 1],每步风险损耗[24, 9, 0, 2, 0, 3, 0, 4, 0, 0, 0, 0, 0, 0, 0, 0, 0, 0, 0, 2, 0, 0, 0, 36, 0, 82, 0, 0, 0, 0, 0, 0, 28, 0, 0, 0, 65, 0, 0, 0, 63, 0, 0, 0, 0, 0, 0, 0, 0, 0, 0, 71, 72, 0, 0, 0, 0, 0, 0, 0]
iteration 168 ********* reward 4151420 order0.232505274769 conflicts 6955 drivers 327502
A_star  -----  A_star
搜索所用时间0.00495409965515s
从节点'0'到节点'399' 所需要的经过的节点是 [0, 20, 21, 22, 23, 43, 63, 64, 65, 66, 86, 106, 126, 146, 147, 148, 149, 169, 170, 190, 210, 211, 231, 251, 252, 272, 273, 274, 275, 276, 277, 297, 317, 337, 338, 358, 378, 379, 399] ,所需要的cost为 9877
Dijkstra  -----  Dijkstra
搜索所用时间0.00266408920288s
minimum steps:10482, path:[0, 20, 21, 22, 23, 43, 63, 64, 65, 66, 86, 87, 88, 89, 90, 91, 111, 112, 113, 114, 134, 154, 153, 173, 193, 213, 233, 234, 254, 255, 275, 276, 277, 297, 317, 337, 338, 358, 378, 379, 399]
('Times takes:', 923.8633778095245)
Dijkstra  -----  Dijkstra
第169天,您的路线为[0, 20, 21, 22, 23, 43, 63, 64, 65, 66, 86, 87, 88, 89, 90, 91, 111, 112, 113, 114, 134, 154, 153, 173, 193, 213, 233, 234, 254, 255, 275, 276, 277, 297, 317, 337, 338, 358, 378, 379, 399]
您的距离系数损耗为1612,风险系数损耗为298,每步距离损耗[1, 5, 13, 26, 67, 65, 35, 25, 71, 16, 21, 44, 30, 76, 46, 66, 17, 33, 86, 80, 47, 8, 76, 17, 75, 47, 11, 69, 48, 54, 13, 62, 41, 72, 39, 2, 50, 25, 32, 1],每步风险损耗[78, 18, 34, 0, 0, 0, 14, 0, 0, 51, 0, 0, 0, 0, 0, 0, 0, 0, 0, 0, 0, 0, 0, 0, 0, 48, 0, 0, 0, 55, 0, 0, 0, 0, 0, 0, 0, 0, 0, 0]
A_star  -----  A_star
第169天,您的路线为[0, 20, 21, 22, 23, 43, 63, 64, 65, 66, 86, 106, 126, 146, 147, 148, 149, 169, 170, 190, 210, 211, 231, 251, 252, 272, 273, 274, 275, 276, 277, 297, 317, 337, 338, 358, 378, 379, 399]
您的距离系数损耗为1274,风险系数损耗为317,每步距离损耗[1, 5, 13, 26, 67, 65, 35, 25, 71, 16, 67, 74, 11, 38, 26, 83, 10, 4, 45, 21, 36, 2, 16, 15, 25, 40, 33, 67, 13, 62, 41, 72, 39, 2, 50, 25, 32, 1],每步风险损耗[78, 18, 34, 0, 0, 0, 14, 0, 0, 51, 0, 0, 0, 3, 5, 0, 0, 0, 0, 52, 0, 0, 0, 0, 62, 0, 0, 0, 0, 0, 0, 0, 0, 0, 0, 0, 0, 0]
RL  -----  RL
第169天,您的路线为[(0, 0), (30, 1), (31, 2), (32, 3), (33, 4), (34, 5), (35, 6), (36, 7), (40, 8), (41, 9), (42, 10), (43, 11), (44, 12), (45, 13), (46, 14), (47, 15), (48, 16), (49, 17), (50, 18), (51, 19), (52, 39), (53, 38), (54, 37), (59, 57), (60, 58), (61, 59), (62, 79), (63, 78), (66, 98), (67, 99), (68, 119), (69, 118), (74, 138), (75, 139), (76, 159), (77, 179), (78, 178), (79, 177), (90, 197), (91, 198), (92, 199), (93, 219), (94, 218), (95, 238), (96, 239), (97, 259), (98, 258), (100, 257), (106, 256), (130, 276), (131, 277), (132, 278), (133, 279), (134, 299), (135, 319), (136, 339), (137, 338), (138, 358), (139, 359), (140, 379), (141, 399)]
您的距离系数损耗为2341,风险系数损耗为359,每步距离损耗[21, 78, 73, 23, 16, 5, 38, 20, 74, 77, 56, 24, 5, 56, 39, 17, 31, 77, 32, 17, 29, 11, 74, 42, 56, 88, 46, 17, 64, 20, 4, 67, 9, 28, 63, 45, 14, 3, 15, 42, 8, 32, 83, 9, 6, 30, 62, 6, 62, 62, 81, 4, 29, 58, 70, 64, 50, 71, 37, 1],每步风险损耗[21, 8, 0, 1, 0, 0, 0, 2, 0, 0, 0, 0, 0, 0, 0, 0, 0, 0, 0, 5, 0, 0, 44, 0, 0, 0, 0, 63, 0, 0, 0, 0, 0, 0, 0, 0, 84, 0, 0, 0, 0, 0, 0, 0, 0, 0, 43, 88, 0, 0, 0, 0, 0, 0, 0, 0, 0, 0, 0, 0]
iteration 169 ********* reward 3143850 order0.231754471248 conflicts 6741 drivers 310397
A_star  -----  A_star
搜索所用时间0.00406193733215s
从节点'0'到节点'399' 所需要的经过的节点是 [0, 20, 21, 22, 23, 43, 63, 64, 65, 66, 86, 106, 126, 146, 147, 148, 149, 169, 170, 190, 210, 211, 231, 251, 252, 272, 273, 274, 275, 276, 277, 297, 317, 337, 338, 358, 378, 379, 399] ,所需要的cost为 9877
Dijkstra  -----  Dijkstra
搜索所用时间0.00268197059631s
minimum steps:10482, path:[0, 20, 21, 22, 23, 43, 63, 64, 65, 66, 86, 87, 88, 89, 90, 91, 111, 112, 113, 114, 134, 154, 153, 173, 193, 213, 233, 234, 254, 255, 275, 276, 277, 297, 317, 337, 338, 358, 378, 379, 399]
('Times takes:', 769.4018349647522)
Dijkstra  -----  Dijkstra
第170天,您的路线为[0, 20, 21, 22, 23, 43, 63, 64, 65, 66, 86, 87, 88, 89, 90, 91, 111, 112, 113, 114, 134, 154, 153, 173, 193, 213, 233, 234, 254, 255, 275, 276, 277, 297, 317, 337, 338, 358, 378, 379, 399]
您的距离系数损耗为1612,风险系数损耗为303,每步距离损耗[1, 5, 13, 26, 67, 65, 35, 25, 71, 16, 21, 44, 30, 76, 46, 66, 17, 33, 86, 80, 47, 8, 76, 17, 75, 47, 11, 69, 48, 54, 13, 62, 41, 72, 39, 2, 50, 25, 32, 1],每步风险损耗[74, 20, 45, 0, 0, 0, 6, 0, 0, 51, 0, 0, 0, 0, 0, 0, 0, 0, 0, 0, 0, 0, 0, 0, 0, 46, 0, 0, 0, 61, 0, 0, 0, 0, 0, 0, 0, 0, 0, 0]
A_star  -----  A_star
第170天,您的路线为[0, 20, 21, 22, 23, 43, 63, 64, 65, 66, 86, 106, 126, 146, 147, 148, 149, 169, 170, 190, 210, 211, 231, 251, 252, 272, 273, 274, 275, 276, 277, 297, 317, 337, 338, 358, 378, 379, 399]
您的距离系数损耗为1274,风险系数损耗为310,每步距离损耗[1, 5, 13, 26, 67, 65, 35, 25, 71, 16, 67, 74, 11, 38, 26, 83, 10, 4, 45, 21, 36, 2, 16, 15, 25, 40, 33, 67, 13, 62, 41, 72, 39, 2, 50, 25, 32, 1],每步风险损耗[74, 20, 45, 0, 0, 0, 6, 0, 0, 51, 0, 0, 0, 0, 0, 0, 0, 0, 0, 52, 0, 0, 0, 0, 62, 0, 0, 0, 0, 0, 0, 0, 0, 0, 0, 0, 0, 0]
RL  -----  RL
第170天,您的路线为[(0, 0), (30, 1), (32, 2), (33, 3), (34, 4), (35, 5), (36, 6), (37, 7), (38, 8), (39, 9), (40, 10), (41, 11), (42, 12), (43, 13), (44, 14), (45, 15), (46, 16), (47, 17), (48, 18), (49, 19), (50, 39), (51, 38), (56, 58), (57, 59), (58, 79), (59, 78), (60, 77), (64, 76), (69, 75), (79, 95), (80, 96), (81, 97), (82, 98), (83, 99), (84, 119), (85, 118), (86, 138), (87, 139), (88, 159), (89, 179), (90, 199), (91, 219), (92, 239), (93, 259), (94, 279), (95, 278), (98, 298), (99, 299), (100, 319), (101, 339), (102, 359), (103, 358), (104, 357), (108, 356), (109, 376), (110, 377), (111, 378), (112, 379), (113, 399)]
您的距离系数损耗为2176,风险系数损耗为431,每步距离损耗[21, 78, 73, 23, 16, 5, 38, 20, 74, 77, 56, 24, 5, 56, 39, 17, 31, 77, 32, 17, 29, 43, 56, 88, 46, 14, 46, 4, 62, 75, 36, 60, 64, 20, 4, 67, 9, 28, 63, 9, 8, 90, 6, 33, 4, 17, 42, 58, 70, 47, 71, 27, 24, 9, 18, 17, 32, 1],每步风险损耗[21, 7, 0, 0, 0, 0, 0, 1, 0, 0, 2, 0, 0, 0, 0, 0, 0, 0, 0, 0, 0, 82, 0, 0, 0, 42, 0, 0, 79, 0, 0, 0, 0, 0, 0, 0, 0, 0, 0, 0, 0, 0, 0, 0, 0, 69, 0, 0, 0, 0, 0, 0, 33, 95, 0, 0, 0, 0]
iteration 170 ********* reward 5647840 order0.231517020606 conflicts 6705 drivers 433100
A_star  -----  A_star
搜索所用时间0.00563192367554s
从节点'0'到节点'399' 所需要的经过的节点是 [0, 20, 21, 22, 23, 43, 63, 64, 65, 66, 86, 106, 126, 146, 147, 148, 149, 169, 170, 190, 210, 211, 231, 251, 252, 272, 273, 274, 275, 276, 277, 297, 317, 337, 338, 358, 378, 379, 399] ,所需要的cost为 9877
Dijkstra  -----  Dijkstra
搜索所用时间0.00270795822144s
minimum steps:10482, path:[0, 20, 21, 22, 23, 43, 63, 64, 65, 66, 86, 87, 88, 89, 90, 91, 111, 112, 113, 114, 134, 154, 153, 173, 193, 213, 233, 234, 254, 255, 275, 276, 277, 297, 317, 337, 338, 358, 378, 379, 399]
('Times takes:', 735.8122799396515)
Dijkstra  -----  Dijkstra
第171天,您的路线为[0, 20, 21, 22, 23, 43, 63, 64, 65, 66, 86, 87, 88, 89, 90, 91, 111, 112, 113, 114, 134, 154, 153, 173, 193, 213, 233, 234, 254, 255, 275, 276, 277, 297, 317, 337, 338, 358, 378, 379, 399]
您的距离系数损耗为1612,风险系数损耗为283,每步距离损耗[1, 5, 13, 26, 67, 65, 35, 25, 71, 16, 21, 44, 30, 76, 46, 66, 17, 33, 86, 80, 47, 8, 76, 17, 75, 47, 11, 69, 48, 54, 13, 62, 41, 72, 39, 2, 50, 25, 32, 1],每步风险损耗[82, 11, 28, 0, 0, 0, 6, 0, 0, 51, 0, 0, 0, 0, 0, 0, 0, 0, 0, 0, 0, 0, 0, 0, 0, 44, 0, 0, 0, 61, 0, 0, 0, 0, 0, 0, 0, 0, 0, 0]
A_star  -----  A_star
第171天,您的路线为[0, 20, 21, 22, 23, 43, 63, 64, 65, 66, 86, 106, 126, 146, 147, 148, 149, 169, 170, 190, 210, 211, 231, 251, 252, 272, 273, 274, 275, 276, 277, 297, 317, 337, 338, 358, 378, 379, 399]
您的距离系数损耗为1274,风险系数损耗为292,每步距离损耗[1, 5, 13, 26, 67, 65, 35, 25, 71, 16, 67, 74, 11, 38, 26, 83, 10, 4, 45, 21, 36, 2, 16, 15, 25, 40, 33, 67, 13, 62, 41, 72, 39, 2, 50, 25, 32, 1],每步风险损耗[82, 11, 28, 0, 0, 0, 6, 0, 0, 51, 0, 0, 0, 0, 0, 0, 0, 0, 0, 52, 0, 0, 0, 0, 62, 0, 0, 0, 0, 0, 0, 0, 0, 0, 0, 0, 0, 0]
RL  -----  RL
第171天,您的路线为[(0, 0), (31, 1), (32, 2), (33, 3), (35, 4), (36, 5), (37, 6), (38, 7), (39, 8), (40, 9), (41, 10), (43, 11), (44, 12), (45, 13), (46, 14), (47, 15), (48, 16), (49, 17), (50, 18), (51, 19), (52, 39), (53, 59), (54, 79), (55, 99), (56, 119), (57, 139), (58, 159), (59, 179), (60, 199), (61, 219), (62, 239), (63, 259), (64, 279), (65, 299), (66, 319), (67, 339), (68, 359), (69, 379), (70, 378), (71, 398), (72, 399)]
您的距离系数损耗为1709,风险系数损耗为68,每步距离损耗[21, 78, 73, 23, 16, 5, 38, 20, 74, 77, 56, 24, 5, 56, 39, 17, 31, 77, 32, 17, 54, 88, 85, 20, 19, 28, 63, 9, 8, 90, 6, 33, 29, 58, 70, 47, 37, 32, 89, 65],每步风险损耗[16, 3, 0, 0, 0, 0, 0, 1, 0, 0, 0, 0, 0, 0, 0, 0, 0, 0, 0, 0, 0, 0, 0, 0, 0, 0, 0, 0, 0, 0, 0, 0, 0, 0, 0, 0, 0, 0, 48, 0]
iteration 171 ********* reward 13200940 order0.232810200304 conflicts 7294 drivers 409448
A_star  -----  A_star
搜索所用时间0.00401592254639s
从节点'0'到节点'399' 所需要的经过的节点是 [0, 20, 21, 22, 23, 43, 63, 64, 65, 66, 86, 106, 126, 146, 147, 148, 149, 169, 170, 190, 210, 211, 231, 251, 252, 272, 273, 274, 275, 276, 277, 297, 317, 337, 338, 358, 378, 379, 399] ,所需要的cost为 9877
Dijkstra  -----  Dijkstra
搜索所用时间0.00315117835999s
minimum steps:10482, path:[0, 20, 21, 22, 23, 43, 63, 64, 65, 66, 86, 87, 88, 89, 90, 91, 111, 112, 113, 114, 134, 154, 153, 173, 193, 213, 233, 234, 254, 255, 275, 276, 277, 297, 317, 337, 338, 358, 378, 379, 399]
('Times takes:', 709.6472392082214)
Dijkstra  -----  Dijkstra
第172天,您的路线为[0, 20, 21, 22, 23, 43, 63, 64, 65, 66, 86, 87, 88, 89, 90, 91, 111, 112, 113, 114, 134, 154, 153, 173, 193, 213, 233, 234, 254, 255, 275, 276, 277, 297, 317, 337, 338, 358, 378, 379, 399]
您的距离系数损耗为1612,风险系数损耗为277,每步距离损耗[1, 5, 13, 26, 67, 65, 35, 25, 71, 16, 21, 44, 30, 76, 46, 66, 17, 33, 86, 80, 47, 8, 76, 17, 75, 47, 11, 69, 48, 54, 13, 62, 41, 72, 39, 2, 50, 25, 32, 1],每步风险损耗[82, 12, 24, 0, 0, 0, 5, 0, 0, 48, 0, 0, 0, 0, 0, 0, 0, 0, 0, 0, 0, 0, 0, 0, 0, 48, 0, 0, 0, 58, 0, 0, 0, 0, 0, 0, 0, 0, 0, 0]
A_star  -----  A_star
第172天,您的路线为[0, 20, 21, 22, 23, 43, 63, 64, 65, 66, 86, 106, 126, 146, 147, 148, 149, 169, 170, 190, 210, 211, 231, 251, 252, 272, 273, 274, 275, 276, 277, 297, 317, 337, 338, 358, 378, 379, 399]
您的距离系数损耗为1274,风险系数损耗为287,每步距离损耗[1, 5, 13, 26, 67, 65, 35, 25, 71, 16, 67, 74, 11, 38, 26, 83, 10, 4, 45, 21, 36, 2, 16, 15, 25, 40, 33, 67, 13, 62, 41, 72, 39, 2, 50, 25, 32, 1],每步风险损耗[82, 12, 24, 0, 0, 0, 5, 0, 0, 48, 0, 0, 0, 1, 1, 0, 0, 0, 0, 52, 0, 0, 0, 0, 62, 0, 0, 0, 0, 0, 0, 0, 0, 0, 0, 0, 0, 0]
RL  -----  RL
第172天,您的路线为[(0, 0), (33, 1), (34, 2), (35, 3), (36, 4), (37, 5), (38, 6), (39, 7), (40, 8), (41, 9), (42, 29), (43, 30), (44, 31), (45, 32), (46, 33), (47, 34), (48, 35), (49, 36), (50, 37), (51, 38), (52, 39), (53, 59), (54, 58), (56, 57), (61, 77), (62, 78), (63, 79), (64, 99), (65, 119), (66, 139), (67, 159), (68, 179), (69, 199), (70, 219), (71, 239), (72, 259), (73, 279), (74, 299), (75, 319), (76, 318), (78, 338), (79, 339), (80, 359), (81, 379), (82, 399)]
您的距离系数损耗为1854,风险系数损耗为251,每步距离损耗[21, 78, 73, 23, 16, 5, 38, 20, 74, 39, 30, 71, 88, 20, 24, 64, 85, 51, 11, 29, 54, 56, 42, 71, 14, 46, 85, 20, 19, 28, 63, 9, 8, 90, 6, 33, 29, 58, 53, 61, 64, 47, 37, 1],每步风险损耗[20, 11, 1, 0, 0, 0, 0, 5, 0, 62, 0, 0, 0, 0, 0, 0, 0, 0, 0, 0, 0, 0, 0, 85, 0, 0, 0, 0, 0, 0, 0, 0, 0, 0, 0, 0, 0, 0, 0, 67, 0, 0, 0, 0]
iteration 172 ********* reward 5873250 order0.232617576052 conflicts 6813 drivers 345664
A_star  -----  A_star
搜索所用时间0.026603937149s
从节点'0'到节点'399' 所需要的经过的节点是 [0, 20, 21, 22, 23, 43, 63, 64, 65, 66, 86, 106, 126, 146, 147, 148, 149, 169, 170, 190, 210, 211, 231, 251, 252, 272, 273, 274, 275, 276, 277, 297, 317, 337, 338, 358, 378, 379, 399] ,所需要的cost为 9877
Dijkstra  -----  Dijkstra
搜索所用时间0.00301289558411s
minimum steps:10482, path:[0, 20, 21, 22, 23, 43, 63, 64, 65, 66, 86, 87, 88, 89, 90, 91, 111, 112, 113, 114, 134, 154, 153, 173, 193, 213, 233, 234, 254, 255, 275, 276, 277, 297, 317, 337, 338, 358, 378, 379, 399]
('Times takes:', 665.1670758724213)
Dijkstra  -----  Dijkstra
第173天,您的路线为[0, 20, 21, 22, 23, 43, 63, 64, 65, 66, 86, 87, 88, 89, 90, 91, 111, 112, 113, 114, 134, 154, 153, 173, 193, 213, 233, 234, 254, 255, 275, 276, 277, 297, 317, 337, 338, 358, 378, 379, 399]
您的距离系数损耗为1612,风险系数损耗为303,每步距离损耗[1, 5, 13, 26, 67, 65, 35, 25, 71, 16, 21, 44, 30, 76, 46, 66, 17, 33, 86, 80, 47, 8, 76, 17, 75, 47, 11, 69, 48, 54, 13, 62, 41, 72, 39, 2, 50, 25, 32, 1],每步风险损耗[82, 21, 37, 0, 0, 0, 6, 0, 0, 51, 0, 0, 0, 0, 0, 0, 0, 0, 0, 0, 0, 0, 0, 0, 0, 48, 0, 0, 0, 58, 0, 0, 0, 0, 0, 0, 0, 0, 0, 0]
A_star  -----  A_star
第173天,您的路线为[0, 20, 21, 22, 23, 43, 63, 64, 65, 66, 86, 106, 126, 146, 147, 148, 149, 169, 170, 190, 210, 211, 231, 251, 252, 272, 273, 274, 275, 276, 277, 297, 317, 337, 338, 358, 378, 379, 399]
您的距离系数损耗为1274,风险系数损耗为313,每步距离损耗[1, 5, 13, 26, 67, 65, 35, 25, 71, 16, 67, 74, 11, 38, 26, 83, 10, 4, 45, 21, 36, 2, 16, 15, 25, 40, 33, 67, 13, 62, 41, 72, 39, 2, 50, 25, 32, 1],每步风险损耗[82, 21, 37, 0, 0, 0, 6, 0, 0, 51, 0, 0, 0, 0, 2, 0, 0, 0, 0, 52, 0, 0, 0, 0, 62, 0, 0, 0, 0, 0, 0, 0, 0, 0, 0, 0, 0, 0]
RL  -----  RL
第173天,您的路线为[(0, 0), (33, 1), (34, 2), (35, 3), (36, 4), (37, 5), (38, 6), (39, 7), (40, 8), (41, 9), (42, 10), (43, 11), (44, 12), (45, 13), (46, 14), (47, 15), (48, 16), (49, 17), (50, 18), (51, 19), (52, 39), (53, 38), (58, 37), (60, 57), (62, 58), (63, 59), (67, 79), (68, 78), (69, 98), (70, 99), (71, 119), (72, 118), (73, 117), (74, 137), (75, 138), (76, 139), (77, 159), (78, 158), (84, 178), (85, 179), (86, 199), (87, 219), (88, 239), (89, 259), (90, 279), (91, 299), (92, 298), (93, 318), (94, 319), (95, 339), (96, 338), (98, 358), (99, 359), (100, 379), (101, 399)]
您的距离系数损耗为2224,风险系数损耗为256,每步距离损耗[21, 78, 73, 23, 16, 5, 38, 20, 74, 77, 56, 24, 5, 56, 39, 17, 31, 77, 32, 17, 29, 11, 74, 42, 56, 88, 46, 17, 64, 20, 4, 64, 32, 71, 9, 28, 63, 56, 45, 9, 8, 90, 6, 33, 29, 42, 63, 53, 70, 64, 50, 71, 37, 1],每步风险损耗[17, 7, 0, 0, 0, 0, 0, 0, 0, 0, 0, 0, 0, 0, 0, 0, 0, 0, 0, 8, 0, 0, 47, 0, 0, 0, 0, 48, 0, 0, 0, 61, 29, 0, 0, 0, 0, 20, 0, 0, 0, 0, 0, 0, 0, 0, 19, 0, 0, 0, 0, 0, 0, 0]
iteration 173 ********* reward 12863140 order0.233810203763 conflicts 7359 drivers 586849
A_star  -----  A_star
搜索所用时间0.00404405593872s
从节点'0'到节点'399' 所需要的经过的节点是 [0, 20, 21, 22, 23, 43, 63, 64, 65, 66, 86, 106, 126, 146, 147, 148, 149, 169, 170, 190, 210, 211, 231, 251, 252, 272, 273, 274, 275, 276, 277, 297, 317, 337, 338, 358, 378, 379, 399] ,所需要的cost为 9877
Dijkstra  -----  Dijkstra
搜索所用时间0.00264811515808s
minimum steps:10482, path:[0, 20, 21, 22, 23, 43, 63, 64, 65, 66, 86, 87, 88, 89, 90, 91, 111, 112, 113, 114, 134, 154, 153, 173, 193, 213, 233, 234, 254, 255, 275, 276, 277, 297, 317, 337, 338, 358, 378, 379, 399]
('Times takes:', 586.6573002338409)
Dijkstra  -----  Dijkstra
第174天,您的路线为[0, 20, 21, 22, 23, 43, 63, 64, 65, 66, 86, 87, 88, 89, 90, 91, 111, 112, 113, 114, 134, 154, 153, 173, 193, 213, 233, 234, 254, 255, 275, 276, 277, 297, 317, 337, 338, 358, 378, 379, 399]
您的距离系数损耗为1612,风险系数损耗为298,每步距离损耗[1, 5, 13, 26, 67, 65, 35, 25, 71, 16, 21, 44, 30, 76, 46, 66, 17, 33, 86, 80, 47, 8, 76, 17, 75, 47, 11, 69, 48, 54, 13, 62, 41, 72, 39, 2, 50, 25, 32, 1],每步风险损耗[78, 20, 42, 0, 0, 0, 4, 0, 0, 48, 0, 0, 0, 0, 0, 0, 0, 0, 0, 0, 0, 0, 0, 0, 0, 48, 0, 0, 0, 58, 0, 0, 0, 0, 0, 0, 0, 0, 0, 0]
A_star  -----  A_star
第174天,您的路线为[0, 20, 21, 22, 23, 43, 63, 64, 65, 66, 86, 106, 126, 146, 147, 148, 149, 169, 170, 190, 210, 211, 231, 251, 252, 272, 273, 274, 275, 276, 277, 297, 317, 337, 338, 358, 378, 379, 399]
您的距离系数损耗为1274,风险系数损耗为306,每步距离损耗[1, 5, 13, 26, 67, 65, 35, 25, 71, 16, 67, 74, 11, 38, 26, 83, 10, 4, 45, 21, 36, 2, 16, 15, 25, 40, 33, 67, 13, 62, 41, 72, 39, 2, 50, 25, 32, 1],每步风险损耗[78, 20, 42, 0, 0, 0, 4, 0, 0, 48, 0, 0, 0, 0, 0, 0, 0, 0, 0, 52, 0, 0, 0, 0, 62, 0, 0, 0, 0, 0, 0, 0, 0, 0, 0, 0, 0, 0]
RL  -----  RL
第174天,您的路线为[(0, 0), (31, 1), (32, 2), (33, 3), (34, 4), (35, 5), (36, 6), (37, 7), (38, 8), (39, 9), (40, 10), (41, 11), (42, 12), (43, 13), (44, 14), (45, 15), (46, 16), (47, 17), (48, 18), (49, 19), (50, 39), (51, 38), (52, 58), (53, 59), (54, 79), (55, 78), (56, 98), (57, 99), (58, 119), (59, 139), (60, 159), (61, 179), (62, 178), (63, 198), (64, 199), (65, 219), (66, 239), (67, 238), (69, 237), (72, 236), (75, 256), (76, 257), (77, 258), (78, 259), (79, 279), (80, 278), (82, 298), (83, 299), (84, 319), (85, 339), (86, 338), (87, 358), (88, 359), (89, 379), (90, 399)]
您的距离系数损耗为2186,风险系数损耗为326,每步距离损耗[21, 78, 73, 23, 16, 5, 38, 20, 74, 77, 56, 24, 5, 56, 39, 17, 31, 77, 32, 17, 29, 43, 56, 88, 46, 17, 64, 20, 19, 28, 63, 45, 15, 42, 8, 90, 9, 81, 66, 33, 6, 62, 30, 33, 4, 17, 42, 58, 70, 64, 50, 71, 37, 1],每步风险损耗[18, 13, 0, 2, 0, 4, 1, 5, 0, 0, 4, 0, 3, 0, 0, 0, 0, 0, 0, 6, 0, 67, 0, 0, 0, 49, 0, 0, 0, 0, 0, 0, 45, 0, 0, 0, 0, 30, 39, 0, 0, 0, 0, 0, 0, 40, 0, 0, 0, 0, 0, 0, 0, 0]
iteration 174 ********* reward 3050500 order0.2330540454 conflicts 6769 drivers 350931
A_star  -----  A_star
搜索所用时间0.0175302028656s
从节点'0'到节点'399' 所需要的经过的节点是 [0, 20, 21, 22, 23, 43, 63, 64, 65, 66, 86, 106, 126, 146, 147, 148, 149, 169, 170, 190, 210, 211, 231, 251, 252, 272, 273, 274, 275, 276, 277, 297, 317, 337, 338, 358, 378, 379, 399] ,所需要的cost为 9877
Dijkstra  -----  Dijkstra
搜索所用时间0.00269198417664s
minimum steps:10482, path:[0, 20, 21, 22, 23, 43, 63, 64, 65, 66, 86, 87, 88, 89, 90, 91, 111, 112, 113, 114, 134, 154, 153, 173, 193, 213, 233, 234, 254, 255, 275, 276, 277, 297, 317, 337, 338, 358, 378, 379, 399]
('Times takes:', 554.2658240795135)
Dijkstra  -----  Dijkstra
第175天,您的路线为[0, 20, 21, 22, 23, 43, 63, 64, 65, 66, 86, 87, 88, 89, 90, 91, 111, 112, 113, 114, 134, 154, 153, 173, 193, 213, 233, 234, 254, 255, 275, 276, 277, 297, 317, 337, 338, 358, 378, 379, 399]
您的距离系数损耗为1612,风险系数损耗为328,每步距离损耗[1, 5, 13, 26, 67, 65, 35, 25, 71, 16, 21, 44, 30, 76, 46, 66, 17, 33, 86, 80, 47, 8, 76, 17, 75, 47, 11, 69, 48, 54, 13, 62, 41, 72, 39, 2, 50, 25, 32, 1],每步风险损耗[82, 31, 50, 0, 0, 0, 5, 0, 0, 51, 0, 0, 0, 0, 0, 0, 0, 0, 0, 0, 0, 0, 0, 0, 0, 48, 0, 0, 0, 61, 0, 0, 0, 0, 0, 0, 0, 0, 0, 0]
A_star  -----  A_star
第175天,您的路线为[0, 20, 21, 22, 23, 43, 63, 64, 65, 66, 86, 106, 126, 146, 147, 148, 149, 169, 170, 190, 210, 211, 231, 251, 252, 272, 273, 274, 275, 276, 277, 297, 317, 337, 338, 358, 378, 379, 399]
您的距离系数损耗为1274,风险系数损耗为332,每步距离损耗[1, 5, 13, 26, 67, 65, 35, 25, 71, 16, 67, 74, 11, 38, 26, 83, 10, 4, 45, 21, 36, 2, 16, 15, 25, 40, 33, 67, 13, 62, 41, 72, 39, 2, 50, 25, 32, 1],每步风险损耗[82, 31, 50, 0, 0, 0, 5, 0, 0, 51, 0, 0, 0, 0, 2, 0, 0, 0, 0, 52, 0, 0, 0, 0, 59, 0, 0, 0, 0, 0, 0, 0, 0, 0, 0, 0, 0, 0]
RL  -----  RL
第175天,您的路线为[(0, 0), (33, 1), (34, 2), (35, 3), (36, 4), (37, 5), (38, 6), (39, 7), (40, 8), (41, 9), (42, 10), (43, 11), (44, 12), (45, 13), (46, 14), (47, 15), (48, 16), (49, 17), (50, 18), (51, 19), (52, 39), (53, 59), (54, 79), (55, 78), (56, 98), (57, 99), (58, 119), (59, 139), (60, 138), (61, 158), (62, 159), (63, 179), (64, 178), (66, 177), (73, 176), (76, 175), (89, 174), (91, 194), (94, 195), (95, 196), (96, 197), (97, 198), (98, 199), (99, 219), (100, 218), (101, 217), (102, 216), (103, 236), (104, 237), (105, 238), (106, 239), (107, 259), (108, 258), (111, 278), (112, 279), (113, 299), (114, 298), (115, 318), (116, 319), (117, 339), (118, 338), (119, 358), (120, 359), (121, 379), (122, 399)]
您的距离系数损耗为2666,风险系数损耗为622,每步距离损耗[21, 78, 73, 23, 16, 5, 38, 20, 74, 77, 56, 24, 5, 56, 39, 17, 31, 77, 32, 17, 54, 88, 46, 17, 64, 20, 19, 9, 45, 63, 63, 45, 14, 34, 69, 81, 79, 21, 10, 82, 15, 42, 8, 32, 43, 67, 6, 66, 81, 9, 6, 30, 75, 4, 29, 42, 63, 53, 70, 64, 50, 71, 37, 1],每步风险损耗[24, 14, 4, 0, 0, 0, 0, 5, 0, 0, 0, 0, 0, 0, 0, 0, 0, 0, 0, 0, 0, 0, 0, 43, 0, 3, 0, 0, 65, 0, 0, 0, 56, 0, 0, 75, 69, 0, 0, 0, 0, 0, 0, 0, 0, 42, 95, 0, 0, 0, 0, 0, 65, 0, 0, 0, 62, 0, 0, 0, 0, 0, 0, 0]
iteration 175 ********* reward 3426940 order0.23238181252 conflicts 6770 drivers 338531
A_star  -----  A_star
搜索所用时间0.00550103187561s
从节点'0'到节点'399' 所需要的经过的节点是 [0, 20, 21, 22, 23, 43, 63, 64, 65, 66, 86, 106, 126, 146, 147, 148, 149, 169, 170, 190, 210, 211, 231, 251, 252, 272, 273, 274, 275, 276, 277, 297, 317, 337, 338, 358, 378, 379, 399] ,所需要的cost为 9877
Dijkstra  -----  Dijkstra
搜索所用时间0.00339198112488s
minimum steps:10482, path:[0, 20, 21, 22, 23, 43, 63, 64, 65, 66, 86, 87, 88, 89, 90, 91, 111, 112, 113, 114, 134, 154, 153, 173, 193, 213, 233, 234, 254, 255, 275, 276, 277, 297, 317, 337, 338, 358, 378, 379, 399]
('Times takes:', 558.7859058380127)
Dijkstra  -----  Dijkstra
第176天,您的路线为[0, 20, 21, 22, 23, 43, 63, 64, 65, 66, 86, 87, 88, 89, 90, 91, 111, 112, 113, 114, 134, 154, 153, 173, 193, 213, 233, 234, 254, 255, 275, 276, 277, 297, 317, 337, 338, 358, 378, 379, 399]
您的距离系数损耗为1612,风险系数损耗为326,每步距离损耗[1, 5, 13, 26, 67, 65, 35, 25, 71, 16, 21, 44, 30, 76, 46, 66, 17, 33, 86, 80, 47, 8, 76, 17, 75, 47, 11, 69, 48, 54, 13, 62, 41, 72, 39, 2, 50, 25, 32, 1],每步风险损耗[82, 26, 56, 0, 0, 0, 6, 0, 0, 51, 0, 0, 0, 0, 0, 0, 0, 0, 0, 0, 0, 0, 0, 0, 0, 44, 0, 0, 0, 61, 0, 0, 0, 0, 0, 0, 0, 0, 0, 0]
A_star  -----  A_star
第176天,您的路线为[0, 20, 21, 22, 23, 43, 63, 64, 65, 66, 86, 106, 126, 146, 147, 148, 149, 169, 170, 190, 210, 211, 231, 251, 252, 272, 273, 274, 275, 276, 277, 297, 317, 337, 338, 358, 378, 379, 399]
您的距离系数损耗为1274,风险系数损耗为339,每步距离损耗[1, 5, 13, 26, 67, 65, 35, 25, 71, 16, 67, 74, 11, 38, 26, 83, 10, 4, 45, 21, 36, 2, 16, 15, 25, 40, 33, 67, 13, 62, 41, 72, 39, 2, 50, 25, 32, 1],每步风险损耗[82, 26, 56, 0, 0, 0, 6, 0, 0, 51, 0, 0, 0, 0, 4, 0, 0, 0, 0, 52, 0, 0, 0, 0, 62, 0, 0, 0, 0, 0, 0, 0, 0, 0, 0, 0, 0, 0]
RL  -----  RL
第176天,您的路线为[(0, 0), (31, 1), (34, 2), (35, 3), (36, 4), (37, 5), (38, 6), (39, 7), (40, 8), (41, 9), (42, 10), (43, 11), (44, 12), (45, 13), (46, 14), (47, 15), (48, 16), (49, 17), (50, 18), (51, 19), (52, 39), (53, 38), (55, 37), (56, 36), (59, 35), (74, 34), (84, 54), (85, 55), (86, 56), (87, 57), (88, 58), (89, 59), (90, 79), (91, 99), (92, 119), (93, 139), (94, 159), (95, 158), (96, 157), (104, 156), (115, 176), (116, 177), (117, 178), (118, 179), (119, 199), (120, 219), (121, 239), (122, 238), (123, 258), (124, 259), (125, 279), (126, 278), (127, 298), (128, 299), (129, 319), (130, 339), (131, 359), (132, 379), (133, 378), (134, 377), (135, 376), (143, 396), (144, 397)]
您的距离系数损耗为2576,风险系数损耗为679,每步距离损耗[21, 78, 73, 23, 16, 5, 38, 20, 74, 77, 56, 24, 5, 56, 39, 17, 31, 77, 32, 17, 29, 11, 51, 85, 64, 24, 82, 72, 22, 42, 56, 88, 85, 20, 19, 28, 63, 90, 76, 70, 34, 14, 45, 9, 8, 90, 9, 80, 30, 33, 4, 17, 42, 58, 70, 47, 37, 32, 17, 18, 26],每步风险损耗[22, 13, 0, 0, 0, 1, 0, 3, 0, 0, 0, 0, 0, 0, 0, 0, 0, 0, 0, 0, 0, 0, 0, 31, 67, 56, 0, 0, 0, 0, 0, 0, 0, 0, 0, 0, 0, 59, 51, 98, 0, 0, 0, 0, 0, 0, 0, 0, 0, 0, 0, 59, 0, 0, 0, 0, 0, 0, 80, 75, 64]
iteration 176 ********* reward 3066300 order0.23164713219 conflicts 6725 drivers 317100
A_star  -----  A_star
搜索所用时间0.018856048584s
从节点'0'到节点'399' 所需要的经过的节点是 [0, 20, 21, 22, 23, 43, 63, 64, 65, 66, 86, 106, 126, 146, 147, 148, 149, 169, 170, 190, 210, 211, 231, 251, 252, 272, 273, 274, 275, 276, 277, 297, 317, 337, 338, 358, 378, 379, 399] ,所需要的cost为 9877
Dijkstra  -----  Dijkstra
搜索所用时间0.00430703163147s
minimum steps:10482, path:[0, 20, 21, 22, 23, 43, 63, 64, 65, 66, 86, 87, 88, 89, 90, 91, 111, 112, 113, 114, 134, 154, 153, 173, 193, 213, 233, 234, 254, 255, 275, 276, 277, 297, 317, 337, 338, 358, 378, 379, 399]
('Times takes:', 560.4576189517975)
Dijkstra  -----  Dijkstra
第177天,您的路线为[0, 20, 21, 22, 23, 43, 63, 64, 65, 66, 86, 87, 88, 89, 90, 91, 111, 112, 113, 114, 134, 154, 153, 173, 193, 213, 233, 234, 254, 255, 275, 276, 277, 297, 317, 337, 338, 358, 378, 379, 399]
您的距离系数损耗为1612,风险系数损耗为302,每步距离损耗[1, 5, 13, 26, 67, 65, 35, 25, 71, 16, 21, 44, 30, 76, 46, 66, 17, 33, 86, 80, 47, 8, 76, 17, 75, 47, 11, 69, 48, 54, 13, 62, 41, 72, 39, 2, 50, 25, 32, 1],每步风险损耗[82, 22, 34, 0, 0, 0, 4, 0, 0, 51, 0, 0, 0, 0, 0, 0, 0, 0, 0, 0, 0, 0, 0, 0, 0, 48, 0, 0, 0, 61, 0, 0, 0, 0, 0, 0, 0, 0, 0, 0]
A_star  -----  A_star
第177天,您的路线为[0, 20, 21, 22, 23, 43, 63, 64, 65, 66, 86, 106, 126, 146, 147, 148, 149, 169, 170, 190, 210, 211, 231, 251, 252, 272, 273, 274, 275, 276, 277, 297, 317, 337, 338, 358, 378, 379, 399]
您的距离系数损耗为1274,风险系数损耗为307,每步距离损耗[1, 5, 13, 26, 67, 65, 35, 25, 71, 16, 67, 74, 11, 38, 26, 83, 10, 4, 45, 21, 36, 2, 16, 15, 25, 40, 33, 67, 13, 62, 41, 72, 39, 2, 50, 25, 32, 1],每步风险损耗[82, 22, 34, 0, 0, 0, 4, 0, 0, 51, 0, 0, 0, 0, 0, 0, 0, 0, 0, 52, 0, 0, 0, 0, 62, 0, 0, 0, 0, 0, 0, 0, 0, 0, 0, 0, 0, 0]
RL  -----  RL
第177天,您的路线为[(0, 0), (30, 1), (31, 2), (32, 3), (33, 4), (34, 5), (35, 6), (36, 7), (37, 8), (38, 9), (39, 10), (41, 11), (43, 12), (45, 13), (46, 14), (47, 15), (48, 16), (49, 17), (50, 18), (51, 19), (52, 39), (53, 59), (54, 79), (55, 78), (57, 77), (63, 76), (71, 75), (73, 95), (75, 96), (76, 97), (77, 98), (78, 99), (79, 119), (80, 118), (82, 117), (83, 137), (84, 138), (85, 139), (86, 159), (87, 158), (90, 157), (91, 156), (98, 155), (99, 154), (101, 174), (102, 175), (103, 176), (105, 177), (106, 178), (107, 179), (108, 199), (109, 198), (110, 218), (111, 219), (112, 239), (113, 238), (114, 258), (115, 259), (116, 279), (117, 299), (118, 319), (119, 339), (120, 359), (121, 358), (122, 378), (123, 379), (124, 399)]
您的距离系数损耗为2793,风险系数损耗为589,每步距离损耗[21, 78, 73, 23, 16, 5, 38, 20, 74, 77, 56, 24, 5, 56, 39, 17, 31, 77, 32, 17, 54, 88, 46, 14, 46, 4, 62, 75, 36, 60, 64, 20, 4, 64, 32, 71, 9, 28, 63, 90, 76, 9, 42, 9, 81, 69, 34, 14, 45, 9, 42, 47, 32, 90, 9, 80, 30, 33, 29, 58, 70, 47, 71, 25, 32, 1],每步风险损耗[21, 9, 0, 0, 0, 3, 0, 11, 0, 0, 3, 0, 2, 0, 0, 0, 0, 0, 0, 1, 0, 0, 0, 42, 0, 0, 75, 0, 0, 0, 0, 0, 0, 85, 31, 0, 0, 0, 0, 65, 46, 95, 65, 35, 0, 0, 0, 0, 0, 0, 0, 0, 0, 0, 0, 0, 0, 0, 0, 0, 0, 0, 0, 0, 0, 0]
iteration 177 ********* reward 4565260 order0.231211588339 conflicts 6741 drivers 404915
A_star  -----  A_star
搜索所用时间0.0052478313446s
从节点'0'到节点'399' 所需要的经过的节点是 [0, 20, 21, 22, 23, 43, 63, 64, 65, 66, 86, 106, 126, 146, 147, 148, 149, 169, 170, 190, 210, 211, 231, 251, 252, 272, 273, 274, 275, 276, 277, 297, 317, 337, 338, 358, 378, 379, 399] ,所需要的cost为 9877
Dijkstra  -----  Dijkstra
搜索所用时间0.00370812416077s
minimum steps:10482, path:[0, 20, 21, 22, 23, 43, 63, 64, 65, 66, 86, 87, 88, 89, 90, 91, 111, 112, 113, 114, 134, 154, 153, 173, 193, 213, 233, 234, 254, 255, 275, 276, 277, 297, 317, 337, 338, 358, 378, 379, 399]
('Times takes:', 560.3967478275299)
Dijkstra  -----  Dijkstra
第178天,您的路线为[0, 20, 21, 22, 23, 43, 63, 64, 65, 66, 86, 87, 88, 89, 90, 91, 111, 112, 113, 114, 134, 154, 153, 173, 193, 213, 233, 234, 254, 255, 275, 276, 277, 297, 317, 337, 338, 358, 378, 379, 399]
您的距离系数损耗为1612,风险系数损耗为297,每步距离损耗[1, 5, 13, 26, 67, 65, 35, 25, 71, 16, 21, 44, 30, 76, 46, 66, 17, 33, 86, 80, 47, 8, 76, 17, 75, 47, 11, 69, 48, 54, 13, 62, 41, 72, 39, 2, 50, 25, 32, 1],每步风险损耗[82, 21, 34, 0, 0, 0, 0, 0, 0, 51, 0, 0, 0, 0, 0, 0, 0, 0, 0, 0, 0, 0, 0, 0, 0, 48, 0, 0, 0, 61, 0, 0, 0, 0, 0, 0, 0, 0, 0, 0]
A_star  -----  A_star
第178天,您的路线为[0, 20, 21, 22, 23, 43, 63, 64, 65, 66, 86, 106, 126, 146, 147, 148, 149, 169, 170, 190, 210, 211, 231, 251, 252, 272, 273, 274, 275, 276, 277, 297, 317, 337, 338, 358, 378, 379, 399]
您的距离系数损耗为1274,风险系数损耗为301,每步距离损耗[1, 5, 13, 26, 67, 65, 35, 25, 71, 16, 67, 74, 11, 38, 26, 83, 10, 4, 45, 21, 36, 2, 16, 15, 25, 40, 33, 67, 13, 62, 41, 72, 39, 2, 50, 25, 32, 1],每步风险损耗[82, 21, 34, 0, 0, 0, 0, 0, 0, 51, 0, 0, 0, 0, 2, 0, 0, 0, 0, 52, 0, 0, 0, 0, 59, 0, 0, 0, 0, 0, 0, 0, 0, 0, 0, 0, 0, 0]
RL  -----  RL
第178天,您的路线为[(0, 0), (37, 1), (38, 2), (39, 3), (40, 4), (41, 5), (42, 6), (43, 7), (44, 8), (45, 9), (46, 10), (47, 11), (48, 12), (49, 13), (52, 14), (53, 15), (54, 16), (55, 17), (56, 18), (57, 19), (58, 39), (59, 59), (60, 58), (62, 57), (63, 77), (64, 78), (65, 79), (66, 99), (67, 119), (68, 139), (69, 159), (70, 158), (72, 178), (73, 179), (74, 199), (75, 198), (78, 218), (79, 219), (80, 239), (81, 238), (82, 237), (92, 257), (94, 258), (95, 259), (96, 279), (97, 299), (98, 298), (99, 297), (104, 296), (110, 295), (112, 294), (125, 314), (126, 315), (127, 316), (128, 317), (129, 318), (130, 319), (131, 339), (132, 359), (133, 379), (134, 378), (135, 398)]
您的距离系数损耗为2507,风险系数损耗为523,每步距离损耗[21, 78, 73, 23, 16, 5, 38, 20, 74, 77, 56, 24, 5, 56, 39, 17, 31, 77, 32, 17, 54, 56, 42, 71, 14, 46, 85, 20, 19, 28, 63, 56, 45, 9, 42, 47, 32, 90, 9, 81, 30, 62, 30, 33, 29, 42, 38, 21, 66, 22, 9, 37, 6, 55, 11, 53, 70, 47, 37, 32, 89],每步风险损耗[18, 6, 0, 0, 0, 0, 0, 0, 0, 0, 0, 0, 0, 0, 0, 0, 0, 0, 0, 0, 0, 0, 0, 85, 0, 0, 0, 0, 0, 0, 0, 70, 0, 0, 0, 0, 0, 0, 0, 50, 48, 0, 0, 0, 0, 0, 34, 53, 0, 66, 53, 0, 0, 0, 0, 0, 0, 0, 0, 0, 40]
iteration 178 ********* reward 3335380 order0.23054244763 conflicts 6610 drivers 312253
A_star  -----  A_star
搜索所用时间0.00404000282288s
从节点'0'到节点'399' 所需要的经过的节点是 [0, 20, 21, 22, 23, 43, 63, 64, 65, 66, 86, 106, 126, 146, 147, 148, 149, 169, 170, 190, 210, 211, 231, 251, 252, 272, 273, 274, 275, 276, 277, 297, 317, 337, 338, 358, 378, 379, 399] ,所需要的cost为 9877
Dijkstra  -----  Dijkstra
搜索所用时间0.0030460357666s
minimum steps:10482, path:[0, 20, 21, 22, 23, 43, 63, 64, 65, 66, 86, 87, 88, 89, 90, 91, 111, 112, 113, 114, 134, 154, 153, 173, 193, 213, 233, 234, 254, 255, 275, 276, 277, 297, 317, 337, 338, 358, 378, 379, 399]
('Times takes:', 539.0454657077789)
Dijkstra  -----  Dijkstra
第179天,您的路线为[0, 20, 21, 22, 23, 43, 63, 64, 65, 66, 86, 87, 88, 89, 90, 91, 111, 112, 113, 114, 134, 154, 153, 173, 193, 213, 233, 234, 254, 255, 275, 276, 277, 297, 317, 337, 338, 358, 378, 379, 399]
您的距离系数损耗为1612,风险系数损耗为284,每步距离损耗[1, 5, 13, 26, 67, 65, 35, 25, 71, 16, 21, 44, 30, 76, 46, 66, 17, 33, 86, 80, 47, 8, 76, 17, 75, 47, 11, 69, 48, 54, 13, 62, 41, 72, 39, 2, 50, 25, 32, 1],每步风险损耗[82, 13, 20, 0, 0, 0, 12, 0, 0, 51, 0, 0, 0, 0, 0, 0, 0, 0, 0, 0, 0, 0, 0, 0, 0, 48, 0, 0, 0, 58, 0, 0, 0, 0, 0, 0, 0, 0, 0, 0]
A_star  -----  A_star
第179天,您的路线为[0, 20, 21, 22, 23, 43, 63, 64, 65, 66, 86, 106, 126, 146, 147, 148, 149, 169, 170, 190, 210, 211, 231, 251, 252, 272, 273, 274, 275, 276, 277, 297, 317, 337, 338, 358, 378, 379, 399]
您的距离系数损耗为1274,风险系数损耗为301,每步距离损耗[1, 5, 13, 26, 67, 65, 35, 25, 71, 16, 67, 74, 11, 38, 26, 83, 10, 4, 45, 21, 36, 2, 16, 15, 25, 40, 33, 67, 13, 62, 41, 72, 39, 2, 50, 25, 32, 1],每步风险损耗[82, 13, 20, 0, 0, 0, 12, 0, 0, 51, 0, 0, 0, 3, 6, 0, 0, 0, 0, 52, 0, 0, 0, 0, 62, 0, 0, 0, 0, 0, 0, 0, 0, 0, 0, 0, 0, 0]
RL  -----  RL
第179天,您的路线为[(0, 0), (31, 1), (32, 2), (33, 3), (35, 4), (36, 5), (37, 6), (39, 7), (40, 8), (41, 9), (42, 10), (43, 11), (44, 12), (45, 13), (46, 14), (47, 15), (48, 16), (49, 17), (50, 18), (51, 19), (52, 39), (53, 59), (54, 79), (55, 99), (56, 119), (57, 139), (58, 159), (59, 179), (60, 199), (61, 219), (62, 239), (63, 259), (64, 279), (65, 299), (66, 319), (67, 339), (68, 359), (69, 379), (70, 399)]
您的距离系数损耗为1524,风险系数损耗为47,每步距离损耗[21, 78, 73, 23, 16, 5, 38, 20, 74, 77, 56, 24, 5, 56, 39, 17, 31, 77, 32, 17, 54, 88, 85, 20, 19, 28, 63, 9, 8, 90, 6, 33, 29, 58, 70, 47, 37, 1],每步风险损耗[18, 13, 4, 0, 0, 1, 0, 5, 0, 0, 6, 0, 0, 0, 0, 0, 0, 0, 0, 0, 0, 0, 0, 0, 0, 0, 0, 0, 0, 0, 0, 0, 0, 0, 0, 0, 0, 0]
iteration 179 ********* reward 22641910 order0.233601898633 conflicts 7985 drivers 748866
